src/mamba3_siso/gpu/forward_mixed.rs: OK
kernels/gemm_bi_fixed/sm100_tcgen05.cu: OK
kernels/mamba3_ops.cu: OK
src/mamba_ssm/gpu/dtype.rs: OK
kernels/mamba_ssm.cu: OK
src/mamba3_siso/gpu/state.rs: OK
src/hf/embed.rs: OK
src/mamba_ssm/gpu/gemm_bi_triad/modules.rs: OK
src/mamba_ssm/gpu/graph_capture.rs: OK
src/mamba_ssm/gpu/weights.rs: OK
src/dist/comm.rs: OK
LICENSE-MIT: OK
src/mamba3_siso/weights.rs: OK
src/mamba3_siso/gpu/forward.rs: OK
kernels/gemm_bi_triad/scalar_nt_d768_transpose.cu: OK
kernels/_typed_prelude.cuh: OK
src/hf/config_json.rs: OK
kernels/gemm_bi_fixed/sm120_f32_postbias.cu: OK
kernels/norms.cu: OK
src/dist/config.rs: OK
src/mamba3_siso/gpu/mamba3_gpu.rs: OK
src/dist/bootstrap.rs: OK
kernels/gemm_bi_triad/sm120_exact.cu: OK
src/mamba_ssm/gpu/context.rs: OK
src/mamba_ssm/gpu/gemm_bi_triad/scalar_nt_tests.rs: OK
kernels/gemm_bi_fixed/tf32_sm120.cu: OK
src/hf/mod.rs: OK
kernels/gemm_bi_fixed/tcw64.cu: OK
tests/support/fixed_sm89_exact_n64_admission.rs: OK
src/mamba3_siso/gpu/training_graph.rs: OK
src/module/lm.rs: OK
src/mamba3_siso/cpu/inference.rs: OK
src/mamba_ssm/gpu/backward_mixed.rs: OK
src/dist/mod.rs: OK
src/config.rs: OK
src/mamba3_siso/state.rs: OK
kernels/conv1d.cu: OK
src/mamba3_siso/cpu/scratch.rs: OK
src/mamba_ssm/cpu/target.rs: OK
src/mamba_ssm/gpu/mod.rs: OK
kernels/gemm_bi_triad/scalar.cu: OK
src/module/backbone3.rs: OK
kernels/gemm_bi_fixed/sm90_wgmma.cu: OK
kernels/loss_scaler.cu: OK
src/dist/context.rs: OK
kernels/gemm_bi_fixed/ffma.cu: OK
kernels/mamba3_chunked.cu: OK
src/hf/load.rs: OK
kernels/gemm_bi_triad/sm120.cu: OK
src/module/backbone.rs: OK
kernels/gemm_bi_fixed/sm120_f32_n64_copyplan.cu: OK
src/mamba3_siso/cpu/backward.rs: OK
kernels/mamba3_ssd.cu: OK
kernels/gemm_bi_triad/sm80_tf32_wide.cu: OK
kernels/gemm_bi_triad/scalar_nn_splitk_m32n64.cu: OK
kernels/gemm_bi_triad/scalar_tn_m16n16.cu: OK
src/weights.rs: OK
src/mamba3_siso/gpu/prefill.rs: OK
src/mamba_ssm/gpu/gemm_bi_triad/scalar_nn_tn_tests.rs: OK
Cargo.toml: OK
src/mamba_ssm/gpu/prefill.rs: OK
src/mamba_ssm/gpu/kernels.rs: OK
kernels/gemm_bi_triad/scalar_nn_m64n64.cu: OK
src/mamba_ssm/gpu/training_graph.rs: OK
src/mamba_ssm/cpu/parallel.rs: OK
src/module/mod.rs: OK
src/mamba_ssm/cpu/forward.rs: OK
src/mamba_ssm/mod.rs: OK
src/mamba3_siso/gpu/kernels.rs: OK
kernels/gemm_bi_triad/sm80.cu: OK
src/mamba_ssm/gpu/gemm_bi_fixed.rs: OK
src/mamba_ssm/gpu/backward.rs: OK
kernels/gemm_bi_fixed/matvec.cu: OK
src/mamba_ssm/gpu/grad_clip.rs: OK
src/state.rs: OK
src/bin/generate.rs: OK
src/mamba_ssm/gpu/forward.rs: OK
src/mamba_ssm/gpu/device.rs: OK
kernels/gemm_bi_fixed/common.cuh: OK
src/mamba_ssm/gpu/gemm_bi_triad/dispatch.rs: OK
src/mamba_ssm/cpu/mod.rs: OK
src/mamba_ssm/cpu/inference.rs: OK
src/mamba_ssm/gpu/inference.rs: OK
src/mamba_ssm/gpu/gemm_bi_triad/training_pipeline_tests.rs: OK
src/mamba3_siso/cpu/forward.rs: OK
kernels/elementwise.cu: OK
src/module/sample.rs: OK
src/mamba3_siso/gpu/inference.rs: OK
kernels/gemm_bi_triad/epilogue.cuh: OK
kernels/gemm_bi_triad/mma16.cuh: OK
tests/gemm_bi_fixed_performance.rs: OK
src/mamba3_siso/cpu/flat.rs: OK
src/mamba3_siso/cpu/prefill.rs: OK
src/mamba_ssm/gpu/gemm_bi_triad/contract.rs: OK
src/dist/reducer.rs: OK
.cargo/config.toml: OK
src/ops/blas.rs: OK
src/mamba3_siso/gpu/weights.rs: OK
src/bin/gemm_bi_tf32_qualification.rs: OK
src/dist/fold.rs: OK
src/ops/mod.rs: OK
src/mamba3_siso/gpu/trainer.rs: OK
src/mamba_ssm/cpu/prefill.rs: OK
src/mamba3_siso/gpu/backward.rs: OK
tests/gemm_bi_fixed_correctness.rs: OK
src/mamba_ssm/cpu/backward.rs: OK
src/mamba_ssm/gpu/launch.rs: OK
kernels/gemm_bi_triad/sm80_streamk.cu: OK
kernels/activations.cu: OK
src/ops/dims.rs: OK
src/mamba_ssm/gpu/diagnostics.rs: OK
kernels/gemm_bi_triad/contract.cuh: OK
src/mamba_ssm/gpu/gemm_bi_triad/qualification.rs: OK
src/mamba_ssm/gpu/gemm_bi_triad/launch.rs: OK
src/ops/norms.rs: OK
src/mamba3_siso/gpu/mod.rs: OK
src/mamba_ssm/gpu/buffers.rs: OK
src/mamba_ssm/cpu/flat.rs: OK
src/lib.rs: OK
kernels/gemm_bi_fixed/sm89_f32_n64_copyplan.cu: OK
kernels/gemm_bi_triad/common.cuh: OK
src/mamba3_siso/cpu/parallel.rs: OK
src/module/gpu_lm3.rs: OK
src/mamba_ssm/cpu/weights.rs: OK
src/mamba3_siso/cpu/weights.rs: OK
kernels/grad_clip.cu: OK
src/mamba_ssm/cpu/backward_ops.rs: OK
src/ops/fast_math.rs: OK
kernels/gemm_bi_fixed/sm120_tma.cu: OK
kernels/gemm_bi_fixed/tf32.cu: OK
src/dist/seed.rs: OK
src/mamba3_siso/gpu/weights_mixed_train.rs: OK
src/module/gpu_lm.rs: OK
src/hf/bf16.rs: OK
src/mamba3_siso/config.rs: OK
kernels/gemm_bi_fixed/sm89_half_pipeline.cu: OK
src/mamba_ssm/cpu/scratch.rs: OK
LICENSE-APACHE: OK
kernels/gemm_bi_triad/sm90a.cu: OK
kernels/mamba_ssm_parallel.cu: OK
src/mamba_ssm/gpu/kernel_identity.rs: OK
src/mamba_ssm/gpu/trainer.rs: OK
src/mamba_ssm/gpu/adamw.rs: OK
kernels/gemm_bi_triad/sm80_tn_splitk.cu: OK
src/mamba3_siso/cpu/mod.rs: OK
src/mamba_ssm/gpu/forward_mixed.rs: OK
src/mamba_ssm/gpu/gemm_bi_triad/mod.rs: OK
kernels/gemm_bi_fixed/tf32_rna_wide.cu: OK
src/mamba_ssm/gpu/blas.rs: OK
src/mamba_ssm/gpu/loss_scaler.rs: OK
src/dist/error.rs: OK
README.md: OK
src/mamba3_siso/gpu/backward_mixed.rs: OK
src/mamba3_siso/cpu/dims.rs: OK
kernels/gemm_bi_fixed/sm120_f32_n64_sliced.cu: OK
kernels/gemm_bi_fixed/wmma_legacy.cu: OK
src/dist/watchdog.rs: OK
Cargo.lock: OK
src/mamba3_siso/serialize.rs: OK
src/mamba_ssm/gpu/weights_mixed_train.rs: OK
kernels/gemm_bi_triad/sm100.cu: OK
src/mamba3_siso/mod.rs: OK
src/hf/keys.rs: OK
kernels/gemm_bi_fixed/mma16.cu: OK
kernels/gemm_bi_triad/scalar_nt_m2n16.cu: OK
src/serialize.rs: OK
kernels/adamw.cu: OK
exit_status=0
