   Compiling mamba-rs v0.6.9 (/root/mamba-gemm-mode-green-fix1.VbR42J)
    Finished `release` profile [optimized] target(s) in 2.12s
     Running tests/kernel_identity.rs (/root/target-ada-finalist-aldmatrix-cuda132-20260910/release/deps/kernel_identity-aadd6fa7a512249e)

running 24 tests
test artifact_set_is_ordered_and_rejects_duplicate_module_kinds ... ok
test artifact_set_tracks_all_five_sm89_optional_modules_in_canonical_order ... ok
test backend_contract_sets_match_reachable_dispatch_trees ... ok
test cache_envelope_rejects_corruption_and_wrong_identity ... ok
test canonical_ptx_requires_one_terminal_nul ... ok
test compile_key_covers_every_invocation_field ... ok
test deterministic_tf32_identity_variants_have_stable_distinct_discriminants ... ok
test f32_triad_policy_parser_accepts_only_the_versioned_public_spellings ... ok
test framed_sha256_has_unambiguous_boundaries ... ok
test gemm_policy_keeps_cublas_and_deterministic_triad_tf32_independent ... ok
test half_policy_opens_the_stream_k_contract_only_inside_the_tensor_core_tier ... ok
test module_kind_discriminants_are_stable ... ok
test physical_launch_kind_discriminants_are_stable ... ok
test resolved_launch_guard_fails_closed_on_order_count_or_device_drift ... ok
test resolved_launch_set_is_ordered_and_covers_every_physical_identity_field ... ok
test resolved_launch_set_rejects_placeholder_or_incoherent_launches ... ok
test route_guard_rejects_every_policy_artifact_and_device_field ... ok
test scalar_split_m_identity_variants_have_stable_distinct_discriminants ... ok
test scalar_wave_policy_v1_digest_covers_every_wave_and_device_field ... ok
test sm120_route_identity_conversion_rejects_incoherent_inputs ... ok
test sm120_route_identity_resolves_the_exact_production_route ... ok
test sm80_tc_policy_v3_digest_covers_geometry_waves_device_and_deep_split_k ... ok
test streaming_launch_set_builder_matches_slice_builder_and_fails_closed ... ok
test vendor_policy_v2_changes_the_dispatch_identity ... ok

test result: ok. 24 passed; 0 failed; 0 ignored; 0 measured; 0 filtered out; finished in 0.00s

