    Finished `release` profile [optimized] target(s) in 0.11s
     Running tests/gemm_bi_sm120_tf32_selector_qualification.rs (/root/target-sm120-final-sweep-cuda128/release/deps/gemm_bi_sm120_tf32_selector_qualification-d81eb6d705cb05cc)

running 1 test
test sm120_tf32_projection_selector_qualification ... GPU quiet gate sm120-projection-selector/pre-context: uuid=GPU-a10ad830-a2cf-054d-e0fa-54add30a2cf8 gpu_util=0% memory_util=0% used=4MiB sm_clock=840MHz temperature=41C pstate=P5; quiet_samples=5
selector qualification on (12, 0)/170SM
GPU quiet gate sm120-projection-selector/nt_d768_in_proj/pre-cell: uuid=GPU-a10ad830-a2cf-054d-e0fa-54add30a2cf8 gpu_util=0% memory_util=0% used=510MiB sm_clock=2557MHz temperature=41C pstate=P1; quiet_samples=5
GPU quiet gate sm120-selector/nt_d768_in_proj/gemm_bi_nt_sm120_tma_mma_tf32_v1_m64n64_bk32_s2/eager/calibration: uuid=GPU-a10ad830-a2cf-054d-e0fa-54add30a2cf8 gpu_util=0% memory_util=0% used=742MiB sm_clock=2557MHz temperature=40C pstate=P1; quiet_samples=5
GPU quiet gate sm120-selector/nt_d768_in_proj/gemm_bi_nt_sm120_tma_mma_tf32_v1_m64n64_bk32_s2/eager/timed: uuid=GPU-a10ad830-a2cf-054d-e0fa-54add30a2cf8 gpu_util=0% memory_util=0% used=742MiB sm_clock=2557MHz temperature=40C pstate=P1; quiet_samples=5
GPU quiet gate sm120-selector/nt_d768_in_proj/gemm_bi_nt_sm120_tma_mma_tf32_v1_m64n64_bk32_s2/eager/post: uuid=GPU-a10ad830-a2cf-054d-e0fa-54add30a2cf8 gpu_util=0% memory_util=0% used=742MiB sm_clock=2962MHz temperature=43C pstate=P1; quiet_samples=5
GPU quiet gate sm120-selector/nt_d768_in_proj/gemm_bi_nt_sm120_tma_mma_tf32_v1_m64n64_bk32_s2/graph/calibration: uuid=GPU-a10ad830-a2cf-054d-e0fa-54add30a2cf8 gpu_util=0% memory_util=0% used=742MiB sm_clock=2977MHz temperature=42C pstate=P1; quiet_samples=5
GPU quiet gate sm120-selector/nt_d768_in_proj/gemm_bi_nt_sm120_tma_mma_tf32_v1_m64n64_bk32_s2/graph/timed: uuid=GPU-a10ad830-a2cf-054d-e0fa-54add30a2cf8 gpu_util=0% memory_util=0% used=742MiB sm_clock=2655MHz temperature=42C pstate=P1; quiet_samples=5
GPU quiet gate sm120-selector/nt_d768_in_proj/gemm_bi_nt_sm120_tma_mma_tf32_v1_m64n64_bk32_s2/graph/post: uuid=GPU-a10ad830-a2cf-054d-e0fa-54add30a2cf8 gpu_util=0% memory_util=0% used=742MiB sm_clock=2962MHz temperature=44C pstate=P1; quiet_samples=5
GPU quiet gate sm120-projection-selector/nt_d768_in_proj/post-cell: uuid=GPU-a10ad830-a2cf-054d-e0fa-54add30a2cf8 gpu_util=0% memory_util=0% used=512MiB sm_clock=2587MHz temperature=42C pstate=P1; quiet_samples=5
GPU quiet gate sm120-projection-selector/nt_d768_out_proj/pre-cell: uuid=GPU-a10ad830-a2cf-054d-e0fa-54add30a2cf8 gpu_util=0% memory_util=0% used=512MiB sm_clock=2557MHz temperature=42C pstate=P1; quiet_samples=5
GPU quiet gate sm120-selector/nt_d768_out_proj/gemm_bi_nt_sm120_tma_mma_tf32_v1_m64n64_bk32_s2/eager/calibration: uuid=GPU-a10ad830-a2cf-054d-e0fa-54add30a2cf8 gpu_util=0% memory_util=0% used=710MiB sm_clock=2557MHz temperature=41C pstate=P1; quiet_samples=5
GPU quiet gate sm120-selector/nt_d768_out_proj/gemm_bi_nt_sm120_tma_mma_tf32_v1_m64n64_bk32_s2/eager/timed: uuid=GPU-a10ad830-a2cf-054d-e0fa-54add30a2cf8 gpu_util=0% memory_util=0% used=710MiB sm_clock=2595MHz temperature=41C pstate=P1; quiet_samples=5
GPU quiet gate sm120-selector/nt_d768_out_proj/gemm_bi_nt_sm120_tma_mma_tf32_v1_m64n64_bk32_s2/eager/post: uuid=GPU-a10ad830-a2cf-054d-e0fa-54add30a2cf8 gpu_util=0% memory_util=0% used=710MiB sm_clock=2962MHz temperature=43C pstate=P1; quiet_samples=5
GPU quiet gate sm120-selector/nt_d768_out_proj/gemm_bi_nt_sm120_tma_mma_tf32_v1_m64n64_bk32_s2/graph/calibration: uuid=GPU-a10ad830-a2cf-054d-e0fa-54add30a2cf8 gpu_util=0% memory_util=0% used=710MiB sm_clock=2977MHz temperature=43C pstate=P1; quiet_samples=5
GPU quiet gate sm120-selector/nt_d768_out_proj/gemm_bi_nt_sm120_tma_mma_tf32_v1_m64n64_bk32_s2/graph/timed: uuid=GPU-a10ad830-a2cf-054d-e0fa-54add30a2cf8 gpu_util=0% memory_util=0% used=710MiB sm_clock=2557MHz temperature=42C pstate=P1; quiet_samples=5
GPU quiet gate sm120-selector/nt_d768_out_proj/gemm_bi_nt_sm120_tma_mma_tf32_v1_m64n64_bk32_s2/graph/post: uuid=GPU-a10ad830-a2cf-054d-e0fa-54add30a2cf8 gpu_util=0% memory_util=0% used=710MiB sm_clock=2962MHz temperature=44C pstate=P1; quiet_samples=5
GPU quiet gate sm120-projection-selector/nt_d768_out_proj/post-cell: uuid=GPU-a10ad830-a2cf-054d-e0fa-54add30a2cf8 gpu_util=0% memory_util=0% used=512MiB sm_clock=2557MHz temperature=43C pstate=P1; quiet_samples=5
GPU quiet gate sm120-projection-selector/nt_prism_in_proj/pre-cell: uuid=GPU-a10ad830-a2cf-054d-e0fa-54add30a2cf8 gpu_util=0% memory_util=0% used=512MiB sm_clock=2557MHz temperature=43C pstate=P1; quiet_samples=5
GPU quiet gate sm120-selector/nt_prism_in_proj/gemm_bi_nt_sm120_tma_mma_tf32_v1_m64n64_bk32_s2/eager/calibration: uuid=GPU-a10ad830-a2cf-054d-e0fa-54add30a2cf8 gpu_util=0% memory_util=0% used=742MiB sm_clock=2557MHz temperature=41C pstate=P1; quiet_samples=5
GPU quiet gate sm120-selector/nt_prism_in_proj/gemm_bi_nt_sm120_tma_mma_tf32_v1_m64n64_bk32_s2/eager/timed: uuid=GPU-a10ad830-a2cf-054d-e0fa-54add30a2cf8 gpu_util=0% memory_util=0% used=742MiB sm_clock=2557MHz temperature=41C pstate=P1; quiet_samples=5
GPU quiet gate sm120-selector/nt_prism_in_proj/gemm_bi_nt_sm120_tma_mma_tf32_v1_m64n64_bk32_s2/eager/post: uuid=GPU-a10ad830-a2cf-054d-e0fa-54add30a2cf8 gpu_util=0% memory_util=0% used=742MiB sm_clock=2962MHz temperature=43C pstate=P1; quiet_samples=5
GPU quiet gate sm120-selector/nt_prism_in_proj/gemm_bi_nt_sm120_tma_mma_tf32_v1_m64n64_bk32_s2/graph/calibration: uuid=GPU-a10ad830-a2cf-054d-e0fa-54add30a2cf8 gpu_util=0% memory_util=0% used=742MiB sm_clock=2962MHz temperature=43C pstate=P1; quiet_samples=5
GPU quiet gate sm120-selector/nt_prism_in_proj/gemm_bi_nt_sm120_tma_mma_tf32_v1_m64n64_bk32_s2/graph/timed: uuid=GPU-a10ad830-a2cf-054d-e0fa-54add30a2cf8 gpu_util=0% memory_util=0% used=742MiB sm_clock=2595MHz temperature=42C pstate=P1; quiet_samples=5
GPU quiet gate sm120-selector/nt_prism_in_proj/gemm_bi_nt_sm120_tma_mma_tf32_v1_m64n64_bk32_s2/graph/post: uuid=GPU-a10ad830-a2cf-054d-e0fa-54add30a2cf8 gpu_util=0% memory_util=0% used=742MiB sm_clock=2962MHz temperature=44C pstate=P1; quiet_samples=5
GPU quiet gate sm120-projection-selector/nt_prism_in_proj/post-cell: uuid=GPU-a10ad830-a2cf-054d-e0fa-54add30a2cf8 gpu_util=0% memory_util=0% used=512MiB sm_clock=2557MHz temperature=43C pstate=P1; quiet_samples=5
GPU quiet gate sm120-projection-selector/post-suite: uuid=GPU-a10ad830-a2cf-054d-e0fa-54add30a2cf8 gpu_util=0% memory_util=0% used=512MiB sm_clock=2557MHz temperature=43C pstate=P1; quiet_samples=5
{"schema":"MambaBiSm120Tf32SelectorQualificationV2","projection_cells":46,"discovery_windows_per_order":21,"final_windows_per_order":101,"passed":true}
ok

test result: ok. 1 passed; 0 failed; 0 ignored; 0 measured; 36 filtered out; finished in 105.38s

