    Finished `release` profile [optimized] target(s) in 0.08s
     Running tests/gemm_bi_half_nn_s3_bx4_d768_in_discovery.rs (/root/half-nn-bx4-target-20260909/release/deps/gemm_bi_half_nn_s3_bx4_d768_in_discovery-2827b133c3690f06)

running 1 test
test cuda_suite::ada_f16_nn_fixed_s3_bx4_d768_in_scout_once7 ... GPU quiet gate half-nn-s3-bx4/pre-context: uuid=GPU-d1edd7be-e88d-aed6-047d-622163306f0e gpu_util=0% memory_util=0% used=48MiB sm_clock=1800MHz temperature=39C pstate=P5; quiet_samples=5
GPU quiet gate half-nn-s3-bx4/cohort: uuid=GPU-d1edd7be-e88d-aed6-047d-622163306f0e gpu_util=0% memory_util=0% used=534MiB sm_clock=1800MHz temperature=41C pstate=P2; quiet_samples=5
{"schema":"MambaBiHalfNnS3Bx4ResourceV1","arm":"fixed_s3_bx4","registers":168,"local_bytes":0,"static_shared_bytes":0,"dynamic_shared_bytes":98304,"active_ctas":1,"required_active_ctas":1}
{"schema":"MambaBiHalfNnS3Bx4ResourceV1","arm":"fixed_sm89_tc128_s3","registers":188,"local_bytes":0,"static_shared_bytes":0,"dynamic_shared_bytes":98304,"active_ctas":1,"required_active_ctas":1}
{"schema":"MambaBiHalfNnS3Bx4BitsV1","case":"d768_in","shape":[2048,768,3072],"alpha":1,"exceptional":false,"candidate_vs_fixed_s3_exact":true,"eager_graph_repeats":3,"words":1572864}
{"schema":"MambaBiHalfNnS3Bx4BitsV1","case":"m_tail_negative_alpha","shape":[129,128,64],"alpha":-0.75,"exceptional":false,"candidate_vs_fixed_s3_exact":true,"eager_graph_repeats":3,"words":16512}
{"schema":"MambaBiHalfNnS3Bx4BitsV1","case":"n_tail","shape":[128,131,64],"alpha":1,"exceptional":false,"candidate_vs_fixed_s3_exact":true,"eager_graph_repeats":3,"words":16768}
{"schema":"MambaBiHalfNnS3Bx4BitsV1","case":"k_tail","shape":[128,128,69],"alpha":1,"exceptional":false,"candidate_vs_fixed_s3_exact":true,"eager_graph_repeats":3,"words":16384}
{"schema":"MambaBiHalfNnS3Bx4BitsV1","case":"exceptional_full_tile","shape":[128,128,64],"alpha":1,"exceptional":true,"candidate_vs_fixed_s3_exact":true,"eager_graph_repeats":3,"words":16384}
{"schema":"MambaBiHalfNnS3Bx4BitsV1","case":"k0","shape":[128,128,0],"alpha":1,"exceptional":false,"candidate_vs_fixed_s3_exact":true,"eager_graph_repeats":3,"words":16384}
{"schema":"MambaBiHalfNnS3Bx4TimingV1","phase":"scout_once3","comparator":"fixed_sm89_tc128_s3","path":"eager","order":"ABBA","window":0,"operations":20,"raw_us":[71.67999744415283, 70.9231972694397, 70.96319794654846, 71.73119783401489],"ratio":1.0107466262699705}
{"schema":"MambaBiHalfNnS3Bx4TimingV1","phase":"scout_once3","comparator":"fixed_sm89_tc128_s3","path":"eager","order":"ABBA","window":1,"operations":20,"raw_us":[71.67999744415283, 70.92639803886414, 70.96319794654846, 71.73119783401489],"ratio":1.0107238256771944}
{"schema":"MambaBiHalfNnS3Bx4TimingV1","phase":"scout_once3","comparator":"fixed_sm89_tc128_s3","path":"eager","order":"ABBA","window":2,"operations":20,"raw_us":[71.67999744415283, 70.96319794654846, 70.9119975566864, 71.63839936256409],"ratio":1.010172329971867}
{"schema":"MambaBiHalfNnS3Bx4TimingV1","phase":"scout_once3","comparator":"fixed_sm89_tc128_s3","path":"eager","order":"BAAB","window":0,"operations":20,"raw_us":[70.9119975566864, 71.73119783401489, 71.73119783401489, 70.96319794654846],"ratio":1.0111872985208237}
{"schema":"MambaBiHalfNnS3Bx4TimingV1","phase":"scout_once3","comparator":"fixed_sm89_tc128_s3","path":"eager","order":"BAAB","window":1,"operations":20,"raw_us":[70.9119975566864, 71.73119783401489, 71.67999744415283, 70.9119975566864],"ratio":1.011191337287644}
{"schema":"MambaBiHalfNnS3Bx4TimingV1","phase":"scout_once3","comparator":"fixed_sm89_tc128_s3","path":"eager","order":"BAAB","window":2,"operations":20,"raw_us":[70.9119975566864, 71.73119783401489, 71.73119783401489, 70.96319794654846],"ratio":1.0111872985208237}
{"schema":"MambaBiHalfNnS3Bx4TimingV1","phase":"scout_once3","comparator":"fixed_sm89_tc128_s3","path":"graph","order":"ABBA","window":0,"operations":20,"raw_us":[71.01439833641052, 70.14399766921997, 70.14399766921997, 71.06559872627258],"ratio":1.012773735342928}
{"schema":"MambaBiHalfNnS3Bx4TimingV1","phase":"scout_once3","comparator":"fixed_sm89_tc128_s3","path":"graph","order":"ABBA","window":1,"operations":20,"raw_us":[71.06559872627258, 70.09279727935791, 70.14399766921997, 71.01439833641052],"ratio":1.0131434985716914}
{"schema":"MambaBiHalfNnS3Bx4TimingV1","phase":"scout_once3","comparator":"fixed_sm89_tc128_s3","path":"graph","order":"ABBA","window":2,"operations":20,"raw_us":[71.01439833641052, 70.14399766921997, 70.09279727935791, 71.01439833641052],"ratio":1.0127783990278747}
{"schema":"MambaBiHalfNnS3Bx4TimingV1","phase":"scout_once3","comparator":"fixed_sm89_tc128_s3","path":"graph","order":"BAAB","window":0,"operations":20,"raw_us":[70.14399766921997, 71.01439833641052, 71.06559872627258, 70.14399766921997],"ratio":1.012773735342928}
{"schema":"MambaBiHalfNnS3Bx4TimingV1","phase":"scout_once3","comparator":"fixed_sm89_tc128_s3","path":"graph","order":"BAAB","window":1,"operations":20,"raw_us":[70.19519805908203, 71.01439833641052, 71.06559872627258, 70.14399766921997],"ratio":1.0124042419179267}
{"schema":"MambaBiHalfNnS3Bx4TimingV1","phase":"scout_once3","comparator":"fixed_sm89_tc128_s3","path":"graph","order":"BAAB","window":2,"operations":20,"raw_us":[70.14399766921997, 71.01439833641052, 71.01439833641052, 70.09279727935791],"ratio":1.0127783990278747}
{"schema":"MambaBiHalfNnS3Bx4ScoutDecisionV1","shape":[2048,768,3072],"strata":[[1.0107238256771944, 1.0107466262699705], [1.0111872985208237, 1.011191337287644], [1.0127783990278747, 1.0131434985716914], [1.012773735342928, 1.0127783990278747]],"strict_p50_p95_lt_0_99":false,"decision":"stop_no_once7"}
GPU quiet gate half-nn-s3-bx4/post: uuid=GPU-d1edd7be-e88d-aed6-047d-622163306f0e gpu_util=0% memory_util=0% used=546MiB sm_clock=1800MHz temperature=41C pstate=P2; quiet_samples=5
ok

test result: ok. 1 passed; 0 failed; 0 ignored; 0 measured; 24 filtered out; finished in 113.02s
