   Compiling cudarc v0.19.9
   Compiling mamba-rs v0.6.9 (/root/mamba-ada-exact-toolkit-auto-20260907)
error[E0308]: mismatched types
   --> tests/gemm_bi_fixed_half_batch_discovery.rs:431:22
    |
431 |         || active != cell.occupancy
    |                      ^^^^^^^^^^^^^^ expected `u32`, found `i32`

error[E0277]: can't compare `u32` with `i32`
   --> tests/gemm_bi_fixed_half_batch_discovery.rs:431:19
    |
431 |         || active != cell.occupancy
    |                   ^^ no implementation for `u32 == i32`
    |
    = help: the trait `PartialEq<i32>` is not implemented for `u32`
help: `u32` implements trait `PartialEq<Rhs>`
   --> /rustc/48a229ceaefd4985c50990b14116b6d856af0985/library/core/src/cmp.rs:1876:12
    |
    = note: `PartialEq`
   ::: /rustc/48a229ceaefd4985c50990b14116b6d856af0985/library/core/src/cmp.rs:1900:5
    |
    = note: in this macro invocation
    |
   ::: /root/.cargo/registry/src/index.crates.io-1949cf8c6b5b557f/serde_json-1.0.150/src/value/partial_eq.rs:76:13
    |
 76 |               impl PartialEq<Value> for $ty {
    |               ^^^^^^^^^^^^^^^^^^^^^^^^^^^^^ `PartialEq<serde_json::value::Value>`
...
 97 | / partialeq_numeric! {
 98 | |     eq_i64[i8 i16 i32 i64 isize]
 99 | |     eq_u64[u8 u16 u32 u64 usize]
100 | |     eq_f32[f32]
101 | |     eq_f64[f64]
102 | |     eq_bool[bool]
103 | | }
    | |_- in this macro invocation
    = note: this error originates in the macro `partial_eq_impl` which comes from the expansion of the macro `partialeq_numeric` (in Nightly builds, run with -Z macro-backtrace for more info)

Some errors have detailed explanations: E0277, E0308.
For more information about an error, try `rustc --explain E0277`.
error: could not compile `mamba-rs` (test "gemm_bi_fixed_half_batch_discovery") due to 2 previous errors
warning: build failed, waiting for other jobs to finish...
