nvcc: NVIDIA (R) Cuda compiler driver
Copyright (c) 2005-2025 NVIDIA Corporation
Built on Wed_Aug_20_01:58:59_PM_PDT_2025
Cuda compilation tools, release 13.0, V13.0.88
Build cuda_13.0.r13.0/compiler.36424714_0
/usr/local/cuda-13.0/lib64/libnvrtc.so.13
a49e67e8e74590f1e98de55c39c6287efd3f59e3c3797464d7bbe0fe01349b11  /usr/local/cuda-13.0/lib64/libnvrtc.so.13
/usr/local/cuda-13.0/lib64/stubs/libnvrtc.so
4a3ab0d004e2e0ce933dac1dd21ca7c8aee093ecb6610df9237ffc604cf15b79  /usr/local/cuda-13.0/lib64/stubs/libnvrtc.so
/usr/local/cuda-13.0/lib64/libnvrtc.so
a49e67e8e74590f1e98de55c39c6287efd3f59e3c3797464d7bbe0fe01349b11  /usr/local/cuda-13.0/lib64/libnvrtc.so
/usr/local/cuda-13.0/lib64/libnvrtc.so.13.0.88
a49e67e8e74590f1e98de55c39c6287efd3f59e3c3797464d7bbe0fe01349b11  /usr/local/cuda-13.0/lib64/libnvrtc.so.13.0.88
/usr/local/cuda-13.0/targets/x86_64-linux/lib/libnvrtc.so.13
a49e67e8e74590f1e98de55c39c6287efd3f59e3c3797464d7bbe0fe01349b11  /usr/local/cuda-13.0/targets/x86_64-linux/lib/libnvrtc.so.13
/usr/local/cuda-13.0/targets/x86_64-linux/lib/stubs/libnvrtc.so
4a3ab0d004e2e0ce933dac1dd21ca7c8aee093ecb6610df9237ffc604cf15b79  /usr/local/cuda-13.0/targets/x86_64-linux/lib/stubs/libnvrtc.so
/usr/local/cuda-13.0/targets/x86_64-linux/lib/libnvrtc.so
a49e67e8e74590f1e98de55c39c6287efd3f59e3c3797464d7bbe0fe01349b11  /usr/local/cuda-13.0/targets/x86_64-linux/lib/libnvrtc.so
/usr/local/cuda-13.0/targets/x86_64-linux/lib/libnvrtc.so.13.0.88
a49e67e8e74590f1e98de55c39c6287efd3f59e3c3797464d7bbe0fe01349b11  /usr/local/cuda-13.0/targets/x86_64-linux/lib/libnvrtc.so.13.0.88
/usr/local/cuda-13.0/lib64/libnvrtc-builtins.so.13.0
91dcd944d01da9c0f08fff5d779db136a47f6d62bdb63bae900d2f481e92c3a2  /usr/local/cuda-13.0/lib64/libnvrtc-builtins.so.13.0
/usr/local/cuda-13.0/lib64/libnvrtc-builtins.so.13.0.88
91dcd944d01da9c0f08fff5d779db136a47f6d62bdb63bae900d2f481e92c3a2  /usr/local/cuda-13.0/lib64/libnvrtc-builtins.so.13.0.88
/usr/local/cuda-13.0/lib64/libnvrtc-builtins.so
91dcd944d01da9c0f08fff5d779db136a47f6d62bdb63bae900d2f481e92c3a2  /usr/local/cuda-13.0/lib64/libnvrtc-builtins.so
/usr/local/cuda-13.0/targets/x86_64-linux/lib/libnvrtc-builtins.so.13.0
91dcd944d01da9c0f08fff5d779db136a47f6d62bdb63bae900d2f481e92c3a2  /usr/local/cuda-13.0/targets/x86_64-linux/lib/libnvrtc-builtins.so.13.0
/usr/local/cuda-13.0/targets/x86_64-linux/lib/libnvrtc-builtins.so.13.0.88
91dcd944d01da9c0f08fff5d779db136a47f6d62bdb63bae900d2f481e92c3a2  /usr/local/cuda-13.0/targets/x86_64-linux/lib/libnvrtc-builtins.so.13.0.88
/usr/local/cuda-13.0/targets/x86_64-linux/lib/libnvrtc-builtins.so
91dcd944d01da9c0f08fff5d779db136a47f6d62bdb63bae900d2f481e92c3a2  /usr/local/cuda-13.0/targets/x86_64-linux/lib/libnvrtc-builtins.so
