   Compiling mamba-rs v0.6.9 (/root/mamba-triad-final-assembly.m1C7bi)
    Finished `release` profile [optimized] target(s) in 1m 11s
     Running unittests src/lib.rs (/root/target-sm120-final-sweep-cuda132/release/deps/mamba_rs-4cd14b3dbbbe9ca1)

running 52 tests
test mamba_ssm::gpu::gemm_bi_triad::dispatch::tf32_tests::at_least_one_sm120_tf32_cohort_matches_this_tree ... ok
test mamba_ssm::gpu::gemm_bi_triad::dispatch::tf32_tests::exact_and_unmeasured_auto_resolution_stay_scalar ... ok
test mamba_ssm::gpu::gemm_bi_triad::dispatch::tf32_tests::exact_policy_measured_cells_resolve_to_their_official_arms ... ok
test mamba_ssm::gpu::gemm_bi_triad::dispatch::tf32_tests::exact_scalar_policy_dominates_the_sm89_tf32_table ... ok
test mamba_ssm::gpu::gemm_bi_triad::dispatch::tf32_tests::forced_resolution_accepts_each_exact_qualified_family ... ok
test mamba_ssm::gpu::gemm_bi_triad::dispatch::tf32_tests::forced_resolution_rejects_incoherent_or_unavailable_bindings ... ok
test mamba_ssm::gpu::gemm_bi_triad::dispatch::tf32_tests::fresh_sm120_595_58_03_auto_selects_each_observed_winner ... ok
test mamba_ssm::gpu::gemm_bi_triad::dispatch::tf32_tests::fresh_sm120_595_58_03_identity_drift_fails_closed ... ok
test mamba_ssm::gpu::gemm_bi_triad::dispatch::tf32_tests::fresh_sm120_595_58_03_manifest_binds_only_completed_cells ... ok
test mamba_ssm::gpu::gemm_bi_triad::dispatch::tf32_tests::fresh_sm120_595_58_03_neighbors_epilogues_and_alignment_stay_exact ... ok
test mamba_ssm::gpu::gemm_bi_triad::dispatch::tf32_tests::nt_splitk8_is_forced_only_and_does_not_change_auto_selection ... ok
test mamba_ssm::gpu::gemm_bi_triad::dispatch::tf32_tests::portable_sm101a_accepts_the_exact_target_transaction ... ok
test mamba_ssm::gpu::gemm_bi_triad::dispatch::tf32_tests::portable_sm110_accepts_the_arch_specific_target_transaction ... ok
test mamba_ssm::gpu::gemm_bi_triad::dispatch::tf32_tests::sm120_tf32_cuda_12_8_identity_matches_the_literal_qualification_manifest ... ok
test mamba_ssm::gpu::gemm_bi_triad::dispatch::tf32_tests::sm120_tf32_cuda_12_8_identity_rejects_all_29_single_field_mutations ... ok
test mamba_ssm::gpu::gemm_bi_triad::dispatch::tf32_tests::sm120_tf32_cuda_12_8_route_manifest_is_literal_and_complete ... mamba-rs WARNING: no SM120 TF32 evidence cohort matches this stack (newest cohort differs at: compile key); the exact f32 family serves every TF32 request until a requalification is frozen
ok
test mamba_ssm::gpu::gemm_bi_triad::dispatch::tf32_tests::sm120_tf32_cuda_13_0_all_nine_routes_fail_closed_on_request_or_operand_drift ... ok
test mamba_ssm::gpu::gemm_bi_triad::dispatch::tf32_tests::sm120_tf32_cuda_13_0_identity_matches_the_literal_qualification_manifest ... ok
test mamba_ssm::gpu::gemm_bi_triad::dispatch::tf32_tests::sm120_tf32_cuda_13_0_identity_rejects_all_29_single_field_mutations ... ok
test mamba_ssm::gpu::gemm_bi_triad::dispatch::tf32_tests::sm120_tf32_cuda_13_0_route_manifest_is_literal_and_complete ... ok
test mamba_ssm::gpu::gemm_bi_triad::dispatch::tf32_tests::sm120_tf32_cuda_13_2_identity_matches_the_literal_qualification_manifest ... ok
test mamba_ssm::gpu::gemm_bi_triad::dispatch::tf32_tests::sm120_tf32_cuda_13_2_route_manifest_is_literal_and_complete ... ok
test mamba_ssm::gpu::gemm_bi_triad::dispatch::tf32_tests::sm120_tf32_evidence_cohorts_are_exact_and_unambiguous ... ok
test mamba_ssm::gpu::gemm_bi_triad::dispatch::tf32_tests::sm120_tf32_live_cohort_manifest_is_exact_and_unique ... ok
test mamba_ssm::gpu::gemm_bi_triad::dispatch::tf32_tests::sm120_tf32_live_nn_cell_is_exact_and_fail_closed ... ok
test mamba_ssm::gpu::gemm_bi_triad::dispatch::tf32_tests::sm120_tf32_live_portable_tn_cell_is_exact_and_fail_closed ... ok
test mamba_ssm::gpu::gemm_bi_triad::dispatch::tf32_tests::sm120_tf32_operand_aware_resolution_admits_only_archived_cells ... ok
test mamba_ssm::gpu::gemm_bi_triad::dispatch::tf32_tests::sm120_tf32_real_cohorts_bind_routes_and_reject_cross_version_splices ... ok
test mamba_ssm::gpu::gemm_bi_triad::dispatch::tf32_tests::sm120_tf32_tn_underfill_uses_the_requalified_portable_winner ... ok
test mamba_ssm::gpu::gemm_bi_triad::dispatch::tf32_tests::sm89_finalist_is_forced_only_and_uses_only_its_own_pointer_binding ... ok
test mamba_ssm::gpu::gemm_bi_triad::dispatch::tf32_tests::sm89_finalist_measured_cohorts_select_and_decline_to_prior_routes ... ok
test mamba_ssm::gpu::gemm_bi_triad::dispatch::tf32_tests::sm89_joint_auto_rejects_neighboring_shapes_and_operand_drift ... ok
test mamba_ssm::gpu::gemm_bi_triad::dispatch::tf32_tests::sm89_joint_auto_selects_each_toolkit_specific_winner ... ok
test mamba_ssm::gpu::gemm_bi_triad::dispatch::tf32_tests::sm89_joint_cohorts_freeze_the_toolkit_specific_winner_map ... ok
test mamba_ssm::gpu::gemm_bi_triad::dispatch::tf32_tests::sm89_joint_forced_routes_are_exact_cell_only_and_unqualified_auto_stays_closed ... ok
test mamba_ssm::gpu::gemm_bi_triad::dispatch::tf32_tests::sm89_joint_identities_reject_every_single_field_mutation ... ok
test mamba_ssm::gpu::gemm_bi_triad::dispatch::tf32_tests::sm89_joint_lower_toolkits_require_the_exact_portable_twin_only_for_nn_prism ... ok
test mamba_ssm::gpu::gemm_bi_triad::dispatch::tf32_tests::sm89_tf32_auto_fails_closed_without_operands_alignment_or_exact_identity ... ok
test mamba_ssm::gpu::gemm_bi_triad::dispatch::tf32_tests::sm89_tf32_bias_wide_requires_its_exact_qualified_epilogue ... ok
test mamba_ssm::gpu::gemm_bi_triad::dispatch::tf32_tests::sm89_tf32_cells_are_nvrtc_13_2_exact ... ok
test mamba_ssm::gpu::gemm_bi_triad::dispatch::tf32_tests::sm89_tf32_cells_are_topology_target_and_revision_exact ... mamba-rs WARNING: the portable TF32 evidence cohort is authorized for dispatch epoch 45 and this build runs epoch 44; the exact f32 family serves every TF32 request until the dispatch epoch is reviewed
ok
test mamba_ssm::gpu::gemm_bi_triad::dispatch::tf32_tests::sm89_tf32_evidence_inventory_encodes_the_missing_operand_gates ... ok
test mamba_ssm::gpu::gemm_bi_triad::dispatch::tf32_tests::sm89_tf32_evidence_inventory_matches_all_qualified_routes ... ok
test mamba_ssm::gpu::gemm_bi_triad::dispatch::tf32_tests::sm89_tf32_operand_aware_resolution_admits_exact_evidence ... ok
test mamba_ssm::gpu::gemm_bi_triad::dispatch::tf32_tests::sm89_tf32_operand_aware_resolution_rejects_semantic_and_alignment_drift ... ok
test mamba_ssm::gpu::gemm_bi_triad::dispatch::tf32_tests::sm89_tf32_operand_gated_cells_remain_scalar ... ok
test mamba_ssm::gpu::gemm_bi_triad::dispatch::tf32_tests::sm89_tf32_requalification_overrides_archived_routes ... ok
test mamba_ssm::gpu::gemm_bi_triad::dispatch::tf32_tests::sm89_tf32_request_only_cells_remain_scalar ... ok
test mamba_ssm::gpu::gemm_bi_triad::dispatch::tf32_tests::sm89_tf32_scalar_stride_cells_have_no_bucket_or_layout_bleed ... ok
test mamba_ssm::gpu::gemm_bi_triad::dispatch::tf32_tests::specialized_sm110_accepts_only_feature_target_transactions ... ok
test mamba_ssm::gpu::gemm_bi_triad::dispatch::tf32_tests::tf32_cohorts_follow_the_bound_module_family ... ok
test mamba_ssm::gpu::gemm_bi_triad::dispatch::tf32_tests::tf32_tn_underfill_qualification_uses_current_tuning_revision ... ok

test result: ok. 52 passed; 0 failed; 0 ignored; 0 measured; 709 filtered out; finished in 0.01s

