   Compiling mamba-rs v0.6.9 (/root/mamba-ada-exact-toolkit-auto-20260907)
error[E0308]: mismatched types
    --> tests/gemm_bi_typed_parity.rs:2057:5
     |
1917 | fn run_ada_half_tn_microtile_batch() -> Result<(), String> {
     |                                         ------------------ expected `Result<(), String>` because of return type
...
2057 |     quiet.verify_post_cohort("half-tn-microtile/post")
     |     ^^^^^^^^^^^^^^^^^^^^^^^^^^^^^^^^^^^^^^^^^^^^^^^^^^ expected `Result<(), String>`, found `Result<String, String>`
     |
     = note: expected enum `Result<(), _>`
                found enum `Result<String, _>`

error[E0716]: temporary value dropped while borrowed
    --> tests/gemm_bi_typed_parity.rs:1643:15
     |
1643 |         .arg(&fixture.candidate.ptr())
     |               ^^^^^^^^^^^^^^^^^^^^^^^ creates a temporary value which is freed while still in use
...
1649 |         .arg(&n);
     |                 - temporary value is freed at the end of this statement
1650 |     unsafe {
1651 |         launch.launch(cudarc::driver::LaunchConfig {
     |         ------ borrow later used here
     |
help: consider using a `let` binding to create a longer lived value
     |
1642 ~     let binding = fixture.candidate.ptr();
1643 ~     launch
1644 ~         .arg(&binding)
     |

error[E0716]: temporary value dropped while borrowed
    --> tests/gemm_bi_typed_parity.rs:1644:15
     |
1644 |         .arg(&fixture.a.ptr())
     |               ^^^^^^^^^^^^^^^ creates a temporary value which is freed while still in use
...
1649 |         .arg(&n);
     |                 - temporary value is freed at the end of this statement
1650 |     unsafe {
1651 |         launch.launch(cudarc::driver::LaunchConfig {
     |         ------ borrow later used here
     |
help: consider using a `let` binding to create a longer lived value
     |
1642 ~     let binding = fixture.a.ptr();
1643 ~     launch
1644 |         .arg(&fixture.candidate.ptr())
1645 ~         .arg(&binding)
     |

error[E0716]: temporary value dropped while borrowed
    --> tests/gemm_bi_typed_parity.rs:1645:15
     |
1645 |         .arg(&fixture.b.ptr())
     |               ^^^^^^^^^^^^^^^ creates a temporary value which is freed while still in use
...
1649 |         .arg(&n);
     |                 - temporary value is freed at the end of this statement
1650 |     unsafe {
1651 |         launch.launch(cudarc::driver::LaunchConfig {
     |         ------ borrow later used here
     |
help: consider using a `let` binding to create a longer lived value
     |
1642 ~     let binding = fixture.b.ptr();
1643 ~     launch
1644 |         .arg(&fixture.candidate.ptr())
1645 |         .arg(&fixture.a.ptr())
1646 ~         .arg(&binding)
     |

Some errors have detailed explanations: E0308, E0716.
For more information about an error, try `rustc --explain E0308`.
error: could not compile `mamba-rs` (test "gemm_bi_typed_parity") due to 4 previous errors
