[RL-small d128 F32] B=16 T=64: cuBLAS-Fast 2.438 ms/step | cuBLAS-Pedantic 2.510 ms/step | deterministic scalar 2.796 ms/step | vs Fast 1.15x | vs Pedantic 1.11x
[RL-small d128 F32] B=16 T=64: deterministic TF32 2.763 ms/step | vs Fast 1.13x | vs Pedantic 1.10x | vs scalar 0.99x
[RL-small d128 Bf16] B=16 T=64: cuBLAS-Fast 2.019 ms/step | cuBLAS-Pedantic 2.513 ms/step | deterministic scalar 2.592 ms/step | vs Fast 1.28x | vs Pedantic 1.03x
[RL-small d128 Bf16] B=16 T=64: deterministic+TC 2.110 ms/step | vs Fast 1.05x | vs Pedantic 0.84x | vs scalar 0.81x
[RL-small d128 Bf16] B=16 T=64: deterministic+TC streamk 2.110 ms/step | vs Fast 1.04x | vs Pedantic 0.84x | vs TC tiled 1.00x
[RL-small d128 F16] B=16 T=64: cuBLAS-Fast 2.043 ms/step | cuBLAS-Pedantic 2.145 ms/step | deterministic scalar 2.630 ms/step | vs Fast 1.29x | vs Pedantic 1.23x
[RL-small d128 F16] B=16 T=64: deterministic+TC 2.146 ms/step | vs Fast 1.05x | vs Pedantic 1.00x | vs scalar 0.82x
[RL-small d128 F16] B=16 T=64: deterministic+TC streamk 2.145 ms/step | vs Fast 1.05x | vs Pedantic 1.00x | vs TC tiled 1.00x
[d256 F32] B=16 T=128: cuBLAS-Fast 9.903 ms/step | cuBLAS-Pedantic 10.210 ms/step | deterministic scalar 12.119 ms/step | vs Fast 1.22x | vs Pedantic 1.19x
[d256 F32] B=16 T=128: deterministic TF32 12.106 ms/step | vs Fast 1.22x | vs Pedantic 1.19x | vs scalar 1.00x
[d256 Bf16] B=16 T=128: cuBLAS-Fast 8.080 ms/step | cuBLAS-Pedantic 10.415 ms/step | deterministic scalar 11.228 ms/step | vs Fast 1.39x | vs Pedantic 1.08x
[d256 Bf16] B=16 T=128: deterministic+TC 8.526 ms/step | vs Fast 1.06x | vs Pedantic 0.82x | vs scalar 0.76x
[d256 Bf16] B=16 T=128: deterministic+TC streamk 8.523 ms/step | vs Fast 1.05x | vs Pedantic 0.82x | vs TC tiled 1.00x
[d256 F16] B=16 T=128: cuBLAS-Fast 8.212 ms/step | cuBLAS-Pedantic 8.825 ms/step | deterministic scalar 11.383 ms/step | vs Fast 1.39x | vs Pedantic 1.29x
[d256 F16] B=16 T=128: deterministic+TC 8.655 ms/step | vs Fast 1.05x | vs Pedantic 0.98x | vs scalar 0.76x
[d256 F16] B=16 T=128: deterministic+TC streamk 8.667 ms/step | vs Fast 1.06x | vs Pedantic 0.98x | vs TC tiled 1.00x
[130m-ish d768 F32] B=8 T=256: cuBLAS-Fast 24.531 ms/step | cuBLAS-Pedantic 28.066 ms/step | deterministic scalar 32.080 ms/step | vs Fast 1.31x | vs Pedantic 1.14x
[130m-ish d768 F32] B=8 T=256: deterministic TF32 26.894 ms/step | vs Fast 1.10x | vs Pedantic 0.96x | vs scalar 0.84x
[130m-ish d768 Bf16] B=8 T=256: cuBLAS-Fast 20.141 ms/step | cuBLAS-Pedantic 26.750 ms/step | deterministic scalar 30.376 ms/step | vs Fast 1.51x | vs Pedantic 1.14x
[130m-ish d768 Bf16] B=8 T=256: deterministic+TC 20.341 ms/step | vs Fast 1.01x | vs Pedantic 0.76x | vs scalar 0.67x
[130m-ish d768 Bf16] B=8 T=256: deterministic+TC streamk 20.344 ms/step | vs Fast 1.01x | vs Pedantic 0.76x | vs TC tiled 1.00x
[130m-ish d768 F16] B=8 T=256: cuBLAS-Fast 20.447 ms/step | cuBLAS-Pedantic 24.415 ms/step | deterministic scalar 30.603 ms/step | vs Fast 1.50x | vs Pedantic 1.25x
[130m-ish d768 F16] B=8 T=256: deterministic+TC 20.589 ms/step | vs Fast 1.01x | vs Pedantic 0.84x | vs scalar 0.67x
[130m-ish d768 F16] B=8 T=256: deterministic+TC streamk 20.569 ms/step | vs Fast 1.01x | vs Pedantic 0.84x | vs TC tiled 1.00x
[770m-ish d1536 F32] B=4 T=256: cuBLAS-Fast 14.672 ms/step | cuBLAS-Pedantic 18.452 ms/step | deterministic scalar 22.697 ms/step | vs Fast 1.55x | vs Pedantic 1.23x
[770m-ish d1536 F32] B=4 T=256: deterministic TF32 22.664 ms/step | vs Fast 1.54x | vs Pedantic 1.23x | vs scalar 1.00x
[770m-ish d1536 Bf16] B=4 T=256: cuBLAS-Fast 12.328 ms/step | cuBLAS-Pedantic 17.993 ms/step | deterministic scalar 22.838 ms/step | vs Fast 1.85x | vs Pedantic 1.27x
[770m-ish d1536 Bf16] B=4 T=256: deterministic+TC 12.918 ms/step | vs Fast 1.05x | vs Pedantic 0.72x | vs scalar 0.57x
[770m-ish d1536 Bf16] B=4 T=256: deterministic+TC streamk 12.922 ms/step | vs Fast 1.05x | vs Pedantic 0.72x | vs TC tiled 1.00x
[770m-ish d1536 F16] B=4 T=256: cuBLAS-Fast 12.702 ms/step | cuBLAS-Pedantic 16.392 ms/step | deterministic scalar 23.111 ms/step | vs Fast 1.82x | vs Pedantic 1.41x
[770m-ish d1536 F16] B=4 T=256: deterministic+TC 13.294 ms/step | vs Fast 1.05x | vs Pedantic 0.81x | vs scalar 0.58x
[770m-ish d1536 F16] B=4 T=256: deterministic+TC streamk 13.233 ms/step | vs Fast 1.04x | vs Pedantic 0.81x | vs TC tiled 1.00x
