[RL-small d128 F32] B=16 T=64: cuBLAS-Fast 2.429 ms/step | cuBLAS-Pedantic 2.501 ms/step | deterministic scalar 2.791 ms/step | vs Fast 1.15x | vs Pedantic 1.12x
[RL-small d128 F32] B=16 T=64: deterministic TF32 2.758 ms/step | vs Fast 1.14x | vs Pedantic 1.10x | vs scalar 0.99x
[RL-small d128 Bf16] B=16 T=64: cuBLAS-Fast 2.020 ms/step | cuBLAS-Pedantic 2.511 ms/step | deterministic scalar 2.589 ms/step | vs Fast 1.28x | vs Pedantic 1.03x
[RL-small d128 Bf16] B=16 T=64: deterministic+TC 2.107 ms/step | vs Fast 1.04x | vs Pedantic 0.84x | vs scalar 0.81x
[RL-small d128 Bf16] B=16 T=64: deterministic+TC streamk 2.106 ms/step | vs Fast 1.04x | vs Pedantic 0.84x | vs TC tiled 1.00x
[RL-small d128 F16] B=16 T=64: cuBLAS-Fast 2.048 ms/step | cuBLAS-Pedantic 2.136 ms/step | deterministic scalar 2.627 ms/step | vs Fast 1.28x | vs Pedantic 1.23x
[RL-small d128 F16] B=16 T=64: deterministic+TC 2.146 ms/step | vs Fast 1.05x | vs Pedantic 1.00x | vs scalar 0.82x
[RL-small d128 F16] B=16 T=64: deterministic+TC streamk 2.148 ms/step | vs Fast 1.05x | vs Pedantic 1.01x | vs TC tiled 1.00x
[d256 F32] B=16 T=128: cuBLAS-Fast 9.868 ms/step | cuBLAS-Pedantic 10.171 ms/step | deterministic scalar 12.084 ms/step | vs Fast 1.22x | vs Pedantic 1.19x
[d256 F32] B=16 T=128: deterministic TF32 12.084 ms/step | vs Fast 1.22x | vs Pedantic 1.19x | vs scalar 1.00x
[d256 Bf16] B=16 T=128: cuBLAS-Fast 8.075 ms/step | cuBLAS-Pedantic 10.404 ms/step | deterministic scalar 11.186 ms/step | vs Fast 1.39x | vs Pedantic 1.08x
[d256 Bf16] B=16 T=128: deterministic+TC 8.516 ms/step | vs Fast 1.05x | vs Pedantic 0.82x | vs scalar 0.76x
[d256 Bf16] B=16 T=128: deterministic+TC streamk 8.518 ms/step | vs Fast 1.05x | vs Pedantic 0.82x | vs TC tiled 1.00x
[d256 F16] B=16 T=128: cuBLAS-Fast 8.186 ms/step | cuBLAS-Pedantic 8.818 ms/step | deterministic scalar 11.365 ms/step | vs Fast 1.39x | vs Pedantic 1.29x
[d256 F16] B=16 T=128: deterministic+TC 8.665 ms/step | vs Fast 1.06x | vs Pedantic 0.98x | vs scalar 0.76x
[d256 F16] B=16 T=128: deterministic+TC streamk 8.649 ms/step | vs Fast 1.06x | vs Pedantic 0.98x | vs TC tiled 1.00x
[130m-ish d768 F32] B=8 T=256: cuBLAS-Fast 24.442 ms/step | cuBLAS-Pedantic 27.962 ms/step | deterministic scalar 32.165 ms/step | vs Fast 1.32x | vs Pedantic 1.15x
[130m-ish d768 F32] B=8 T=256: deterministic TF32 26.950 ms/step | vs Fast 1.10x | vs Pedantic 0.96x | vs scalar 0.84x
[130m-ish d768 Bf16] B=8 T=256: cuBLAS-Fast 20.149 ms/step | cuBLAS-Pedantic 26.756 ms/step | deterministic scalar 30.629 ms/step | vs Fast 1.52x | vs Pedantic 1.14x
[130m-ish d768 Bf16] B=8 T=256: deterministic+TC 20.437 ms/step | vs Fast 1.01x | vs Pedantic 0.76x | vs scalar 0.67x
[130m-ish d768 Bf16] B=8 T=256: deterministic+TC streamk 20.536 ms/step | vs Fast 1.02x | vs Pedantic 0.77x | vs TC tiled 1.00x
[130m-ish d768 F16] B=8 T=256: cuBLAS-Fast 20.433 ms/step | cuBLAS-Pedantic 24.639 ms/step | deterministic scalar 30.815 ms/step | vs Fast 1.51x | vs Pedantic 1.25x
[130m-ish d768 F16] B=8 T=256: deterministic+TC 20.908 ms/step | vs Fast 1.02x | vs Pedantic 0.85x | vs scalar 0.68x
[130m-ish d768 F16] B=8 T=256: deterministic+TC streamk 20.891 ms/step | vs Fast 1.02x | vs Pedantic 0.85x | vs TC tiled 1.00x
[770m-ish d1536 F32] B=4 T=256: cuBLAS-Fast 14.967 ms/step | cuBLAS-Pedantic 18.574 ms/step | deterministic scalar 22.739 ms/step | vs Fast 1.52x | vs Pedantic 1.22x
[770m-ish d1536 F32] B=4 T=256: deterministic TF32 22.781 ms/step | vs Fast 1.52x | vs Pedantic 1.23x | vs scalar 1.00x
[770m-ish d1536 Bf16] B=4 T=256: cuBLAS-Fast 12.344 ms/step | cuBLAS-Pedantic 18.070 ms/step | deterministic scalar 22.805 ms/step | vs Fast 1.85x | vs Pedantic 1.26x
[770m-ish d1536 Bf16] B=4 T=256: deterministic+TC 12.918 ms/step | vs Fast 1.05x | vs Pedantic 0.71x | vs scalar 0.57x
[770m-ish d1536 Bf16] B=4 T=256: deterministic+TC streamk 12.921 ms/step | vs Fast 1.05x | vs Pedantic 0.72x | vs TC tiled 1.00x
[770m-ish d1536 F16] B=4 T=256: cuBLAS-Fast 12.721 ms/step | cuBLAS-Pedantic 16.347 ms/step | deterministic scalar 23.125 ms/step | vs Fast 1.82x | vs Pedantic 1.41x
[770m-ish d1536 F16] B=4 T=256: deterministic+TC 13.276 ms/step | vs Fast 1.04x | vs Pedantic 0.81x | vs scalar 0.57x
[770m-ish d1536 F16] B=4 T=256: deterministic+TC streamk 13.243 ms/step | vs Fast 1.04x | vs Pedantic 0.81x | vs TC tiled 1.00x
