   Compiling mamba-rs v0.6.9 (/root/mamba-d128-assembly.mD8m3k)
warning: constant `OWNER_SHA256` is never used
 --> src/mamba_ssm/gpu/gemm_bi_triad/sm89_exact_f32_d128_source.rs:6:11
  |
6 | pub const OWNER_SHA256: &str = "c684cfcc1165af0ad5cdc2e9e0e1c5c4d7d2986d4...
  |           ^^^^^^^^^^^^
  |
  = note: `#[warn(dead_code)]` (part of `#[warn(unused)]`) on by default

warning: function `export_inventory` is never used
   --> src/mamba_ssm/gpu/gemm_bi_triad/sm89_exact_f32_d128_source.rs:191:8
    |
191 | pub fn export_inventory(source: &str) -> Result<Vec<&str>, String> {
    |        ^^^^^^^^^^^^^^^^

warning: function `source_unit` is never used
   --> src/mamba_ssm/gpu/gemm_bi_triad/sm89_exact_f32_d128_source.rs:217:8
    |
217 | pub fn source_unit<'a>(source: &'a str, symbol: &str) -> Option<&'a str> {
    |        ^^^^^^^^^^^

warning: function `validate_source_text` is never used
   --> src/mamba_ssm/gpu/gemm_bi_triad/sm89_exact_f32_d128_source.rs:236:8
    |
236 | pub fn validate_source_text(source: &str) -> Result<(), String> {
    |        ^^^^^^^^^^^^^^^^^^^^

warning: function `validate_source` is never used
   --> src/mamba_ssm/gpu/gemm_bi_triad/sm89_exact_f32_d128_source.rs:278:8
    |
278 | pub fn validate_source() -> Result<(), String> {
    |        ^^^^^^^^^^^^^^^

warning: `mamba-rs` (lib) generated 5 warnings
    Finished `release` profile [optimized] target(s) in 39.39s
  Executable tests/gemm_bi_sm89_exact_f32_d128_module_qualification.rs (/root/target-ada-finalist-aldmatrix-cuda132-20260910/release/deps/gemm_bi_sm89_exact_f32_d128_module_qualification-beb4433fd3dde5bd)
