   Compiling mamba-rs v0.6.9 (/root/mamba-ada-exact-toolkit-auto-20260907)
    Finished `release` profile [optimized] target(s) in 0.52s
     Running tests/gemm_bi_fixed_tf32_w4_discovery.rs (/root/target-ada-exact-toolkit-auto-final2-cuda132-20260907/release/deps/gemm_bi_fixed_tf32_w4_discovery-010bd96e78b7edd9)

running 4 tests
test asymmetric_b_layout_and_copy_slices_cover_n96_and_n128 ... 
thread 'asymmetric_b_layout_and_copy_slices_cover_n96_and_n128' (2612512) panicked at tests/gemm_bi_fixed_tf32_w4_discovery.rs:84:17:
B layout alias for N96 at k=0 column=1
note: run with `RUST_BACKTRACE=1` environment variable to display a backtrace
FAILED
test bk16_a_mask3_layout_and_four_copy_slices_are_bijective ... 
thread 'bk16_a_mask3_layout_and_four_copy_slices_are_bijective' (2612513) panicked at tests/gemm_bi_fixed_tf32_w4_discovery.rs:51:13:
A layout alias at row=0 k=1
FAILED
test five_stage_ring_reads_each_tile_before_reusing_its_slot ... 
thread 'five_stage_ring_reads_each_tile_before_reusing_its_slot' (2612514) panicked at tests/gemm_bi_fixed_tf32_w4_discovery.rs:136:5:
assertion `left == right` failed
  left: []
 right: [(0, 0, Some((4, 4))), (1, 1, Some((5, 0))), (2, 2, Some((6, 1))), (3, 3, Some((7, 2))), (4, 4, None), (5, 0, None), (6, 1, None), (7, 2, None)]
FAILED
test four_warps_own_every_output_once_for_both_widths ... 
thread 'four_warps_own_every_output_once_for_both_widths' (2612515) panicked at tests/gemm_bi_fixed_tf32_w4_discovery.rs:120:17:
assertion `left == right` failed
  left: 0
 right: 48
FAILED

failures:

failures:
    asymmetric_b_layout_and_copy_slices_cover_n96_and_n128
    bk16_a_mask3_layout_and_four_copy_slices_are_bijective
    five_stage_ring_reads_each_tile_before_reusing_its_slot
    four_warps_own_every_output_once_for_both_widths

test result: FAILED. 0 passed; 4 failed; 0 ignored; 0 measured; 0 filtered out; finished in 0.00s

error: test failed, to rerun pass `--test gemm_bi_fixed_tf32_w4_discovery`
