   Compiling mamba-rs v0.6.9 (/root/mamba-ada-exact-toolkit-auto-20260907)
warning: variable does not need to be mutable
    --> tests/gemm_bi_fixed_tf32_w4_discovery.rs:1113:9
     |
1113 |     let mut blended = GuardedF32::new(&runtime.ctx.stream, old_values.clone())?;
     |         ----^^^^^^^
     |         |
     |         help: remove this `mut`
     |
     = note: `#[warn(unused_mut)]` (part of `#[warn(unused)]`) on by default

warning: `mamba-rs` (test "gemm_bi_fixed_tf32_w4_discovery") generated 1 warning (run `cargo fix --test "gemm_bi_fixed_tf32_w4_discovery" -p mamba-rs` to apply 1 suggestion)
    Finished `release` profile [optimized] target(s) in 1.20s
     Running tests/gemm_bi_fixed_tf32_w4_discovery.rs (/root/target-ada-exact-toolkit-auto-final2-cuda132-20260907/release/deps/gemm_bi_fixed_tf32_w4_discovery-010bd96e78b7edd9)

running 10 tests
test asymmetric_b_layout_and_copy_slices_cover_n96_and_n128 ... ok
test bk16_a_mask3_layout_and_four_copy_slices_are_bijective ... ok
test bk16_slab_count_preserves_production_k32_padding ... ok
test five_stage_ring_reads_each_tile_before_reusing_its_slot ... ok
test four_warps_own_every_output_once_for_both_widths ... ok
test w4_n128_short_timing ... ignored, bounded CUDA13.2 W4 N128 timing; set MAMBA_FIXED_W4_DISCOVERY=1
test w4_n128_small_bits_and_resources ... ignored, bounded CUDA13.2 W4 N128 correctness; set MAMBA_FIXED_W4_DISCOVERY=1
test w4_n96_short_timing ... ignored, bounded CUDA13.2 W4 N96 timing; set MAMBA_FIXED_W4_DISCOVERY=1
test w4_n96_small_bits_and_resources ... ignored, bounded CUDA13.2 W4 N96 correctness; set MAMBA_FIXED_W4_DISCOVERY=1
test zero_reduction_does_not_require_operand_pointers ... ok

test result: ok. 6 passed; 0 failed; 4 ignored; 0 measured; 0 filtered out; finished in 0.00s

