   Compiling proc-macro2 v1.0.106
   Compiling unicode-ident v1.0.24
   Compiling quote v1.0.46
   Compiling version_check v0.9.5
   Compiling cfg-if v1.0.4
   Compiling crossbeam-utils v0.8.22
   Compiling serde_core v1.0.228
   Compiling libc v0.2.186
   Compiling typenum v1.20.1
   Compiling crossbeam-epoch v0.9.20
   Compiling bitflags v2.13.1
   Compiling autocfg v1.5.1
   Compiling rustix v1.1.4
   Compiling getrandom v0.4.3
   Compiling zmij v1.0.23
   Compiling crossbeam-deque v0.8.7
   Compiling paste v1.0.15
   Compiling serde_json v1.0.150
   Compiling zerocopy v0.8.54
   Compiling linux-raw-sys v0.12.1
   Compiling rayon-core v1.13.0
   Compiling serde v1.0.228
   Compiling libm v0.2.16
   Compiling equivalent v1.0.2
   Compiling cudarc v0.19.9
   Compiling itoa v1.0.18
   Compiling memchr v2.8.3
   Compiling foldhash v0.2.0
   Compiling allocator-api2 v0.2.21
   Compiling once_cell v1.21.4
   Compiling fastrand v2.4.1
   Compiling reborrow v0.5.5
   Compiling either v1.16.0
   Compiling pulp-wasm-simd-flag v0.1.1
   Compiling cpufeatures v0.2.17
   Compiling libloading v0.9.0
   Compiling raw-cpuid v11.6.0
   Compiling generic-array v0.14.7
   Compiling pulp v0.22.3
   Compiling num-traits v0.2.19
   Compiling syn v2.0.119
   Compiling block-buffer v0.10.4
   Compiling crypto-common v0.1.7
   Compiling digest v0.10.7
   Compiling sha2 v0.10.9
   Compiling rayon v1.12.0
   Compiling tempfile v3.27.0
   Compiling hashbrown v0.16.1
   Compiling bytemuck_derive v1.11.0
   Compiling zerocopy-derive v0.8.54
   Compiling serde_derive v1.0.228
   Compiling bytemuck v1.25.1
   Compiling num-complex v0.4.6
   Compiling safetensors v0.8.0
   Compiling half v2.7.1
   Compiling mamba-rs v0.6.9 (/root/mamba-ada-f32-tf32-toolkit-20260907)
warning: unused imports: `NUMERIC_ABI_REVISION` and `SCHEDULE_REVISION`
  --> tests/gemm_bi_fixed_performance.rs:31:17
   |
31 |     ModuleKind, NUMERIC_ABI_REVISION, ResolvedGemmOp, SCHEDULE_REVISION, TUNING_TABLE_REVISION,
   |                 ^^^^^^^^^^^^^^^^^^^^                  ^^^^^^^^^^^^^^^^^
   |
   = note: `#[warn(unused_imports)]` (part of `#[warn(unused)]`) on by default

warning: `mamba-rs` (test "gemm_bi_fixed_performance") generated 1 warning (run `cargo fix --test "gemm_bi_fixed_performance" -p mamba-rs` to apply 1 suggestion)
    Finished `release` profile [optimized] target(s) in 1m 00s
     Running tests/gemm_bi_fixed_performance.rs (/root/target-ada-f32-tf32-toolkit-final5b-cuda128-20260907/release/deps/gemm_bi_fixed_performance-adf126b1f35855e0)

running 12 tests
test toolkit_admission::tests::immutable_gate_rejects_changed_a_b_or_bias_and_order_proof_is_directional ... ok
test toolkit_admission::tests::launch_contract_rejects_every_physical_field ... ok
test toolkit_admission::tests::literal_inventory_is_exact_for_smoke_and_screen_and_subset_only_for_confirm ... ok
test toolkit_admission::tests::mirrored_schedule_reverses_comparison_traversal_and_four_positions ... ok
test toolkit_admission::tests::prelaunch_gate_rejects_revisions_and_artifact_before_first_launch ... ok
test toolkit_admission::tests::raw_closure_recomputes_pairs_and_summaries_and_rejects_forgery ... ok
test toolkit_admission::tests::raw_ratio_is_sum_b_over_sum_a_and_rejects_wrong_or_invalid_records ... ok
test toolkit_admission::tests::real_loss_or_mixed_p95_is_valid_evidence_but_not_admission ... ok
test toolkit_admission::tests::strict_controls_bind_family_stage_toolkit_source_binary_and_literals ... ok
test toolkit_admission::tests::strict_controls_reject_missing_malformed_stale_or_cartesian_inputs ... ok
test toolkit_admission::tests::tf32_actual_auto_contract_is_rna_wide_not_old_m128s2 ... ok
test toolkit_admission::tests::timing_boundary_rejects_a_b_bias_before_a_restoring_replay ... ok

test result: ok. 12 passed; 0 failed; 0 ignored; 0 measured; 118 filtered out; finished in 0.00s

