DEVICE ordinal 0 (the old tree exposes no identity accessor)
CONTEXT family=triad dtype=f32 arm=det batch_invariant=true family=Triad tensor_cores=false fast_gemm=false tf32=true
CONTEXT family=triad dtype=f32 arm=fast batch_invariant=false family=Triad tensor_cores=false fast_gemm=true tf32=true
CONTEXT family=triad dtype=f32 arm=pedantic batch_invariant=false family=Triad tensor_cores=false fast_gemm=false tf32=false
CHECK family=triad cell=d128_in_proj op=nn dtype=f32 arm=det rel_l2_vs_pedantic=2.159e-7
CHECK family=triad cell=d128_in_proj op=nn dtype=f32 arm=fast rel_l2_vs_pedantic=2.797e-4
CHECK family=triad cell=d128_in_proj op=nn dtype=f32 arm=pedantic rel_l2_vs_pedantic=0.000e0
TIMING family=triad cell=d128_in_proj op=nn dtype=f32 m=1024 k=128 n=512 arm=det iters=239 windows=21 p05_us=16.448 p50_us=16.457 p95_us=16.474
TIMING family=triad cell=d128_in_proj op=nn dtype=f32 m=1024 k=128 n=512 arm=fast iters=638 windows=21 p05_us=5.646 p50_us=5.666 p95_us=5.672
TIMING family=triad cell=d128_in_proj op=nn dtype=f32 m=1024 k=128 n=512 arm=pedantic iters=382 windows=21 p05_us=9.942 p50_us=9.945 p95_us=9.950
CHECK family=triad cell=d128_in_proj op=tn dtype=f32 arm=det rel_l2_vs_pedantic=1.701e-7
CHECK family=triad cell=d128_in_proj op=tn dtype=f32 arm=fast rel_l2_vs_pedantic=2.823e-4
CHECK family=triad cell=d128_in_proj op=tn dtype=f32 arm=pedantic rel_l2_vs_pedantic=0.000e0
TIMING family=triad cell=d128_in_proj op=tn dtype=f32 m=1024 k=128 n=512 arm=det iters=38 windows=21 p05_us=105.472 p50_us=105.580 p95_us=105.715
TIMING family=triad cell=d128_in_proj op=tn dtype=f32 m=1024 k=128 n=512 arm=fast iters=381 windows=21 p05_us=9.909 p50_us=9.915 p95_us=9.928
TIMING family=triad cell=d128_in_proj op=tn dtype=f32 m=1024 k=128 n=512 arm=pedantic iters=303 windows=21 p05_us=12.676 p50_us=12.679 p95_us=12.696
CHECK family=triad cell=d128_in_proj op=nt dtype=f32 arm=det rel_l2_vs_pedantic=2.397e-7
CHECK family=triad cell=d128_in_proj op=nt dtype=f32 arm=fast rel_l2_vs_pedantic=2.953e-4
CHECK family=triad cell=d128_in_proj op=nt dtype=f32 arm=pedantic rel_l2_vs_pedantic=0.000e0
TIMING family=triad cell=d128_in_proj op=nt dtype=f32 m=1024 k=128 n=512 arm=det iters=221 windows=21 p05_us=17.857 p50_us=17.877 p95_us=17.899
TIMING family=triad cell=d128_in_proj op=nt dtype=f32 m=1024 k=128 n=512 arm=fast iters=406 windows=21 p05_us=9.307 p50_us=9.317 p95_us=9.322
TIMING family=triad cell=d128_in_proj op=nt dtype=f32 m=1024 k=128 n=512 arm=pedantic iters=279 windows=21 p05_us=13.760 p50_us=13.767 p95_us=13.774
CHECK family=triad cell=d128_out_proj op=nn dtype=f32 arm=det rel_l2_vs_pedantic=1.849e-7
CHECK family=triad cell=d128_out_proj op=nn dtype=f32 arm=fast rel_l2_vs_pedantic=2.807e-4
CHECK family=triad cell=d128_out_proj op=nn dtype=f32 arm=pedantic rel_l2_vs_pedantic=0.000e0
TIMING family=triad cell=d128_out_proj op=nn dtype=f32 m=1024 k=256 n=128 arm=det iters=368 windows=21 p05_us=10.660 p50_us=10.671 p95_us=10.688
TIMING family=triad cell=d128_out_proj op=nn dtype=f32 m=1024 k=256 n=128 arm=fast iters=540 windows=21 p05_us=6.743 p50_us=6.745 p95_us=6.749
TIMING family=triad cell=d128_out_proj op=nn dtype=f32 m=1024 k=256 n=128 arm=pedantic iters=441 windows=21 p05_us=8.598 p50_us=8.605 p95_us=8.612
CHECK family=triad cell=d128_out_proj op=tn dtype=f32 arm=det rel_l2_vs_pedantic=1.945e-7
CHECK family=triad cell=d128_out_proj op=tn dtype=f32 arm=fast rel_l2_vs_pedantic=2.782e-4
CHECK family=triad cell=d128_out_proj op=tn dtype=f32 arm=pedantic rel_l2_vs_pedantic=0.000e0
TIMING family=triad cell=d128_out_proj op=tn dtype=f32 m=1024 k=256 n=128 arm=det iters=74 windows=21 p05_us=54.102 p50_us=54.189 p95_us=54.314
TIMING family=triad cell=d128_out_proj op=tn dtype=f32 m=1024 k=256 n=128 arm=fast iters=386 windows=21 p05_us=9.683 p50_us=9.691 p95_us=9.699
TIMING family=triad cell=d128_out_proj op=tn dtype=f32 m=1024 k=256 n=128 arm=pedantic iters=359 windows=21 p05_us=10.440 p50_us=10.454 p95_us=10.474
CHECK family=triad cell=d128_out_proj op=nt dtype=f32 arm=det rel_l2_vs_pedantic=1.495e-7
CHECK family=triad cell=d128_out_proj op=nt dtype=f32 arm=fast rel_l2_vs_pedantic=2.974e-4
CHECK family=triad cell=d128_out_proj op=nt dtype=f32 arm=pedantic rel_l2_vs_pedantic=0.000e0
TIMING family=triad cell=d128_out_proj op=nt dtype=f32 m=1024 k=256 n=128 arm=det iters=298 windows=21 p05_us=13.247 p50_us=13.260 p95_us=13.271
TIMING family=triad cell=d128_out_proj op=nt dtype=f32 m=1024 k=256 n=128 arm=fast iters=727 windows=21 p05_us=5.013 p50_us=5.020 p95_us=5.061
TIMING family=triad cell=d128_out_proj op=nt dtype=f32 m=1024 k=256 n=128 arm=pedantic iters=466 windows=21 p05_us=8.100 p50_us=8.104 p95_us=8.108
CHECK family=triad cell=underfill op=nn dtype=f32 arm=det rel_l2_vs_pedantic=1.935e-7
CHECK family=triad cell=underfill op=nn dtype=f32 arm=fast rel_l2_vs_pedantic=2.802e-4
CHECK family=triad cell=underfill op=nn dtype=f32 arm=pedantic rel_l2_vs_pedantic=0.000e0
TIMING family=triad cell=underfill op=nn dtype=f32 m=256 k=512 n=384 arm=det iters=300 windows=21 p05_us=13.058 p50_us=13.066 p95_us=13.073
TIMING family=triad cell=underfill op=nn dtype=f32 m=256 k=512 n=384 arm=fast iters=377 windows=21 p05_us=10.009 p50_us=10.015 p95_us=10.020
TIMING family=triad cell=underfill op=nn dtype=f32 m=256 k=512 n=384 arm=pedantic iters=313 windows=21 p05_us=12.190 p50_us=12.200 p95_us=12.229
CHECK family=triad cell=underfill op=tn dtype=f32 arm=det rel_l2_vs_pedantic=1.649e-7
CHECK family=triad cell=underfill op=tn dtype=f32 arm=fast rel_l2_vs_pedantic=2.810e-4
CHECK family=triad cell=underfill op=tn dtype=f32 arm=pedantic rel_l2_vs_pedantic=0.000e0
TIMING family=triad cell=underfill op=tn dtype=f32 m=256 k=512 n=384 arm=det iters=48 windows=21 p05_us=83.473 p50_us=83.669 p95_us=83.733
TIMING family=triad cell=underfill op=tn dtype=f32 m=256 k=512 n=384 arm=fast iters=481 windows=21 p05_us=7.819 p50_us=7.830 p95_us=7.834
TIMING family=triad cell=underfill op=tn dtype=f32 m=256 k=512 n=384 arm=pedantic iters=399 windows=21 p05_us=9.539 p50_us=9.549 p95_us=9.552
CHECK family=triad cell=underfill op=nt dtype=f32 arm=det rel_l2_vs_pedantic=1.763e-7
CHECK family=triad cell=underfill op=nt dtype=f32 arm=fast rel_l2_vs_pedantic=2.956e-4
CHECK family=triad cell=underfill op=nt dtype=f32 arm=pedantic rel_l2_vs_pedantic=0.000e0
TIMING family=triad cell=underfill op=nt dtype=f32 m=256 k=512 n=384 arm=det iters=246 windows=21 p05_us=15.989 p50_us=16.001 p95_us=16.014
TIMING family=triad cell=underfill op=nt dtype=f32 m=256 k=512 n=384 arm=fast iters=466 windows=21 p05_us=7.994 p50_us=7.999 p95_us=8.005
TIMING family=triad cell=underfill op=nt dtype=f32 m=256 k=512 n=384 arm=pedantic iters=329 windows=21 p05_us=11.679 p50_us=11.687 p95_us=11.715
CHECK family=triad cell=d768_in_proj op=nn dtype=f32 arm=det rel_l2_vs_pedantic=5.101e-7
CHECK family=triad cell=d768_in_proj op=nn dtype=f32 arm=fast rel_l2_vs_pedantic=2.805e-4
CHECK family=triad cell=d768_in_proj op=nn dtype=f32 arm=pedantic rel_l2_vs_pedantic=0.000e0
TIMING family=triad cell=d768_in_proj op=nn dtype=f32 m=2048 k=768 n=3072 arm=det iters=13 windows=21 p05_us=335.695 p50_us=350.050 p95_us=353.044
TIMING family=triad cell=d768_in_proj op=nn dtype=f32 m=2048 k=768 n=3072 arm=fast iters=39 windows=21 p05_us=103.450 p50_us=112.291 p95_us=113.244
TIMING family=triad cell=d768_in_proj op=nn dtype=f32 m=2048 k=768 n=3072 arm=pedantic iters=14 windows=21 p05_us=294.839 p50_us=328.245 p95_us=331.175
CHECK family=triad cell=d768_in_proj op=tn dtype=f32 arm=det rel_l2_vs_pedantic=5.919e-7
CHECK family=triad cell=d768_in_proj op=tn dtype=f32 arm=fast rel_l2_vs_pedantic=2.804e-4
CHECK family=triad cell=d768_in_proj op=tn dtype=f32 arm=pedantic rel_l2_vs_pedantic=0.000e0
TIMING family=triad cell=d768_in_proj op=tn dtype=f32 m=2048 k=768 n=3072 arm=det iters=8 windows=21 p05_us=527.356 p50_us=531.328 p95_us=533.504
TIMING family=triad cell=d768_in_proj op=tn dtype=f32 m=2048 k=768 n=3072 arm=fast iters=30 windows=21 p05_us=133.081 p50_us=133.154 p95_us=133.427
TIMING family=triad cell=d768_in_proj op=tn dtype=f32 m=2048 k=768 n=3072 arm=pedantic iters=15 windows=21 p05_us=266.991 p50_us=268.151 p95_us=268.356
CHECK family=triad cell=d768_in_proj op=nt dtype=f32 arm=det rel_l2_vs_pedantic=1.037e-6
CHECK family=triad cell=d768_in_proj op=nt dtype=f32 arm=fast rel_l2_vs_pedantic=2.952e-4
CHECK family=triad cell=d768_in_proj op=nt dtype=f32 arm=pedantic rel_l2_vs_pedantic=0.000e0
TIMING family=triad cell=d768_in_proj op=nt dtype=f32 m=2048 k=768 n=3072 arm=det iters=8 windows=21 p05_us=823.280 p50_us=826.496 p95_us=938.624
TIMING family=triad cell=d768_in_proj op=nt dtype=f32 m=2048 k=768 n=3072 arm=fast iters=34 windows=21 p05_us=117.128 p50_us=120.043 p95_us=135.860
TIMING family=triad cell=d768_in_proj op=nt dtype=f32 m=2048 k=768 n=3072 arm=pedantic iters=13 windows=21 p05_us=313.834 p50_us=320.571 p95_us=333.418
CHECK family=triad cell=d768_out_proj op=nn dtype=f32 arm=det rel_l2_vs_pedantic=7.360e-7
CHECK family=triad cell=d768_out_proj op=nn dtype=f32 arm=fast rel_l2_vs_pedantic=2.801e-4
CHECK family=triad cell=d768_out_proj op=nn dtype=f32 arm=pedantic rel_l2_vs_pedantic=0.000e0
TIMING family=triad cell=d768_out_proj op=nn dtype=f32 m=2048 k=1536 n=768 arm=det iters=18 windows=21 p05_us=218.555 p50_us=233.188 p95_us=241.426
TIMING family=triad cell=d768_out_proj op=nn dtype=f32 m=2048 k=1536 n=768 arm=fast iters=63 windows=21 p05_us=62.949 p50_us=67.356 p95_us=69.482
TIMING family=triad cell=d768_out_proj op=nn dtype=f32 m=2048 k=1536 n=768 arm=pedantic iters=27 windows=21 p05_us=149.125 p50_us=154.503 p95_us=158.644
CHECK family=triad cell=d768_out_proj op=tn dtype=f32 arm=det rel_l2_vs_pedantic=4.510e-7
CHECK family=triad cell=d768_out_proj op=tn dtype=f32 arm=fast rel_l2_vs_pedantic=2.801e-4
CHECK family=triad cell=d768_out_proj op=tn dtype=f32 arm=pedantic rel_l2_vs_pedantic=0.000e0
TIMING family=triad cell=d768_out_proj op=tn dtype=f32 m=2048 k=1536 n=768 arm=det iters=13 windows=21 p05_us=302.395 p50_us=303.813 p95_us=305.231
TIMING family=triad cell=d768_out_proj op=tn dtype=f32 m=2048 k=1536 n=768 arm=fast iters=48 windows=21 p05_us=82.261 p50_us=82.300 p95_us=82.325
TIMING family=triad cell=d768_out_proj op=tn dtype=f32 m=2048 k=1536 n=768 arm=pedantic iters=29 windows=21 p05_us=137.675 p50_us=138.442 p95_us=138.911
CHECK family=triad cell=d768_out_proj op=nt dtype=f32 arm=det rel_l2_vs_pedantic=4.733e-7
CHECK family=triad cell=d768_out_proj op=nt dtype=f32 arm=fast rel_l2_vs_pedantic=2.963e-4
CHECK family=triad cell=d768_out_proj op=nt dtype=f32 arm=pedantic rel_l2_vs_pedantic=0.000e0
TIMING family=triad cell=d768_out_proj op=nt dtype=f32 m=2048 k=1536 n=768 arm=det iters=11 windows=21 p05_us=364.073 p50_us=364.916 p95_us=408.105
TIMING family=triad cell=d768_out_proj op=nt dtype=f32 m=2048 k=1536 n=768 arm=fast iters=59 windows=21 p05_us=66.751 p50_us=68.313 p95_us=75.481
TIMING family=triad cell=d768_out_proj op=nt dtype=f32 m=2048 k=1536 n=768 arm=pedantic iters=24 windows=21 p05_us=163.251 p50_us=165.803 p95_us=170.880
CHECK family=triad cell=large_deep op=nn dtype=f32 arm=det rel_l2_vs_pedantic=1.036e-6
CHECK family=triad cell=large_deep op=nn dtype=f32 arm=fast rel_l2_vs_pedantic=2.798e-4
CHECK family=triad cell=large_deep op=nn dtype=f32 arm=pedantic rel_l2_vs_pedantic=0.000e0
TIMING family=triad cell=large_deep op=nn dtype=f32 m=4096 k=3072 n=1536 arm=det iters=8 windows=21 p05_us=1467.264 p50_us=1473.536 p95_us=1486.080
TIMING family=triad cell=large_deep op=nn dtype=f32 m=4096 k=3072 n=1536 arm=fast iters=11 windows=21 p05_us=450.839 p50_us=455.587 p95_us=455.866
TIMING family=triad cell=large_deep op=nn dtype=f32 m=4096 k=3072 n=1536 arm=pedantic iters=8 windows=21 p05_us=1150.080 p50_us=1162.208 p95_us=1163.136
CHECK family=triad cell=large_deep op=tn dtype=f32 arm=det rel_l2_vs_pedantic=1.200e-6
CHECK family=triad cell=large_deep op=tn dtype=f32 arm=fast rel_l2_vs_pedantic=2.796e-4
CHECK family=triad cell=large_deep op=tn dtype=f32 arm=pedantic rel_l2_vs_pedantic=0.000e0
TIMING family=triad cell=large_deep op=tn dtype=f32 m=4096 k=3072 n=1536 arm=det iters=8 windows=21 p05_us=1457.136 p50_us=1505.920 p95_us=1562.348
TIMING family=triad cell=large_deep op=tn dtype=f32 m=4096 k=3072 n=1536 arm=fast iters=8 windows=21 p05_us=500.096 p50_us=509.944 p95_us=536.064
TIMING family=triad cell=large_deep op=tn dtype=f32 m=4096 k=3072 n=1536 arm=pedantic iters=8 windows=21 p05_us=979.048 p50_us=999.296 p95_us=1016.548
CHECK family=triad cell=large_deep op=nt dtype=f32 arm=det rel_l2_vs_pedantic=0.000e0
CHECK family=triad cell=large_deep op=nt dtype=f32 arm=fast rel_l2_vs_pedantic=2.959e-4
CHECK family=triad cell=large_deep op=nt dtype=f32 arm=pedantic rel_l2_vs_pedantic=0.000e0
TIMING family=triad cell=large_deep op=nt dtype=f32 m=4096 k=3072 n=1536 arm=det iters=8 windows=21 p05_us=2592.000 p50_us=3036.412 p95_us=3385.724
TIMING family=triad cell=large_deep op=nt dtype=f32 m=4096 k=3072 n=1536 arm=fast iters=11 windows=21 p05_us=368.640 p50_us=396.195 p95_us=499.898
TIMING family=triad cell=large_deep op=nt dtype=f32 m=4096 k=3072 n=1536 arm=pedantic iters=8 windows=21 p05_us=1144.704 p50_us=1164.160 p95_us=1257.856
CHECK family=triad cell=prism_in_proj op=nn dtype=f32 arm=det rel_l2_vs_pedantic=0.000e0
CHECK family=triad cell=prism_in_proj op=nn dtype=f32 arm=fast rel_l2_vs_pedantic=2.808e-4
CHECK family=triad cell=prism_in_proj op=nn dtype=f32 arm=pedantic rel_l2_vs_pedantic=0.000e0
TIMING family=triad cell=prism_in_proj op=nn dtype=f32 m=4621 k=384 n=1928 arm=det iters=15 windows=21 p05_us=300.988 p50_us=315.665 p95_us=334.234
TIMING family=triad cell=prism_in_proj op=nn dtype=f32 m=4621 k=384 n=1928 arm=fast iters=39 windows=21 p05_us=103.155 p50_us=122.216 p95_us=125.741
TIMING family=triad cell=prism_in_proj op=nn dtype=f32 m=4621 k=384 n=1928 arm=pedantic iters=18 windows=21 p05_us=224.437 p50_us=249.515 p95_us=253.838
CHECK family=triad cell=prism_in_proj op=tn dtype=f32 arm=det rel_l2_vs_pedantic=5.555e-7
CHECK family=triad cell=prism_in_proj op=tn dtype=f32 arm=fast rel_l2_vs_pedantic=2.795e-4
CHECK family=triad cell=prism_in_proj op=tn dtype=f32 arm=pedantic rel_l2_vs_pedantic=0.000e0
TIMING family=triad cell=prism_in_proj op=tn dtype=f32 m=4621 k=384 n=1928 arm=det iters=10 windows=21 p05_us=384.419 p50_us=404.275 p95_us=427.520
TIMING family=triad cell=prism_in_proj op=tn dtype=f32 m=4621 k=384 n=1928 arm=fast iters=40 windows=21 p05_us=99.884 p50_us=108.489 p95_us=112.614
TIMING family=triad cell=prism_in_proj op=tn dtype=f32 m=4621 k=384 n=1928 arm=pedantic iters=21 windows=21 p05_us=193.042 p50_us=208.500 p95_us=215.279
CHECK family=triad cell=prism_in_proj op=nt dtype=f32 arm=det rel_l2_vs_pedantic=7.505e-7
CHECK family=triad cell=prism_in_proj op=nt dtype=f32 arm=fast rel_l2_vs_pedantic=2.958e-4
CHECK family=triad cell=prism_in_proj op=nt dtype=f32 arm=pedantic rel_l2_vs_pedantic=0.000e0
TIMING family=triad cell=prism_in_proj op=nt dtype=f32 m=4621 k=384 n=1928 arm=det iters=8 windows=21 p05_us=470.528 p50_us=499.568 p95_us=537.460
TIMING family=triad cell=prism_in_proj op=nt dtype=f32 m=4621 k=384 n=1928 arm=fast iters=51 windows=21 p05_us=77.501 p50_us=81.334 p95_us=87.318
TIMING family=triad cell=prism_in_proj op=nt dtype=f32 m=4621 k=384 n=1928 arm=pedantic iters=16 windows=21 p05_us=256.256 p50_us=267.072 p95_us=278.016
CONTEXT family=triad dtype=bf16 arm=det batch_invariant=true family=Triad tensor_cores=true fast_gemm=false tf32=true
CONTEXT family=triad dtype=bf16 arm=fast batch_invariant=false family=Triad tensor_cores=false fast_gemm=true tf32=true
CONTEXT family=triad dtype=bf16 arm=pedantic batch_invariant=false family=Triad tensor_cores=false fast_gemm=false tf32=false
CHECK family=triad cell=d128_in_proj op=nn dtype=bf16 arm=det rel_l2_vs_pedantic=3.047e-5
CHECK family=triad cell=d128_in_proj op=nn dtype=bf16 arm=fast rel_l2_vs_pedantic=3.047e-5
CHECK family=triad cell=d128_in_proj op=nn dtype=bf16 arm=pedantic rel_l2_vs_pedantic=0.000e0
TIMING family=triad cell=d128_in_proj op=nn dtype=bf16 m=1024 k=128 n=512 arm=det iters=512 windows=21 p05_us=7.384 p50_us=7.390 p95_us=7.396
TIMING family=triad cell=d128_in_proj op=nn dtype=bf16 m=1024 k=128 n=512 arm=fast iters=729 windows=21 p05_us=4.812 p50_us=4.815 p95_us=4.905
TIMING family=triad cell=d128_in_proj op=nn dtype=bf16 m=1024 k=128 n=512 arm=pedantic iters=372 windows=21 p05_us=10.369 p50_us=10.408 p95_us=10.418
CHECK family=triad cell=d128_in_proj op=tn dtype=bf16 arm=det rel_l2_vs_pedantic=8.773e-7
CHECK family=triad cell=d128_in_proj op=tn dtype=bf16 arm=fast rel_l2_vs_pedantic=2.331e-7
CHECK family=triad cell=d128_in_proj op=tn dtype=bf16 arm=pedantic rel_l2_vs_pedantic=0.000e0
TIMING family=triad cell=d128_in_proj op=tn dtype=bf16 m=1024 k=128 n=512 arm=det iters=217 windows=21 p05_us=18.172 p50_us=18.172 p95_us=18.177
TIMING family=triad cell=d128_in_proj op=tn dtype=bf16 m=1024 k=128 n=512 arm=fast iters=473 windows=21 p05_us=7.843 p50_us=7.849 p95_us=7.872
TIMING family=triad cell=d128_in_proj op=tn dtype=bf16 m=1024 k=128 n=512 arm=pedantic iters=79 windows=21 p05_us=50.461 p50_us=50.474 p95_us=50.487
CHECK family=triad cell=d128_in_proj op=nt dtype=bf16 arm=det rel_l2_vs_pedantic=4.170e-5
CHECK family=triad cell=d128_in_proj op=nt dtype=bf16 arm=fast rel_l2_vs_pedantic=4.170e-5
CHECK family=triad cell=d128_in_proj op=nt dtype=bf16 arm=pedantic rel_l2_vs_pedantic=0.000e0
TIMING family=triad cell=d128_in_proj op=nt dtype=bf16 m=1024 k=128 n=512 arm=det iters=421 windows=21 p05_us=9.311 p50_us=9.313 p95_us=9.321
TIMING family=triad cell=d128_in_proj op=nt dtype=bf16 m=1024 k=128 n=512 arm=fast iters=488 windows=21 p05_us=7.628 p50_us=7.634 p95_us=7.638
TIMING family=triad cell=d128_in_proj op=nt dtype=bf16 m=1024 k=128 n=512 arm=pedantic iters=112 windows=21 p05_us=35.072 p50_us=35.081 p95_us=35.088
CHECK family=triad cell=d128_out_proj op=nn dtype=bf16 arm=det rel_l2_vs_pedantic=2.699e-5
CHECK family=triad cell=d128_out_proj op=nn dtype=bf16 arm=fast rel_l2_vs_pedantic=2.699e-5
CHECK family=triad cell=d128_out_proj op=nn dtype=bf16 arm=pedantic rel_l2_vs_pedantic=0.000e0
TIMING family=triad cell=d128_out_proj op=nn dtype=bf16 m=1024 k=256 n=128 arm=det iters=590 windows=21 p05_us=6.578 p50_us=6.578 p95_us=6.580
TIMING family=triad cell=d128_out_proj op=nn dtype=bf16 m=1024 k=256 n=128 arm=fast iters=665 windows=21 p05_us=5.437 p50_us=5.443 p95_us=5.456
TIMING family=triad cell=d128_out_proj op=nn dtype=bf16 m=1024 k=256 n=128 arm=pedantic iters=265 windows=21 p05_us=14.634 p50_us=14.637 p95_us=14.640
CHECK family=triad cell=d128_out_proj op=tn dtype=bf16 arm=det rel_l2_vs_pedantic=8.822e-7
CHECK family=triad cell=d128_out_proj op=tn dtype=bf16 arm=fast rel_l2_vs_pedantic=2.346e-7
CHECK family=triad cell=d128_out_proj op=tn dtype=bf16 arm=pedantic rel_l2_vs_pedantic=0.000e0
TIMING family=triad cell=d128_out_proj op=tn dtype=bf16 m=1024 k=256 n=128 arm=det iters=218 windows=21 p05_us=18.118 p50_us=18.126 p95_us=18.131
TIMING family=triad cell=d128_out_proj op=tn dtype=bf16 m=1024 k=256 n=128 arm=fast iters=513 windows=21 p05_us=7.212 p50_us=7.216 p95_us=7.242
TIMING family=triad cell=d128_out_proj op=tn dtype=bf16 m=1024 k=256 n=128 arm=pedantic iters=79 windows=21 p05_us=50.471 p50_us=50.474 p95_us=50.487
CHECK family=triad cell=d128_out_proj op=nt dtype=bf16 arm=det rel_l2_vs_pedantic=2.745e-5
CHECK family=triad cell=d128_out_proj op=nt dtype=bf16 arm=fast rel_l2_vs_pedantic=2.745e-5
CHECK family=triad cell=d128_out_proj op=nt dtype=bf16 arm=pedantic rel_l2_vs_pedantic=0.000e0
TIMING family=triad cell=d128_out_proj op=nt dtype=bf16 m=1024 k=256 n=128 arm=det iters=727 windows=21 p05_us=5.333 p50_us=5.337 p95_us=5.345
TIMING family=triad cell=d128_out_proj op=nt dtype=bf16 m=1024 k=256 n=128 arm=fast iters=762 windows=21 p05_us=4.679 p50_us=4.682 p95_us=4.702
TIMING family=triad cell=d128_out_proj op=nt dtype=bf16 m=1024 k=256 n=128 arm=pedantic iters=326 windows=21 p05_us=11.666 p50_us=11.672 p95_us=11.679
CHECK family=triad cell=underfill op=nn dtype=bf16 arm=det rel_l2_vs_pedantic=2.344e-5
CHECK family=triad cell=underfill op=nn dtype=bf16 arm=fast rel_l2_vs_pedantic=2.641e-3
CHECK family=triad cell=underfill op=nn dtype=bf16 arm=pedantic rel_l2_vs_pedantic=0.000e0
TIMING family=triad cell=underfill op=nn dtype=bf16 m=256 k=512 n=384 arm=det iters=381 windows=21 p05_us=10.300 p50_us=10.307 p95_us=10.313
TIMING family=triad cell=underfill op=nn dtype=bf16 m=256 k=512 n=384 arm=fast iters=481 windows=21 p05_us=7.355 p50_us=7.364 p95_us=7.372
TIMING family=triad cell=underfill op=nn dtype=bf16 m=256 k=512 n=384 arm=pedantic iters=151 windows=21 p05_us=25.932 p50_us=25.946 p95_us=25.959
CHECK family=triad cell=underfill op=tn dtype=bf16 arm=det rel_l2_vs_pedantic=2.049e-7
CHECK family=triad cell=underfill op=tn dtype=bf16 arm=fast rel_l2_vs_pedantic=2.049e-7
CHECK family=triad cell=underfill op=tn dtype=bf16 arm=pedantic rel_l2_vs_pedantic=0.000e0
TIMING family=triad cell=underfill op=tn dtype=bf16 m=256 k=512 n=384 arm=det iters=442 windows=21 p05_us=8.857 p50_us=8.864 p95_us=8.870
TIMING family=triad cell=underfill op=tn dtype=bf16 m=256 k=512 n=384 arm=fast iters=661 windows=21 p05_us=5.535 p50_us=5.537 p95_us=5.544
TIMING family=triad cell=underfill op=tn dtype=bf16 m=256 k=512 n=384 arm=pedantic iters=230 windows=21 p05_us=16.984 p50_us=16.985 p95_us=16.989
CHECK family=triad cell=underfill op=nt dtype=bf16 arm=det rel_l2_vs_pedantic=3.605e-5
CHECK family=triad cell=underfill op=nt dtype=bf16 arm=fast rel_l2_vs_pedantic=3.605e-5
CHECK family=triad cell=underfill op=nt dtype=bf16 arm=pedantic rel_l2_vs_pedantic=0.000e0
TIMING family=triad cell=underfill op=nt dtype=bf16 m=256 k=512 n=384 arm=det iters=496 windows=21 p05_us=7.841 p50_us=7.843 p95_us=7.845
TIMING family=triad cell=underfill op=nt dtype=bf16 m=256 k=512 n=384 arm=fast iters=558 windows=21 p05_us=6.540 p50_us=6.550 p95_us=6.555
TIMING family=triad cell=underfill op=nt dtype=bf16 m=256 k=512 n=384 arm=pedantic iters=143 windows=21 p05_us=27.290 p50_us=27.297 p95_us=27.311
CHECK family=triad cell=d768_in_proj op=nn dtype=bf16 arm=det rel_l2_vs_pedantic=5.318e-5
CHECK family=triad cell=d768_in_proj op=nn dtype=bf16 arm=fast rel_l2_vs_pedantic=5.318e-5
CHECK family=triad cell=d768_in_proj op=nn dtype=bf16 arm=pedantic rel_l2_vs_pedantic=0.000e0
TIMING family=triad cell=d768_in_proj op=nn dtype=bf16 m=2048 k=768 n=3072 arm=det iters=44 windows=21 p05_us=90.785 p50_us=96.484 p95_us=100.276
TIMING family=triad cell=d768_in_proj op=nn dtype=bf16 m=2048 k=768 n=3072 arm=fast iters=50 windows=21 p05_us=79.400 p50_us=80.732 p95_us=83.272
TIMING family=triad cell=d768_in_proj op=nn dtype=bf16 m=2048 k=768 n=3072 arm=pedantic iters=12 windows=21 p05_us=336.469 p50_us=372.984 p95_us=394.557
CHECK family=triad cell=d768_in_proj op=tn dtype=bf16 arm=det rel_l2_vs_pedantic=1.970e-6
CHECK family=triad cell=d768_in_proj op=tn dtype=bf16 arm=fast rel_l2_vs_pedantic=9.138e-7
CHECK family=triad cell=d768_in_proj op=tn dtype=bf16 arm=pedantic rel_l2_vs_pedantic=0.000e0
TIMING family=triad cell=d768_in_proj op=tn dtype=bf16 m=2048 k=768 n=3072 arm=det iters=28 windows=21 p05_us=144.713 p50_us=145.225 p95_us=145.408
TIMING family=triad cell=d768_in_proj op=tn dtype=bf16 m=2048 k=768 n=3072 arm=fast iters=45 windows=21 p05_us=87.700 p50_us=88.155 p95_us=88.745
TIMING family=triad cell=d768_in_proj op=tn dtype=bf16 m=2048 k=768 n=3072 arm=pedantic iters=11 windows=21 p05_us=354.025 p50_us=354.304 p95_us=354.863
CHECK family=triad cell=d768_in_proj op=nt dtype=bf16 arm=det rel_l2_vs_pedantic=1.226e-4
CHECK family=triad cell=d768_in_proj op=nt dtype=bf16 arm=fast rel_l2_vs_pedantic=2.150e-3
CHECK family=triad cell=d768_in_proj op=nt dtype=bf16 arm=pedantic rel_l2_vs_pedantic=0.000e0
TIMING family=triad cell=d768_in_proj op=nt dtype=bf16 m=2048 k=768 n=3072 arm=det iters=38 windows=21 p05_us=104.098 p50_us=104.199 p95_us=104.394
TIMING family=triad cell=d768_in_proj op=nt dtype=bf16 m=2048 k=768 n=3072 arm=fast iters=50 windows=21 p05_us=78.744 p50_us=79.032 p95_us=79.196
TIMING family=triad cell=d768_in_proj op=nt dtype=bf16 m=2048 k=768 n=3072 arm=pedantic iters=11 windows=21 p05_us=358.502 p50_us=358.865 p95_us=359.052
CHECK family=triad cell=d768_out_proj op=nn dtype=bf16 arm=det rel_l2_vs_pedantic=8.136e-5
CHECK family=triad cell=d768_out_proj op=nn dtype=bf16 arm=fast rel_l2_vs_pedantic=8.136e-5
CHECK family=triad cell=d768_out_proj op=nn dtype=bf16 arm=pedantic rel_l2_vs_pedantic=0.000e0
TIMING family=triad cell=d768_out_proj op=nn dtype=bf16 m=2048 k=1536 n=768 arm=det iters=73 windows=21 p05_us=55.520 p50_us=55.548 p95_us=55.619
TIMING family=triad cell=d768_out_proj op=nn dtype=bf16 m=2048 k=1536 n=768 arm=fast iters=82 windows=21 p05_us=47.741 p50_us=47.878 p95_us=47.953
TIMING family=triad cell=d768_out_proj op=nn dtype=bf16 m=2048 k=1536 n=768 arm=pedantic iters=21 windows=21 p05_us=188.611 p50_us=188.709 p95_us=188.855
CHECK family=triad cell=d768_out_proj op=tn dtype=bf16 arm=det rel_l2_vs_pedantic=1.970e-6
CHECK family=triad cell=d768_out_proj op=tn dtype=bf16 arm=fast rel_l2_vs_pedantic=6.197e-7
CHECK family=triad cell=d768_out_proj op=tn dtype=bf16 arm=pedantic rel_l2_vs_pedantic=0.000e0
TIMING family=triad cell=d768_out_proj op=tn dtype=bf16 m=2048 k=1536 n=768 arm=det iters=55 windows=21 p05_us=74.361 p50_us=74.456 p95_us=74.692
TIMING family=triad cell=d768_out_proj op=tn dtype=bf16 m=2048 k=1536 n=768 arm=fast iters=79 windows=21 p05_us=50.306 p50_us=50.551 p95_us=50.889
TIMING family=triad cell=d768_out_proj op=tn dtype=bf16 m=2048 k=1536 n=768 arm=pedantic iters=19 windows=21 p05_us=213.261 p50_us=213.423 p95_us=213.472
CHECK family=triad cell=d768_out_proj op=nt dtype=bf16 arm=det rel_l2_vs_pedantic=6.323e-5
CHECK family=triad cell=d768_out_proj op=nt dtype=bf16 arm=fast rel_l2_vs_pedantic=3.875e-5
CHECK family=triad cell=d768_out_proj op=nt dtype=bf16 arm=pedantic rel_l2_vs_pedantic=0.000e0
TIMING family=triad cell=d768_out_proj op=nt dtype=bf16 m=2048 k=1536 n=768 arm=det iters=66 windows=21 p05_us=60.866 p50_us=60.959 p95_us=61.812
TIMING family=triad cell=d768_out_proj op=nt dtype=bf16 m=2048 k=1536 n=768 arm=fast iters=101 windows=21 p05_us=39.733 p50_us=40.118 p95_us=40.534
TIMING family=triad cell=d768_out_proj op=nt dtype=bf16 m=2048 k=1536 n=768 arm=pedantic iters=22 windows=21 p05_us=180.224 p50_us=180.457 p95_us=183.296
CHECK family=triad cell=large_deep op=nn dtype=bf16 arm=det rel_l2_vs_pedantic=1.291e-4
CHECK family=triad cell=large_deep op=nn dtype=bf16 arm=fast rel_l2_vs_pedantic=2.147e-3
CHECK family=triad cell=large_deep op=nn dtype=bf16 arm=pedantic rel_l2_vs_pedantic=0.000e0
TIMING family=triad cell=large_deep op=nn dtype=bf16 m=4096 k=3072 n=1536 arm=det iters=13 windows=21 p05_us=369.819 p50_us=384.315 p95_us=392.586
TIMING family=triad cell=large_deep op=nn dtype=bf16 m=4096 k=3072 n=1536 arm=fast iters=17 windows=21 p05_us=258.711 p50_us=266.842 p95_us=271.661
TIMING family=triad cell=large_deep op=nn dtype=bf16 m=4096 k=3072 n=1536 arm=pedantic iters=8 windows=21 p05_us=1616.896 p50_us=1640.320 p95_us=1700.224
CHECK family=triad cell=large_deep op=tn dtype=bf16 arm=det rel_l2_vs_pedantic=4.451e-6
CHECK family=triad cell=large_deep op=tn dtype=bf16 arm=fast rel_l2_vs_pedantic=2.012e-6
CHECK family=triad cell=large_deep op=tn dtype=bf16 arm=pedantic rel_l2_vs_pedantic=0.000e0
TIMING family=triad cell=large_deep op=tn dtype=bf16 m=4096 k=3072 n=1536 arm=det iters=10 windows=21 p05_us=405.299 p50_us=448.019 p95_us=484.966
TIMING family=triad cell=large_deep op=tn dtype=bf16 m=4096 k=3072 n=1536 arm=fast iters=13 windows=21 p05_us=302.946 p50_us=306.799 p95_us=319.252
TIMING family=triad cell=large_deep op=tn dtype=bf16 m=4096 k=3072 n=1536 arm=pedantic iters=8 windows=21 p05_us=1223.296 p50_us=1345.280 p95_us=1376.256
CHECK family=triad cell=large_deep op=nt dtype=bf16 arm=det rel_l2_vs_pedantic=8.454e-5
CHECK family=triad cell=large_deep op=nt dtype=bf16 arm=fast rel_l2_vs_pedantic=5.675e-5
CHECK family=triad cell=large_deep op=nt dtype=bf16 arm=pedantic rel_l2_vs_pedantic=0.000e0
TIMING family=triad cell=large_deep op=nt dtype=bf16 m=4096 k=3072 n=1536 arm=det iters=12 windows=21 p05_us=410.795 p50_us=418.645 p95_us=439.125
TIMING family=triad cell=large_deep op=nt dtype=bf16 m=4096 k=3072 n=1536 arm=fast iters=17 windows=21 p05_us=263.168 p50_us=270.938 p95_us=282.985
TIMING family=triad cell=large_deep op=nt dtype=bf16 m=4096 k=3072 n=1536 arm=pedantic iters=8 windows=21 p05_us=1557.760 p50_us=1598.832 p95_us=1676.672
CHECK family=triad cell=prism_in_proj op=nn dtype=bf16 arm=det rel_l2_vs_pedantic=3.619e-5
CHECK family=triad cell=prism_in_proj op=nn dtype=bf16 arm=fast rel_l2_vs_pedantic=3.619e-5
CHECK family=triad cell=prism_in_proj op=nn dtype=bf16 arm=pedantic rel_l2_vs_pedantic=0.000e0
TIMING family=triad cell=prism_in_proj op=nn dtype=bf16 m=4621 k=384 n=1928 arm=det iters=49 windows=21 p05_us=81.727 p50_us=83.628 p95_us=88.127
TIMING family=triad cell=prism_in_proj op=nn dtype=bf16 m=4621 k=384 n=1928 arm=fast iters=53 windows=21 p05_us=75.486 p50_us=75.989 p95_us=77.611
TIMING family=triad cell=prism_in_proj op=nn dtype=bf16 m=4621 k=384 n=1928 arm=pedantic iters=16 windows=21 p05_us=254.580 p50_us=261.376 p95_us=281.792
CHECK family=triad cell=prism_in_proj op=tn dtype=bf16 arm=det rel_l2_vs_pedantic=5.120e-6
CHECK family=triad cell=prism_in_proj op=tn dtype=bf16 arm=fast rel_l2_vs_pedantic=8.276e-7
CHECK family=triad cell=prism_in_proj op=tn dtype=bf16 arm=pedantic rel_l2_vs_pedantic=0.000e0
TIMING family=triad cell=prism_in_proj op=tn dtype=bf16 m=4621 k=384 n=1928 arm=det iters=49 windows=21 p05_us=81.251 p50_us=81.335 p95_us=81.460
TIMING family=triad cell=prism_in_proj op=tn dtype=bf16 m=4621 k=384 n=1928 arm=fast iters=73 windows=21 p05_us=54.244 p50_us=54.286 p95_us=54.384
TIMING family=triad cell=prism_in_proj op=tn dtype=bf16 m=4621 k=384 n=1928 arm=pedantic iters=12 windows=21 p05_us=334.005 p50_us=334.165 p95_us=334.336
CHECK family=triad cell=prism_in_proj op=nt dtype=bf16 arm=det rel_l2_vs_pedantic=9.235e-5
CHECK family=triad cell=prism_in_proj op=nt dtype=bf16 arm=fast rel_l2_vs_pedantic=2.649e-3
CHECK family=triad cell=prism_in_proj op=nt dtype=bf16 arm=pedantic rel_l2_vs_pedantic=0.000e0
TIMING family=triad cell=prism_in_proj op=nt dtype=bf16 m=4621 k=384 n=1928 arm=det iters=53 windows=21 p05_us=74.655 p50_us=74.771 p95_us=74.887
TIMING family=triad cell=prism_in_proj op=nt dtype=bf16 m=4621 k=384 n=1928 arm=fast iters=65 windows=21 p05_us=60.576 p50_us=60.699 p95_us=60.933
TIMING family=triad cell=prism_in_proj op=nt dtype=bf16 m=4621 k=384 n=1928 arm=pedantic iters=13 windows=21 p05_us=296.645 p50_us=297.039 p95_us=297.354
CONTEXT family=triad dtype=f16 arm=det batch_invariant=true family=Triad tensor_cores=true fast_gemm=false tf32=true
CONTEXT family=triad dtype=f16 arm=fast batch_invariant=false family=Triad tensor_cores=false fast_gemm=true tf32=true
CONTEXT family=triad dtype=f16 arm=pedantic batch_invariant=false family=Triad tensor_cores=false fast_gemm=false tf32=false
CHECK family=triad cell=d128_in_proj op=nn dtype=f16 arm=det rel_l2_vs_pedantic=1.472e-5
CHECK family=triad cell=d128_in_proj op=nn dtype=f16 arm=fast rel_l2_vs_pedantic=1.472e-5
CHECK family=triad cell=d128_in_proj op=nn dtype=f16 arm=pedantic rel_l2_vs_pedantic=0.000e0
TIMING family=triad cell=d128_in_proj op=nn dtype=f16 m=1024 k=128 n=512 arm=det iters=504 windows=21 p05_us=7.363 p50_us=7.373 p95_us=7.387
TIMING family=triad cell=d128_in_proj op=nn dtype=f16 m=1024 k=128 n=512 arm=fast iters=679 windows=21 p05_us=5.301 p50_us=5.309 p95_us=5.322
TIMING family=triad cell=d128_in_proj op=nn dtype=f16 m=1024 k=128 n=512 arm=pedantic iters=396 windows=21 p05_us=9.514 p50_us=9.522 p95_us=9.537
CHECK family=triad cell=d128_in_proj op=tn dtype=f16 arm=det rel_l2_vs_pedantic=1.729e-6
CHECK family=triad cell=d128_in_proj op=tn dtype=f16 arm=fast rel_l2_vs_pedantic=2.989e-7
CHECK family=triad cell=d128_in_proj op=tn dtype=f16 arm=pedantic rel_l2_vs_pedantic=0.000e0
TIMING family=triad cell=d128_in_proj op=tn dtype=f16 m=1024 k=128 n=512 arm=det iters=214 windows=21 p05_us=18.145 p50_us=18.150 p95_us=18.163
TIMING family=triad cell=d128_in_proj op=tn dtype=f16 m=1024 k=128 n=512 arm=fast iters=474 windows=21 p05_us=7.849 p50_us=7.859 p95_us=7.868
TIMING family=triad cell=d128_in_proj op=tn dtype=f16 m=1024 k=128 n=512 arm=pedantic iters=316 windows=21 p05_us=12.249 p50_us=12.256 p95_us=12.265
CHECK family=triad cell=d128_in_proj op=nt dtype=f16 arm=det rel_l2_vs_pedantic=3.810e-4
CHECK family=triad cell=d128_in_proj op=nt dtype=f16 arm=fast rel_l2_vs_pedantic=3.810e-4
CHECK family=triad cell=d128_in_proj op=nt dtype=f16 arm=pedantic rel_l2_vs_pedantic=0.000e0
TIMING family=triad cell=d128_in_proj op=nt dtype=f16 m=1024 k=128 n=512 arm=det iters=411 windows=21 p05_us=9.403 p50_us=9.403 p95_us=9.408
TIMING family=triad cell=d128_in_proj op=nt dtype=f16 m=1024 k=128 n=512 arm=fast iters=613 windows=21 p05_us=5.841 p50_us=5.843 p95_us=5.848
TIMING family=triad cell=d128_in_proj op=nt dtype=f16 m=1024 k=128 n=512 arm=pedantic iters=301 windows=21 p05_us=12.608 p50_us=12.615 p95_us=12.618
CHECK family=triad cell=d128_out_proj op=nn dtype=f16 arm=det rel_l2_vs_pedantic=3.331e-4
CHECK family=triad cell=d128_out_proj op=nn dtype=f16 arm=fast rel_l2_vs_pedantic=3.331e-4
CHECK family=triad cell=d128_out_proj op=nn dtype=f16 arm=pedantic rel_l2_vs_pedantic=0.000e0
TIMING family=triad cell=d128_out_proj op=nn dtype=f16 m=1024 k=256 n=128 arm=det iters=590 windows=21 p05_us=6.535 p50_us=6.536 p95_us=6.536
TIMING family=triad cell=d128_out_proj op=nn dtype=f16 m=1024 k=256 n=128 arm=fast iters=744 windows=21 p05_us=4.779 p50_us=4.781 p95_us=4.786
TIMING family=triad cell=d128_out_proj op=nn dtype=f16 m=1024 k=256 n=128 arm=pedantic iters=405 windows=21 p05_us=9.366 p50_us=9.373 p95_us=9.378
CHECK family=triad cell=d128_out_proj op=tn dtype=f16 arm=det rel_l2_vs_pedantic=1.724e-6
CHECK family=triad cell=d128_out_proj op=tn dtype=f16 arm=fast rel_l2_vs_pedantic=3.034e-7
CHECK family=triad cell=d128_out_proj op=tn dtype=f16 arm=pedantic rel_l2_vs_pedantic=0.000e0
TIMING family=triad cell=d128_out_proj op=tn dtype=f16 m=1024 k=256 n=128 arm=det iters=219 windows=21 p05_us=18.049 p50_us=18.053 p95_us=18.058
TIMING family=triad cell=d128_out_proj op=tn dtype=f16 m=1024 k=256 n=128 arm=fast iters=505 windows=21 p05_us=7.385 p50_us=7.399 p95_us=7.407
TIMING family=triad cell=d128_out_proj op=tn dtype=f16 m=1024 k=256 n=128 arm=pedantic iters=382 windows=21 p05_us=9.892 p50_us=9.897 p95_us=9.900
CHECK family=triad cell=d128_out_proj op=nt dtype=f16 arm=det rel_l2_vs_pedantic=1.399e-5
CHECK family=triad cell=d128_out_proj op=nt dtype=f16 arm=fast rel_l2_vs_pedantic=1.399e-5
CHECK family=triad cell=d128_out_proj op=nt dtype=f16 arm=pedantic rel_l2_vs_pedantic=0.000e0
TIMING family=triad cell=d128_out_proj op=nt dtype=f16 m=1024 k=256 n=128 arm=det iters=727 windows=21 p05_us=5.336 p50_us=5.366 p95_us=5.396
TIMING family=triad cell=d128_out_proj op=nt dtype=f16 m=1024 k=256 n=128 arm=fast iters=801 windows=21 p05_us=4.485 p50_us=4.490 p95_us=4.621
TIMING family=triad cell=d128_out_proj op=nt dtype=f16 m=1024 k=256 n=128 arm=pedantic iters=520 windows=21 p05_us=7.253 p50_us=7.258 p95_us=7.261
CHECK family=triad cell=underfill op=nn dtype=f16 arm=det rel_l2_vs_pedantic=3.289e-4
CHECK family=triad cell=underfill op=nn dtype=f16 arm=fast rel_l2_vs_pedantic=3.289e-4
CHECK family=triad cell=underfill op=nn dtype=f16 arm=pedantic rel_l2_vs_pedantic=0.000e0
TIMING family=triad cell=underfill op=nn dtype=f16 m=256 k=512 n=384 arm=det iters=377 windows=21 p05_us=10.297 p50_us=10.300 p95_us=10.302
TIMING family=triad cell=underfill op=nn dtype=f16 m=256 k=512 n=384 arm=fast iters=638 windows=21 p05_us=5.735 p50_us=5.738 p95_us=5.741
TIMING family=triad cell=underfill op=nn dtype=f16 m=256 k=512 n=384 arm=pedantic iters=332 windows=21 p05_us=11.572 p50_us=11.582 p95_us=11.594
CHECK family=triad cell=underfill op=tn dtype=f16 arm=det rel_l2_vs_pedantic=4.940e-7
CHECK family=triad cell=underfill op=tn dtype=f16 arm=fast rel_l2_vs_pedantic=4.940e-7
CHECK family=triad cell=underfill op=tn dtype=f16 arm=pedantic rel_l2_vs_pedantic=0.000e0
TIMING family=triad cell=underfill op=tn dtype=f16 m=256 k=512 n=384 arm=det iters=440 windows=21 p05_us=8.867 p50_us=8.876 p95_us=8.888
TIMING family=triad cell=underfill op=tn dtype=f16 m=256 k=512 n=384 arm=fast iters=665 windows=21 p05_us=5.565 p50_us=5.570 p95_us=5.576
TIMING family=triad cell=underfill op=tn dtype=f16 m=256 k=512 n=384 arm=pedantic iters=360 windows=21 p05_us=10.607 p50_us=10.613 p95_us=10.618
CHECK family=triad cell=underfill op=nt dtype=f16 arm=det rel_l2_vs_pedantic=2.048e-5
CHECK family=triad cell=underfill op=nt dtype=f16 arm=fast rel_l2_vs_pedantic=2.048e-5
CHECK family=triad cell=underfill op=nt dtype=f16 arm=pedantic rel_l2_vs_pedantic=0.000e0
TIMING family=triad cell=underfill op=nt dtype=f16 m=256 k=512 n=384 arm=det iters=496 windows=21 p05_us=7.818 p50_us=7.823 p95_us=7.831
TIMING family=triad cell=underfill op=nt dtype=f16 m=256 k=512 n=384 arm=fast iters=679 windows=21 p05_us=5.275 p50_us=5.286 p95_us=5.316
TIMING family=triad cell=underfill op=nt dtype=f16 m=256 k=512 n=384 arm=pedantic iters=336 windows=21 p05_us=11.327 p50_us=11.334 p95_us=11.343
CHECK family=triad cell=d768_in_proj op=nn dtype=f16 arm=det rel_l2_vs_pedantic=3.711e-4
CHECK family=triad cell=d768_in_proj op=nn dtype=f16 arm=fast rel_l2_vs_pedantic=3.711e-4
CHECK family=triad cell=d768_in_proj op=nn dtype=f16 arm=pedantic rel_l2_vs_pedantic=0.000e0
TIMING family=triad cell=d768_in_proj op=nn dtype=f16 m=2048 k=768 n=3072 arm=det iters=44 windows=21 p05_us=96.815 p50_us=112.564 p95_us=116.945
TIMING family=triad cell=d768_in_proj op=nn dtype=f16 m=2048 k=768 n=3072 arm=fast iters=61 windows=21 p05_us=63.035 p50_us=73.023 p95_us=77.656
TIMING family=triad cell=d768_in_proj op=nn dtype=f16 m=2048 k=768 n=3072 arm=pedantic iters=15 windows=21 p05_us=260.706 p50_us=342.545 p95_us=366.592
CHECK family=triad cell=d768_in_proj op=tn dtype=f16 arm=det rel_l2_vs_pedantic=3.376e-6
CHECK family=triad cell=d768_in_proj op=tn dtype=f16 arm=fast rel_l2_vs_pedantic=1.749e-6
CHECK family=triad cell=d768_in_proj op=tn dtype=f16 arm=pedantic rel_l2_vs_pedantic=0.000e0
TIMING family=triad cell=d768_in_proj op=tn dtype=f16 m=2048 k=768 n=3072 arm=det iters=28 windows=21 p05_us=141.202 p50_us=141.858 p95_us=148.334
TIMING family=triad cell=d768_in_proj op=tn dtype=f16 m=2048 k=768 n=3072 arm=fast iters=44 windows=21 p05_us=88.925 p50_us=89.693 p95_us=90.577
TIMING family=triad cell=d768_in_proj op=tn dtype=f16 m=2048 k=768 n=3072 arm=pedantic iters=14 windows=21 p05_us=277.504 p50_us=283.570 p95_us=296.000
CHECK family=triad cell=d768_in_proj op=nt dtype=f16 arm=det rel_l2_vs_pedantic=5.314e-4
CHECK family=triad cell=d768_in_proj op=nt dtype=f16 arm=fast rel_l2_vs_pedantic=5.518e-4
CHECK family=triad cell=d768_in_proj op=nt dtype=f16 arm=pedantic rel_l2_vs_pedantic=0.000e0
TIMING family=triad cell=d768_in_proj op=nt dtype=f16 m=2048 k=768 n=3072 arm=det iters=38 windows=21 p05_us=105.256 p50_us=116.440 p95_us=129.022
TIMING family=triad cell=d768_in_proj op=nt dtype=f16 m=2048 k=768 n=3072 arm=fast iters=53 windows=21 p05_us=72.569 p50_us=74.366 p95_us=80.007
TIMING family=triad cell=d768_in_proj op=nt dtype=f16 m=2048 k=768 n=3072 arm=pedantic iters=14 windows=21 p05_us=280.201 p50_us=309.321 p95_us=349.915
CHECK family=triad cell=d768_out_proj op=nn dtype=f16 arm=det rel_l2_vs_pedantic=4.594e-4
CHECK family=triad cell=d768_out_proj op=nn dtype=f16 arm=fast rel_l2_vs_pedantic=4.594e-4
CHECK family=triad cell=d768_out_proj op=nn dtype=f16 arm=pedantic rel_l2_vs_pedantic=0.000e0
TIMING family=triad cell=d768_out_proj op=nn dtype=f16 m=2048 k=1536 n=768 arm=det iters=72 windows=21 p05_us=55.251 p50_us=58.283 p95_us=60.941
TIMING family=triad cell=d768_out_proj op=nn dtype=f16 m=2048 k=1536 n=768 arm=fast iters=85 windows=21 p05_us=46.767 p50_us=47.285 p95_us=47.983
TIMING family=triad cell=d768_out_proj op=nn dtype=f16 m=2048 k=1536 n=768 arm=pedantic iters=26 windows=21 p05_us=152.300 p50_us=159.228 p95_us=165.376
CHECK family=triad cell=d768_out_proj op=tn dtype=f16 arm=det rel_l2_vs_pedantic=3.371e-6
CHECK family=triad cell=d768_out_proj op=tn dtype=f16 arm=fast rel_l2_vs_pedantic=1.197e-6
CHECK family=triad cell=d768_out_proj op=tn dtype=f16 arm=pedantic rel_l2_vs_pedantic=0.000e0
TIMING family=triad cell=d768_out_proj op=tn dtype=f16 m=2048 k=1536 n=768 arm=det iters=55 windows=21 p05_us=74.659 p50_us=74.752 p95_us=74.864
TIMING family=triad cell=d768_out_proj op=tn dtype=f16 m=2048 k=1536 n=768 arm=fast iters=78 windows=21 p05_us=50.097 p50_us=50.268 p95_us=50.439
TIMING family=triad cell=d768_out_proj op=tn dtype=f16 m=2048 k=1536 n=768 arm=pedantic iters=27 windows=21 p05_us=146.015 p50_us=146.476 p95_us=146.882
CHECK family=triad cell=d768_out_proj op=nt dtype=f16 arm=det rel_l2_vs_pedantic=2.790e-4
CHECK family=triad cell=d768_out_proj op=nt dtype=f16 arm=fast rel_l2_vs_pedantic=2.790e-4
CHECK family=triad cell=d768_out_proj op=nt dtype=f16 arm=pedantic rel_l2_vs_pedantic=0.000e0
TIMING family=triad cell=d768_out_proj op=nt dtype=f16 m=2048 k=1536 n=768 arm=det iters=66 windows=21 p05_us=60.680 p50_us=62.045 p95_us=64.419
TIMING family=triad cell=d768_out_proj op=nt dtype=f16 m=2048 k=1536 n=768 arm=fast iters=95 windows=21 p05_us=37.759 p50_us=38.415 p95_us=39.904
TIMING family=triad cell=d768_out_proj op=nt dtype=f16 m=2048 k=1536 n=768 arm=pedantic iters=26 windows=21 p05_us=150.331 p50_us=152.852 p95_us=156.711
CHECK family=triad cell=large_deep op=nn dtype=f16 arm=det rel_l2_vs_pedantic=3.710e-4
CHECK family=triad cell=large_deep op=nn dtype=f16 arm=fast rel_l2_vs_pedantic=3.713e-4
CHECK family=triad cell=large_deep op=nn dtype=f16 arm=pedantic rel_l2_vs_pedantic=0.000e0
TIMING family=triad cell=large_deep op=nn dtype=f16 m=4096 k=3072 n=1536 arm=det iters=13 windows=21 p05_us=380.613 p50_us=388.647 p95_us=396.591
TIMING family=triad cell=large_deep op=nn dtype=f16 m=4096 k=3072 n=1536 arm=fast iters=17 windows=21 p05_us=244.915 p50_us=272.926 p95_us=278.588
TIMING family=triad cell=large_deep op=nn dtype=f16 m=4096 k=3072 n=1536 arm=pedantic iters=8 windows=21 p05_us=1105.920 p50_us=1249.920 p95_us=1277.536
CHECK family=triad cell=large_deep op=tn dtype=f16 arm=det rel_l2_vs_pedantic=6.634e-6
CHECK family=triad cell=large_deep op=tn dtype=f16 arm=fast rel_l2_vs_pedantic=1.243e-6
CHECK family=triad cell=large_deep op=tn dtype=f16 arm=pedantic rel_l2_vs_pedantic=0.000e0
TIMING family=triad cell=large_deep op=tn dtype=f16 m=4096 k=3072 n=1536 arm=det iters=10 windows=21 p05_us=491.395 p50_us=543.642 p95_us=570.880
TIMING family=triad cell=large_deep op=tn dtype=f16 m=4096 k=3072 n=1536 arm=fast iters=16 windows=21 p05_us=271.808 p50_us=295.168 p95_us=310.016
TIMING family=triad cell=large_deep op=tn dtype=f16 m=4096 k=3072 n=1536 arm=pedantic iters=8 windows=21 p05_us=986.844 p50_us=1244.272 p95_us=1272.576
CHECK family=triad cell=large_deep op=nt dtype=f16 arm=det rel_l2_vs_pedantic=4.076e-5
CHECK family=triad cell=large_deep op=nt dtype=f16 arm=fast rel_l2_vs_pedantic=2.964e-5
CHECK family=triad cell=large_deep op=nt dtype=f16 arm=pedantic rel_l2_vs_pedantic=0.000e0
TIMING family=triad cell=large_deep op=nt dtype=f16 m=4096 k=3072 n=1536 arm=det iters=12 windows=21 p05_us=424.192 p50_us=463.360 p95_us=486.400
TIMING family=triad cell=large_deep op=nt dtype=f16 m=4096 k=3072 n=1536 arm=fast iters=16 windows=21 p05_us=273.728 p50_us=299.392 p95_us=310.720
TIMING family=triad cell=large_deep op=nt dtype=f16 m=4096 k=3072 n=1536 arm=pedantic iters=8 windows=21 p05_us=1332.096 p50_us=1416.564 p95_us=1469.696
CHECK family=triad cell=prism_in_proj op=nn dtype=f16 arm=det rel_l2_vs_pedantic=2.070e-5
CHECK family=triad cell=prism_in_proj op=nn dtype=f16 arm=fast rel_l2_vs_pedantic=2.070e-5
CHECK family=triad cell=prism_in_proj op=nn dtype=f16 arm=pedantic rel_l2_vs_pedantic=0.000e0
TIMING family=triad cell=prism_in_proj op=nn dtype=f16 m=4621 k=384 n=1928 arm=det iters=48 windows=21 p05_us=82.389 p50_us=96.427 p95_us=105.792
TIMING family=triad cell=prism_in_proj op=nn dtype=f16 m=4621 k=384 n=1928 arm=fast iters=54 windows=21 p05_us=73.444 p50_us=78.279 p95_us=86.980
TIMING family=triad cell=prism_in_proj op=nn dtype=f16 m=4621 k=384 n=1928 arm=pedantic iters=20 windows=21 p05_us=204.698 p50_us=235.008 p95_us=267.827
CHECK family=triad cell=prism_in_proj op=tn dtype=f16 arm=det rel_l2_vs_pedantic=7.490e-6
CHECK family=triad cell=prism_in_proj op=tn dtype=f16 arm=fast rel_l2_vs_pedantic=1.480e-6
CHECK family=triad cell=prism_in_proj op=tn dtype=f16 arm=pedantic rel_l2_vs_pedantic=0.000e0
TIMING family=triad cell=prism_in_proj op=tn dtype=f16 m=4621 k=384 n=1928 arm=det iters=49 windows=21 p05_us=82.651 p50_us=92.975 p95_us=95.338
TIMING family=triad cell=prism_in_proj op=tn dtype=f16 m=4621 k=384 n=1928 arm=fast iters=72 windows=21 p05_us=54.428 p50_us=58.155 p95_us=59.406
TIMING family=triad cell=prism_in_proj op=tn dtype=f16 m=4621 k=384 n=1928 arm=pedantic iters=20 windows=21 p05_us=200.203 p50_us=229.059 p95_us=237.363
CHECK family=triad cell=prism_in_proj op=nt dtype=f16 arm=det rel_l2_vs_pedantic=5.335e-4
CHECK family=triad cell=prism_in_proj op=nt dtype=f16 arm=fast rel_l2_vs_pedantic=6.469e-4
CHECK family=triad cell=prism_in_proj op=nt dtype=f16 arm=pedantic rel_l2_vs_pedantic=0.000e0
TIMING family=triad cell=prism_in_proj op=nt dtype=f16 m=4621 k=384 n=1928 arm=det iters=53 windows=21 p05_us=75.080 p50_us=77.979 p95_us=84.606
TIMING family=triad cell=prism_in_proj op=nt dtype=f16 m=4621 k=384 n=1928 arm=fast iters=42 windows=21 p05_us=95.963 p50_us=96.646 p95_us=97.934
TIMING family=triad cell=prism_in_proj op=nt dtype=f16 m=4621 k=384 n=1928 arm=pedantic iters=19 windows=21 p05_us=214.550 p50_us=224.027 p95_us=236.813
CONTEXT family=inference dtype=f32 arm=det batch_invariant=true family=Fixed tensor_cores=false fast_gemm=false tf32=true
CONTEXT family=inference dtype=f32 arm=fast batch_invariant=false family=Triad tensor_cores=false fast_gemm=true tf32=true
CONTEXT family=inference dtype=f32 arm=pedantic batch_invariant=false family=Triad tensor_cores=false fast_gemm=false tf32=false
CHECK family=inference cell=hot_a op=nn dtype=f32 arm=det rel_l2_vs_pedantic=0.000e0
CHECK family=inference cell=hot_a op=nn dtype=f32 arm=fast rel_l2_vs_pedantic=2.808e-4
CHECK family=inference cell=hot_a op=nn dtype=f32 arm=pedantic rel_l2_vs_pedantic=0.000e0
TIMING family=inference cell=hot_a op=nn dtype=f32 m=4621 k=384 n=1928 arm=det iters=14 windows=21 p05_us=310.784 p50_us=347.794 p95_us=356.930
TIMING family=inference cell=hot_a op=nn dtype=f32 m=4621 k=384 n=1928 arm=fast iters=39 windows=21 p05_us=103.004 p50_us=126.162 p95_us=128.315
TIMING family=inference cell=hot_a op=nn dtype=f32 m=4621 k=384 n=1928 arm=pedantic iters=18 windows=21 p05_us=226.130 p50_us=255.820 p95_us=258.613
CHECK family=inference cell=hot_b op=nn dtype=f32 arm=det rel_l2_vs_pedantic=5.096e-7
CHECK family=inference cell=hot_b op=nn dtype=f32 arm=fast rel_l2_vs_pedantic=2.806e-4
CHECK family=inference cell=hot_b op=nn dtype=f32 arm=pedantic rel_l2_vs_pedantic=0.000e0
TIMING family=inference cell=hot_b op=nn dtype=f32 m=4621 k=768 n=2304 arm=det iters=8 windows=21 p05_us=733.952 p50_us=893.428 p95_us=962.296
TIMING family=inference cell=hot_b op=nn dtype=f32 m=4621 k=768 n=2304 arm=fast iters=21 windows=21 p05_us=192.122 p50_us=270.275 p95_us=290.470
TIMING family=inference cell=hot_b op=nn dtype=f32 m=4621 k=768 n=2304 arm=pedantic iters=8 windows=21 p05_us=511.104 p50_us=624.640 p95_us=657.024
CHECK family=inference cell=hot_c op=nn dtype=f32 arm=det rel_l2_vs_pedantic=8.224e-7
CHECK family=inference cell=hot_c op=nn dtype=f32 arm=fast rel_l2_vs_pedantic=2.802e-4
CHECK family=inference cell=hot_c op=nn dtype=f32 arm=pedantic rel_l2_vs_pedantic=0.000e0
TIMING family=inference cell=hot_c op=nn dtype=f32 m=4621 k=1928 n=384 arm=det iters=12 windows=21 p05_us=338.264 p50_us=410.880 p95_us=433.835
TIMING family=inference cell=hot_c op=nn dtype=f32 m=4621 k=1928 n=384 arm=fast iters=51 windows=21 p05_us=77.924 p50_us=96.035 p95_us=101.657
TIMING family=inference cell=hot_c op=nn dtype=f32 m=4621 k=1928 n=384 arm=pedantic iters=21 windows=21 p05_us=195.535 p50_us=238.641 p95_us=246.833
CHECK family=inference cell=hot_d op=nn dtype=f32 arm=det rel_l2_vs_pedantic=5.096e-7
CHECK family=inference cell=hot_d op=nn dtype=f32 arm=fast rel_l2_vs_pedantic=2.803e-4
CHECK family=inference cell=hot_d op=nn dtype=f32 arm=pedantic rel_l2_vs_pedantic=0.000e0
TIMING family=inference cell=hot_d op=nn dtype=f32 m=2048 k=768 n=2304 arm=det iters=13 windows=21 p05_us=298.602 p50_us=302.626 p95_us=308.618
TIMING family=inference cell=hot_d op=nn dtype=f32 m=2048 k=768 n=2304 arm=fast iters=40 windows=21 p05_us=99.507 p50_us=100.275 p95_us=102.579
TIMING family=inference cell=hot_d op=nn dtype=f32 m=2048 k=768 n=2304 arm=pedantic iters=17 windows=21 p05_us=240.580 p50_us=242.507 p95_us=246.470
CHECK family=inference cell=hot_e op=nn dtype=f32 arm=det rel_l2_vs_pedantic=8.992e-7
CHECK family=inference cell=hot_e op=nn dtype=f32 arm=fast rel_l2_vs_pedantic=2.799e-4
CHECK family=inference cell=hot_e op=nn dtype=f32 arm=pedantic rel_l2_vs_pedantic=0.000e0
TIMING family=inference cell=hot_e op=nn dtype=f32 m=2048 k=2304 n=768 arm=det iters=13 windows=21 p05_us=341.681 p50_us=361.314 p95_us=376.768
TIMING family=inference cell=hot_e op=nn dtype=f32 m=2048 k=2304 n=768 arm=fast iters=44 windows=21 p05_us=92.113 p50_us=106.938 p95_us=110.964
TIMING family=inference cell=hot_e op=nn dtype=f32 m=2048 k=2304 n=768 arm=pedantic iters=19 windows=21 p05_us=210.954 p50_us=241.228 p95_us=247.431
CONTEXT family=inference dtype=bf16 arm=det batch_invariant=true family=Fixed tensor_cores=true fast_gemm=false tf32=true
CONTEXT family=inference dtype=bf16 arm=fast batch_invariant=false family=Triad tensor_cores=false fast_gemm=true tf32=true
CONTEXT family=inference dtype=bf16 arm=pedantic batch_invariant=false family=Triad tensor_cores=false fast_gemm=false tf32=false
CHECK family=inference cell=hot_a op=nn dtype=bf16 arm=det rel_l2_vs_pedantic=3.619e-5
CHECK family=inference cell=hot_a op=nn dtype=bf16 arm=fast rel_l2_vs_pedantic=3.619e-5
CHECK family=inference cell=hot_a op=nn dtype=bf16 arm=pedantic rel_l2_vs_pedantic=0.000e0
TIMING family=inference cell=hot_a op=nn dtype=bf16 m=4621 k=384 n=1928 arm=det iters=48 windows=21 p05_us=83.113 p50_us=86.315 p95_us=91.797
TIMING family=inference cell=hot_a op=nn dtype=bf16 m=4621 k=384 n=1928 arm=fast iters=52 windows=21 p05_us=76.716 p50_us=78.060 p95_us=79.045
TIMING family=inference cell=hot_a op=nn dtype=bf16 m=4621 k=384 n=1928 arm=pedantic iters=16 windows=21 p05_us=254.848 p50_us=269.758 p95_us=284.478
CHECK family=inference cell=hot_b op=nn dtype=bf16 arm=det rel_l2_vs_pedantic=5.733e-5
CHECK family=inference cell=hot_b op=nn dtype=bf16 arm=fast rel_l2_vs_pedantic=5.733e-5
CHECK family=inference cell=hot_b op=nn dtype=bf16 arm=pedantic rel_l2_vs_pedantic=0.000e0
TIMING family=inference cell=hot_b op=nn dtype=bf16 m=4621 k=768 n=2304 arm=det iters=27 windows=21 p05_us=149.694 p50_us=188.787 p95_us=192.588
TIMING family=inference cell=hot_b op=nn dtype=bf16 m=4621 k=768 n=2304 arm=fast iters=43 windows=21 p05_us=91.755 p50_us=107.163 p95_us=111.302
TIMING family=inference cell=hot_b op=nn dtype=bf16 m=4621 k=768 n=2304 arm=pedantic iters=8 windows=21 p05_us=572.416 p50_us=745.700 p95_us=779.008
CHECK family=inference cell=hot_c op=nn dtype=bf16 arm=det rel_l2_vs_pedantic=9.382e-5
CHECK family=inference cell=hot_c op=nn dtype=bf16 arm=fast rel_l2_vs_pedantic=2.154e-3
CHECK family=inference cell=hot_c op=nn dtype=bf16 arm=pedantic rel_l2_vs_pedantic=0.000e0
TIMING family=inference cell=hot_c op=nn dtype=bf16 m=4621 k=1928 n=384 arm=det iters=57 windows=21 p05_us=69.578 p50_us=69.615 p95_us=69.670
TIMING family=inference cell=hot_c op=nn dtype=bf16 m=4621 k=1928 n=384 arm=fast iters=52 windows=21 p05_us=76.209 p50_us=76.404 p95_us=76.678
TIMING family=inference cell=hot_c op=nn dtype=bf16 m=4621 k=1928 n=384 arm=pedantic iters=13 windows=21 p05_us=298.063 p50_us=298.142 p95_us=298.279
CHECK family=inference cell=hot_d op=nn dtype=bf16 arm=det rel_l2_vs_pedantic=5.826e-5
CHECK family=inference cell=hot_d op=nn dtype=bf16 arm=fast rel_l2_vs_pedantic=5.826e-5
CHECK family=inference cell=hot_d op=nn dtype=bf16 arm=pedantic rel_l2_vs_pedantic=0.000e0
TIMING family=inference cell=hot_d op=nn dtype=bf16 m=2048 k=768 n=2304 arm=det iters=45 windows=21 p05_us=87.791 p50_us=88.587 p95_us=93.230
TIMING family=inference cell=hot_d op=nn dtype=bf16 m=2048 k=768 n=2304 arm=fast iters=66 windows=21 p05_us=60.025 p50_us=60.354 p95_us=61.250
TIMING family=inference cell=hot_d op=nn dtype=bf16 m=2048 k=768 n=2304 arm=pedantic iters=15 windows=21 p05_us=275.051 p50_us=279.825 p95_us=294.566
CHECK family=inference cell=hot_e op=nn dtype=bf16 arm=det rel_l2_vs_pedantic=1.014e-4
CHECK family=inference cell=hot_e op=nn dtype=bf16 arm=fast rel_l2_vs_pedantic=1.014e-4
CHECK family=inference cell=hot_e op=nn dtype=bf16 arm=pedantic rel_l2_vs_pedantic=0.000e0
TIMING family=inference cell=hot_e op=nn dtype=bf16 m=2048 k=2304 n=768 arm=det iters=51 windows=21 p05_us=78.527 p50_us=78.571 p95_us=78.627
TIMING family=inference cell=hot_e op=nn dtype=bf16 m=2048 k=2304 n=768 arm=fast iters=58 windows=21 p05_us=68.961 p50_us=69.014 p95_us=69.085
TIMING family=inference cell=hot_e op=nn dtype=bf16 m=2048 k=2304 n=768 arm=pedantic iters=14 windows=21 p05_us=280.494 p50_us=280.722 p95_us=280.866
CONTEXT family=inference dtype=f16 arm=det batch_invariant=true family=Fixed tensor_cores=true fast_gemm=false tf32=true
CONTEXT family=inference dtype=f16 arm=fast batch_invariant=false family=Triad tensor_cores=false fast_gemm=true tf32=true
CONTEXT family=inference dtype=f16 arm=pedantic batch_invariant=false family=Triad tensor_cores=false fast_gemm=false tf32=false
CHECK family=inference cell=hot_a op=nn dtype=f16 arm=det rel_l2_vs_pedantic=2.070e-5
CHECK family=inference cell=hot_a op=nn dtype=f16 arm=fast rel_l2_vs_pedantic=2.070e-5
CHECK family=inference cell=hot_a op=nn dtype=f16 arm=pedantic rel_l2_vs_pedantic=0.000e0
TIMING family=inference cell=hot_a op=nn dtype=f16 m=4621 k=384 n=1928 arm=det iters=48 windows=21 p05_us=86.680 p50_us=101.289 p95_us=107.755
TIMING family=inference cell=hot_a op=nn dtype=f16 m=4621 k=384 n=1928 arm=fast iters=53 windows=21 p05_us=74.945 p50_us=83.037 p95_us=88.816
TIMING family=inference cell=hot_a op=nn dtype=f16 m=4621 k=384 n=1928 arm=pedantic iters=19 windows=21 p05_us=204.854 p50_us=243.928 p95_us=264.731
CHECK family=inference cell=hot_b op=nn dtype=f16 arm=det rel_l2_vs_pedantic=3.301e-4
CHECK family=inference cell=hot_b op=nn dtype=f16 arm=fast rel_l2_vs_pedantic=3.301e-4
CHECK family=inference cell=hot_b op=nn dtype=f16 arm=pedantic rel_l2_vs_pedantic=0.000e0
TIMING family=inference cell=hot_b op=nn dtype=f16 m=4621 k=768 n=2304 arm=det iters=27 windows=21 p05_us=149.694 p50_us=212.377 p95_us=240.979
TIMING family=inference cell=hot_b op=nn dtype=f16 m=4621 k=768 n=2304 arm=fast iters=38 windows=21 p05_us=105.957 p50_us=127.138 p95_us=143.980
TIMING family=inference cell=hot_b op=nn dtype=f16 m=4621 k=768 n=2304 arm=pedantic iters=9 windows=21 p05_us=461.028 p50_us=645.916 p95_us=729.088
CHECK family=inference cell=hot_c op=nn dtype=f16 arm=det rel_l2_vs_pedantic=4.593e-4
CHECK family=inference cell=hot_c op=nn dtype=f16 arm=fast rel_l2_vs_pedantic=4.829e-4
CHECK family=inference cell=hot_c op=nn dtype=f16 arm=pedantic rel_l2_vs_pedantic=0.000e0
TIMING family=inference cell=hot_c op=nn dtype=f16 m=4621 k=1928 n=384 arm=det iters=57 windows=21 p05_us=69.615 p50_us=77.177 p95_us=81.543
TIMING family=inference cell=hot_c op=nn dtype=f16 m=4621 k=1928 n=384 arm=fast iters=52 windows=21 p05_us=76.367 p50_us=78.828 p95_us=81.959
TIMING family=inference cell=hot_c op=nn dtype=f16 m=4621 k=1928 n=384 arm=pedantic iters=19 windows=21 p05_us=202.914 p50_us=221.022 p95_us=233.795
CHECK family=inference cell=hot_d op=nn dtype=f16 arm=det rel_l2_vs_pedantic=3.299e-4
CHECK family=inference cell=hot_d op=nn dtype=f16 arm=fast rel_l2_vs_pedantic=3.299e-4
CHECK family=inference cell=hot_d op=nn dtype=f16 arm=pedantic rel_l2_vs_pedantic=0.000e0
TIMING family=inference cell=hot_d op=nn dtype=f16 m=2048 k=768 n=2304 arm=det iters=45 windows=21 p05_us=87.768 p50_us=98.418 p95_us=106.496
TIMING family=inference cell=hot_d op=nn dtype=f16 m=2048 k=768 n=2304 arm=fast iters=66 windows=21 p05_us=59.857 p50_us=62.526 p95_us=67.475
TIMING family=inference cell=hot_d op=nn dtype=f16 m=2048 k=768 n=2304 arm=pedantic iters=19 windows=21 p05_us=210.351 p50_us=234.496 p95_us=264.399
CHECK family=inference cell=hot_e op=nn dtype=f16 arm=det rel_l2_vs_pedantic=5.276e-4
CHECK family=inference cell=hot_e op=nn dtype=f16 arm=fast rel_l2_vs_pedantic=5.480e-4
CHECK family=inference cell=hot_e op=nn dtype=f16 arm=pedantic rel_l2_vs_pedantic=0.000e0
TIMING family=inference cell=hot_e op=nn dtype=f16 m=2048 k=2304 n=768 arm=det iters=51 windows=21 p05_us=78.551 p50_us=86.699 p95_us=91.397
TIMING family=inference cell=hot_e op=nn dtype=f16 m=2048 k=2304 n=768 arm=fast iters=64 windows=21 p05_us=58.160 p50_us=59.280 p95_us=62.383
TIMING family=inference cell=hot_e op=nn dtype=f16 m=2048 k=2304 n=768 arm=pedantic iters=20 windows=21 p05_us=204.586 p50_us=230.656 p95_us=241.816
DONE
