DEVICE DeviceIdentity { compute_capability: (8, 9), multiprocessor_count: 142, target: CudaTarget { bytes: [115, 109, 95, 56, 57, 0, 0, 0, 0, 0, 0, 0, 0, 0, 0, 0], len: 5 }, driver: DriverIdentity { api_version: 13020, build_sources: 7, build_digest: [209, 237, 197, 165, 188, 62, 16, 162, 104, 142, 33, 86, 141, 204, 189, 229, 226, 128, 220, 57, 20, 77, 216, 30, 133, 56, 67, 202, 152, 178, 208, 225] } }
CONTEXT family=triad dtype=f32 arm=det batch_invariant=true family=Triad tensor_cores=false fast_gemm=false tf32=false
CONTEXT family=triad dtype=f32 arm=fast batch_invariant=false family=Triad tensor_cores=true fast_gemm=true tf32=true
CONTEXT family=triad dtype=f32 arm=pedantic batch_invariant=false family=Triad tensor_cores=true fast_gemm=false tf32=false
CHECK family=triad cell=d128_in_proj op=nn dtype=f32 arm=det rel_l2_vs_pedantic=2.159e-7
CHECK family=triad cell=d128_in_proj op=nn dtype=f32 arm=fast rel_l2_vs_pedantic=2.797e-4
CHECK family=triad cell=d128_in_proj op=nn dtype=f32 arm=pedantic rel_l2_vs_pedantic=0.000e0
TIMING family=triad cell=d128_in_proj op=nn dtype=f32 m=1024 k=128 n=512 arm=det iters=246 windows=21 p05_us=15.785 p50_us=15.801 p95_us=15.813
TIMING family=triad cell=d128_in_proj op=nn dtype=f32 m=1024 k=128 n=512 arm=fast iters=548 windows=21 p05_us=5.654 p50_us=5.660 p95_us=6.006
TIMING family=triad cell=d128_in_proj op=nn dtype=f32 m=1024 k=128 n=512 arm=pedantic iters=372 windows=21 p05_us=9.948 p50_us=9.951 p95_us=9.956
CHECK family=triad cell=d128_in_proj op=tn dtype=f32 arm=det rel_l2_vs_pedantic=1.701e-7
CHECK family=triad cell=d128_in_proj op=tn dtype=f32 arm=fast rel_l2_vs_pedantic=2.823e-4
CHECK family=triad cell=d128_in_proj op=tn dtype=f32 arm=pedantic rel_l2_vs_pedantic=0.000e0
TIMING family=triad cell=d128_in_proj op=tn dtype=f32 m=1024 k=128 n=512 arm=det iters=111 windows=21 p05_us=35.406 p50_us=35.416 p95_us=35.427
TIMING family=triad cell=d128_in_proj op=tn dtype=f32 m=1024 k=128 n=512 arm=fast iters=381 windows=21 p05_us=9.926 p50_us=9.934 p95_us=9.963
TIMING family=triad cell=d128_in_proj op=tn dtype=f32 m=1024 k=128 n=512 arm=pedantic iters=303 windows=21 p05_us=12.677 p50_us=12.696 p95_us=12.714
CHECK family=triad cell=d128_in_proj op=nt dtype=f32 arm=det rel_l2_vs_pedantic=2.397e-7
CHECK family=triad cell=d128_in_proj op=nt dtype=f32 arm=fast rel_l2_vs_pedantic=2.953e-4
CHECK family=triad cell=d128_in_proj op=nt dtype=f32 arm=pedantic rel_l2_vs_pedantic=0.000e0
TIMING family=triad cell=d128_in_proj op=nt dtype=f32 m=1024 k=128 n=512 arm=det iters=226 windows=21 p05_us=17.150 p50_us=17.168 p95_us=17.186
TIMING family=triad cell=d128_in_proj op=nt dtype=f32 m=1024 k=128 n=512 arm=fast iters=406 windows=21 p05_us=9.296 p50_us=9.307 p95_us=9.314
TIMING family=triad cell=d128_in_proj op=nt dtype=f32 m=1024 k=128 n=512 arm=pedantic iters=280 windows=21 p05_us=13.736 p50_us=13.740 p95_us=13.747
CHECK family=triad cell=d128_out_proj op=nn dtype=f32 arm=det rel_l2_vs_pedantic=1.849e-7
CHECK family=triad cell=d128_out_proj op=nn dtype=f32 arm=fast rel_l2_vs_pedantic=2.807e-4
CHECK family=triad cell=d128_out_proj op=nn dtype=f32 arm=pedantic rel_l2_vs_pedantic=0.000e0
TIMING family=triad cell=d128_out_proj op=nn dtype=f32 m=1024 k=256 n=128 arm=det iters=372 windows=21 p05_us=10.146 p50_us=10.157 p95_us=10.166
TIMING family=triad cell=d128_out_proj op=nn dtype=f32 m=1024 k=256 n=128 arm=fast iters=530 windows=21 p05_us=6.764 p50_us=6.770 p95_us=6.776
TIMING family=triad cell=d128_out_proj op=nn dtype=f32 m=1024 k=256 n=128 arm=pedantic iters=428 windows=21 p05_us=8.680 p50_us=8.684 p95_us=8.688
CHECK family=triad cell=d128_out_proj op=tn dtype=f32 arm=det rel_l2_vs_pedantic=1.945e-7
CHECK family=triad cell=d128_out_proj op=tn dtype=f32 arm=fast rel_l2_vs_pedantic=2.782e-4
CHECK family=triad cell=d128_out_proj op=tn dtype=f32 arm=pedantic rel_l2_vs_pedantic=0.000e0
TIMING family=triad cell=d128_out_proj op=tn dtype=f32 m=1024 k=256 n=128 arm=det iters=143 windows=21 p05_us=27.519 p50_us=27.526 p95_us=27.533
TIMING family=triad cell=d128_out_proj op=tn dtype=f32 m=1024 k=256 n=128 arm=fast iters=386 windows=21 p05_us=9.784 p50_us=9.797 p95_us=9.808
TIMING family=triad cell=d128_out_proj op=tn dtype=f32 m=1024 k=256 n=128 arm=pedantic iters=363 windows=21 p05_us=10.442 p50_us=10.452 p95_us=10.459
CHECK family=triad cell=d128_out_proj op=nt dtype=f32 arm=det rel_l2_vs_pedantic=1.495e-7
CHECK family=triad cell=d128_out_proj op=nt dtype=f32 arm=fast rel_l2_vs_pedantic=2.974e-4
CHECK family=triad cell=d128_out_proj op=nt dtype=f32 arm=pedantic rel_l2_vs_pedantic=0.000e0
TIMING family=triad cell=d128_out_proj op=nt dtype=f32 m=1024 k=256 n=128 arm=det iters=303 windows=21 p05_us=12.829 p50_us=12.846 p95_us=12.852
TIMING family=triad cell=d128_out_proj op=nt dtype=f32 m=1024 k=256 n=128 arm=fast iters=710 windows=21 p05_us=5.016 p50_us=5.023 p95_us=5.114
TIMING family=triad cell=d128_out_proj op=nt dtype=f32 m=1024 k=256 n=128 arm=pedantic iters=461 windows=21 p05_us=8.172 p50_us=8.174 p95_us=8.175
CHECK family=triad cell=underfill op=nn dtype=f32 arm=det rel_l2_vs_pedantic=1.935e-7
CHECK family=triad cell=underfill op=nn dtype=f32 arm=fast rel_l2_vs_pedantic=2.802e-4
CHECK family=triad cell=underfill op=nn dtype=f32 arm=pedantic rel_l2_vs_pedantic=0.000e0
TIMING family=triad cell=underfill op=nn dtype=f32 m=256 k=512 n=384 arm=det iters=304 windows=21 p05_us=12.691 p50_us=12.696 p95_us=12.709
TIMING family=triad cell=underfill op=nn dtype=f32 m=256 k=512 n=384 arm=fast iters=378 windows=21 p05_us=9.983 p50_us=9.987 p95_us=9.991
TIMING family=triad cell=underfill op=nn dtype=f32 m=256 k=512 n=384 arm=pedantic iters=313 windows=21 p05_us=12.189 p50_us=12.193 p95_us=12.200
CHECK family=triad cell=underfill op=tn dtype=f32 arm=det rel_l2_vs_pedantic=1.649e-7
CHECK family=triad cell=underfill op=tn dtype=f32 arm=fast rel_l2_vs_pedantic=2.810e-4
CHECK family=triad cell=underfill op=tn dtype=f32 arm=pedantic rel_l2_vs_pedantic=0.000e0
TIMING family=triad cell=underfill op=tn dtype=f32 m=256 k=512 n=384 arm=det iters=50 windows=21 p05_us=80.342 p50_us=80.527 p95_us=80.712
TIMING family=triad cell=underfill op=tn dtype=f32 m=256 k=512 n=384 arm=fast iters=474 windows=21 p05_us=7.818 p50_us=7.825 p95_us=7.831
TIMING family=triad cell=underfill op=tn dtype=f32 m=256 k=512 n=384 arm=pedantic iters=401 windows=21 p05_us=9.540 p50_us=9.545 p95_us=9.551
CHECK family=triad cell=underfill op=nt dtype=f32 arm=det rel_l2_vs_pedantic=1.763e-7
CHECK family=triad cell=underfill op=nt dtype=f32 arm=fast rel_l2_vs_pedantic=2.956e-4
CHECK family=triad cell=underfill op=nt dtype=f32 arm=pedantic rel_l2_vs_pedantic=0.000e0
TIMING family=triad cell=underfill op=nt dtype=f32 m=256 k=512 n=384 arm=det iters=250 windows=21 p05_us=15.688 p50_us=15.696 p95_us=15.712
TIMING family=triad cell=underfill op=nt dtype=f32 m=256 k=512 n=384 arm=fast iters=473 windows=21 p05_us=7.982 p50_us=7.986 p95_us=7.990
TIMING family=triad cell=underfill op=nt dtype=f32 m=256 k=512 n=384 arm=pedantic iters=326 windows=21 p05_us=11.729 p50_us=11.760 p95_us=11.785
CHECK family=triad cell=d768_in_proj op=nn dtype=f32 arm=det rel_l2_vs_pedantic=5.101e-7
CHECK family=triad cell=d768_in_proj op=nn dtype=f32 arm=fast rel_l2_vs_pedantic=2.805e-4
CHECK family=triad cell=d768_in_proj op=nn dtype=f32 arm=pedantic rel_l2_vs_pedantic=0.000e0
TIMING family=triad cell=d768_in_proj op=nn dtype=f32 m=2048 k=768 n=3072 arm=det iters=16 windows=21 p05_us=295.424 p50_us=314.432 p95_us=325.758
TIMING family=triad cell=d768_in_proj op=nn dtype=f32 m=2048 k=768 n=3072 arm=fast iters=39 windows=21 p05_us=102.945 p50_us=128.315 p95_us=131.046
TIMING family=triad cell=d768_in_proj op=nn dtype=f32 m=2048 k=768 n=3072 arm=pedantic iters=14 windows=21 p05_us=295.362 p50_us=374.126 p95_us=382.976
CHECK family=triad cell=d768_in_proj op=tn dtype=f32 arm=det rel_l2_vs_pedantic=5.919e-7
CHECK family=triad cell=d768_in_proj op=tn dtype=f32 arm=fast rel_l2_vs_pedantic=2.804e-4
CHECK family=triad cell=d768_in_proj op=tn dtype=f32 arm=pedantic rel_l2_vs_pedantic=0.000e0
TIMING family=triad cell=d768_in_proj op=tn dtype=f32 m=2048 k=768 n=3072 arm=det iters=13 windows=21 p05_us=317.440 p50_us=334.218 p95_us=340.441
TIMING family=triad cell=d768_in_proj op=tn dtype=f32 m=2048 k=768 n=3072 arm=fast iters=30 windows=21 p05_us=133.325 p50_us=140.799 p95_us=143.019
TIMING family=triad cell=d768_in_proj op=tn dtype=f32 m=2048 k=768 n=3072 arm=pedantic iters=15 windows=21 p05_us=267.264 p50_us=284.399 p95_us=289.515
CHECK family=triad cell=d768_in_proj op=nt dtype=f32 arm=det rel_l2_vs_pedantic=1.037e-6
CHECK family=triad cell=d768_in_proj op=nt dtype=f32 arm=fast rel_l2_vs_pedantic=2.952e-4
CHECK family=triad cell=d768_in_proj op=nt dtype=f32 arm=pedantic rel_l2_vs_pedantic=0.000e0
TIMING family=triad cell=d768_in_proj op=nt dtype=f32 m=2048 k=768 n=3072 arm=det iters=14 windows=21 p05_us=279.918 p50_us=373.833 p95_us=390.581
TIMING family=triad cell=d768_in_proj op=nt dtype=f32 m=2048 k=768 n=3072 arm=fast iters=34 windows=21 p05_us=117.188 p50_us=163.147 p95_us=168.234
TIMING family=triad cell=d768_in_proj op=nt dtype=f32 m=2048 k=768 n=3072 arm=pedantic iters=13 windows=21 p05_us=312.960 p50_us=378.959 p95_us=391.719
CHECK family=triad cell=d768_out_proj op=nn dtype=f32 arm=det rel_l2_vs_pedantic=7.360e-7
CHECK family=triad cell=d768_out_proj op=nn dtype=f32 arm=fast rel_l2_vs_pedantic=2.801e-4
CHECK family=triad cell=d768_out_proj op=nn dtype=f32 arm=pedantic rel_l2_vs_pedantic=0.000e0
TIMING family=triad cell=d768_out_proj op=nn dtype=f32 m=2048 k=1536 n=768 arm=det iters=29 windows=21 p05_us=137.326 p50_us=165.747 p95_us=173.294
TIMING family=triad cell=d768_out_proj op=nn dtype=f32 m=2048 k=1536 n=768 arm=fast iters=63 windows=21 p05_us=62.935 p50_us=77.676 p95_us=80.225
TIMING family=triad cell=d768_out_proj op=nn dtype=f32 m=2048 k=1536 n=768 arm=pedantic iters=27 windows=21 p05_us=146.541 p50_us=177.579 p95_us=181.703
CHECK family=triad cell=d768_out_proj op=tn dtype=f32 arm=det rel_l2_vs_pedantic=4.510e-7
CHECK family=triad cell=d768_out_proj op=tn dtype=f32 arm=fast rel_l2_vs_pedantic=2.801e-4
CHECK family=triad cell=d768_out_proj op=tn dtype=f32 arm=pedantic rel_l2_vs_pedantic=0.000e0
TIMING family=triad cell=d768_out_proj op=tn dtype=f32 m=2048 k=1536 n=768 arm=det iters=21 windows=21 p05_us=193.731 p50_us=202.458 p95_us=209.131
TIMING family=triad cell=d768_out_proj op=tn dtype=f32 m=2048 k=1536 n=768 arm=fast iters=48 windows=21 p05_us=82.283 p50_us=87.231 p95_us=91.093
TIMING family=triad cell=d768_out_proj op=tn dtype=f32 m=2048 k=1536 n=768 arm=pedantic iters=29 windows=21 p05_us=138.982 p50_us=145.760 p95_us=148.727
CHECK family=triad cell=d768_out_proj op=nt dtype=f32 arm=det rel_l2_vs_pedantic=4.733e-7
CHECK family=triad cell=d768_out_proj op=nt dtype=f32 arm=fast rel_l2_vs_pedantic=2.963e-4
CHECK family=triad cell=d768_out_proj op=nt dtype=f32 arm=pedantic rel_l2_vs_pedantic=0.000e0
TIMING family=triad cell=d768_out_proj op=nt dtype=f32 m=2048 k=1536 n=768 arm=det iters=27 windows=21 p05_us=145.218 p50_us=182.879 p95_us=190.085
TIMING family=triad cell=d768_out_proj op=nt dtype=f32 m=2048 k=1536 n=768 arm=fast iters=59 windows=21 p05_us=66.785 p50_us=87.092 p95_us=89.019
TIMING family=triad cell=d768_out_proj op=nt dtype=f32 m=2048 k=1536 n=768 arm=pedantic iters=24 windows=21 p05_us=163.115 p50_us=190.717 p95_us=194.987
CHECK family=triad cell=large_deep op=nn dtype=f32 arm=det rel_l2_vs_pedantic=1.036e-6
CHECK family=triad cell=large_deep op=nn dtype=f32 arm=fast rel_l2_vs_pedantic=2.798e-4
CHECK family=triad cell=large_deep op=nn dtype=f32 arm=pedantic rel_l2_vs_pedantic=0.000e0
TIMING family=triad cell=large_deep op=nn dtype=f32 m=4096 k=3072 n=1536 arm=det iters=8 windows=21 p05_us=1647.988 p50_us=1681.932 p95_us=1717.376
TIMING family=triad cell=large_deep op=nn dtype=f32 m=4096 k=3072 n=1536 arm=fast iters=11 windows=21 p05_us=425.891 p50_us=443.113 p95_us=447.939
TIMING family=triad cell=large_deep op=nn dtype=f32 m=4096 k=3072 n=1536 arm=pedantic iters=8 windows=21 p05_us=1083.264 p50_us=1101.824 p95_us=1138.304
CHECK family=triad cell=large_deep op=tn dtype=f32 arm=det rel_l2_vs_pedantic=1.200e-6
CHECK family=triad cell=large_deep op=tn dtype=f32 arm=fast rel_l2_vs_pedantic=2.796e-4
CHECK family=triad cell=large_deep op=tn dtype=f32 arm=pedantic rel_l2_vs_pedantic=0.000e0
TIMING family=triad cell=large_deep op=tn dtype=f32 m=4096 k=3072 n=1536 arm=det iters=8 windows=21 p05_us=1405.572 p50_us=1461.504 p95_us=1570.324
TIMING family=triad cell=large_deep op=tn dtype=f32 m=4096 k=3072 n=1536 arm=fast iters=8 windows=21 p05_us=495.104 p50_us=509.056 p95_us=531.168
TIMING family=triad cell=large_deep op=tn dtype=f32 m=4096 k=3072 n=1536 arm=pedantic iters=8 windows=21 p05_us=963.072 p50_us=991.488 p95_us=1009.392
CHECK family=triad cell=large_deep op=nt dtype=f32 arm=det rel_l2_vs_pedantic=0.000e0
CHECK family=triad cell=large_deep op=nt dtype=f32 arm=fast rel_l2_vs_pedantic=2.959e-4
CHECK family=triad cell=large_deep op=nt dtype=f32 arm=pedantic rel_l2_vs_pedantic=0.000e0
TIMING family=triad cell=large_deep op=nt dtype=f32 m=4096 k=3072 n=1536 arm=det iters=8 windows=21 p05_us=2148.864 p50_us=2368.636 p95_us=2779.896
TIMING family=triad cell=large_deep op=nt dtype=f32 m=4096 k=3072 n=1536 arm=fast iters=11 windows=21 p05_us=436.783 p50_us=472.902 p95_us=557.135
TIMING family=triad cell=large_deep op=nt dtype=f32 m=4096 k=3072 n=1536 arm=pedantic iters=8 windows=21 p05_us=1213.568 p50_us=1258.492 p95_us=1324.800
CHECK family=triad cell=prism_in_proj op=nn dtype=f32 arm=det rel_l2_vs_pedantic=0.000e0
CHECK family=triad cell=prism_in_proj op=nn dtype=f32 arm=fast rel_l2_vs_pedantic=2.808e-4
CHECK family=triad cell=prism_in_proj op=nn dtype=f32 arm=pedantic rel_l2_vs_pedantic=0.000e0
TIMING family=triad cell=prism_in_proj op=nn dtype=f32 m=4621 k=384 n=1928 arm=det iters=21 windows=21 p05_us=189.586 p50_us=249.954 p95_us=258.779
TIMING family=triad cell=prism_in_proj op=nn dtype=f32 m=4621 k=384 n=1928 arm=fast iters=38 windows=21 p05_us=102.993 p50_us=136.839 p95_us=141.420
TIMING family=triad cell=prism_in_proj op=nn dtype=f32 m=4621 k=384 n=1928 arm=pedantic iters=18 windows=21 p05_us=225.787 p50_us=279.211 p95_us=286.032
CHECK family=triad cell=prism_in_proj op=tn dtype=f32 arm=det rel_l2_vs_pedantic=5.555e-7
CHECK family=triad cell=prism_in_proj op=tn dtype=f32 arm=fast rel_l2_vs_pedantic=2.795e-4
CHECK family=triad cell=prism_in_proj op=tn dtype=f32 arm=pedantic rel_l2_vs_pedantic=0.000e0
TIMING family=triad cell=prism_in_proj op=tn dtype=f32 m=4621 k=384 n=1928 arm=det iters=17 windows=21 p05_us=239.608 p50_us=295.936 p95_us=301.291
TIMING family=triad cell=prism_in_proj op=tn dtype=f32 m=4621 k=384 n=1928 arm=fast iters=40 windows=21 p05_us=99.917 p50_us=126.515 p95_us=127.849
TIMING family=triad cell=prism_in_proj op=tn dtype=f32 m=4621 k=384 n=1928 arm=pedantic iters=21 windows=21 p05_us=194.016 p50_us=239.657 p95_us=241.810
CHECK family=triad cell=prism_in_proj op=nt dtype=f32 arm=det rel_l2_vs_pedantic=7.505e-7
CHECK family=triad cell=prism_in_proj op=nt dtype=f32 arm=fast rel_l2_vs_pedantic=2.958e-4
CHECK family=triad cell=prism_in_proj op=nt dtype=f32 arm=pedantic rel_l2_vs_pedantic=0.000e0
TIMING family=triad cell=prism_in_proj op=nt dtype=f32 m=4621 k=384 n=1928 arm=det iters=13 windows=21 p05_us=304.761 p50_us=354.146 p95_us=362.417
TIMING family=triad cell=prism_in_proj op=nt dtype=f32 m=4621 k=384 n=1928 arm=fast iters=52 windows=21 p05_us=77.115 p50_us=91.290 p95_us=95.094
TIMING family=triad cell=prism_in_proj op=nt dtype=f32 m=4621 k=384 n=1928 arm=pedantic iters=16 windows=21 p05_us=257.408 p50_us=288.000 p95_us=296.000
CONTEXT family=triad dtype=bf16 arm=det batch_invariant=true family=Triad tensor_cores=true fast_gemm=false tf32=false
CONTEXT family=triad dtype=bf16 arm=fast batch_invariant=false family=Triad tensor_cores=true fast_gemm=true tf32=true
CONTEXT family=triad dtype=bf16 arm=pedantic batch_invariant=false family=Triad tensor_cores=true fast_gemm=false tf32=false
CHECK family=triad cell=d128_in_proj op=nn dtype=bf16 arm=det rel_l2_vs_pedantic=3.047e-5
CHECK family=triad cell=d128_in_proj op=nn dtype=bf16 arm=fast rel_l2_vs_pedantic=3.047e-5
CHECK family=triad cell=d128_in_proj op=nn dtype=bf16 arm=pedantic rel_l2_vs_pedantic=0.000e0
TIMING family=triad cell=d128_in_proj op=nn dtype=bf16 m=1024 k=128 n=512 arm=det iters=641 windows=21 p05_us=5.749 p50_us=5.753 p95_us=5.756
TIMING family=triad cell=d128_in_proj op=nn dtype=bf16 m=1024 k=128 n=512 arm=fast iters=744 windows=21 p05_us=4.803 p50_us=4.806 p95_us=4.810
TIMING family=triad cell=d128_in_proj op=nn dtype=bf16 m=1024 k=128 n=512 arm=pedantic iters=368 windows=21 p05_us=10.435 p50_us=10.443 p95_us=10.446
CHECK family=triad cell=d128_in_proj op=tn dtype=bf16 arm=det rel_l2_vs_pedantic=8.773e-7
CHECK family=triad cell=d128_in_proj op=tn dtype=bf16 arm=fast rel_l2_vs_pedantic=2.331e-7
CHECK family=triad cell=d128_in_proj op=tn dtype=bf16 arm=pedantic rel_l2_vs_pedantic=0.000e0
TIMING family=triad cell=d128_in_proj op=tn dtype=bf16 m=1024 k=128 n=512 arm=det iters=213 windows=21 p05_us=18.350 p50_us=18.355 p95_us=18.355
TIMING family=triad cell=d128_in_proj op=tn dtype=bf16 m=1024 k=128 n=512 arm=fast iters=466 windows=21 p05_us=7.880 p50_us=7.906 p95_us=7.917
TIMING family=triad cell=d128_in_proj op=tn dtype=bf16 m=1024 k=128 n=512 arm=pedantic iters=79 windows=21 p05_us=50.435 p50_us=50.461 p95_us=50.464
CHECK family=triad cell=d128_in_proj op=nt dtype=bf16 arm=det rel_l2_vs_pedantic=4.170e-5
CHECK family=triad cell=d128_in_proj op=nt dtype=bf16 arm=fast rel_l2_vs_pedantic=4.170e-5
CHECK family=triad cell=d128_in_proj op=nt dtype=bf16 arm=pedantic rel_l2_vs_pedantic=0.000e0
TIMING family=triad cell=d128_in_proj op=nt dtype=bf16 m=1024 k=128 n=512 arm=det iters=417 windows=21 p05_us=9.316 p50_us=9.319 p95_us=9.322
TIMING family=triad cell=d128_in_proj op=nt dtype=bf16 m=1024 k=128 n=512 arm=fast iters=481 windows=21 p05_us=7.634 p50_us=7.640 p95_us=7.647
TIMING family=triad cell=d128_in_proj op=nt dtype=bf16 m=1024 k=128 n=512 arm=pedantic iters=112 windows=21 p05_us=35.136 p50_us=35.154 p95_us=35.163
CHECK family=triad cell=d128_out_proj op=nn dtype=bf16 arm=det rel_l2_vs_pedantic=2.699e-5
CHECK family=triad cell=d128_out_proj op=nn dtype=bf16 arm=fast rel_l2_vs_pedantic=2.699e-5
CHECK family=triad cell=d128_out_proj op=nn dtype=bf16 arm=pedantic rel_l2_vs_pedantic=0.000e0
TIMING family=triad cell=d128_out_proj op=nn dtype=bf16 m=1024 k=256 n=128 arm=det iters=579 windows=21 p05_us=6.590 p50_us=6.593 p95_us=6.598
TIMING family=triad cell=d128_out_proj op=nn dtype=bf16 m=1024 k=256 n=128 arm=fast iters=679 windows=21 p05_us=5.378 p50_us=5.385 p95_us=5.393
TIMING family=triad cell=d128_out_proj op=nn dtype=bf16 m=1024 k=256 n=128 arm=pedantic iters=265 windows=21 p05_us=14.630 p50_us=14.634 p95_us=14.637
CHECK family=triad cell=d128_out_proj op=tn dtype=bf16 arm=det rel_l2_vs_pedantic=8.822e-7
CHECK family=triad cell=d128_out_proj op=tn dtype=bf16 arm=fast rel_l2_vs_pedantic=2.346e-7
CHECK family=triad cell=d128_out_proj op=tn dtype=bf16 arm=pedantic rel_l2_vs_pedantic=0.000e0
TIMING family=triad cell=d128_out_proj op=tn dtype=bf16 m=1024 k=256 n=128 arm=det iters=213 windows=21 p05_us=18.172 p50_us=18.177 p95_us=18.177
TIMING family=triad cell=d128_out_proj op=tn dtype=bf16 m=1024 k=256 n=128 arm=fast iters=521 windows=21 p05_us=7.205 p50_us=7.217 p95_us=7.231
TIMING family=triad cell=d128_out_proj op=tn dtype=bf16 m=1024 k=256 n=128 arm=pedantic iters=79 windows=21 p05_us=50.470 p50_us=50.483 p95_us=50.497
CHECK family=triad cell=d128_out_proj op=nt dtype=bf16 arm=det rel_l2_vs_pedantic=2.745e-5
CHECK family=triad cell=d128_out_proj op=nt dtype=bf16 arm=fast rel_l2_vs_pedantic=2.745e-5
CHECK family=triad cell=d128_out_proj op=nt dtype=bf16 arm=pedantic rel_l2_vs_pedantic=0.000e0
TIMING family=triad cell=d128_out_proj op=nt dtype=bf16 m=1024 k=256 n=128 arm=det iters=710 windows=21 p05_us=5.332 p50_us=5.335 p95_us=5.336
TIMING family=triad cell=d128_out_proj op=nt dtype=bf16 m=1024 k=256 n=128 arm=fast iters=762 windows=21 p05_us=4.663 p50_us=4.667 p95_us=4.670
TIMING family=triad cell=d128_out_proj op=nt dtype=bf16 m=1024 k=256 n=128 arm=pedantic iters=329 windows=21 p05_us=11.660 p50_us=11.669 p95_us=11.681
CHECK family=triad cell=underfill op=nn dtype=bf16 arm=det rel_l2_vs_pedantic=2.344e-5
CHECK family=triad cell=underfill op=nn dtype=bf16 arm=fast rel_l2_vs_pedantic=2.641e-3
CHECK family=triad cell=underfill op=nn dtype=bf16 arm=pedantic rel_l2_vs_pedantic=0.000e0
TIMING family=triad cell=underfill op=nn dtype=bf16 m=256 k=512 n=384 arm=det iters=579 windows=21 p05_us=6.619 p50_us=6.622 p95_us=6.623
TIMING family=triad cell=underfill op=nn dtype=bf16 m=256 k=512 n=384 arm=fast iters=504 windows=21 p05_us=7.359 p50_us=7.365 p95_us=7.371
TIMING family=triad cell=underfill op=nn dtype=bf16 m=256 k=512 n=384 arm=pedantic iters=151 windows=21 p05_us=25.919 p50_us=25.932 p95_us=25.939
CHECK family=triad cell=underfill op=tn dtype=bf16 arm=det rel_l2_vs_pedantic=2.049e-7
CHECK family=triad cell=underfill op=tn dtype=bf16 arm=fast rel_l2_vs_pedantic=2.049e-7
CHECK family=triad cell=underfill op=tn dtype=bf16 arm=pedantic rel_l2_vs_pedantic=0.000e0
TIMING family=triad cell=underfill op=tn dtype=bf16 m=256 k=512 n=384 arm=det iters=434 windows=21 p05_us=8.916 p50_us=8.919 p95_us=8.923
TIMING family=triad cell=underfill op=tn dtype=bf16 m=256 k=512 n=384 arm=fast iters=651 windows=21 p05_us=5.521 p50_us=5.526 p95_us=5.532
TIMING family=triad cell=underfill op=tn dtype=bf16 m=256 k=512 n=384 arm=pedantic iters=230 windows=21 p05_us=16.958 p50_us=16.967 p95_us=16.975
CHECK family=triad cell=underfill op=nt dtype=bf16 arm=det rel_l2_vs_pedantic=3.605e-5
CHECK family=triad cell=underfill op=nt dtype=bf16 arm=fast rel_l2_vs_pedantic=3.605e-5
CHECK family=triad cell=underfill op=nt dtype=bf16 arm=pedantic rel_l2_vs_pedantic=0.000e0
TIMING family=triad cell=underfill op=nt dtype=bf16 m=256 k=512 n=384 arm=det iters=496 windows=21 p05_us=7.841 p50_us=7.843 p95_us=7.847
TIMING family=triad cell=underfill op=nt dtype=bf16 m=256 k=512 n=384 arm=fast iters=559 windows=21 p05_us=6.528 p50_us=6.534 p95_us=6.540
TIMING family=triad cell=underfill op=nt dtype=bf16 m=256 k=512 n=384 arm=pedantic iters=144 windows=21 p05_us=27.384 p50_us=27.392 p95_us=27.399
CHECK family=triad cell=d768_in_proj op=nn dtype=bf16 arm=det rel_l2_vs_pedantic=5.318e-5
CHECK family=triad cell=d768_in_proj op=nn dtype=bf16 arm=fast rel_l2_vs_pedantic=5.318e-5
CHECK family=triad cell=d768_in_proj op=nn dtype=bf16 arm=pedantic rel_l2_vs_pedantic=0.000e0
TIMING family=triad cell=d768_in_proj op=nn dtype=bf16 m=2048 k=768 n=3072 arm=det iters=64 windows=21 p05_us=62.128 p50_us=72.240 p95_us=73.952
TIMING family=triad cell=d768_in_proj op=nn dtype=bf16 m=2048 k=768 n=3072 arm=fast iters=51 windows=21 p05_us=77.723 p50_us=82.583 p95_us=85.006
TIMING family=triad cell=d768_in_proj op=nn dtype=bf16 m=2048 k=768 n=3072 arm=pedantic iters=12 windows=21 p05_us=336.213 p50_us=396.819 p95_us=410.272
CHECK family=triad cell=d768_in_proj op=tn dtype=bf16 arm=det rel_l2_vs_pedantic=1.970e-6
CHECK family=triad cell=d768_in_proj op=tn dtype=bf16 arm=fast rel_l2_vs_pedantic=9.138e-7
CHECK family=triad cell=d768_in_proj op=tn dtype=bf16 arm=pedantic rel_l2_vs_pedantic=0.000e0
TIMING family=triad cell=d768_in_proj op=tn dtype=bf16 m=2048 k=768 n=3072 arm=det iters=46 windows=21 p05_us=86.657 p50_us=93.540 p95_us=95.766
TIMING family=triad cell=d768_in_proj op=tn dtype=bf16 m=2048 k=768 n=3072 arm=fast iters=44 windows=21 p05_us=90.717 p50_us=93.812 p95_us=95.302
TIMING family=triad cell=d768_in_proj op=tn dtype=bf16 m=2048 k=768 n=3072 arm=pedantic iters=11 windows=21 p05_us=354.211 p50_us=400.477 p95_us=413.137
CHECK family=triad cell=d768_in_proj op=nt dtype=bf16 arm=det rel_l2_vs_pedantic=1.226e-4
CHECK family=triad cell=d768_in_proj op=nt dtype=bf16 arm=fast rel_l2_vs_pedantic=2.150e-3
CHECK family=triad cell=d768_in_proj op=nt dtype=bf16 arm=pedantic rel_l2_vs_pedantic=0.000e0
TIMING family=triad cell=d768_in_proj op=nt dtype=bf16 m=2048 k=768 n=3072 arm=det iters=56 windows=21 p05_us=71.058 p50_us=72.245 p95_us=74.570
TIMING family=triad cell=d768_in_proj op=nt dtype=bf16 m=2048 k=768 n=3072 arm=fast iters=51 windows=21 p05_us=71.014 p50_us=75.352 p95_us=77.261
TIMING family=triad cell=d768_in_proj op=nt dtype=bf16 m=2048 k=768 n=3072 arm=pedantic iters=11 windows=21 p05_us=359.043 p50_us=367.523 p95_us=377.044
CHECK family=triad cell=d768_out_proj op=nn dtype=bf16 arm=det rel_l2_vs_pedantic=8.136e-5
CHECK family=triad cell=d768_out_proj op=nn dtype=bf16 arm=fast rel_l2_vs_pedantic=8.136e-5
CHECK family=triad cell=d768_out_proj op=nn dtype=bf16 arm=pedantic rel_l2_vs_pedantic=0.000e0
TIMING family=triad cell=d768_out_proj op=nn dtype=bf16 m=2048 k=1536 n=768 arm=det iters=104 windows=21 p05_us=37.946 p50_us=37.966 p95_us=37.977
TIMING family=triad cell=d768_out_proj op=nn dtype=bf16 m=2048 k=1536 n=768 arm=fast iters=84 windows=21 p05_us=47.360 p50_us=47.430 p95_us=47.470
TIMING family=triad cell=d768_out_proj op=nn dtype=bf16 m=2048 k=1536 n=768 arm=pedantic iters=21 windows=21 p05_us=188.709 p50_us=188.757 p95_us=188.806
CHECK family=triad cell=d768_out_proj op=tn dtype=bf16 arm=det rel_l2_vs_pedantic=1.970e-6
CHECK family=triad cell=d768_out_proj op=tn dtype=bf16 arm=fast rel_l2_vs_pedantic=6.197e-7
CHECK family=triad cell=d768_out_proj op=tn dtype=bf16 arm=pedantic rel_l2_vs_pedantic=0.000e0
TIMING family=triad cell=d768_out_proj op=tn dtype=bf16 m=2048 k=1536 n=768 arm=det iters=72 windows=21 p05_us=55.084 p50_us=55.196 p95_us=55.309
TIMING family=triad cell=d768_out_proj op=tn dtype=bf16 m=2048 k=1536 n=768 arm=fast iters=78 windows=21 p05_us=50.215 p50_us=50.281 p95_us=50.399
TIMING family=triad cell=d768_out_proj op=tn dtype=bf16 m=2048 k=1536 n=768 arm=pedantic iters=19 windows=21 p05_us=213.208 p50_us=213.379 p95_us=213.531
CHECK family=triad cell=d768_out_proj op=nt dtype=bf16 arm=det rel_l2_vs_pedantic=6.323e-5
CHECK family=triad cell=d768_out_proj op=nt dtype=bf16 arm=fast rel_l2_vs_pedantic=3.875e-5
CHECK family=triad cell=d768_out_proj op=nt dtype=bf16 arm=pedantic rel_l2_vs_pedantic=0.000e0
TIMING family=triad cell=d768_out_proj op=nt dtype=bf16 m=2048 k=1536 n=768 arm=det iters=109 windows=21 p05_us=36.489 p50_us=42.078 p95_us=42.735
TIMING family=triad cell=d768_out_proj op=nt dtype=bf16 m=2048 k=1536 n=768 arm=fast iters=102 windows=21 p05_us=38.661 p50_us=40.157 p95_us=40.498
TIMING family=triad cell=d768_out_proj op=nt dtype=bf16 m=2048 k=1536 n=768 arm=pedantic iters=22 windows=21 p05_us=180.364 p50_us=210.335 p95_us=212.480
CHECK family=triad cell=large_deep op=nn dtype=bf16 arm=det rel_l2_vs_pedantic=1.291e-4
CHECK family=triad cell=large_deep op=nn dtype=bf16 arm=fast rel_l2_vs_pedantic=2.147e-3
CHECK family=triad cell=large_deep op=nn dtype=bf16 arm=pedantic rel_l2_vs_pedantic=0.000e0
TIMING family=triad cell=large_deep op=nn dtype=bf16 m=4096 k=3072 n=1536 arm=det iters=13 windows=21 p05_us=302.946 p50_us=384.551 p95_us=401.172
TIMING family=triad cell=large_deep op=nn dtype=bf16 m=4096 k=3072 n=1536 arm=fast iters=17 windows=21 p05_us=230.455 p50_us=267.505 p95_us=275.200
TIMING family=triad cell=large_deep op=nn dtype=bf16 m=4096 k=3072 n=1536 arm=pedantic iters=8 windows=21 p05_us=1313.536 p50_us=1657.324 p95_us=1730.176
CHECK family=triad cell=large_deep op=tn dtype=bf16 arm=det rel_l2_vs_pedantic=4.451e-6
CHECK family=triad cell=large_deep op=tn dtype=bf16 arm=fast rel_l2_vs_pedantic=2.012e-6
CHECK family=triad cell=large_deep op=tn dtype=bf16 arm=pedantic rel_l2_vs_pedantic=0.000e0
TIMING family=triad cell=large_deep op=tn dtype=bf16 m=4096 k=3072 n=1536 arm=det iters=11 windows=21 p05_us=375.156 p50_us=397.591 p95_us=406.621
TIMING family=triad cell=large_deep op=tn dtype=bf16 m=4096 k=3072 n=1536 arm=fast iters=13 windows=21 p05_us=317.905 p50_us=332.249 p95_us=340.138
TIMING family=triad cell=large_deep op=tn dtype=bf16 m=4096 k=3072 n=1536 arm=pedantic iters=8 windows=21 p05_us=1451.392 p50_us=1534.592 p95_us=1592.184
CHECK family=triad cell=large_deep op=nt dtype=bf16 arm=det rel_l2_vs_pedantic=8.454e-5
CHECK family=triad cell=large_deep op=nt dtype=bf16 arm=fast rel_l2_vs_pedantic=5.675e-5
CHECK family=triad cell=large_deep op=nt dtype=bf16 arm=pedantic rel_l2_vs_pedantic=0.000e0
TIMING family=triad cell=large_deep op=nt dtype=bf16 m=4096 k=3072 n=1536 arm=det iters=13 windows=21 p05_us=400.635 p50_us=416.847 p95_us=434.727
TIMING family=triad cell=large_deep op=nt dtype=bf16 m=4096 k=3072 n=1536 arm=fast iters=17 windows=21 p05_us=262.686 p50_us=273.649 p95_us=282.985
TIMING family=triad cell=large_deep op=nt dtype=bf16 m=4096 k=3072 n=1536 arm=pedantic iters=8 windows=21 p05_us=1445.248 p50_us=1626.880 p95_us=1663.968
CHECK family=triad cell=prism_in_proj op=nn dtype=bf16 arm=det rel_l2_vs_pedantic=3.619e-5
CHECK family=triad cell=prism_in_proj op=nn dtype=bf16 arm=fast rel_l2_vs_pedantic=3.619e-5
CHECK family=triad cell=prism_in_proj op=nn dtype=bf16 arm=pedantic rel_l2_vs_pedantic=0.000e0
TIMING family=triad cell=prism_in_proj op=nn dtype=bf16 m=4621 k=384 n=1928 arm=det iters=67 windows=21 p05_us=62.036 p50_us=68.238 p95_us=69.953
TIMING family=triad cell=prism_in_proj op=nn dtype=bf16 m=4621 k=384 n=1928 arm=fast iters=54 windows=21 p05_us=74.315 p50_us=76.874 p95_us=78.676
TIMING family=triad cell=prism_in_proj op=nn dtype=bf16 m=4621 k=384 n=1928 arm=pedantic iters=16 windows=21 p05_us=254.784 p50_us=297.668 p95_us=306.112
CHECK family=triad cell=prism_in_proj op=tn dtype=bf16 arm=det rel_l2_vs_pedantic=5.120e-6
CHECK family=triad cell=prism_in_proj op=tn dtype=bf16 arm=fast rel_l2_vs_pedantic=8.276e-7
CHECK family=triad cell=prism_in_proj op=tn dtype=bf16 arm=pedantic rel_l2_vs_pedantic=0.000e0
TIMING family=triad cell=prism_in_proj op=tn dtype=bf16 m=4621 k=384 n=1928 arm=det iters=51 windows=21 p05_us=77.577 p50_us=77.683 p95_us=79.387
TIMING family=triad cell=prism_in_proj op=tn dtype=bf16 m=4621 k=384 n=1928 arm=fast iters=72 windows=21 p05_us=54.631 p50_us=54.770 p95_us=55.081
TIMING family=triad cell=prism_in_proj op=tn dtype=bf16 m=4621 k=384 n=1928 arm=pedantic iters=12 windows=21 p05_us=333.995 p50_us=334.152 p95_us=339.712
CHECK family=triad cell=prism_in_proj op=nt dtype=bf16 arm=det rel_l2_vs_pedantic=9.235e-5
CHECK family=triad cell=prism_in_proj op=nt dtype=bf16 arm=fast rel_l2_vs_pedantic=2.649e-3
CHECK family=triad cell=prism_in_proj op=nt dtype=bf16 arm=pedantic rel_l2_vs_pedantic=0.000e0
TIMING family=triad cell=prism_in_proj op=nt dtype=bf16 m=4621 k=384 n=1928 arm=det iters=80 windows=21 p05_us=49.536 p50_us=53.952 p95_us=55.856
TIMING family=triad cell=prism_in_proj op=nt dtype=bf16 m=4621 k=384 n=1928 arm=fast iters=66 windows=21 p05_us=60.742 p50_us=61.797 p95_us=62.650
TIMING family=triad cell=prism_in_proj op=nt dtype=bf16 m=4621 k=384 n=1928 arm=pedantic iters=13 windows=21 p05_us=297.118 p50_us=331.919 p95_us=339.175
CONTEXT family=triad dtype=f16 arm=det batch_invariant=true family=Triad tensor_cores=true fast_gemm=false tf32=false
CONTEXT family=triad dtype=f16 arm=fast batch_invariant=false family=Triad tensor_cores=true fast_gemm=true tf32=true
CONTEXT family=triad dtype=f16 arm=pedantic batch_invariant=false family=Triad tensor_cores=true fast_gemm=false tf32=false
CHECK family=triad cell=d128_in_proj op=nn dtype=f16 arm=det rel_l2_vs_pedantic=1.472e-5
CHECK family=triad cell=d128_in_proj op=nn dtype=f16 arm=fast rel_l2_vs_pedantic=1.472e-5
CHECK family=triad cell=d128_in_proj op=nn dtype=f16 arm=pedantic rel_l2_vs_pedantic=0.000e0
TIMING family=triad cell=d128_in_proj op=nn dtype=f16 m=1024 k=128 n=512 arm=det iters=651 windows=21 p05_us=5.715 p50_us=5.719 p95_us=5.721
TIMING family=triad cell=d128_in_proj op=nn dtype=f16 m=1024 k=128 n=512 arm=fast iters=694 windows=21 p05_us=5.299 p50_us=5.307 p95_us=5.310
TIMING family=triad cell=d128_in_proj op=nn dtype=f16 m=1024 k=128 n=512 arm=pedantic iters=397 windows=21 p05_us=9.523 p50_us=9.531 p95_us=9.538
CHECK family=triad cell=d128_in_proj op=tn dtype=f16 arm=det rel_l2_vs_pedantic=1.729e-6
CHECK family=triad cell=d128_in_proj op=tn dtype=f16 arm=fast rel_l2_vs_pedantic=2.989e-7
CHECK family=triad cell=d128_in_proj op=tn dtype=f16 arm=pedantic rel_l2_vs_pedantic=0.000e0
TIMING family=triad cell=d128_in_proj op=tn dtype=f16 m=1024 k=128 n=512 arm=det iters=213 windows=21 p05_us=18.355 p50_us=18.365 p95_us=18.370
TIMING family=triad cell=d128_in_proj op=tn dtype=f16 m=1024 k=128 n=512 arm=fast iters=480 windows=21 p05_us=7.861 p50_us=7.883 p95_us=7.891
TIMING family=triad cell=d128_in_proj op=tn dtype=f16 m=1024 k=128 n=512 arm=pedantic iters=316 windows=21 p05_us=12.219 p50_us=12.239 p95_us=12.256
CHECK family=triad cell=d128_in_proj op=nt dtype=f16 arm=det rel_l2_vs_pedantic=3.810e-4
CHECK family=triad cell=d128_in_proj op=nt dtype=f16 arm=fast rel_l2_vs_pedantic=3.810e-4
CHECK family=triad cell=d128_in_proj op=nt dtype=f16 arm=pedantic rel_l2_vs_pedantic=0.000e0
TIMING family=triad cell=d128_in_proj op=nt dtype=f16 m=1024 k=128 n=512 arm=det iters=406 windows=21 p05_us=9.393 p50_us=9.397 p95_us=9.405
TIMING family=triad cell=d128_in_proj op=nt dtype=f16 m=1024 k=128 n=512 arm=fast iters=613 windows=21 p05_us=5.845 p50_us=5.848 p95_us=5.857
TIMING family=triad cell=d128_in_proj op=nt dtype=f16 m=1024 k=128 n=512 arm=pedantic iters=301 windows=21 p05_us=12.632 p50_us=12.645 p95_us=12.659
CHECK family=triad cell=d128_out_proj op=nn dtype=f16 arm=det rel_l2_vs_pedantic=3.331e-4
CHECK family=triad cell=d128_out_proj op=nn dtype=f16 arm=fast rel_l2_vs_pedantic=3.331e-4
CHECK family=triad cell=d128_out_proj op=nn dtype=f16 arm=pedantic rel_l2_vs_pedantic=0.000e0
TIMING family=triad cell=d128_out_proj op=nn dtype=f16 m=1024 k=256 n=128 arm=det iters=568 windows=21 p05_us=6.615 p50_us=6.623 p95_us=6.626
TIMING family=triad cell=d128_out_proj op=nn dtype=f16 m=1024 k=256 n=128 arm=fast iters=759 windows=21 p05_us=4.781 p50_us=4.784 p95_us=4.806
TIMING family=triad cell=d128_out_proj op=nn dtype=f16 m=1024 k=256 n=128 arm=pedantic iters=405 windows=21 p05_us=9.380 p50_us=9.390 p95_us=9.408
CHECK family=triad cell=d128_out_proj op=tn dtype=f16 arm=det rel_l2_vs_pedantic=1.724e-6
CHECK family=triad cell=d128_out_proj op=tn dtype=f16 arm=fast rel_l2_vs_pedantic=3.034e-7
CHECK family=triad cell=d128_out_proj op=tn dtype=f16 arm=pedantic rel_l2_vs_pedantic=0.000e0
TIMING family=triad cell=d128_out_proj op=tn dtype=f16 m=1024 k=256 n=128 arm=det iters=217 windows=21 p05_us=18.224 p50_us=18.229 p95_us=18.233
TIMING family=triad cell=d128_out_proj op=tn dtype=f16 m=1024 k=256 n=128 arm=fast iters=506 windows=21 p05_us=7.383 p50_us=7.393 p95_us=7.411
TIMING family=triad cell=d128_out_proj op=tn dtype=f16 m=1024 k=256 n=128 arm=pedantic iters=386 windows=21 p05_us=9.887 p50_us=9.895 p95_us=9.898
CHECK family=triad cell=d128_out_proj op=nt dtype=f16 arm=det rel_l2_vs_pedantic=1.399e-5
CHECK family=triad cell=d128_out_proj op=nt dtype=f16 arm=fast rel_l2_vs_pedantic=1.399e-5
CHECK family=triad cell=d128_out_proj op=nt dtype=f16 arm=pedantic rel_l2_vs_pedantic=0.000e0
TIMING family=triad cell=d128_out_proj op=nt dtype=f16 m=1024 k=256 n=128 arm=det iters=710 windows=21 p05_us=5.329 p50_us=5.335 p95_us=5.342
TIMING family=triad cell=d128_out_proj op=nt dtype=f16 m=1024 k=256 n=128 arm=fast iters=801 windows=21 p05_us=4.488 p50_us=4.492 p95_us=4.581
TIMING family=triad cell=d128_out_proj op=nt dtype=f16 m=1024 k=256 n=128 arm=pedantic iters=519 windows=21 p05_us=7.239 p50_us=7.243 p95_us=7.253
CHECK family=triad cell=underfill op=nn dtype=f16 arm=det rel_l2_vs_pedantic=3.289e-4
CHECK family=triad cell=underfill op=nn dtype=f16 arm=fast rel_l2_vs_pedantic=3.289e-4
CHECK family=triad cell=underfill op=nn dtype=f16 arm=pedantic rel_l2_vs_pedantic=0.000e0
TIMING family=triad cell=underfill op=nn dtype=f16 m=256 k=512 n=384 arm=det iters=581 windows=21 p05_us=6.597 p50_us=6.606 p95_us=6.615
TIMING family=triad cell=underfill op=nn dtype=f16 m=256 k=512 n=384 arm=fast iters=638 windows=21 p05_us=5.723 p50_us=5.731 p95_us=5.734
TIMING family=triad cell=underfill op=nn dtype=f16 m=256 k=512 n=384 arm=pedantic iters=332 windows=21 p05_us=11.538 p50_us=11.548 p95_us=11.557
CHECK family=triad cell=underfill op=tn dtype=f16 arm=det rel_l2_vs_pedantic=4.940e-7
CHECK family=triad cell=underfill op=tn dtype=f16 arm=fast rel_l2_vs_pedantic=4.940e-7
CHECK family=triad cell=underfill op=tn dtype=f16 arm=pedantic rel_l2_vs_pedantic=0.000e0
TIMING family=triad cell=underfill op=tn dtype=f16 m=256 k=512 n=384 arm=det iters=440 windows=21 p05_us=8.869 p50_us=8.872 p95_us=8.876
TIMING family=triad cell=underfill op=tn dtype=f16 m=256 k=512 n=384 arm=fast iters=652 windows=21 p05_us=5.561 p50_us=5.566 p95_us=5.571
TIMING family=triad cell=underfill op=tn dtype=f16 m=256 k=512 n=384 arm=pedantic iters=356 windows=21 p05_us=10.686 p50_us=10.689 p95_us=10.700
CHECK family=triad cell=underfill op=nt dtype=f16 arm=det rel_l2_vs_pedantic=2.048e-5
CHECK family=triad cell=underfill op=nt dtype=f16 arm=fast rel_l2_vs_pedantic=2.048e-5
CHECK family=triad cell=underfill op=nt dtype=f16 arm=pedantic rel_l2_vs_pedantic=0.000e0
TIMING family=triad cell=underfill op=nt dtype=f16 m=256 k=512 n=384 arm=det iters=496 windows=21 p05_us=7.829 p50_us=7.835 p95_us=7.839
TIMING family=triad cell=underfill op=nt dtype=f16 m=256 k=512 n=384 arm=fast iters=679 windows=21 p05_us=5.310 p50_us=5.315 p95_us=5.318
TIMING family=triad cell=underfill op=nt dtype=f16 m=256 k=512 n=384 arm=pedantic iters=340 windows=21 p05_us=11.327 p50_us=11.330 p95_us=11.345
CHECK family=triad cell=d768_in_proj op=nn dtype=f16 arm=det rel_l2_vs_pedantic=3.711e-4
CHECK family=triad cell=d768_in_proj op=nn dtype=f16 arm=fast rel_l2_vs_pedantic=3.711e-4
CHECK family=triad cell=d768_in_proj op=nn dtype=f16 arm=pedantic rel_l2_vs_pedantic=0.000e0
TIMING family=triad cell=d768_in_proj op=nn dtype=f16 m=2048 k=768 n=3072 arm=det iters=64 windows=21 p05_us=62.208 p50_us=84.608 p95_us=87.584
TIMING family=triad cell=d768_in_proj op=nn dtype=f16 m=2048 k=768 n=3072 arm=fast iters=63 windows=21 p05_us=61.586 p50_us=76.946 p95_us=81.367
TIMING family=triad cell=d768_in_proj op=nn dtype=f16 m=2048 k=768 n=3072 arm=pedantic iters=15 windows=21 p05_us=260.642 p50_us=360.098 p95_us=385.161
CHECK family=triad cell=d768_in_proj op=tn dtype=f16 arm=det rel_l2_vs_pedantic=3.376e-6
CHECK family=triad cell=d768_in_proj op=tn dtype=f16 arm=fast rel_l2_vs_pedantic=1.749e-6
CHECK family=triad cell=d768_in_proj op=tn dtype=f16 arm=pedantic rel_l2_vs_pedantic=0.000e0
TIMING family=triad cell=d768_in_proj op=tn dtype=f16 m=2048 k=768 n=3072 arm=det iters=46 windows=21 p05_us=86.883 p50_us=104.537 p95_us=105.732
TIMING family=triad cell=d768_in_proj op=tn dtype=f16 m=2048 k=768 n=3072 arm=fast iters=44 windows=21 p05_us=90.508 p50_us=102.188 p95_us=103.564
TIMING family=triad cell=d768_in_proj op=tn dtype=f16 m=2048 k=768 n=3072 arm=pedantic iters=14 windows=21 p05_us=277.211 p50_us=355.840 p95_us=359.845
CHECK family=triad cell=d768_in_proj op=nt dtype=f16 arm=det rel_l2_vs_pedantic=5.314e-4
CHECK family=triad cell=d768_in_proj op=nt dtype=f16 arm=fast rel_l2_vs_pedantic=5.518e-4
CHECK family=triad cell=d768_in_proj op=nt dtype=f16 arm=pedantic rel_l2_vs_pedantic=0.000e0
TIMING family=triad cell=d768_in_proj op=nt dtype=f16 m=2048 k=768 n=3072 arm=det iters=56 windows=21 p05_us=71.058 p50_us=86.290 p95_us=90.090
TIMING family=triad cell=d768_in_proj op=nt dtype=f16 m=2048 k=768 n=3072 arm=fast iters=51 windows=21 p05_us=76.134 p50_us=77.301 p95_us=83.044
TIMING family=triad cell=d768_in_proj op=nt dtype=f16 m=2048 k=768 n=3072 arm=pedantic iters=14 windows=21 p05_us=279.257 p50_us=332.069 p95_us=357.742
CHECK family=triad cell=d768_out_proj op=nn dtype=f16 arm=det rel_l2_vs_pedantic=4.594e-4
CHECK family=triad cell=d768_out_proj op=nn dtype=f16 arm=fast rel_l2_vs_pedantic=4.594e-4
CHECK family=triad cell=d768_out_proj op=nn dtype=f16 arm=pedantic rel_l2_vs_pedantic=0.000e0
TIMING family=triad cell=d768_out_proj op=nn dtype=f16 m=2048 k=1536 n=768 arm=det iters=104 windows=21 p05_us=37.947 p50_us=42.191 p95_us=43.737
TIMING family=triad cell=d768_out_proj op=nn dtype=f16 m=2048 k=1536 n=768 arm=fast iters=84 windows=21 p05_us=47.686 p50_us=48.785 p95_us=50.761
TIMING family=triad cell=d768_out_proj op=nn dtype=f16 m=2048 k=1536 n=768 arm=pedantic iters=26 windows=21 p05_us=152.300 p50_us=166.873 p95_us=174.553
CHECK family=triad cell=d768_out_proj op=tn dtype=f16 arm=det rel_l2_vs_pedantic=3.371e-6
CHECK family=triad cell=d768_out_proj op=tn dtype=f16 arm=fast rel_l2_vs_pedantic=1.197e-6
CHECK family=triad cell=d768_out_proj op=tn dtype=f16 arm=pedantic rel_l2_vs_pedantic=0.000e0
TIMING family=triad cell=d768_out_proj op=tn dtype=f16 m=2048 k=1536 n=768 arm=det iters=70 windows=21 p05_us=56.159 p50_us=57.765 p95_us=59.933
TIMING family=triad cell=d768_out_proj op=tn dtype=f16 m=2048 k=1536 n=768 arm=fast iters=79 windows=21 p05_us=50.250 p50_us=51.239 p95_us=52.468
TIMING family=triad cell=d768_out_proj op=tn dtype=f16 m=2048 k=1536 n=768 arm=pedantic iters=27 windows=21 p05_us=147.342 p50_us=155.150 p95_us=163.461
CHECK family=triad cell=d768_out_proj op=nt dtype=f16 arm=det rel_l2_vs_pedantic=2.790e-4
CHECK family=triad cell=d768_out_proj op=nt dtype=f16 arm=fast rel_l2_vs_pedantic=2.790e-4
CHECK family=triad cell=d768_out_proj op=nt dtype=f16 arm=pedantic rel_l2_vs_pedantic=0.000e0
TIMING family=triad cell=d768_out_proj op=nt dtype=f16 m=2048 k=1536 n=768 arm=det iters=108 windows=21 p05_us=36.513 p50_us=43.463 p95_us=44.744
TIMING family=triad cell=d768_out_proj op=nt dtype=f16 m=2048 k=1536 n=768 arm=fast iters=103 windows=21 p05_us=38.902 p50_us=41.517 p95_us=42.660
TIMING family=triad cell=d768_out_proj op=nt dtype=f16 m=2048 k=1536 n=768 arm=pedantic iters=26 windows=21 p05_us=150.759 p50_us=177.732 p95_us=182.244
CHECK family=triad cell=large_deep op=nn dtype=f16 arm=det rel_l2_vs_pedantic=3.710e-4
CHECK family=triad cell=large_deep op=nn dtype=f16 arm=fast rel_l2_vs_pedantic=3.713e-4
CHECK family=triad cell=large_deep op=nn dtype=f16 arm=pedantic rel_l2_vs_pedantic=0.000e0
TIMING family=triad cell=large_deep op=nn dtype=f16 m=4096 k=3072 n=1536 arm=det iters=13 windows=21 p05_us=374.939 p50_us=386.048 p95_us=401.078
TIMING family=triad cell=large_deep op=nn dtype=f16 m=4096 k=3072 n=1536 arm=fast iters=17 windows=21 p05_us=262.626 p50_us=270.517 p95_us=278.950
TIMING family=triad cell=large_deep op=nn dtype=f16 m=4096 k=3072 n=1536 arm=pedantic iters=8 windows=21 p05_us=1100.032 p50_us=1236.480 p95_us=1259.392
CHECK family=triad cell=large_deep op=tn dtype=f16 arm=det rel_l2_vs_pedantic=6.634e-6
CHECK family=triad cell=large_deep op=tn dtype=f16 arm=fast rel_l2_vs_pedantic=1.243e-6
CHECK family=triad cell=large_deep op=tn dtype=f16 arm=pedantic rel_l2_vs_pedantic=0.000e0
TIMING family=triad cell=large_deep op=tn dtype=f16 m=4096 k=3072 n=1536 arm=det iters=11 windows=21 p05_us=430.737 p50_us=447.022 p95_us=453.446
TIMING family=triad cell=large_deep op=tn dtype=f16 m=4096 k=3072 n=1536 arm=fast iters=16 windows=21 p05_us=304.122 p50_us=314.112 p95_us=328.192
TIMING family=triad cell=large_deep op=tn dtype=f16 m=4096 k=3072 n=1536 arm=pedantic iters=8 windows=21 p05_us=1008.872 p50_us=1400.832 p95_us=1460.600
CHECK family=triad cell=large_deep op=nt dtype=f16 arm=det rel_l2_vs_pedantic=4.076e-5
CHECK family=triad cell=large_deep op=nt dtype=f16 arm=fast rel_l2_vs_pedantic=2.964e-5
CHECK family=triad cell=large_deep op=nt dtype=f16 arm=pedantic rel_l2_vs_pedantic=0.000e0
TIMING family=triad cell=large_deep op=nt dtype=f16 m=4096 k=3072 n=1536 arm=det iters=13 windows=21 p05_us=429.214 p50_us=450.954 p95_us=473.088
TIMING family=triad cell=large_deep op=nt dtype=f16 m=4096 k=3072 n=1536 arm=fast iters=16 windows=21 p05_us=282.944 p50_us=296.384 p95_us=307.200
TIMING family=triad cell=large_deep op=nt dtype=f16 m=4096 k=3072 n=1536 arm=pedantic iters=8 windows=21 p05_us=1378.272 p50_us=1418.624 p95_us=1463.424
CHECK family=triad cell=prism_in_proj op=nn dtype=f16 arm=det rel_l2_vs_pedantic=2.070e-5
CHECK family=triad cell=prism_in_proj op=nn dtype=f16 arm=fast rel_l2_vs_pedantic=2.070e-5
CHECK family=triad cell=prism_in_proj op=nn dtype=f16 arm=pedantic rel_l2_vs_pedantic=0.000e0
TIMING family=triad cell=prism_in_proj op=nn dtype=f16 m=4621 k=384 n=1928 arm=det iters=66 windows=21 p05_us=59.794 p50_us=78.988 p95_us=79.124
TIMING family=triad cell=prism_in_proj op=nn dtype=f16 m=4621 k=384 n=1928 arm=fast iters=54 windows=21 p05_us=74.031 p50_us=85.368 p95_us=89.936
TIMING family=triad cell=prism_in_proj op=nn dtype=f16 m=4621 k=384 n=1928 arm=pedantic iters=20 windows=21 p05_us=201.882 p50_us=258.867 p95_us=274.125
CHECK family=triad cell=prism_in_proj op=tn dtype=f16 arm=det rel_l2_vs_pedantic=7.490e-6
CHECK family=triad cell=prism_in_proj op=tn dtype=f16 arm=fast rel_l2_vs_pedantic=1.480e-6
CHECK family=triad cell=prism_in_proj op=tn dtype=f16 arm=pedantic rel_l2_vs_pedantic=0.000e0
TIMING family=triad cell=prism_in_proj op=tn dtype=f16 m=4621 k=384 n=1928 arm=det iters=51 windows=21 p05_us=77.441 p50_us=90.472 p95_us=91.334
TIMING family=triad cell=prism_in_proj op=tn dtype=f16 m=4621 k=384 n=1928 arm=fast iters=73 windows=21 p05_us=54.188 p50_us=59.322 p95_us=59.951
TIMING family=triad cell=prism_in_proj op=tn dtype=f16 m=4621 k=384 n=1928 arm=pedantic iters=20 windows=21 p05_us=200.355 p50_us=235.418 p95_us=239.862
CHECK family=triad cell=prism_in_proj op=nt dtype=f16 arm=det rel_l2_vs_pedantic=5.335e-4
CHECK family=triad cell=prism_in_proj op=nt dtype=f16 arm=fast rel_l2_vs_pedantic=6.469e-4
CHECK family=triad cell=prism_in_proj op=nt dtype=f16 arm=pedantic rel_l2_vs_pedantic=0.000e0
TIMING family=triad cell=prism_in_proj op=nt dtype=f16 m=4621 k=384 n=1928 arm=det iters=81 windows=21 p05_us=48.836 p50_us=60.538 p95_us=61.803
TIMING family=triad cell=prism_in_proj op=nt dtype=f16 m=4621 k=384 n=1928 arm=fast iters=41 windows=21 p05_us=96.206 p50_us=99.952 p95_us=100.472
TIMING family=triad cell=prism_in_proj op=nt dtype=f16 m=4621 k=384 n=1928 arm=pedantic iters=19 windows=21 p05_us=213.693 p50_us=258.425 p95_us=264.138
CONTEXT family=inference dtype=f32 arm=det batch_invariant=true family=Inference tensor_cores=false fast_gemm=false tf32=false
CONTEXT family=inference dtype=f32 arm=fast batch_invariant=false family=Triad tensor_cores=true fast_gemm=true tf32=true
CONTEXT family=inference dtype=f32 arm=pedantic batch_invariant=false family=Triad tensor_cores=true fast_gemm=false tf32=false
CHECK family=inference cell=hot_a op=nn dtype=f32 arm=det rel_l2_vs_pedantic=0.000e0
CHECK family=inference cell=hot_a op=nn dtype=f32 arm=fast rel_l2_vs_pedantic=2.808e-4
CHECK family=inference cell=hot_a op=nn dtype=f32 arm=pedantic rel_l2_vs_pedantic=0.000e0
TIMING family=inference cell=hot_a op=nn dtype=f32 m=4621 k=384 n=1928 arm=det iters=21 windows=21 p05_us=186.750 p50_us=239.226 p95_us=249.952
TIMING family=inference cell=hot_a op=nn dtype=f32 m=4621 k=384 n=1928 arm=fast iters=39 windows=21 p05_us=103.030 p50_us=131.125 p95_us=136.927
TIMING family=inference cell=hot_a op=nn dtype=f32 m=4621 k=384 n=1928 arm=pedantic iters=18 windows=21 p05_us=224.023 p50_us=264.875 p95_us=276.082
CHECK family=inference cell=hot_b op=nn dtype=f32 arm=det rel_l2_vs_pedantic=5.096e-7
CHECK family=inference cell=hot_b op=nn dtype=f32 arm=fast rel_l2_vs_pedantic=2.806e-4
CHECK family=inference cell=hot_b op=nn dtype=f32 arm=pedantic rel_l2_vs_pedantic=0.000e0
TIMING family=inference cell=hot_b op=nn dtype=f32 m=4621 k=768 n=2304 arm=det iters=9 windows=21 p05_us=514.844 p50_us=608.796 p95_us=651.833
TIMING family=inference cell=hot_b op=nn dtype=f32 m=4621 k=768 n=2304 arm=fast iters=21 windows=21 p05_us=233.716 p50_us=274.091 p95_us=290.757
TIMING family=inference cell=hot_b op=nn dtype=f32 m=4621 k=768 n=2304 arm=pedantic iters=8 windows=21 p05_us=534.016 p50_us=626.040 p95_us=649.716
CHECK family=inference cell=hot_c op=nn dtype=f32 arm=det rel_l2_vs_pedantic=8.224e-7
CHECK family=inference cell=hot_c op=nn dtype=f32 arm=fast rel_l2_vs_pedantic=2.802e-4
CHECK family=inference cell=hot_c op=nn dtype=f32 arm=pedantic rel_l2_vs_pedantic=0.000e0
TIMING family=inference cell=hot_c op=nn dtype=f32 m=4621 k=1928 n=384 arm=det iters=14 windows=21 p05_us=312.101 p50_us=342.528 p95_us=358.091
TIMING family=inference cell=hot_c op=nn dtype=f32 m=4621 k=1928 n=384 arm=fast iters=51 windows=21 p05_us=78.360 p50_us=94.868 p95_us=99.469
TIMING family=inference cell=hot_c op=nn dtype=f32 m=4621 k=1928 n=384 arm=pedantic iters=21 windows=21 p05_us=195.633 p50_us=231.925 p95_us=244.430
CHECK family=inference cell=hot_d op=nn dtype=f32 arm=det rel_l2_vs_pedantic=5.096e-7
CHECK family=inference cell=hot_d op=nn dtype=f32 arm=fast rel_l2_vs_pedantic=2.803e-4
CHECK family=inference cell=hot_d op=nn dtype=f32 arm=pedantic rel_l2_vs_pedantic=0.000e0
TIMING family=inference cell=hot_d op=nn dtype=f32 m=2048 k=768 n=2304 arm=det iters=19 windows=21 p05_us=205.275 p50_us=221.615 p95_us=223.448
TIMING family=inference cell=hot_d op=nn dtype=f32 m=2048 k=768 n=2304 arm=fast iters=40 windows=21 p05_us=99.531 p50_us=107.806 p95_us=109.389
TIMING family=inference cell=hot_d op=nn dtype=f32 m=2048 k=768 n=2304 arm=pedantic iters=17 windows=21 p05_us=240.760 p50_us=258.530 p95_us=265.532
CHECK family=inference cell=hot_e op=nn dtype=f32 arm=det rel_l2_vs_pedantic=8.992e-7
CHECK family=inference cell=hot_e op=nn dtype=f32 arm=fast rel_l2_vs_pedantic=2.799e-4
CHECK family=inference cell=hot_e op=nn dtype=f32 arm=pedantic rel_l2_vs_pedantic=0.000e0
TIMING family=inference cell=hot_e op=nn dtype=f32 m=2048 k=2304 n=768 arm=det iters=20 windows=21 p05_us=203.110 p50_us=254.208 p95_us=257.229
TIMING family=inference cell=hot_e op=nn dtype=f32 m=2048 k=2304 n=768 arm=fast iters=44 windows=21 p05_us=91.136 p50_us=114.479 p95_us=116.666
TIMING family=inference cell=hot_e op=nn dtype=f32 m=2048 k=2304 n=768 arm=pedantic iters=19 windows=21 p05_us=210.028 p50_us=254.329 p95_us=259.769
CONTEXT family=inference dtype=bf16 arm=det batch_invariant=true family=Inference tensor_cores=true fast_gemm=false tf32=false
CONTEXT family=inference dtype=bf16 arm=fast batch_invariant=false family=Triad tensor_cores=true fast_gemm=true tf32=true
CONTEXT family=inference dtype=bf16 arm=pedantic batch_invariant=false family=Triad tensor_cores=true fast_gemm=false tf32=false
CHECK family=inference cell=hot_a op=nn dtype=bf16 arm=det rel_l2_vs_pedantic=3.619e-5
CHECK family=inference cell=hot_a op=nn dtype=bf16 arm=fast rel_l2_vs_pedantic=3.619e-5
CHECK family=inference cell=hot_a op=nn dtype=bf16 arm=pedantic rel_l2_vs_pedantic=0.000e0
TIMING family=inference cell=hot_a op=nn dtype=bf16 m=4621 k=384 n=1928 arm=det iters=62 windows=21 p05_us=64.264 p50_us=67.945 p95_us=70.376
TIMING family=inference cell=hot_a op=nn dtype=bf16 m=4621 k=384 n=1928 arm=fast iters=53 windows=21 p05_us=74.558 p50_us=75.989 p95_us=77.457
TIMING family=inference cell=hot_a op=nn dtype=bf16 m=4621 k=384 n=1928 arm=pedantic iters=16 windows=21 p05_us=254.982 p50_us=278.976 p95_us=296.320
CHECK family=inference cell=hot_b op=nn dtype=bf16 arm=det rel_l2_vs_pedantic=5.733e-5
CHECK family=inference cell=hot_b op=nn dtype=bf16 arm=fast rel_l2_vs_pedantic=5.733e-5
CHECK family=inference cell=hot_b op=nn dtype=bf16 arm=pedantic rel_l2_vs_pedantic=0.000e0
TIMING family=inference cell=hot_b op=nn dtype=bf16 m=4621 k=768 n=2304 arm=det iters=40 windows=21 p05_us=120.448 p50_us=132.890 p95_us=135.936
TIMING family=inference cell=hot_b op=nn dtype=bf16 m=4621 k=768 n=2304 arm=fast iters=44 windows=21 p05_us=91.042 p50_us=109.452 p95_us=114.339
TIMING family=inference cell=hot_b op=nn dtype=bf16 m=4621 k=768 n=2304 arm=pedantic iters=8 windows=21 p05_us=572.672 p50_us=761.856 p95_us=797.172
CHECK family=inference cell=hot_c op=nn dtype=bf16 arm=det rel_l2_vs_pedantic=9.382e-5
CHECK family=inference cell=hot_c op=nn dtype=bf16 arm=fast rel_l2_vs_pedantic=2.154e-3
CHECK family=inference cell=hot_c op=nn dtype=bf16 arm=pedantic rel_l2_vs_pedantic=0.000e0
TIMING family=inference cell=hot_c op=nn dtype=bf16 m=4621 k=1928 n=384 arm=det iters=73 windows=21 p05_us=54.623 p50_us=54.665 p95_us=54.706
TIMING family=inference cell=hot_c op=nn dtype=bf16 m=4621 k=1928 n=384 arm=fast iters=52 windows=21 p05_us=76.052 p50_us=76.387 p95_us=76.544
TIMING family=inference cell=hot_c op=nn dtype=bf16 m=4621 k=1928 n=384 arm=pedantic iters=13 windows=21 p05_us=297.984 p50_us=298.119 p95_us=298.220
CHECK family=inference cell=hot_d op=nn dtype=bf16 arm=det rel_l2_vs_pedantic=5.826e-5
CHECK family=inference cell=hot_d op=nn dtype=bf16 arm=fast rel_l2_vs_pedantic=5.826e-5
CHECK family=inference cell=hot_d op=nn dtype=bf16 arm=pedantic rel_l2_vs_pedantic=0.000e0
TIMING family=inference cell=hot_d op=nn dtype=bf16 m=2048 k=768 n=2304 arm=det iters=61 windows=21 p05_us=65.670 p50_us=66.207 p95_us=69.430
TIMING family=inference cell=hot_d op=nn dtype=bf16 m=2048 k=768 n=2304 arm=fast iters=66 windows=21 p05_us=60.027 p50_us=60.307 p95_us=61.068
TIMING family=inference cell=hot_d op=nn dtype=bf16 m=2048 k=768 n=2304 arm=pedantic iters=15 windows=21 p05_us=275.115 p50_us=279.757 p95_us=291.908
CHECK family=inference cell=hot_e op=nn dtype=bf16 arm=det rel_l2_vs_pedantic=1.014e-4
CHECK family=inference cell=hot_e op=nn dtype=bf16 arm=fast rel_l2_vs_pedantic=1.014e-4
CHECK family=inference cell=hot_e op=nn dtype=bf16 arm=pedantic rel_l2_vs_pedantic=0.000e0
TIMING family=inference cell=hot_e op=nn dtype=bf16 m=2048 k=2304 n=768 arm=det iters=66 windows=21 p05_us=60.633 p50_us=60.649 p95_us=60.652
TIMING family=inference cell=hot_e op=nn dtype=bf16 m=2048 k=2304 n=768 arm=fast iters=59 windows=21 p05_us=67.739 p50_us=67.775 p95_us=67.844
TIMING family=inference cell=hot_e op=nn dtype=bf16 m=2048 k=2304 n=768 arm=pedantic iters=14 windows=21 p05_us=280.503 p50_us=280.649 p95_us=280.795
CONTEXT family=inference dtype=f16 arm=det batch_invariant=true family=Inference tensor_cores=true fast_gemm=false tf32=false
CONTEXT family=inference dtype=f16 arm=fast batch_invariant=false family=Triad tensor_cores=true fast_gemm=true tf32=true
CONTEXT family=inference dtype=f16 arm=pedantic batch_invariant=false family=Triad tensor_cores=true fast_gemm=false tf32=false
CHECK family=inference cell=hot_a op=nn dtype=f16 arm=det rel_l2_vs_pedantic=2.070e-5
CHECK family=inference cell=hot_a op=nn dtype=f16 arm=fast rel_l2_vs_pedantic=2.070e-5
CHECK family=inference cell=hot_a op=nn dtype=f16 arm=pedantic rel_l2_vs_pedantic=0.000e0
TIMING family=inference cell=hot_a op=nn dtype=f16 m=4621 k=384 n=1928 arm=det iters=62 windows=21 p05_us=64.215 p50_us=76.618 p95_us=82.168
TIMING family=inference cell=hot_a op=nn dtype=f16 m=4621 k=384 n=1928 arm=fast iters=54 windows=21 p05_us=74.012 p50_us=82.565 p95_us=88.931
TIMING family=inference cell=hot_a op=nn dtype=f16 m=4621 k=384 n=1928 arm=pedantic iters=20 windows=21 p05_us=203.403 p50_us=247.808 p95_us=267.715
CHECK family=inference cell=hot_b op=nn dtype=f16 arm=det rel_l2_vs_pedantic=3.301e-4
CHECK family=inference cell=hot_b op=nn dtype=f16 arm=fast rel_l2_vs_pedantic=3.301e-4
CHECK family=inference cell=hot_b op=nn dtype=f16 arm=pedantic rel_l2_vs_pedantic=0.000e0
TIMING family=inference cell=hot_b op=nn dtype=f16 m=4621 k=768 n=2304 arm=det iters=40 windows=21 p05_us=101.274 p50_us=153.216 p95_us=159.206
TIMING family=inference cell=hot_b op=nn dtype=f16 m=4621 k=768 n=2304 arm=fast iters=38 windows=21 p05_us=103.613 p50_us=131.719 p95_us=138.395
TIMING family=inference cell=hot_b op=nn dtype=f16 m=4621 k=768 n=2304 arm=pedantic iters=9 windows=21 p05_us=453.973 p50_us=672.199 p95_us=699.147
CHECK family=inference cell=hot_c op=nn dtype=f16 arm=det rel_l2_vs_pedantic=4.593e-4
CHECK family=inference cell=hot_c op=nn dtype=f16 arm=fast rel_l2_vs_pedantic=4.829e-4
CHECK family=inference cell=hot_c op=nn dtype=f16 arm=pedantic rel_l2_vs_pedantic=0.000e0
TIMING family=inference cell=hot_c op=nn dtype=f16 m=4621 k=1928 n=384 arm=det iters=73 windows=21 p05_us=54.707 p50_us=61.482 p95_us=64.933
TIMING family=inference cell=hot_c op=nn dtype=f16 m=4621 k=1928 n=384 arm=fast iters=52 windows=21 p05_us=75.479 p50_us=80.187 p95_us=86.544
TIMING family=inference cell=hot_c op=nn dtype=f16 m=4621 k=1928 n=384 arm=pedantic iters=19 windows=21 p05_us=201.186 p50_us=232.717 p95_us=251.363
CHECK family=inference cell=hot_d op=nn dtype=f16 arm=det rel_l2_vs_pedantic=3.299e-4
CHECK family=inference cell=hot_d op=nn dtype=f16 arm=fast rel_l2_vs_pedantic=3.299e-4
CHECK family=inference cell=hot_d op=nn dtype=f16 arm=pedantic rel_l2_vs_pedantic=0.000e0
TIMING family=inference cell=hot_d op=nn dtype=f16 m=2048 k=768 n=2304 arm=det iters=64 windows=21 p05_us=62.128 p50_us=68.832 p95_us=73.840
TIMING family=inference cell=hot_d op=nn dtype=f16 m=2048 k=768 n=2304 arm=fast iters=66 windows=21 p05_us=59.997 p50_us=66.994 p95_us=72.006
TIMING family=inference cell=hot_d op=nn dtype=f16 m=2048 k=768 n=2304 arm=pedantic iters=19 windows=21 p05_us=208.465 p50_us=264.246 p95_us=273.149
CHECK family=inference cell=hot_e op=nn dtype=f16 arm=det rel_l2_vs_pedantic=5.276e-4
CHECK family=inference cell=hot_e op=nn dtype=f16 arm=fast rel_l2_vs_pedantic=5.480e-4
CHECK family=inference cell=hot_e op=nn dtype=f16 arm=pedantic rel_l2_vs_pedantic=0.000e0
TIMING family=inference cell=hot_e op=nn dtype=f16 m=2048 k=2304 n=768 arm=det iters=66 windows=21 p05_us=59.780 p50_us=68.205 p95_us=69.989
TIMING family=inference cell=hot_e op=nn dtype=f16 m=2048 k=2304 n=768 arm=fast iters=64 windows=21 p05_us=57.840 p50_us=59.248 p95_us=62.208
TIMING family=inference cell=hot_e op=nn dtype=f16 m=2048 k=2304 n=768 arm=pedantic iters=20 windows=21 p05_us=204.595 p50_us=237.760 p95_us=248.832
DONE
