   Compiling cudarc v0.19.9
   Compiling mamba-rs v0.6.9 (/root/mamba-sm120-reachability-fix1.Djr8r8)
error[E0425]: cannot find value `FIXED_PRODUCTION_AUTO_DEFAULT_WINDOWS` in this scope
     --> tests/gemm_bi_fixed_performance.rs:13516:16
      |
13516 |     assert_eq!(FIXED_PRODUCTION_AUTO_DEFAULT_WINDOWS, 21);
      |                ^^^^^^^^^^^^^^^^^^^^^^^^^^^^^^^^^^^^^ not found in this scope

error[E0425]: cannot find function `fixed_production_auto_expected_records` in this scope
     --> tests/gemm_bi_fixed_performance.rs:13517:16
      |
13517 |     assert_eq!(fixed_production_auto_expected_records(7, 5, 2, 2), 280);
      |                ^^^^^^^^^^^^^^^^^^^^^^^^^^^^^^^^^^^^^^ not found in this scope

error[E0425]: cannot find function `fixed_production_auto_ratio_samples` in this scope
     --> tests/gemm_bi_fixed_performance.rs:13523:9
      |
13523 |         fixed_production_auto_ratio_samples(&[4.0, 12.0], &[8.0, 6.0]).unwrap(),
      |         ^^^^^^^^^^^^^^^^^^^^^^^^^^^^^^^^^^^ not found in this scope

error[E0425]: cannot find function `fixed_production_auto_ratio_samples` in this scope
     --> tests/gemm_bi_fixed_performance.rs:13526:13
      |
13526 |     assert!(fixed_production_auto_ratio_samples(&[1.0], &[1.0, 2.0]).is_err());
      |             ^^^^^^^^^^^^^^^^^^^^^^^^^^^^^^^^^^^ not found in this scope

error[E0425]: cannot find function `fixed_production_auto_ratio_samples` in this scope
     --> tests/gemm_bi_fixed_performance.rs:13527:13
      |
13527 |     assert!(fixed_production_auto_ratio_samples(&[1.0], &[0.0]).is_err());
      |             ^^^^^^^^^^^^^^^^^^^^^^^^^^^^^^^^^^^ not found in this scope

For more information about this error, try `rustc --explain E0425`.
error: could not compile `mamba-rs` (test "gemm_bi_fixed_performance") due to 5 previous errors
