   Compiling proc-macro2 v1.0.106
   Compiling quote v1.0.46
   Compiling unicode-ident v1.0.24
   Compiling version_check v0.9.5
   Compiling cfg-if v1.0.4
   Compiling crossbeam-utils v0.8.22
   Compiling serde_core v1.0.228
   Compiling autocfg v1.5.1
   Compiling crossbeam-epoch v0.9.20
   Compiling typenum v1.20.1
   Compiling bitflags v2.13.1
   Compiling libc v0.2.186
   Compiling zmij v1.0.23
   Compiling crossbeam-deque v0.8.7
   Compiling getrandom v0.4.3
   Compiling rustix v1.1.4
   Compiling serde_json v1.0.150
   Compiling libm v0.2.16
   Compiling paste v1.0.15
   Compiling zerocopy v0.8.54
   Compiling linux-raw-sys v0.12.1
   Compiling rayon-core v1.13.0
   Compiling serde v1.0.228
   Compiling itoa v1.0.18
   Compiling foldhash v0.2.0
   Compiling once_cell v1.21.4
   Compiling allocator-api2 v0.2.21
   Compiling cudarc v0.19.9
   Compiling memchr v2.8.3
   Compiling fastrand v2.4.1
   Compiling equivalent v1.0.2
   Compiling cpufeatures v0.2.17
   Compiling either v1.16.0
   Compiling reborrow v0.5.5
   Compiling pulp-wasm-simd-flag v0.1.1
   Compiling libloading v0.9.0
   Compiling raw-cpuid v11.6.0
   Compiling generic-array v0.14.7
   Compiling pulp v0.22.3
   Compiling num-traits v0.2.19
   Compiling syn v2.0.119
   Compiling crypto-common v0.1.7
   Compiling block-buffer v0.10.4
   Compiling digest v0.10.7
   Compiling sha2 v0.10.9
   Compiling rayon v1.12.0
   Compiling tempfile v3.27.0
   Compiling hashbrown v0.16.1
   Compiling bytemuck_derive v1.11.0
   Compiling zerocopy-derive v0.8.54
   Compiling serde_derive v1.0.228
   Compiling bytemuck v1.25.1
   Compiling num-complex v0.4.6
   Compiling safetensors v0.8.0
   Compiling half v2.7.1
   Compiling mamba-rs v0.6.9 (/root/mamba-ada-exact-toolkit-auto-20260907)
    Finished `release` profile [optimized] target(s) in 1m 03s
  Executable unittests src/lib.rs (/root/target-ada-exact-toolkit-auto-finalistphase2auto45-cuda132-20260907/release/deps/mamba_rs-029e0500e5246408)
  Executable tests/gemm_bi_fixed_correctness.rs (/root/target-ada-exact-toolkit-auto-finalistphase2auto45-cuda132-20260907/release/deps/gemm_bi_fixed_correctness-ed3d310275acf4d8)
  Executable tests/gemm_bi_fixed_performance.rs (/root/target-ada-exact-toolkit-auto-finalistphase2auto45-cuda132-20260907/release/deps/gemm_bi_fixed_performance-46090335b71731a6)
  Executable tests/gemm_bi_fixed_sm89_pipeline.rs (/root/target-ada-exact-toolkit-auto-finalistphase2auto45-cuda132-20260907/release/deps/gemm_bi_fixed_sm89_pipeline-b0f5bf9e4d3ccd0f)
  Executable tests/gemm_bi_tf32_cohort_binding.rs (/root/target-ada-exact-toolkit-auto-finalistphase2auto45-cuda132-20260907/release/deps/gemm_bi_tf32_cohort_binding-0676de5a4f79253f)
