    Checking mamba-rs v0.6.9 (/root/mamba-context-routing-green.9pRIQY)
error[E0364]: `validate_f32_triad_pointer_request` is private, and cannot be re-exported
   --> src/mamba_ssm/gpu/gemm_bi_triad/mod.rs:101:5
    |
101 |     validate_f32_triad_pointer_request,
    |     ^^^^^^^^^^^^^^^^^^^^^^^^^^^^^^^^^^
    |
note: consider marking `validate_f32_triad_pointer_request` as `pub` in the imported module
   --> src/mamba_ssm/gpu/gemm_bi_triad/mod.rs:101:5
    |
101 |     validate_f32_triad_pointer_request,
    |     ^^^^^^^^^^^^^^^^^^^^^^^^^^^^^^^^^^

warning: unused import: `launch_cached_f32_forward`
   --> src/mamba_ssm/gpu/gemm_bi_triad/mod.rs:100:41
    |
100 |     launch_cached_f32_backward_dx_ptrs, launch_cached_f32_forward, laun...
    |                                         ^^^^^^^^^^^^^^^^^^^^^^^^^
    |
    = note: `#[warn(unused_imports)]` (part of `#[warn(unused)]`) on by default

warning: use of deprecated method `mamba_ssm::gpu::context::GpuCtx::set_batch_invariant`: use GpuCtx::set_gemm_mode
    --> src/mamba_ssm/gpu/blas.rs:2744:13
     |
2744 |         ctx.set_batch_invariant(true);
     |             ^^^^^^^^^^^^^^^^^^^
     |
     = note: `#[warn(deprecated)]` on by default

warning: use of deprecated method `mamba_ssm::gpu::context::GpuCtx::set_batch_invariant`: use GpuCtx::set_gemm_mode
     --> src/mamba_ssm/gpu/gemm_bi_triad/launch.rs:13826:13
      |
13826 |         ctx.set_batch_invariant(true);
      |             ^^^^^^^^^^^^^^^^^^^

warning: use of deprecated method `mamba_ssm::gpu::context::GpuCtx::set_batch_invariant`: use GpuCtx::set_gemm_mode
     --> src/mamba_ssm/gpu/gemm_bi_triad/launch.rs:13857:13
      |
13857 |         ctx.set_batch_invariant(true);
      |             ^^^^^^^^^^^^^^^^^^^

warning: use of deprecated method `mamba_ssm::gpu::context::GpuCtx::set_batch_invariant`: use GpuCtx::set_gemm_mode
     --> src/mamba_ssm/gpu/gemm_bi_triad/launch.rs:13936:13
      |
13936 |         ctx.set_batch_invariant(true);
      |             ^^^^^^^^^^^^^^^^^^^

warning: use of deprecated method `mamba_ssm::gpu::context::GpuCtx::set_batch_invariant`: use GpuCtx::set_gemm_mode
     --> src/mamba_ssm/gpu/gemm_bi_triad/launch.rs:14040:13
      |
14040 |         ctx.set_batch_invariant(true);
      |             ^^^^^^^^^^^^^^^^^^^

warning: use of deprecated method `mamba_ssm::gpu::context::GpuCtx::set_batch_invariant`: use GpuCtx::set_gemm_mode
   --> src/mamba_ssm/gpu/gemm_bi_triad/scalar_nt_tests.rs:618:9
    |
618 |     ctx.set_batch_invariant(true);
    |         ^^^^^^^^^^^^^^^^^^^

warning: use of deprecated method `mamba_ssm::gpu::context::GpuCtx::set_batch_invariant`: use GpuCtx::set_gemm_mode
   --> src/mamba_ssm/gpu/gemm_bi_triad/scalar_nt_tests.rs:817:9
    |
817 |     ctx.set_batch_invariant(true);
    |         ^^^^^^^^^^^^^^^^^^^

warning: use of deprecated method `mamba_ssm::gpu::context::GpuCtx::set_batch_invariant`: use GpuCtx::set_gemm_mode
   --> src/mamba_ssm/gpu/gemm_bi_triad/scalar_nt_tests.rs:950:9
    |
950 |     ctx.set_batch_invariant(true);
    |         ^^^^^^^^^^^^^^^^^^^

warning: use of deprecated method `mamba_ssm::gpu::context::GpuCtx::set_batch_invariant`: use GpuCtx::set_gemm_mode
    --> src/mamba_ssm/gpu/gemm_bi_triad/scalar_nt_tests.rs:1082:9
     |
1082 |     ctx.set_batch_invariant(true);
     |         ^^^^^^^^^^^^^^^^^^^

warning: use of deprecated method `mamba_ssm::gpu::context::GpuCtx::set_batch_invariant`: use GpuCtx::set_gemm_mode
    --> src/mamba_ssm/gpu/gemm_bi_triad/scalar_nt_tests.rs:1212:9
     |
1212 |     ctx.set_batch_invariant(true);
     |         ^^^^^^^^^^^^^^^^^^^

warning: use of deprecated method `mamba_ssm::gpu::context::GpuCtx::set_batch_invariant`: use GpuCtx::set_gemm_mode
    --> src/mamba_ssm/gpu/gemm_bi_triad/scalar_nt_tests.rs:1292:9
     |
1292 |     ctx.set_batch_invariant(true);
     |         ^^^^^^^^^^^^^^^^^^^

warning: use of deprecated method `mamba_ssm::gpu::context::GpuCtx::set_batch_invariant`: use GpuCtx::set_gemm_mode
    --> src/mamba_ssm/gpu/gemm_bi_triad/scalar_nt_tests.rs:1328:9
     |
1328 |     ctx.set_batch_invariant(true);
     |         ^^^^^^^^^^^^^^^^^^^

warning: use of deprecated method `mamba_ssm::gpu::context::GpuCtx::set_batch_invariant`: use GpuCtx::set_gemm_mode
    --> src/mamba_ssm/gpu/gemm_bi_triad/scalar_nt_tests.rs:1350:9
     |
1350 |     ctx.set_batch_invariant(true);
     |         ^^^^^^^^^^^^^^^^^^^

warning: use of deprecated method `mamba_ssm::gpu::context::GpuCtx::set_batch_invariant`: use GpuCtx::set_gemm_mode
    --> src/mamba_ssm/gpu/gemm_bi_triad/scalar_nn_tn_tests.rs:1242:9
     |
1242 |     ctx.set_batch_invariant(true);
     |         ^^^^^^^^^^^^^^^^^^^

warning: use of deprecated method `mamba_ssm::gpu::context::GpuCtx::set_fast_gemm`: use GpuCtx::set_gemm_mode
    --> src/mamba_ssm/gpu/gemm_bi_triad/scalar_nn_tn_tests.rs:1245:9
     |
1245 |     ctx.set_fast_gemm(false);
     |         ^^^^^^^^^^^^^

warning: use of deprecated method `mamba_ssm::gpu::context::GpuCtx::set_batch_invariant`: use GpuCtx::set_gemm_mode
    --> src/mamba_ssm/gpu/gemm_bi_triad/qualification.rs:5679:13
     |
5679 |         ctx.set_batch_invariant(true);
     |             ^^^^^^^^^^^^^^^^^^^

warning: use of deprecated method `mamba_ssm::gpu::context::GpuCtx::set_fast_gemm`: use GpuCtx::set_gemm_mode
    --> src/mamba_ssm/gpu/gemm_bi_triad/qualification.rs:5681:13
     |
5681 |         ctx.set_fast_gemm(false);
     |             ^^^^^^^^^^^^^

warning: use of deprecated method `mamba_ssm::gpu::context::GpuCtx::set_batch_invariant`: use GpuCtx::set_gemm_mode
    --> src/mamba_ssm/gpu/gemm_bi_triad/qualification.rs:5726:13
     |
5726 |         ctx.set_batch_invariant(true);
     |             ^^^^^^^^^^^^^^^^^^^

warning: use of deprecated method `mamba_ssm::gpu::context::GpuCtx::set_fast_gemm`: use GpuCtx::set_gemm_mode
    --> src/mamba_ssm/gpu/gemm_bi_triad/qualification.rs:5728:13
     |
5728 |         ctx.set_fast_gemm(false);
     |             ^^^^^^^^^^^^^

warning: use of deprecated method `mamba_ssm::gpu::context::GpuCtx::set_batch_invariant`: use GpuCtx::set_gemm_mode
   --> src/mamba_ssm/gpu/gemm_bi_triad/training_pipeline_tests.rs:712:13
    |
712 |         ctx.set_batch_invariant(true);
    |             ^^^^^^^^^^^^^^^^^^^

warning: use of deprecated method `mamba_ssm::gpu::context::GpuCtx::set_fast_gemm`: use GpuCtx::set_gemm_mode
   --> src/mamba_ssm/gpu/gemm_bi_triad/training_pipeline_tests.rs:715:13
    |
715 |         ctx.set_fast_gemm(false);
    |             ^^^^^^^^^^^^^

warning: use of deprecated method `mamba_ssm::gpu::context::GpuCtx::set_batch_invariant`: use GpuCtx::set_gemm_mode
    --> src/mamba_ssm/gpu/kernel_identity.rs:6451:13
     |
6451 |         ctx.set_batch_invariant(true);
     |             ^^^^^^^^^^^^^^^^^^^

For more information about this error, try `rustc --explain E0364`.
warning: `mamba-rs` (lib) generated 1 warning
error: could not compile `mamba-rs` (lib) due to 1 previous error; 1 warning emitted
warning: build failed, waiting for other jobs to finish...
warning: `mamba-rs` (lib test) generated 23 warnings (1 duplicate)
error: could not compile `mamba-rs` (lib test) due to 1 previous error; 23 warnings emitted
