   Compiling proc-macro2 v1.0.106
   Compiling quote v1.0.46
   Compiling unicode-ident v1.0.24
   Compiling cfg-if v1.0.4
   Compiling serde_core v1.0.228
   Compiling crossbeam-utils v0.8.22
   Compiling crossbeam-epoch v0.9.20
   Compiling autocfg v1.5.1
   Compiling libc v0.2.186
   Compiling bitflags v2.13.1
   Compiling rustix v1.1.4
   Compiling getrandom v0.4.3
   Compiling crossbeam-deque v0.8.7
   Compiling zmij v1.0.23
   Compiling paste v1.0.15
   Compiling zerocopy v0.8.54
   Compiling serde_json v1.0.150
   Compiling version_check v0.9.5
   Compiling libm v0.2.16
   Compiling serde v1.0.228
   Compiling rayon-core v1.13.0
   Compiling linux-raw-sys v0.12.1
   Compiling foldhash v0.2.0
   Compiling once_cell v1.21.4
   Compiling memchr v2.8.3
   Compiling fastrand v2.4.1
   Compiling equivalent v1.0.2
   Compiling allocator-api2 v0.2.21
   Compiling itoa v1.0.18
   Compiling cudarc v0.19.9
   Compiling either v1.16.0
   Compiling pulp-wasm-simd-flag v0.1.1
   Compiling reborrow v0.5.5
   Compiling libloading v0.9.0
   Compiling raw-cpuid v11.6.0
   Compiling pulp v0.22.3
   Compiling num-traits v0.2.19
   Compiling syn v2.0.119
   Compiling rayon v1.12.0
   Compiling tempfile v3.27.0
   Compiling hashbrown v0.16.1
   Compiling bytemuck_derive v1.11.0
   Compiling zerocopy-derive v0.8.54
   Compiling serde_derive v1.0.228
   Compiling bytemuck v1.25.1
   Compiling num-complex v0.4.6
   Compiling safetensors v0.8.0
   Compiling half v2.7.1
   Compiling mamba-rs v0.6.9 (/root/mamba-monolith-main-prebuild.0pF6ga)
    Finished `release` profile [optimized] target(s) in 57.07s
  Executable tests/m1_gpu_benchmark.rs (/root/target-monolith-main-prebuild-cuda132-20260910/release/deps/m1_gpu_benchmark-130f6f45b3b520aa)
