.cargo/config.toml: OK
kernels/_typed_prelude.cuh: OK
kernels/activations.cu: OK
kernels/adamw.cu: OK
kernels/conv1d.cu: OK
kernels/elementwise.cu: OK
kernels/gemm_bi_fixed/common.cuh: OK
kernels/gemm_bi_fixed/ffma.cu: OK
kernels/gemm_bi_fixed/matvec.cu: OK
kernels/gemm_bi_fixed/mma16.cu: OK
kernels/gemm_bi_fixed/sm100_tcgen05.cu: OK
kernels/gemm_bi_fixed/sm90_wgmma.cu: OK
kernels/gemm_bi_fixed/tcw64.cu: OK
kernels/gemm_bi_fixed/wmma_legacy.cu: OK
kernels/gemm_bi_triad.cu: OK
kernels/grad_clip.cu: OK
kernels/loss_scaler.cu: OK
kernels/mamba3_chunked.cu: OK
kernels/mamba3_ops.cu: OK
kernels/mamba3_ssd.cu: OK
kernels/mamba_ssm.cu: OK
kernels/mamba_ssm_parallel.cu: OK
kernels/norms.cu: OK
src/bin/generate.rs: OK
src/config.rs: OK
src/dist/bootstrap.rs: OK
src/dist/comm.rs: OK
src/dist/config.rs: OK
src/dist/context.rs: OK
src/dist/error.rs: OK
src/dist/fold.rs: OK
src/dist/mod.rs: OK
src/dist/reducer.rs: OK
src/dist/seed.rs: OK
src/dist/watchdog.rs: OK
src/hf/bf16.rs: OK
src/hf/config_json.rs: OK
src/hf/embed.rs: OK
src/hf/keys.rs: OK
src/hf/load.rs: OK
src/hf/mod.rs: OK
src/lib.rs: OK
src/mamba3_siso/config.rs: OK
src/mamba3_siso/cpu/backward.rs: OK
src/mamba3_siso/cpu/dims.rs: OK
src/mamba3_siso/cpu/flat.rs: OK
src/mamba3_siso/cpu/forward.rs: OK
src/mamba3_siso/cpu/inference.rs: OK
src/mamba3_siso/cpu/mod.rs: OK
src/mamba3_siso/cpu/parallel.rs: OK
src/mamba3_siso/cpu/prefill.rs: OK
src/mamba3_siso/cpu/scratch.rs: OK
src/mamba3_siso/cpu/weights.rs: OK
src/mamba3_siso/gpu/backward.rs: OK
src/mamba3_siso/gpu/backward_mixed.rs: OK
src/mamba3_siso/gpu/forward.rs: OK
src/mamba3_siso/gpu/forward_mixed.rs: OK
src/mamba3_siso/gpu/inference.rs: OK
src/mamba3_siso/gpu/kernels.rs: OK
src/mamba3_siso/gpu/mamba3_gpu.rs: OK
src/mamba3_siso/gpu/mod.rs: OK
src/mamba3_siso/gpu/prefill.rs: OK
src/mamba3_siso/gpu/state.rs: OK
src/mamba3_siso/gpu/trainer.rs: OK
src/mamba3_siso/gpu/training_graph.rs: OK
src/mamba3_siso/gpu/weights.rs: OK
src/mamba3_siso/gpu/weights_mixed_train.rs: OK
src/mamba3_siso/mod.rs: OK
src/mamba3_siso/serialize.rs: OK
src/mamba3_siso/state.rs: OK
src/mamba3_siso/weights.rs: OK
src/mamba_ssm/cpu/backward.rs: OK
src/mamba_ssm/cpu/backward_ops.rs: OK
src/mamba_ssm/cpu/flat.rs: OK
src/mamba_ssm/cpu/forward.rs: OK
src/mamba_ssm/cpu/inference.rs: OK
src/mamba_ssm/cpu/mod.rs: OK
src/mamba_ssm/cpu/parallel.rs: OK
src/mamba_ssm/cpu/prefill.rs: OK
src/mamba_ssm/cpu/scratch.rs: OK
src/mamba_ssm/cpu/target.rs: OK
src/mamba_ssm/cpu/weights.rs: OK
src/mamba_ssm/gpu/adamw.rs: OK
src/mamba_ssm/gpu/backward.rs: OK
src/mamba_ssm/gpu/backward_mixed.rs: OK
src/mamba_ssm/gpu/blas.rs: OK
src/mamba_ssm/gpu/buffers.rs: OK
src/mamba_ssm/gpu/context.rs: OK
src/mamba_ssm/gpu/device.rs: OK
src/mamba_ssm/gpu/dtype.rs: OK
src/mamba_ssm/gpu/forward.rs: OK
src/mamba_ssm/gpu/forward_mixed.rs: OK
src/mamba_ssm/gpu/gemm_bi_fixed.rs: OK
src/mamba_ssm/gpu/gemm_bi_triad.rs: OK
src/mamba_ssm/gpu/grad_clip.rs: OK
src/mamba_ssm/gpu/graph_capture.rs: OK
src/mamba_ssm/gpu/inference.rs: OK
src/mamba_ssm/gpu/kernels.rs: OK
src/mamba_ssm/gpu/launch.rs: OK
src/mamba_ssm/gpu/loss_scaler.rs: OK
src/mamba_ssm/gpu/mod.rs: OK
src/mamba_ssm/gpu/prefill.rs: OK
src/mamba_ssm/gpu/trainer.rs: OK
src/mamba_ssm/gpu/training_graph.rs: OK
src/mamba_ssm/gpu/weights.rs: OK
src/mamba_ssm/gpu/weights_mixed_train.rs: OK
src/mamba_ssm/mod.rs: OK
src/module/backbone.rs: OK
src/module/backbone3.rs: OK
src/module/gpu_lm.rs: OK
src/module/gpu_lm3.rs: OK
src/module/lm.rs: OK
src/module/mod.rs: OK
src/module/sample.rs: OK
src/ops/blas.rs: OK
src/ops/dims.rs: OK
src/ops/fast_math.rs: OK
src/ops/mod.rs: OK
src/ops/norms.rs: OK
src/serialize.rs: OK
src/state.rs: OK
src/weights.rs: OK
tests/m1_gpu_benchmark.rs: OK
xtask/Cargo.toml: OK
xtask/src/comments.rs: OK
xtask/src/main.rs: OK
