{"schema":"MambaBiHalfTnEightWarp16x32CompileV1","candidate_source_sha":"6f3941d4c58eb8edb6c68dd51783c60f5e261f69268e3791427499446ecbb0f7","retained_source_sha":"9412e655faafe8b0f91c8d593a8cda0cafdb6320c04285cd9b396cfdcf36874f","candidate_ptx_sha":"f8f4725adfb5f7bd9486527a4d9011e4ed8b7ec0a3b99d3780b6fc9088ab8595","retained_ptx_sha":"2d75e845ff58760f073898cd309a97d4c68e0a2e32d0eb39778868d10ef85e4c","candidate_cubin_sha":"ad15a5477e6dd0b3f628035c615891c5366f2373b01829d5d125640374bedaa4","retained_cubin_sha":"8712e90afb71706cd3d6440d44931e151e335e4c86900e18ee5137306e79756b","candidate_sass_sha":"81d5012f200633882455f71104ddd76ac7a6b035fce9f3254cc687a9f7ab7610","retained_sass_sha":"4942f0b14da97ea82a4cc40d5352d681abfaec5b3b06a79190a32d5cc77ed785","candidate_registers":80,"retained_registers":125,"static_shared_bytes":32768,"candidate_hmma":16,"retained_hmma":32,"candidate_ldsm":20,"retained_ldsm":24,"candidate_ldgsts":24,"retained_ldgsts":24}
{"schema":"MambaBiHalfTnEightWarp16x32ResourceV1","arm":"regpipe_vec2_8warp16x32","registers":80,"register_cap":104,"local_bytes":0,"static_shared_bytes":32768,"dynamic_shared_bytes":0,"block_threads":256,"active_ctas":3,"required_active_ctas":2}
{"schema":"MambaBiHalfTnEightWarp16x32ResourceV1","arm":"retained_regpipe_vec2","registers":125,"register_cap":128,"local_bytes":0,"static_shared_bytes":32768,"dynamic_shared_bytes":0,"block_threads":128,"active_ctas":3,"required_active_ctas":3}
{"schema":"MambaBiHalfTnEightWarp16x32BitsV1","case":"d768_in","shape":[2048,768,3072],"alpha_bits":1065353216,"exceptional":false,"candidate_vs_retained_exact":true,"eager_graph_repeats":3,"words":2359296}
{"schema":"MambaBiHalfTnEightWarp16x32BitsV1","case":"aligned_tail_negative_alpha","shape":[67,72,72],"alpha_bits":3208642560,"exceptional":false,"candidate_vs_retained_exact":true,"eager_graph_repeats":3,"words":5184}
{"schema":"MambaBiHalfTnEightWarp16x32BitsV1","case":"misaligned_tail_negative_alpha","shape":[67,69,71],"alpha_bits":3208642560,"exceptional":false,"candidate_vs_retained_exact":true,"eager_graph_repeats":3,"words":4899}
{"schema":"MambaBiHalfTnEightWarp16x32BitsV1","case":"exceptional_full_tile","shape":[64,64,64],"alpha_bits":1065353216,"exceptional":true,"candidate_vs_retained_exact":true,"eager_graph_repeats":3,"words":4096}
{"schema":"MambaBiHalfTnEightWarp16x32BitsV1","case":"k0","shape":[0,65,67],"alpha_bits":1065353216,"exceptional":false,"candidate_vs_retained_exact":true,"eager_graph_repeats":3,"words":4355}
{"schema":"MambaBiHalfTnEightWarp16x32TimingV1","comparator":"retained_regpipe_vec2","path":"eager","order":"ABBA","windows":3,"window":0,"operations":20,"raw_us":[96.40960097312927,87.24480271339417,87.04000115394592,96.61440253257751],"ratio":1.1075205595814903}
{"schema":"MambaBiHalfTnEightWarp16x32TimingV1","comparator":"retained_regpipe_vec2","path":"eager","order":"ABBA","windows":3,"window":1,"operations":20,"raw_us":[96.76799774169922,87.1936023235321,87.1936023235321,96.56320214271545],"ratio":1.108631795983487}
{"schema":"MambaBiHalfTnEightWarp16x32TimingV1","comparator":"retained_regpipe_vec2","path":"eager","order":"ABBA","windows":3,"window":2,"operations":20,"raw_us":[96.46080136299133,87.55199909210205,87.09120154380798,96.61440253257751],"ratio":1.1055409153780067}
{"schema":"MambaBiHalfTnEightWarp16x32TimingV1","comparator":"retained_regpipe_vec2","path":"eager","order":"BAAB","windows":3,"window":0,"operations":20,"raw_us":[87.34719753265381,96.46080136299133,96.62560224533081,87.14240193367004],"ratio":1.106578295777379}
{"schema":"MambaBiHalfTnEightWarp16x32TimingV1","comparator":"retained_regpipe_vec2","path":"eager","order":"BAAB","windows":3,"window":1,"operations":20,"raw_us":[87.1936023235321,96.56320214271545,96.87039852142334,87.44959831237793],"ratio":1.1075930809777264}
{"schema":"MambaBiHalfTnEightWarp16x32TimingV1","comparator":"retained_regpipe_vec2","path":"eager","order":"BAAB","windows":3,"window":2,"operations":20,"raw_us":[87.34719753265381,96.87359929084778,96.72799706459045,87.1936023235321],"ratio":1.1092053921774025}
{"schema":"MambaBiHalfTnEightWarp16x32TimingV1","comparator":"retained_regpipe_vec2","path":"graph","order":"ABBA","windows":3,"window":0,"operations":20,"raw_us":[96.10239863395691,86.88639998435974,86.98880076408386,95.89759707450867],"ratio":1.1042402532506304}
{"schema":"MambaBiHalfTnEightWarp16x32TimingV1","comparator":"retained_regpipe_vec2","path":"graph","order":"ABBA","windows":3,"window":1,"operations":20,"raw_us":[95.84640264511108,86.83519959449768,86.63039803504944,96.05119824409485],"ratio":1.1062573992280715}
{"schema":"MambaBiHalfTnEightWarp16x32TimingV1","comparator":"retained_regpipe_vec2","path":"graph","order":"ABBA","windows":3,"window":2,"operations":20,"raw_us":[95.6928014755249,86.98880076408386,86.88639998435974,95.99999785423279],"ratio":1.1024734896329003}
{"schema":"MambaBiHalfTnEightWarp16x32TimingV1","comparator":"retained_regpipe_vec2","path":"graph","order":"BAAB","windows":3,"window":0,"operations":20,"raw_us":[86.73279881477356,95.99999785423279,95.84640264511108,86.88639998435974],"ratio":1.1049837911145894}
{"schema":"MambaBiHalfTnEightWarp16x32TimingV1","comparator":"retained_regpipe_vec2","path":"graph","order":"BAAB","windows":3,"window":1,"operations":20,"raw_us":[86.47680282592773,95.99999785423279,95.89759707450867,86.98880076408386],"ratio":1.1062573268548048}
{"schema":"MambaBiHalfTnEightWarp16x32TimingV1","comparator":"retained_regpipe_vec2","path":"graph","order":"BAAB","windows":3,"window":2,"operations":20,"raw_us":[86.52799725532532,96.30720019340515,96.15359902381897,86.83519959449768],"ratio":1.1101594958700753}
{"schema":"MambaBiHalfTnEightWarp16x32ScoutDecisionV1","candidate":"regpipe_vec2_8warp16x32","comparator":"retained_regpipe_vec2","windows":3,"threshold":0.99,"strata":[[1.1075205595814903,1.108631795983487],[1.1075930809777264,1.1092053921774025],[1.1042402532506304,1.1062573992280715],[1.1062573268548048,1.1101594958700753]],"pass":false,"decision":"stop_no_retry"}
test result: ok. 1 passed; 0 failed; 0 ignored; 0 measured; 38 filtered out; finished in 105.17s
