toolkit=12.8
new_cache=drwx------ 700 root:root /root/mamba-kcache-ada-rna-full-cuda128-20260906
frozen_cache=drwx------ 700 root:root /root/mamba-kcache-ada-rna-cuda128-20260906
blob=mamba-kernels-v1-73fbec7557a95462a555e39f1b3c94e8d2bcc7047a14f8f3e3fa51a768ec5b9a.bin new_sha256=c02fb7a0ef6a50cb52dc3fec2e83ebb1eb6b4015a9f200d48d65fd4493d489c9 frozen_sha256=c02fb7a0ef6a50cb52dc3fec2e83ebb1eb6b4015a9f200d48d65fd4493d489c9 byte_identical=true
blob=mamba-kernels-v1-ae8e2e3db0255db26419c8292c70ea945f46076770ddb3522d34443addeaf374.bin new_sha256=22827bf4ea23b939d8ec862b276f39b02c53ac2389345df1c16f62ca293c23fb frozen_sha256=22827bf4ea23b939d8ec862b276f39b02c53ac2389345df1c16f62ca293c23fb byte_identical=true
blob=mamba-kernels-v1-da5dabeff55570d1fb6ca43a1d4a8aa7a2a9d25efb6436ed7f03c4a28a73d986.bin new_sha256=48a388fc610d110bb884ea3cd0f49eda299c0c7ce0c8e2beb24d34a925198a54 frozen_sha256=48a388fc610d110bb884ea3cd0f49eda299c0c7ce0c8e2beb24d34a925198a54 byte_identical=true
new_file_count=3
frozen_file_count=3
toolkit=13.0
new_cache=drwx------ 700 root:root /root/mamba-kcache-ada-rna-full-cuda130-20260906
frozen_cache=drwx------ 700 root:root /root/mamba-kcache-ada-rna-cuda130-20260906
blob=mamba-kernels-v1-4d6815a9cdc06297113b72dc2d9ae9fac46b50a0583c561f358727d4a6f2cf49.bin new_sha256=cc518c145df2f13d1a76334dd6b5572a27cfc9d6887b6d72c273f51a39b58549 frozen_sha256=cc518c145df2f13d1a76334dd6b5572a27cfc9d6887b6d72c273f51a39b58549 byte_identical=true
blob=mamba-kernels-v1-ceeda6e9d55cfd166dafd638a9055daf8a1bb044f573c3349e147bff03b8fe7b.bin new_sha256=c599a8b8807dd944ae79238241b36f77599cb5cab0511d3ab4f8716bc7545c3c frozen_sha256=c599a8b8807dd944ae79238241b36f77599cb5cab0511d3ab4f8716bc7545c3c byte_identical=true
blob=mamba-kernels-v1-feac83eb41fcc629d0c4bf9be1758d9e92c431728e17c1f46cfcd5c5a9ebc27d.bin new_sha256=32e61498d102e2343b2c3b65ec062af81b1351b1039a2503c0657628b4d3a9c0 frozen_sha256=32e61498d102e2343b2c3b65ec062af81b1351b1039a2503c0657628b4d3a9c0 byte_identical=true
new_file_count=3
frozen_file_count=3
toolkit=13.2
new_cache=drwx------ 700 root:root /root/mamba-kcache-ada-rna-full-cuda132-20260906
frozen_cache=drwx------ 700 root:root /root/mamba-kcache-ada-rna-wide-auto-20260906
blob=mamba-kernels-v1-3809af034718aa08dfdfc1b6baeb407715436dc7db87ef39825b033c2fd72541.bin new_sha256=5851ebd49595a0b2ef665073289e52f903eec3266deadfc5ad5d9f2096ce6d16 frozen_sha256=5851ebd49595a0b2ef665073289e52f903eec3266deadfc5ad5d9f2096ce6d16 byte_identical=true
blob=mamba-kernels-v1-4e99acb556ad1f6bb2aafa382f1618db9c9ecf37286fa7da37a62d86399c14ce.bin new_sha256=220ccfc809011d7738b7447a319ecb0c1b2b12c49b3766ca0315d28fa3d5153f frozen_sha256=220ccfc809011d7738b7447a319ecb0c1b2b12c49b3766ca0315d28fa3d5153f byte_identical=true
blob=mamba-kernels-v1-822ebf0dda7dcf9c4f5c5a2213884dde42ab45f5cf238479a81856042c302b7c.bin new_sha256=5035921fc8e078e5454c9c5392f9e9ee6ca6a3de54c1e08cb54bba432fa37546 frozen_sha256=5035921fc8e078e5454c9c5392f9e9ee6ca6a3de54c1e08cb54bba432fa37546 byte_identical=true
new_file_count=3
frozen_file_count=3
