phase=force
source_manifest_sha256=44f1a4632512169d56fea483df599507e7cd718cb4853640f2eb3ff733002105
correctness_executable_sha256=750c1e69b52333b5b505d0734c532cda04a4a7cc46a70fac8febfc648be54d06
CUDA_HOME=/usr/local/cuda-13.2
CUDA_PATH=/usr/local/cuda-13.2
LD_LIBRARY_PATH=/usr/local/cuda-13.2/lib64
PATH=/usr/local/cuda-13.2/bin:/root/.cargo/bin:/usr/local/sbin:/usr/local/bin:/usr/sbin:/usr/bin:/sbin:/bin
CARGO_TARGET_DIR=/root/target-ada-rna-full-cuda132-20260906
MAMBA_RS_KERNEL_CACHE=/root/mamba-kcache-ada-rna-full-cuda132-20260906
cache_files_before=0
command=cargo test --release --features cuda,cudarc/cuda-13020 --test gemm_bi_fixed_correctness fixed_tf32_rna_wide_ -- --ignored --nocapture --test-threads=1
    Finished `release` profile [optimized] target(s) in 0.07s
     Running tests/gemm_bi_fixed_correctness.rs (/root/target-ada-rna-full-cuda132-20260906/release/deps/gemm_bi_fixed_correctness-7860b14bbe37841d)

running 2 tests
test fixed_tf32_rna_wide_matches_all_fixed_rungs_prefix_views_and_graph_bits ... RNA_WIDE_QUALIFIED_GROUP case=tail shape_m=6018 k=36 n=132 view_m=1 exceptional=false bias=false row_offset=0 output_offset=1 actual_auto=false
RNA_WIDE_QUALIFIED_GROUP case=tail shape_m=6018 k=36 n=132 view_m=1 exceptional=false bias=false row_offset=0 output_offset=4 actual_auto=false
RNA_WIDE_QUALIFIED_GROUP case=tail shape_m=6018 k=36 n=132 view_m=15 exceptional=false bias=false row_offset=0 output_offset=1 actual_auto=false
RNA_WIDE_QUALIFIED_GROUP case=tail shape_m=6018 k=36 n=132 view_m=15 exceptional=false bias=false row_offset=0 output_offset=4 actual_auto=false
RNA_WIDE_QUALIFIED_GROUP case=tail shape_m=6018 k=36 n=132 view_m=16 exceptional=false bias=false row_offset=0 output_offset=1 actual_auto=false
RNA_WIDE_QUALIFIED_GROUP case=tail shape_m=6018 k=36 n=132 view_m=16 exceptional=false bias=false row_offset=0 output_offset=4 actual_auto=false
RNA_WIDE_QUALIFIED_GROUP case=tail shape_m=6018 k=36 n=132 view_m=17 exceptional=false bias=false row_offset=0 output_offset=1 actual_auto=false
RNA_WIDE_QUALIFIED_GROUP case=tail shape_m=6018 k=36 n=132 view_m=17 exceptional=false bias=false row_offset=0 output_offset=4 actual_auto=false
RNA_WIDE_QUALIFIED_GROUP case=tail shape_m=6018 k=36 n=132 view_m=31 exceptional=false bias=false row_offset=0 output_offset=1 actual_auto=false
RNA_WIDE_QUALIFIED_GROUP case=tail shape_m=6018 k=36 n=132 view_m=31 exceptional=false bias=false row_offset=0 output_offset=4 actual_auto=false
RNA_WIDE_QUALIFIED_GROUP case=tail shape_m=6018 k=36 n=132 view_m=32 exceptional=false bias=false row_offset=0 output_offset=1 actual_auto=false
RNA_WIDE_QUALIFIED_GROUP case=tail shape_m=6018 k=36 n=132 view_m=32 exceptional=false bias=false row_offset=0 output_offset=4 actual_auto=false
RNA_WIDE_QUALIFIED_GROUP case=tail shape_m=6018 k=36 n=132 view_m=33 exceptional=false bias=false row_offset=0 output_offset=1 actual_auto=false
RNA_WIDE_QUALIFIED_GROUP case=tail shape_m=6018 k=36 n=132 view_m=33 exceptional=false bias=false row_offset=0 output_offset=4 actual_auto=false
RNA_WIDE_QUALIFIED_GROUP case=tail shape_m=6018 k=36 n=132 view_m=63 exceptional=false bias=false row_offset=0 output_offset=1 actual_auto=false
RNA_WIDE_QUALIFIED_GROUP case=tail shape_m=6018 k=36 n=132 view_m=63 exceptional=false bias=false row_offset=0 output_offset=4 actual_auto=false
RNA_WIDE_QUALIFIED_GROUP case=tail shape_m=6018 k=36 n=132 view_m=64 exceptional=false bias=false row_offset=0 output_offset=1 actual_auto=false
RNA_WIDE_QUALIFIED_GROUP case=tail shape_m=6018 k=36 n=132 view_m=64 exceptional=false bias=false row_offset=0 output_offset=4 actual_auto=false
RNA_WIDE_QUALIFIED_GROUP case=tail shape_m=6018 k=36 n=132 view_m=65 exceptional=false bias=false row_offset=0 output_offset=1 actual_auto=false
RNA_WIDE_QUALIFIED_GROUP case=tail shape_m=6018 k=36 n=132 view_m=65 exceptional=false bias=false row_offset=0 output_offset=4 actual_auto=false
RNA_WIDE_QUALIFIED_GROUP case=tail shape_m=6018 k=36 n=132 view_m=127 exceptional=false bias=false row_offset=0 output_offset=1 actual_auto=false
RNA_WIDE_QUALIFIED_GROUP case=tail shape_m=6018 k=36 n=132 view_m=127 exceptional=false bias=false row_offset=0 output_offset=4 actual_auto=false
RNA_WIDE_QUALIFIED_GROUP case=tail shape_m=6018 k=36 n=132 view_m=128 exceptional=false bias=false row_offset=0 output_offset=1 actual_auto=false
RNA_WIDE_QUALIFIED_GROUP case=tail shape_m=6018 k=36 n=132 view_m=128 exceptional=false bias=false row_offset=0 output_offset=4 actual_auto=false
RNA_WIDE_QUALIFIED_GROUP case=tail shape_m=6018 k=36 n=132 view_m=129 exceptional=false bias=false row_offset=0 output_offset=1 actual_auto=false
RNA_WIDE_QUALIFIED_GROUP case=tail shape_m=6018 k=36 n=132 view_m=129 exceptional=false bias=false row_offset=0 output_offset=4 actual_auto=false
RNA_WIDE_QUALIFIED_GROUP case=tail shape_m=6018 k=36 n=132 view_m=255 exceptional=false bias=false row_offset=0 output_offset=1 actual_auto=false
RNA_WIDE_QUALIFIED_GROUP case=tail shape_m=6018 k=36 n=132 view_m=255 exceptional=false bias=false row_offset=0 output_offset=4 actual_auto=false
RNA_WIDE_QUALIFIED_GROUP case=tail shape_m=6018 k=36 n=132 view_m=256 exceptional=false bias=false row_offset=0 output_offset=1 actual_auto=false
RNA_WIDE_QUALIFIED_GROUP case=tail shape_m=6018 k=36 n=132 view_m=256 exceptional=false bias=false row_offset=0 output_offset=4 actual_auto=false
RNA_WIDE_QUALIFIED_GROUP case=tail shape_m=6018 k=36 n=132 view_m=257 exceptional=false bias=false row_offset=0 output_offset=1 actual_auto=false
RNA_WIDE_QUALIFIED_GROUP case=tail shape_m=6018 k=36 n=132 view_m=257 exceptional=false bias=false row_offset=0 output_offset=4 actual_auto=false
RNA_WIDE_QUALIFIED_GROUP case=tail shape_m=6018 k=36 n=132 view_m=257 exceptional=false bias=false row_offset=17 output_offset=1 actual_auto=false
RNA_WIDE_QUALIFIED_GROUP case=tail shape_m=6018 k=36 n=132 view_m=257 exceptional=false bias=false row_offset=17 output_offset=4 actual_auto=false
RNA_WIDE_QUALIFIED_GROUP case=tail shape_m=6018 k=36 n=132 view_m=4621 exceptional=false bias=false row_offset=0 output_offset=1 actual_auto=false
RNA_WIDE_QUALIFIED_GROUP case=tail shape_m=6018 k=36 n=132 view_m=4621 exceptional=false bias=false row_offset=0 output_offset=4 actual_auto=false
RNA_WIDE_QUALIFIED_GROUP case=tail shape_m=6018 k=36 n=132 view_m=6016 exceptional=false bias=false row_offset=0 output_offset=1 actual_auto=false
RNA_WIDE_QUALIFIED_GROUP case=tail shape_m=6018 k=36 n=132 view_m=6016 exceptional=false bias=false row_offset=0 output_offset=4 actual_auto=false
RNA_WIDE_QUALIFIED_GROUP case=tail shape_m=6018 k=36 n=132 view_m=6017 exceptional=false bias=false row_offset=0 output_offset=1 actual_auto=false
RNA_WIDE_QUALIFIED_GROUP case=tail shape_m=6018 k=36 n=132 view_m=6017 exceptional=false bias=false row_offset=0 output_offset=4 actual_auto=false
RNA_WIDE_QUALIFIED_GROUP case=tail shape_m=6018 k=36 n=132 view_m=6018 exceptional=false bias=false row_offset=0 output_offset=1 actual_auto=false
RNA_WIDE_QUALIFIED_GROUP case=tail shape_m=6018 k=36 n=132 view_m=6018 exceptional=false bias=false row_offset=0 output_offset=4 actual_auto=false
RNA_WIDE_QUALIFIED_GROUP case=tail shape_m=6018 k=36 n=132 view_m=1 exceptional=false bias=true row_offset=0 output_offset=1 actual_auto=false
RNA_WIDE_QUALIFIED_GROUP case=tail shape_m=6018 k=36 n=132 view_m=1 exceptional=false bias=true row_offset=0 output_offset=4 actual_auto=false
RNA_WIDE_QUALIFIED_GROUP case=tail shape_m=6018 k=36 n=132 view_m=15 exceptional=false bias=true row_offset=0 output_offset=1 actual_auto=false
RNA_WIDE_QUALIFIED_GROUP case=tail shape_m=6018 k=36 n=132 view_m=15 exceptional=false bias=true row_offset=0 output_offset=4 actual_auto=false
RNA_WIDE_QUALIFIED_GROUP case=tail shape_m=6018 k=36 n=132 view_m=16 exceptional=false bias=true row_offset=0 output_offset=1 actual_auto=false
RNA_WIDE_QUALIFIED_GROUP case=tail shape_m=6018 k=36 n=132 view_m=16 exceptional=false bias=true row_offset=0 output_offset=4 actual_auto=false
RNA_WIDE_QUALIFIED_GROUP case=tail shape_m=6018 k=36 n=132 view_m=17 exceptional=false bias=true row_offset=0 output_offset=1 actual_auto=false
RNA_WIDE_QUALIFIED_GROUP case=tail shape_m=6018 k=36 n=132 view_m=17 exceptional=false bias=true row_offset=0 output_offset=4 actual_auto=false
RNA_WIDE_QUALIFIED_GROUP case=tail shape_m=6018 k=36 n=132 view_m=31 exceptional=false bias=true row_offset=0 output_offset=1 actual_auto=false
RNA_WIDE_QUALIFIED_GROUP case=tail shape_m=6018 k=36 n=132 view_m=31 exceptional=false bias=true row_offset=0 output_offset=4 actual_auto=false
RNA_WIDE_QUALIFIED_GROUP case=tail shape_m=6018 k=36 n=132 view_m=32 exceptional=false bias=true row_offset=0 output_offset=1 actual_auto=false
RNA_WIDE_QUALIFIED_GROUP case=tail shape_m=6018 k=36 n=132 view_m=32 exceptional=false bias=true row_offset=0 output_offset=4 actual_auto=false
RNA_WIDE_QUALIFIED_GROUP case=tail shape_m=6018 k=36 n=132 view_m=33 exceptional=false bias=true row_offset=0 output_offset=1 actual_auto=false
RNA_WIDE_QUALIFIED_GROUP case=tail shape_m=6018 k=36 n=132 view_m=33 exceptional=false bias=true row_offset=0 output_offset=4 actual_auto=false
RNA_WIDE_QUALIFIED_GROUP case=tail shape_m=6018 k=36 n=132 view_m=63 exceptional=false bias=true row_offset=0 output_offset=1 actual_auto=false
RNA_WIDE_QUALIFIED_GROUP case=tail shape_m=6018 k=36 n=132 view_m=63 exceptional=false bias=true row_offset=0 output_offset=4 actual_auto=false
RNA_WIDE_QUALIFIED_GROUP case=tail shape_m=6018 k=36 n=132 view_m=64 exceptional=false bias=true row_offset=0 output_offset=1 actual_auto=false
RNA_WIDE_QUALIFIED_GROUP case=tail shape_m=6018 k=36 n=132 view_m=64 exceptional=false bias=true row_offset=0 output_offset=4 actual_auto=false
RNA_WIDE_QUALIFIED_GROUP case=tail shape_m=6018 k=36 n=132 view_m=65 exceptional=false bias=true row_offset=0 output_offset=1 actual_auto=false
RNA_WIDE_QUALIFIED_GROUP case=tail shape_m=6018 k=36 n=132 view_m=65 exceptional=false bias=true row_offset=0 output_offset=4 actual_auto=false
RNA_WIDE_QUALIFIED_GROUP case=tail shape_m=6018 k=36 n=132 view_m=127 exceptional=false bias=true row_offset=0 output_offset=1 actual_auto=false
RNA_WIDE_QUALIFIED_GROUP case=tail shape_m=6018 k=36 n=132 view_m=127 exceptional=false bias=true row_offset=0 output_offset=4 actual_auto=false
RNA_WIDE_QUALIFIED_GROUP case=tail shape_m=6018 k=36 n=132 view_m=128 exceptional=false bias=true row_offset=0 output_offset=1 actual_auto=false
RNA_WIDE_QUALIFIED_GROUP case=tail shape_m=6018 k=36 n=132 view_m=128 exceptional=false bias=true row_offset=0 output_offset=4 actual_auto=false
RNA_WIDE_QUALIFIED_GROUP case=tail shape_m=6018 k=36 n=132 view_m=129 exceptional=false bias=true row_offset=0 output_offset=1 actual_auto=false
RNA_WIDE_QUALIFIED_GROUP case=tail shape_m=6018 k=36 n=132 view_m=129 exceptional=false bias=true row_offset=0 output_offset=4 actual_auto=false
RNA_WIDE_QUALIFIED_GROUP case=tail shape_m=6018 k=36 n=132 view_m=255 exceptional=false bias=true row_offset=0 output_offset=1 actual_auto=false
RNA_WIDE_QUALIFIED_GROUP case=tail shape_m=6018 k=36 n=132 view_m=255 exceptional=false bias=true row_offset=0 output_offset=4 actual_auto=false
RNA_WIDE_QUALIFIED_GROUP case=tail shape_m=6018 k=36 n=132 view_m=256 exceptional=false bias=true row_offset=0 output_offset=1 actual_auto=false
RNA_WIDE_QUALIFIED_GROUP case=tail shape_m=6018 k=36 n=132 view_m=256 exceptional=false bias=true row_offset=0 output_offset=4 actual_auto=false
RNA_WIDE_QUALIFIED_GROUP case=tail shape_m=6018 k=36 n=132 view_m=257 exceptional=false bias=true row_offset=0 output_offset=1 actual_auto=false
RNA_WIDE_QUALIFIED_GROUP case=tail shape_m=6018 k=36 n=132 view_m=257 exceptional=false bias=true row_offset=0 output_offset=4 actual_auto=false
RNA_WIDE_QUALIFIED_GROUP case=tail shape_m=6018 k=36 n=132 view_m=257 exceptional=false bias=true row_offset=17 output_offset=1 actual_auto=false
RNA_WIDE_QUALIFIED_GROUP case=tail shape_m=6018 k=36 n=132 view_m=257 exceptional=false bias=true row_offset=17 output_offset=4 actual_auto=false
RNA_WIDE_QUALIFIED_GROUP case=tail shape_m=6018 k=36 n=132 view_m=4621 exceptional=false bias=true row_offset=0 output_offset=1 actual_auto=false
RNA_WIDE_QUALIFIED_GROUP case=tail shape_m=6018 k=36 n=132 view_m=4621 exceptional=false bias=true row_offset=0 output_offset=4 actual_auto=false
RNA_WIDE_QUALIFIED_GROUP case=tail shape_m=6018 k=36 n=132 view_m=6016 exceptional=false bias=true row_offset=0 output_offset=1 actual_auto=false
RNA_WIDE_QUALIFIED_GROUP case=tail shape_m=6018 k=36 n=132 view_m=6016 exceptional=false bias=true row_offset=0 output_offset=4 actual_auto=false
RNA_WIDE_QUALIFIED_GROUP case=tail shape_m=6018 k=36 n=132 view_m=6017 exceptional=false bias=true row_offset=0 output_offset=1 actual_auto=false
RNA_WIDE_QUALIFIED_GROUP case=tail shape_m=6018 k=36 n=132 view_m=6017 exceptional=false bias=true row_offset=0 output_offset=4 actual_auto=false
RNA_WIDE_QUALIFIED_GROUP case=tail shape_m=6018 k=36 n=132 view_m=6018 exceptional=false bias=true row_offset=0 output_offset=1 actual_auto=false
RNA_WIDE_QUALIFIED_GROUP case=tail shape_m=6018 k=36 n=132 view_m=6018 exceptional=false bias=true row_offset=0 output_offset=4 actual_auto=false
RNA_WIDE_QUALIFIED_GROUP case=tail shape_m=6018 k=36 n=132 view_m=1 exceptional=true bias=false row_offset=0 output_offset=1 actual_auto=false
RNA_WIDE_QUALIFIED_GROUP case=tail shape_m=6018 k=36 n=132 view_m=1 exceptional=true bias=false row_offset=0 output_offset=4 actual_auto=false
RNA_WIDE_QUALIFIED_GROUP case=tail shape_m=6018 k=36 n=132 view_m=15 exceptional=true bias=false row_offset=0 output_offset=1 actual_auto=false
RNA_WIDE_QUALIFIED_GROUP case=tail shape_m=6018 k=36 n=132 view_m=15 exceptional=true bias=false row_offset=0 output_offset=4 actual_auto=false
RNA_WIDE_QUALIFIED_GROUP case=tail shape_m=6018 k=36 n=132 view_m=16 exceptional=true bias=false row_offset=0 output_offset=1 actual_auto=false
RNA_WIDE_QUALIFIED_GROUP case=tail shape_m=6018 k=36 n=132 view_m=16 exceptional=true bias=false row_offset=0 output_offset=4 actual_auto=false
RNA_WIDE_QUALIFIED_GROUP case=tail shape_m=6018 k=36 n=132 view_m=17 exceptional=true bias=false row_offset=0 output_offset=1 actual_auto=false
RNA_WIDE_QUALIFIED_GROUP case=tail shape_m=6018 k=36 n=132 view_m=17 exceptional=true bias=false row_offset=0 output_offset=4 actual_auto=false
RNA_WIDE_QUALIFIED_GROUP case=tail shape_m=6018 k=36 n=132 view_m=31 exceptional=true bias=false row_offset=0 output_offset=1 actual_auto=false
RNA_WIDE_QUALIFIED_GROUP case=tail shape_m=6018 k=36 n=132 view_m=31 exceptional=true bias=false row_offset=0 output_offset=4 actual_auto=false
RNA_WIDE_QUALIFIED_GROUP case=tail shape_m=6018 k=36 n=132 view_m=32 exceptional=true bias=false row_offset=0 output_offset=1 actual_auto=false
RNA_WIDE_QUALIFIED_GROUP case=tail shape_m=6018 k=36 n=132 view_m=32 exceptional=true bias=false row_offset=0 output_offset=4 actual_auto=false
RNA_WIDE_QUALIFIED_GROUP case=tail shape_m=6018 k=36 n=132 view_m=33 exceptional=true bias=false row_offset=0 output_offset=1 actual_auto=false
RNA_WIDE_QUALIFIED_GROUP case=tail shape_m=6018 k=36 n=132 view_m=33 exceptional=true bias=false row_offset=0 output_offset=4 actual_auto=false
RNA_WIDE_QUALIFIED_GROUP case=tail shape_m=6018 k=36 n=132 view_m=63 exceptional=true bias=false row_offset=0 output_offset=1 actual_auto=false
RNA_WIDE_QUALIFIED_GROUP case=tail shape_m=6018 k=36 n=132 view_m=63 exceptional=true bias=false row_offset=0 output_offset=4 actual_auto=false
RNA_WIDE_QUALIFIED_GROUP case=tail shape_m=6018 k=36 n=132 view_m=64 exceptional=true bias=false row_offset=0 output_offset=1 actual_auto=false
RNA_WIDE_QUALIFIED_GROUP case=tail shape_m=6018 k=36 n=132 view_m=64 exceptional=true bias=false row_offset=0 output_offset=4 actual_auto=false
RNA_WIDE_QUALIFIED_GROUP case=tail shape_m=6018 k=36 n=132 view_m=65 exceptional=true bias=false row_offset=0 output_offset=1 actual_auto=false
RNA_WIDE_QUALIFIED_GROUP case=tail shape_m=6018 k=36 n=132 view_m=65 exceptional=true bias=false row_offset=0 output_offset=4 actual_auto=false
RNA_WIDE_QUALIFIED_GROUP case=tail shape_m=6018 k=36 n=132 view_m=127 exceptional=true bias=false row_offset=0 output_offset=1 actual_auto=false
RNA_WIDE_QUALIFIED_GROUP case=tail shape_m=6018 k=36 n=132 view_m=127 exceptional=true bias=false row_offset=0 output_offset=4 actual_auto=false
RNA_WIDE_QUALIFIED_GROUP case=tail shape_m=6018 k=36 n=132 view_m=128 exceptional=true bias=false row_offset=0 output_offset=1 actual_auto=false
RNA_WIDE_QUALIFIED_GROUP case=tail shape_m=6018 k=36 n=132 view_m=128 exceptional=true bias=false row_offset=0 output_offset=4 actual_auto=false
RNA_WIDE_QUALIFIED_GROUP case=tail shape_m=6018 k=36 n=132 view_m=129 exceptional=true bias=false row_offset=0 output_offset=1 actual_auto=false
RNA_WIDE_QUALIFIED_GROUP case=tail shape_m=6018 k=36 n=132 view_m=129 exceptional=true bias=false row_offset=0 output_offset=4 actual_auto=false
RNA_WIDE_QUALIFIED_GROUP case=tail shape_m=6018 k=36 n=132 view_m=255 exceptional=true bias=false row_offset=0 output_offset=1 actual_auto=false
RNA_WIDE_QUALIFIED_GROUP case=tail shape_m=6018 k=36 n=132 view_m=255 exceptional=true bias=false row_offset=0 output_offset=4 actual_auto=false
RNA_WIDE_QUALIFIED_GROUP case=tail shape_m=6018 k=36 n=132 view_m=256 exceptional=true bias=false row_offset=0 output_offset=1 actual_auto=false
RNA_WIDE_QUALIFIED_GROUP case=tail shape_m=6018 k=36 n=132 view_m=256 exceptional=true bias=false row_offset=0 output_offset=4 actual_auto=false
RNA_WIDE_QUALIFIED_GROUP case=tail shape_m=6018 k=36 n=132 view_m=257 exceptional=true bias=false row_offset=0 output_offset=1 actual_auto=false
RNA_WIDE_QUALIFIED_GROUP case=tail shape_m=6018 k=36 n=132 view_m=257 exceptional=true bias=false row_offset=0 output_offset=4 actual_auto=false
RNA_WIDE_QUALIFIED_GROUP case=tail shape_m=6018 k=36 n=132 view_m=257 exceptional=true bias=false row_offset=17 output_offset=1 actual_auto=false
RNA_WIDE_QUALIFIED_GROUP case=tail shape_m=6018 k=36 n=132 view_m=257 exceptional=true bias=false row_offset=17 output_offset=4 actual_auto=false
RNA_WIDE_QUALIFIED_GROUP case=tail shape_m=6018 k=36 n=132 view_m=4621 exceptional=true bias=false row_offset=0 output_offset=1 actual_auto=false
RNA_WIDE_QUALIFIED_GROUP case=tail shape_m=6018 k=36 n=132 view_m=4621 exceptional=true bias=false row_offset=0 output_offset=4 actual_auto=false
RNA_WIDE_QUALIFIED_GROUP case=tail shape_m=6018 k=36 n=132 view_m=6016 exceptional=true bias=false row_offset=0 output_offset=1 actual_auto=false
RNA_WIDE_QUALIFIED_GROUP case=tail shape_m=6018 k=36 n=132 view_m=6016 exceptional=true bias=false row_offset=0 output_offset=4 actual_auto=false
RNA_WIDE_QUALIFIED_GROUP case=tail shape_m=6018 k=36 n=132 view_m=6017 exceptional=true bias=false row_offset=0 output_offset=1 actual_auto=false
RNA_WIDE_QUALIFIED_GROUP case=tail shape_m=6018 k=36 n=132 view_m=6017 exceptional=true bias=false row_offset=0 output_offset=4 actual_auto=false
RNA_WIDE_QUALIFIED_GROUP case=tail shape_m=6018 k=36 n=132 view_m=6018 exceptional=true bias=false row_offset=0 output_offset=1 actual_auto=false
RNA_WIDE_QUALIFIED_GROUP case=tail shape_m=6018 k=36 n=132 view_m=6018 exceptional=true bias=false row_offset=0 output_offset=4 actual_auto=false
RNA_WIDE_QUALIFIED_GROUP case=tail shape_m=6018 k=36 n=132 view_m=1 exceptional=true bias=true row_offset=0 output_offset=1 actual_auto=false
RNA_WIDE_QUALIFIED_GROUP case=tail shape_m=6018 k=36 n=132 view_m=1 exceptional=true bias=true row_offset=0 output_offset=4 actual_auto=false
RNA_WIDE_QUALIFIED_GROUP case=tail shape_m=6018 k=36 n=132 view_m=15 exceptional=true bias=true row_offset=0 output_offset=1 actual_auto=false
RNA_WIDE_QUALIFIED_GROUP case=tail shape_m=6018 k=36 n=132 view_m=15 exceptional=true bias=true row_offset=0 output_offset=4 actual_auto=false
RNA_WIDE_QUALIFIED_GROUP case=tail shape_m=6018 k=36 n=132 view_m=16 exceptional=true bias=true row_offset=0 output_offset=1 actual_auto=false
RNA_WIDE_QUALIFIED_GROUP case=tail shape_m=6018 k=36 n=132 view_m=16 exceptional=true bias=true row_offset=0 output_offset=4 actual_auto=false
RNA_WIDE_QUALIFIED_GROUP case=tail shape_m=6018 k=36 n=132 view_m=17 exceptional=true bias=true row_offset=0 output_offset=1 actual_auto=false
RNA_WIDE_QUALIFIED_GROUP case=tail shape_m=6018 k=36 n=132 view_m=17 exceptional=true bias=true row_offset=0 output_offset=4 actual_auto=false
RNA_WIDE_QUALIFIED_GROUP case=tail shape_m=6018 k=36 n=132 view_m=31 exceptional=true bias=true row_offset=0 output_offset=1 actual_auto=false
RNA_WIDE_QUALIFIED_GROUP case=tail shape_m=6018 k=36 n=132 view_m=31 exceptional=true bias=true row_offset=0 output_offset=4 actual_auto=false
RNA_WIDE_QUALIFIED_GROUP case=tail shape_m=6018 k=36 n=132 view_m=32 exceptional=true bias=true row_offset=0 output_offset=1 actual_auto=false
RNA_WIDE_QUALIFIED_GROUP case=tail shape_m=6018 k=36 n=132 view_m=32 exceptional=true bias=true row_offset=0 output_offset=4 actual_auto=false
RNA_WIDE_QUALIFIED_GROUP case=tail shape_m=6018 k=36 n=132 view_m=33 exceptional=true bias=true row_offset=0 output_offset=1 actual_auto=false
RNA_WIDE_QUALIFIED_GROUP case=tail shape_m=6018 k=36 n=132 view_m=33 exceptional=true bias=true row_offset=0 output_offset=4 actual_auto=false
RNA_WIDE_QUALIFIED_GROUP case=tail shape_m=6018 k=36 n=132 view_m=63 exceptional=true bias=true row_offset=0 output_offset=1 actual_auto=false
RNA_WIDE_QUALIFIED_GROUP case=tail shape_m=6018 k=36 n=132 view_m=63 exceptional=true bias=true row_offset=0 output_offset=4 actual_auto=false
RNA_WIDE_QUALIFIED_GROUP case=tail shape_m=6018 k=36 n=132 view_m=64 exceptional=true bias=true row_offset=0 output_offset=1 actual_auto=false
RNA_WIDE_QUALIFIED_GROUP case=tail shape_m=6018 k=36 n=132 view_m=64 exceptional=true bias=true row_offset=0 output_offset=4 actual_auto=false
RNA_WIDE_QUALIFIED_GROUP case=tail shape_m=6018 k=36 n=132 view_m=65 exceptional=true bias=true row_offset=0 output_offset=1 actual_auto=false
RNA_WIDE_QUALIFIED_GROUP case=tail shape_m=6018 k=36 n=132 view_m=65 exceptional=true bias=true row_offset=0 output_offset=4 actual_auto=false
RNA_WIDE_QUALIFIED_GROUP case=tail shape_m=6018 k=36 n=132 view_m=127 exceptional=true bias=true row_offset=0 output_offset=1 actual_auto=false
RNA_WIDE_QUALIFIED_GROUP case=tail shape_m=6018 k=36 n=132 view_m=127 exceptional=true bias=true row_offset=0 output_offset=4 actual_auto=false
RNA_WIDE_QUALIFIED_GROUP case=tail shape_m=6018 k=36 n=132 view_m=128 exceptional=true bias=true row_offset=0 output_offset=1 actual_auto=false
RNA_WIDE_QUALIFIED_GROUP case=tail shape_m=6018 k=36 n=132 view_m=128 exceptional=true bias=true row_offset=0 output_offset=4 actual_auto=false
RNA_WIDE_QUALIFIED_GROUP case=tail shape_m=6018 k=36 n=132 view_m=129 exceptional=true bias=true row_offset=0 output_offset=1 actual_auto=false
RNA_WIDE_QUALIFIED_GROUP case=tail shape_m=6018 k=36 n=132 view_m=129 exceptional=true bias=true row_offset=0 output_offset=4 actual_auto=false
RNA_WIDE_QUALIFIED_GROUP case=tail shape_m=6018 k=36 n=132 view_m=255 exceptional=true bias=true row_offset=0 output_offset=1 actual_auto=false
RNA_WIDE_QUALIFIED_GROUP case=tail shape_m=6018 k=36 n=132 view_m=255 exceptional=true bias=true row_offset=0 output_offset=4 actual_auto=false
RNA_WIDE_QUALIFIED_GROUP case=tail shape_m=6018 k=36 n=132 view_m=256 exceptional=true bias=true row_offset=0 output_offset=1 actual_auto=false
RNA_WIDE_QUALIFIED_GROUP case=tail shape_m=6018 k=36 n=132 view_m=256 exceptional=true bias=true row_offset=0 output_offset=4 actual_auto=false
RNA_WIDE_QUALIFIED_GROUP case=tail shape_m=6018 k=36 n=132 view_m=257 exceptional=true bias=true row_offset=0 output_offset=1 actual_auto=false
RNA_WIDE_QUALIFIED_GROUP case=tail shape_m=6018 k=36 n=132 view_m=257 exceptional=true bias=true row_offset=0 output_offset=4 actual_auto=false
RNA_WIDE_QUALIFIED_GROUP case=tail shape_m=6018 k=36 n=132 view_m=257 exceptional=true bias=true row_offset=17 output_offset=1 actual_auto=false
RNA_WIDE_QUALIFIED_GROUP case=tail shape_m=6018 k=36 n=132 view_m=257 exceptional=true bias=true row_offset=17 output_offset=4 actual_auto=false
RNA_WIDE_QUALIFIED_GROUP case=tail shape_m=6018 k=36 n=132 view_m=4621 exceptional=true bias=true row_offset=0 output_offset=1 actual_auto=false
RNA_WIDE_QUALIFIED_GROUP case=tail shape_m=6018 k=36 n=132 view_m=4621 exceptional=true bias=true row_offset=0 output_offset=4 actual_auto=false
RNA_WIDE_QUALIFIED_GROUP case=tail shape_m=6018 k=36 n=132 view_m=6016 exceptional=true bias=true row_offset=0 output_offset=1 actual_auto=false
RNA_WIDE_QUALIFIED_GROUP case=tail shape_m=6018 k=36 n=132 view_m=6016 exceptional=true bias=true row_offset=0 output_offset=4 actual_auto=false
RNA_WIDE_QUALIFIED_GROUP case=tail shape_m=6018 k=36 n=132 view_m=6017 exceptional=true bias=true row_offset=0 output_offset=1 actual_auto=false
RNA_WIDE_QUALIFIED_GROUP case=tail shape_m=6018 k=36 n=132 view_m=6017 exceptional=true bias=true row_offset=0 output_offset=4 actual_auto=false
RNA_WIDE_QUALIFIED_GROUP case=tail shape_m=6018 k=36 n=132 view_m=6018 exceptional=true bias=true row_offset=0 output_offset=1 actual_auto=false
RNA_WIDE_QUALIFIED_GROUP case=tail shape_m=6018 k=36 n=132 view_m=6018 exceptional=true bias=true row_offset=0 output_offset=4 actual_auto=false
RNA_WIDE_QUALIFIED_GROUP case=hot_a_boundary shape_m=4622 k=384 n=1928 view_m=1 exceptional=false bias=false row_offset=0 output_offset=1 actual_auto=false
RNA_WIDE_QUALIFIED_GROUP case=hot_a_boundary shape_m=4622 k=384 n=1928 view_m=1 exceptional=false bias=false row_offset=0 output_offset=4 actual_auto=false
RNA_WIDE_QUALIFIED_GROUP case=hot_a_boundary shape_m=4622 k=384 n=1928 view_m=16 exceptional=false bias=false row_offset=0 output_offset=1 actual_auto=false
RNA_WIDE_QUALIFIED_GROUP case=hot_a_boundary shape_m=4622 k=384 n=1928 view_m=16 exceptional=false bias=false row_offset=0 output_offset=4 actual_auto=false
RNA_WIDE_QUALIFIED_GROUP case=hot_a_boundary shape_m=4622 k=384 n=1928 view_m=17 exceptional=false bias=false row_offset=0 output_offset=1 actual_auto=false
RNA_WIDE_QUALIFIED_GROUP case=hot_a_boundary shape_m=4622 k=384 n=1928 view_m=17 exceptional=false bias=false row_offset=0 output_offset=4 actual_auto=false
RNA_WIDE_QUALIFIED_GROUP case=hot_a_boundary shape_m=4622 k=384 n=1928 view_m=4620 exceptional=false bias=false row_offset=0 output_offset=1 actual_auto=false
RNA_WIDE_QUALIFIED_GROUP case=hot_a_boundary shape_m=4622 k=384 n=1928 view_m=4620 exceptional=false bias=false row_offset=0 output_offset=4 actual_auto=false
RNA_WIDE_QUALIFIED_GROUP case=hot_a_boundary shape_m=4622 k=384 n=1928 view_m=4621 exceptional=false bias=false row_offset=0 output_offset=1 actual_auto=false
RNA_WIDE_QUALIFIED_GROUP case=hot_a_boundary shape_m=4622 k=384 n=1928 view_m=4621 exceptional=false bias=false row_offset=0 output_offset=4 actual_auto=false
RNA_WIDE_QUALIFIED_GROUP case=hot_a_boundary shape_m=4622 k=384 n=1928 view_m=4622 exceptional=false bias=false row_offset=0 output_offset=1 actual_auto=false
RNA_WIDE_QUALIFIED_GROUP case=hot_a_boundary shape_m=4622 k=384 n=1928 view_m=4622 exceptional=false bias=false row_offset=0 output_offset=4 actual_auto=false
RNA_WIDE_QUALIFIED_GROUP case=hot_a_boundary shape_m=4622 k=384 n=1928 view_m=4621 exceptional=false bias=false row_offset=1 output_offset=1 actual_auto=false
RNA_WIDE_QUALIFIED_GROUP case=hot_a_boundary shape_m=4622 k=384 n=1928 view_m=4621 exceptional=false bias=false row_offset=1 output_offset=4 actual_auto=false
RNA_WIDE_QUALIFIED_GROUP case=hot_a_boundary shape_m=4622 k=384 n=1928 view_m=1 exceptional=false bias=true row_offset=0 output_offset=1 actual_auto=false
RNA_WIDE_QUALIFIED_GROUP case=hot_a_boundary shape_m=4622 k=384 n=1928 view_m=1 exceptional=false bias=true row_offset=0 output_offset=4 actual_auto=false
RNA_WIDE_QUALIFIED_GROUP case=hot_a_boundary shape_m=4622 k=384 n=1928 view_m=16 exceptional=false bias=true row_offset=0 output_offset=1 actual_auto=false
RNA_WIDE_QUALIFIED_GROUP case=hot_a_boundary shape_m=4622 k=384 n=1928 view_m=16 exceptional=false bias=true row_offset=0 output_offset=4 actual_auto=false
RNA_WIDE_QUALIFIED_GROUP case=hot_a_boundary shape_m=4622 k=384 n=1928 view_m=17 exceptional=false bias=true row_offset=0 output_offset=1 actual_auto=false
RNA_WIDE_QUALIFIED_GROUP case=hot_a_boundary shape_m=4622 k=384 n=1928 view_m=17 exceptional=false bias=true row_offset=0 output_offset=4 actual_auto=false
RNA_WIDE_QUALIFIED_GROUP case=hot_a_boundary shape_m=4622 k=384 n=1928 view_m=4620 exceptional=false bias=true row_offset=0 output_offset=1 actual_auto=false
RNA_WIDE_QUALIFIED_GROUP case=hot_a_boundary shape_m=4622 k=384 n=1928 view_m=4620 exceptional=false bias=true row_offset=0 output_offset=4 actual_auto=false
RNA_WIDE_QUALIFIED_GROUP case=hot_a_boundary shape_m=4622 k=384 n=1928 view_m=4621 exceptional=false bias=true row_offset=0 output_offset=1 actual_auto=false
RNA_WIDE_QUALIFIED_GROUP case=hot_a_boundary shape_m=4622 k=384 n=1928 view_m=4621 exceptional=false bias=true row_offset=0 output_offset=4 actual_auto=false
RNA_WIDE_QUALIFIED_GROUP case=hot_a_boundary shape_m=4622 k=384 n=1928 view_m=4622 exceptional=false bias=true row_offset=0 output_offset=1 actual_auto=false
RNA_WIDE_QUALIFIED_GROUP case=hot_a_boundary shape_m=4622 k=384 n=1928 view_m=4622 exceptional=false bias=true row_offset=0 output_offset=4 actual_auto=false
RNA_WIDE_QUALIFIED_GROUP case=hot_a_boundary shape_m=4622 k=384 n=1928 view_m=4621 exceptional=false bias=true row_offset=1 output_offset=1 actual_auto=false
RNA_WIDE_QUALIFIED_GROUP case=hot_a_boundary shape_m=4622 k=384 n=1928 view_m=4621 exceptional=false bias=true row_offset=1 output_offset=4 actual_auto=false
RNA_WIDE_QUALIFIED_GROUP case=hot_a_boundary shape_m=4622 k=384 n=1928 view_m=1 exceptional=true bias=false row_offset=0 output_offset=1 actual_auto=false
RNA_WIDE_QUALIFIED_GROUP case=hot_a_boundary shape_m=4622 k=384 n=1928 view_m=1 exceptional=true bias=false row_offset=0 output_offset=4 actual_auto=false
RNA_WIDE_QUALIFIED_GROUP case=hot_a_boundary shape_m=4622 k=384 n=1928 view_m=16 exceptional=true bias=false row_offset=0 output_offset=1 actual_auto=false
RNA_WIDE_QUALIFIED_GROUP case=hot_a_boundary shape_m=4622 k=384 n=1928 view_m=16 exceptional=true bias=false row_offset=0 output_offset=4 actual_auto=false
RNA_WIDE_QUALIFIED_GROUP case=hot_a_boundary shape_m=4622 k=384 n=1928 view_m=17 exceptional=true bias=false row_offset=0 output_offset=1 actual_auto=false
RNA_WIDE_QUALIFIED_GROUP case=hot_a_boundary shape_m=4622 k=384 n=1928 view_m=17 exceptional=true bias=false row_offset=0 output_offset=4 actual_auto=false
RNA_WIDE_QUALIFIED_GROUP case=hot_a_boundary shape_m=4622 k=384 n=1928 view_m=4620 exceptional=true bias=false row_offset=0 output_offset=1 actual_auto=false
RNA_WIDE_QUALIFIED_GROUP case=hot_a_boundary shape_m=4622 k=384 n=1928 view_m=4620 exceptional=true bias=false row_offset=0 output_offset=4 actual_auto=false
RNA_WIDE_QUALIFIED_GROUP case=hot_a_boundary shape_m=4622 k=384 n=1928 view_m=4621 exceptional=true bias=false row_offset=0 output_offset=1 actual_auto=false
RNA_WIDE_QUALIFIED_GROUP case=hot_a_boundary shape_m=4622 k=384 n=1928 view_m=4621 exceptional=true bias=false row_offset=0 output_offset=4 actual_auto=false
RNA_WIDE_QUALIFIED_GROUP case=hot_a_boundary shape_m=4622 k=384 n=1928 view_m=4622 exceptional=true bias=false row_offset=0 output_offset=1 actual_auto=false
RNA_WIDE_QUALIFIED_GROUP case=hot_a_boundary shape_m=4622 k=384 n=1928 view_m=4622 exceptional=true bias=false row_offset=0 output_offset=4 actual_auto=false
RNA_WIDE_QUALIFIED_GROUP case=hot_a_boundary shape_m=4622 k=384 n=1928 view_m=4621 exceptional=true bias=false row_offset=1 output_offset=1 actual_auto=false
RNA_WIDE_QUALIFIED_GROUP case=hot_a_boundary shape_m=4622 k=384 n=1928 view_m=4621 exceptional=true bias=false row_offset=1 output_offset=4 actual_auto=false
RNA_WIDE_QUALIFIED_GROUP case=hot_a_boundary shape_m=4622 k=384 n=1928 view_m=1 exceptional=true bias=true row_offset=0 output_offset=1 actual_auto=false
RNA_WIDE_QUALIFIED_GROUP case=hot_a_boundary shape_m=4622 k=384 n=1928 view_m=1 exceptional=true bias=true row_offset=0 output_offset=4 actual_auto=false
RNA_WIDE_QUALIFIED_GROUP case=hot_a_boundary shape_m=4622 k=384 n=1928 view_m=16 exceptional=true bias=true row_offset=0 output_offset=1 actual_auto=false
RNA_WIDE_QUALIFIED_GROUP case=hot_a_boundary shape_m=4622 k=384 n=1928 view_m=16 exceptional=true bias=true row_offset=0 output_offset=4 actual_auto=false
RNA_WIDE_QUALIFIED_GROUP case=hot_a_boundary shape_m=4622 k=384 n=1928 view_m=17 exceptional=true bias=true row_offset=0 output_offset=1 actual_auto=false
RNA_WIDE_QUALIFIED_GROUP case=hot_a_boundary shape_m=4622 k=384 n=1928 view_m=17 exceptional=true bias=true row_offset=0 output_offset=4 actual_auto=false
RNA_WIDE_QUALIFIED_GROUP case=hot_a_boundary shape_m=4622 k=384 n=1928 view_m=4620 exceptional=true bias=true row_offset=0 output_offset=1 actual_auto=false
RNA_WIDE_QUALIFIED_GROUP case=hot_a_boundary shape_m=4622 k=384 n=1928 view_m=4620 exceptional=true bias=true row_offset=0 output_offset=4 actual_auto=false
RNA_WIDE_QUALIFIED_GROUP case=hot_a_boundary shape_m=4622 k=384 n=1928 view_m=4621 exceptional=true bias=true row_offset=0 output_offset=1 actual_auto=false
RNA_WIDE_QUALIFIED_GROUP case=hot_a_boundary shape_m=4622 k=384 n=1928 view_m=4621 exceptional=true bias=true row_offset=0 output_offset=4 actual_auto=false
RNA_WIDE_QUALIFIED_GROUP case=hot_a_boundary shape_m=4622 k=384 n=1928 view_m=4622 exceptional=true bias=true row_offset=0 output_offset=1 actual_auto=false
RNA_WIDE_QUALIFIED_GROUP case=hot_a_boundary shape_m=4622 k=384 n=1928 view_m=4622 exceptional=true bias=true row_offset=0 output_offset=4 actual_auto=false
RNA_WIDE_QUALIFIED_GROUP case=hot_a_boundary shape_m=4622 k=384 n=1928 view_m=4621 exceptional=true bias=true row_offset=1 output_offset=1 actual_auto=false
RNA_WIDE_QUALIFIED_GROUP case=hot_a_boundary shape_m=4622 k=384 n=1928 view_m=4621 exceptional=true bias=true row_offset=1 output_offset=4 actual_auto=false
RNA_WIDE_QUALIFIED_GROUP case=hot_b_boundary shape_m=4622 k=768 n=2304 view_m=1 exceptional=false bias=false row_offset=0 output_offset=1 actual_auto=false
RNA_WIDE_QUALIFIED_GROUP case=hot_b_boundary shape_m=4622 k=768 n=2304 view_m=1 exceptional=false bias=false row_offset=0 output_offset=4 actual_auto=false
RNA_WIDE_QUALIFIED_GROUP case=hot_b_boundary shape_m=4622 k=768 n=2304 view_m=16 exceptional=false bias=false row_offset=0 output_offset=1 actual_auto=false
RNA_WIDE_QUALIFIED_GROUP case=hot_b_boundary shape_m=4622 k=768 n=2304 view_m=16 exceptional=false bias=false row_offset=0 output_offset=4 actual_auto=false
RNA_WIDE_QUALIFIED_GROUP case=hot_b_boundary shape_m=4622 k=768 n=2304 view_m=17 exceptional=false bias=false row_offset=0 output_offset=1 actual_auto=false
RNA_WIDE_QUALIFIED_GROUP case=hot_b_boundary shape_m=4622 k=768 n=2304 view_m=17 exceptional=false bias=false row_offset=0 output_offset=4 actual_auto=false
RNA_WIDE_QUALIFIED_GROUP case=hot_b_boundary shape_m=4622 k=768 n=2304 view_m=4620 exceptional=false bias=false row_offset=0 output_offset=1 actual_auto=false
RNA_WIDE_QUALIFIED_GROUP case=hot_b_boundary shape_m=4622 k=768 n=2304 view_m=4620 exceptional=false bias=false row_offset=0 output_offset=4 actual_auto=false
RNA_WIDE_QUALIFIED_GROUP case=hot_b_boundary shape_m=4622 k=768 n=2304 view_m=4621 exceptional=false bias=false row_offset=0 output_offset=1 actual_auto=false
RNA_WIDE_QUALIFIED_GROUP case=hot_b_boundary shape_m=4622 k=768 n=2304 view_m=4621 exceptional=false bias=false row_offset=0 output_offset=4 actual_auto=false
RNA_WIDE_QUALIFIED_GROUP case=hot_b_boundary shape_m=4622 k=768 n=2304 view_m=4622 exceptional=false bias=false row_offset=0 output_offset=1 actual_auto=false
RNA_WIDE_QUALIFIED_GROUP case=hot_b_boundary shape_m=4622 k=768 n=2304 view_m=4622 exceptional=false bias=false row_offset=0 output_offset=4 actual_auto=false
RNA_WIDE_QUALIFIED_GROUP case=hot_b_boundary shape_m=4622 k=768 n=2304 view_m=4621 exceptional=false bias=false row_offset=1 output_offset=1 actual_auto=false
RNA_WIDE_QUALIFIED_GROUP case=hot_b_boundary shape_m=4622 k=768 n=2304 view_m=4621 exceptional=false bias=false row_offset=1 output_offset=4 actual_auto=false
RNA_WIDE_QUALIFIED_GROUP case=hot_b_boundary shape_m=4622 k=768 n=2304 view_m=1 exceptional=false bias=true row_offset=0 output_offset=1 actual_auto=false
RNA_WIDE_QUALIFIED_GROUP case=hot_b_boundary shape_m=4622 k=768 n=2304 view_m=1 exceptional=false bias=true row_offset=0 output_offset=4 actual_auto=false
RNA_WIDE_QUALIFIED_GROUP case=hot_b_boundary shape_m=4622 k=768 n=2304 view_m=16 exceptional=false bias=true row_offset=0 output_offset=1 actual_auto=false
RNA_WIDE_QUALIFIED_GROUP case=hot_b_boundary shape_m=4622 k=768 n=2304 view_m=16 exceptional=false bias=true row_offset=0 output_offset=4 actual_auto=false
RNA_WIDE_QUALIFIED_GROUP case=hot_b_boundary shape_m=4622 k=768 n=2304 view_m=17 exceptional=false bias=true row_offset=0 output_offset=1 actual_auto=false
RNA_WIDE_QUALIFIED_GROUP case=hot_b_boundary shape_m=4622 k=768 n=2304 view_m=17 exceptional=false bias=true row_offset=0 output_offset=4 actual_auto=false
RNA_WIDE_QUALIFIED_GROUP case=hot_b_boundary shape_m=4622 k=768 n=2304 view_m=4620 exceptional=false bias=true row_offset=0 output_offset=1 actual_auto=false
RNA_WIDE_QUALIFIED_GROUP case=hot_b_boundary shape_m=4622 k=768 n=2304 view_m=4620 exceptional=false bias=true row_offset=0 output_offset=4 actual_auto=false
RNA_WIDE_QUALIFIED_GROUP case=hot_b_boundary shape_m=4622 k=768 n=2304 view_m=4621 exceptional=false bias=true row_offset=0 output_offset=1 actual_auto=false
RNA_WIDE_QUALIFIED_GROUP case=hot_b_boundary shape_m=4622 k=768 n=2304 view_m=4621 exceptional=false bias=true row_offset=0 output_offset=4 actual_auto=false
RNA_WIDE_QUALIFIED_GROUP case=hot_b_boundary shape_m=4622 k=768 n=2304 view_m=4622 exceptional=false bias=true row_offset=0 output_offset=1 actual_auto=false
RNA_WIDE_QUALIFIED_GROUP case=hot_b_boundary shape_m=4622 k=768 n=2304 view_m=4622 exceptional=false bias=true row_offset=0 output_offset=4 actual_auto=false
RNA_WIDE_QUALIFIED_GROUP case=hot_b_boundary shape_m=4622 k=768 n=2304 view_m=4621 exceptional=false bias=true row_offset=1 output_offset=1 actual_auto=false
RNA_WIDE_QUALIFIED_GROUP case=hot_b_boundary shape_m=4622 k=768 n=2304 view_m=4621 exceptional=false bias=true row_offset=1 output_offset=4 actual_auto=false
RNA_WIDE_QUALIFIED_GROUP case=hot_b_boundary shape_m=4622 k=768 n=2304 view_m=1 exceptional=true bias=false row_offset=0 output_offset=1 actual_auto=false
RNA_WIDE_QUALIFIED_GROUP case=hot_b_boundary shape_m=4622 k=768 n=2304 view_m=1 exceptional=true bias=false row_offset=0 output_offset=4 actual_auto=false
RNA_WIDE_QUALIFIED_GROUP case=hot_b_boundary shape_m=4622 k=768 n=2304 view_m=16 exceptional=true bias=false row_offset=0 output_offset=1 actual_auto=false
RNA_WIDE_QUALIFIED_GROUP case=hot_b_boundary shape_m=4622 k=768 n=2304 view_m=16 exceptional=true bias=false row_offset=0 output_offset=4 actual_auto=false
RNA_WIDE_QUALIFIED_GROUP case=hot_b_boundary shape_m=4622 k=768 n=2304 view_m=17 exceptional=true bias=false row_offset=0 output_offset=1 actual_auto=false
RNA_WIDE_QUALIFIED_GROUP case=hot_b_boundary shape_m=4622 k=768 n=2304 view_m=17 exceptional=true bias=false row_offset=0 output_offset=4 actual_auto=false
RNA_WIDE_QUALIFIED_GROUP case=hot_b_boundary shape_m=4622 k=768 n=2304 view_m=4620 exceptional=true bias=false row_offset=0 output_offset=1 actual_auto=false
RNA_WIDE_QUALIFIED_GROUP case=hot_b_boundary shape_m=4622 k=768 n=2304 view_m=4620 exceptional=true bias=false row_offset=0 output_offset=4 actual_auto=false
RNA_WIDE_QUALIFIED_GROUP case=hot_b_boundary shape_m=4622 k=768 n=2304 view_m=4621 exceptional=true bias=false row_offset=0 output_offset=1 actual_auto=false
RNA_WIDE_QUALIFIED_GROUP case=hot_b_boundary shape_m=4622 k=768 n=2304 view_m=4621 exceptional=true bias=false row_offset=0 output_offset=4 actual_auto=false
RNA_WIDE_QUALIFIED_GROUP case=hot_b_boundary shape_m=4622 k=768 n=2304 view_m=4622 exceptional=true bias=false row_offset=0 output_offset=1 actual_auto=false
RNA_WIDE_QUALIFIED_GROUP case=hot_b_boundary shape_m=4622 k=768 n=2304 view_m=4622 exceptional=true bias=false row_offset=0 output_offset=4 actual_auto=false
RNA_WIDE_QUALIFIED_GROUP case=hot_b_boundary shape_m=4622 k=768 n=2304 view_m=4621 exceptional=true bias=false row_offset=1 output_offset=1 actual_auto=false
RNA_WIDE_QUALIFIED_GROUP case=hot_b_boundary shape_m=4622 k=768 n=2304 view_m=4621 exceptional=true bias=false row_offset=1 output_offset=4 actual_auto=false
RNA_WIDE_QUALIFIED_GROUP case=hot_b_boundary shape_m=4622 k=768 n=2304 view_m=1 exceptional=true bias=true row_offset=0 output_offset=1 actual_auto=false
RNA_WIDE_QUALIFIED_GROUP case=hot_b_boundary shape_m=4622 k=768 n=2304 view_m=1 exceptional=true bias=true row_offset=0 output_offset=4 actual_auto=false
RNA_WIDE_QUALIFIED_GROUP case=hot_b_boundary shape_m=4622 k=768 n=2304 view_m=16 exceptional=true bias=true row_offset=0 output_offset=1 actual_auto=false
RNA_WIDE_QUALIFIED_GROUP case=hot_b_boundary shape_m=4622 k=768 n=2304 view_m=16 exceptional=true bias=true row_offset=0 output_offset=4 actual_auto=false
RNA_WIDE_QUALIFIED_GROUP case=hot_b_boundary shape_m=4622 k=768 n=2304 view_m=17 exceptional=true bias=true row_offset=0 output_offset=1 actual_auto=false
RNA_WIDE_QUALIFIED_GROUP case=hot_b_boundary shape_m=4622 k=768 n=2304 view_m=17 exceptional=true bias=true row_offset=0 output_offset=4 actual_auto=false
RNA_WIDE_QUALIFIED_GROUP case=hot_b_boundary shape_m=4622 k=768 n=2304 view_m=4620 exceptional=true bias=true row_offset=0 output_offset=1 actual_auto=false
RNA_WIDE_QUALIFIED_GROUP case=hot_b_boundary shape_m=4622 k=768 n=2304 view_m=4620 exceptional=true bias=true row_offset=0 output_offset=4 actual_auto=false
RNA_WIDE_QUALIFIED_GROUP case=hot_b_boundary shape_m=4622 k=768 n=2304 view_m=4621 exceptional=true bias=true row_offset=0 output_offset=1 actual_auto=false
RNA_WIDE_QUALIFIED_GROUP case=hot_b_boundary shape_m=4622 k=768 n=2304 view_m=4621 exceptional=true bias=true row_offset=0 output_offset=4 actual_auto=false
RNA_WIDE_QUALIFIED_GROUP case=hot_b_boundary shape_m=4622 k=768 n=2304 view_m=4622 exceptional=true bias=true row_offset=0 output_offset=1 actual_auto=false
RNA_WIDE_QUALIFIED_GROUP case=hot_b_boundary shape_m=4622 k=768 n=2304 view_m=4622 exceptional=true bias=true row_offset=0 output_offset=4 actual_auto=false
RNA_WIDE_QUALIFIED_GROUP case=hot_b_boundary shape_m=4622 k=768 n=2304 view_m=4621 exceptional=true bias=true row_offset=1 output_offset=1 actual_auto=false
RNA_WIDE_QUALIFIED_GROUP case=hot_b_boundary shape_m=4622 k=768 n=2304 view_m=4621 exceptional=true bias=true row_offset=1 output_offset=4 actual_auto=false
RNA_WIDE_QUALIFIED_GROUP case=hot_c_boundary shape_m=4622 k=1928 n=384 view_m=1 exceptional=false bias=false row_offset=0 output_offset=1 actual_auto=false
RNA_WIDE_QUALIFIED_GROUP case=hot_c_boundary shape_m=4622 k=1928 n=384 view_m=1 exceptional=false bias=false row_offset=0 output_offset=4 actual_auto=false
RNA_WIDE_QUALIFIED_GROUP case=hot_c_boundary shape_m=4622 k=1928 n=384 view_m=16 exceptional=false bias=false row_offset=0 output_offset=1 actual_auto=false
RNA_WIDE_QUALIFIED_GROUP case=hot_c_boundary shape_m=4622 k=1928 n=384 view_m=16 exceptional=false bias=false row_offset=0 output_offset=4 actual_auto=false
RNA_WIDE_QUALIFIED_GROUP case=hot_c_boundary shape_m=4622 k=1928 n=384 view_m=17 exceptional=false bias=false row_offset=0 output_offset=1 actual_auto=false
RNA_WIDE_QUALIFIED_GROUP case=hot_c_boundary shape_m=4622 k=1928 n=384 view_m=17 exceptional=false bias=false row_offset=0 output_offset=4 actual_auto=false
RNA_WIDE_QUALIFIED_GROUP case=hot_c_boundary shape_m=4622 k=1928 n=384 view_m=4620 exceptional=false bias=false row_offset=0 output_offset=1 actual_auto=false
RNA_WIDE_QUALIFIED_GROUP case=hot_c_boundary shape_m=4622 k=1928 n=384 view_m=4620 exceptional=false bias=false row_offset=0 output_offset=4 actual_auto=false
RNA_WIDE_QUALIFIED_GROUP case=hot_c_boundary shape_m=4622 k=1928 n=384 view_m=4621 exceptional=false bias=false row_offset=0 output_offset=1 actual_auto=false
RNA_WIDE_QUALIFIED_GROUP case=hot_c_boundary shape_m=4622 k=1928 n=384 view_m=4621 exceptional=false bias=false row_offset=0 output_offset=4 actual_auto=false
RNA_WIDE_QUALIFIED_GROUP case=hot_c_boundary shape_m=4622 k=1928 n=384 view_m=4622 exceptional=false bias=false row_offset=0 output_offset=1 actual_auto=false
RNA_WIDE_QUALIFIED_GROUP case=hot_c_boundary shape_m=4622 k=1928 n=384 view_m=4622 exceptional=false bias=false row_offset=0 output_offset=4 actual_auto=false
RNA_WIDE_QUALIFIED_GROUP case=hot_c_boundary shape_m=4622 k=1928 n=384 view_m=4621 exceptional=false bias=false row_offset=1 output_offset=1 actual_auto=false
RNA_WIDE_QUALIFIED_GROUP case=hot_c_boundary shape_m=4622 k=1928 n=384 view_m=4621 exceptional=false bias=false row_offset=1 output_offset=4 actual_auto=false
RNA_WIDE_QUALIFIED_GROUP case=hot_c_boundary shape_m=4622 k=1928 n=384 view_m=1 exceptional=false bias=true row_offset=0 output_offset=1 actual_auto=false
RNA_WIDE_QUALIFIED_GROUP case=hot_c_boundary shape_m=4622 k=1928 n=384 view_m=1 exceptional=false bias=true row_offset=0 output_offset=4 actual_auto=false
RNA_WIDE_QUALIFIED_GROUP case=hot_c_boundary shape_m=4622 k=1928 n=384 view_m=16 exceptional=false bias=true row_offset=0 output_offset=1 actual_auto=false
RNA_WIDE_QUALIFIED_GROUP case=hot_c_boundary shape_m=4622 k=1928 n=384 view_m=16 exceptional=false bias=true row_offset=0 output_offset=4 actual_auto=false
RNA_WIDE_QUALIFIED_GROUP case=hot_c_boundary shape_m=4622 k=1928 n=384 view_m=17 exceptional=false bias=true row_offset=0 output_offset=1 actual_auto=false
RNA_WIDE_QUALIFIED_GROUP case=hot_c_boundary shape_m=4622 k=1928 n=384 view_m=17 exceptional=false bias=true row_offset=0 output_offset=4 actual_auto=false
RNA_WIDE_QUALIFIED_GROUP case=hot_c_boundary shape_m=4622 k=1928 n=384 view_m=4620 exceptional=false bias=true row_offset=0 output_offset=1 actual_auto=false
RNA_WIDE_QUALIFIED_GROUP case=hot_c_boundary shape_m=4622 k=1928 n=384 view_m=4620 exceptional=false bias=true row_offset=0 output_offset=4 actual_auto=false
RNA_WIDE_QUALIFIED_GROUP case=hot_c_boundary shape_m=4622 k=1928 n=384 view_m=4621 exceptional=false bias=true row_offset=0 output_offset=1 actual_auto=false
RNA_WIDE_QUALIFIED_GROUP case=hot_c_boundary shape_m=4622 k=1928 n=384 view_m=4621 exceptional=false bias=true row_offset=0 output_offset=4 actual_auto=false
RNA_WIDE_QUALIFIED_GROUP case=hot_c_boundary shape_m=4622 k=1928 n=384 view_m=4622 exceptional=false bias=true row_offset=0 output_offset=1 actual_auto=false
RNA_WIDE_QUALIFIED_GROUP case=hot_c_boundary shape_m=4622 k=1928 n=384 view_m=4622 exceptional=false bias=true row_offset=0 output_offset=4 actual_auto=false
RNA_WIDE_QUALIFIED_GROUP case=hot_c_boundary shape_m=4622 k=1928 n=384 view_m=4621 exceptional=false bias=true row_offset=1 output_offset=1 actual_auto=false
RNA_WIDE_QUALIFIED_GROUP case=hot_c_boundary shape_m=4622 k=1928 n=384 view_m=4621 exceptional=false bias=true row_offset=1 output_offset=4 actual_auto=false
RNA_WIDE_QUALIFIED_GROUP case=hot_c_boundary shape_m=4622 k=1928 n=384 view_m=1 exceptional=true bias=false row_offset=0 output_offset=1 actual_auto=false
RNA_WIDE_QUALIFIED_GROUP case=hot_c_boundary shape_m=4622 k=1928 n=384 view_m=1 exceptional=true bias=false row_offset=0 output_offset=4 actual_auto=false
RNA_WIDE_QUALIFIED_GROUP case=hot_c_boundary shape_m=4622 k=1928 n=384 view_m=16 exceptional=true bias=false row_offset=0 output_offset=1 actual_auto=false
RNA_WIDE_QUALIFIED_GROUP case=hot_c_boundary shape_m=4622 k=1928 n=384 view_m=16 exceptional=true bias=false row_offset=0 output_offset=4 actual_auto=false
RNA_WIDE_QUALIFIED_GROUP case=hot_c_boundary shape_m=4622 k=1928 n=384 view_m=17 exceptional=true bias=false row_offset=0 output_offset=1 actual_auto=false
RNA_WIDE_QUALIFIED_GROUP case=hot_c_boundary shape_m=4622 k=1928 n=384 view_m=17 exceptional=true bias=false row_offset=0 output_offset=4 actual_auto=false
RNA_WIDE_QUALIFIED_GROUP case=hot_c_boundary shape_m=4622 k=1928 n=384 view_m=4620 exceptional=true bias=false row_offset=0 output_offset=1 actual_auto=false
RNA_WIDE_QUALIFIED_GROUP case=hot_c_boundary shape_m=4622 k=1928 n=384 view_m=4620 exceptional=true bias=false row_offset=0 output_offset=4 actual_auto=false
RNA_WIDE_QUALIFIED_GROUP case=hot_c_boundary shape_m=4622 k=1928 n=384 view_m=4621 exceptional=true bias=false row_offset=0 output_offset=1 actual_auto=false
RNA_WIDE_QUALIFIED_GROUP case=hot_c_boundary shape_m=4622 k=1928 n=384 view_m=4621 exceptional=true bias=false row_offset=0 output_offset=4 actual_auto=false
RNA_WIDE_QUALIFIED_GROUP case=hot_c_boundary shape_m=4622 k=1928 n=384 view_m=4622 exceptional=true bias=false row_offset=0 output_offset=1 actual_auto=false
RNA_WIDE_QUALIFIED_GROUP case=hot_c_boundary shape_m=4622 k=1928 n=384 view_m=4622 exceptional=true bias=false row_offset=0 output_offset=4 actual_auto=false
RNA_WIDE_QUALIFIED_GROUP case=hot_c_boundary shape_m=4622 k=1928 n=384 view_m=4621 exceptional=true bias=false row_offset=1 output_offset=1 actual_auto=false
RNA_WIDE_QUALIFIED_GROUP case=hot_c_boundary shape_m=4622 k=1928 n=384 view_m=4621 exceptional=true bias=false row_offset=1 output_offset=4 actual_auto=false
RNA_WIDE_QUALIFIED_GROUP case=hot_c_boundary shape_m=4622 k=1928 n=384 view_m=1 exceptional=true bias=true row_offset=0 output_offset=1 actual_auto=false
RNA_WIDE_QUALIFIED_GROUP case=hot_c_boundary shape_m=4622 k=1928 n=384 view_m=1 exceptional=true bias=true row_offset=0 output_offset=4 actual_auto=false
RNA_WIDE_QUALIFIED_GROUP case=hot_c_boundary shape_m=4622 k=1928 n=384 view_m=16 exceptional=true bias=true row_offset=0 output_offset=1 actual_auto=false
RNA_WIDE_QUALIFIED_GROUP case=hot_c_boundary shape_m=4622 k=1928 n=384 view_m=16 exceptional=true bias=true row_offset=0 output_offset=4 actual_auto=false
RNA_WIDE_QUALIFIED_GROUP case=hot_c_boundary shape_m=4622 k=1928 n=384 view_m=17 exceptional=true bias=true row_offset=0 output_offset=1 actual_auto=false
RNA_WIDE_QUALIFIED_GROUP case=hot_c_boundary shape_m=4622 k=1928 n=384 view_m=17 exceptional=true bias=true row_offset=0 output_offset=4 actual_auto=false
RNA_WIDE_QUALIFIED_GROUP case=hot_c_boundary shape_m=4622 k=1928 n=384 view_m=4620 exceptional=true bias=true row_offset=0 output_offset=1 actual_auto=false
RNA_WIDE_QUALIFIED_GROUP case=hot_c_boundary shape_m=4622 k=1928 n=384 view_m=4620 exceptional=true bias=true row_offset=0 output_offset=4 actual_auto=false
RNA_WIDE_QUALIFIED_GROUP case=hot_c_boundary shape_m=4622 k=1928 n=384 view_m=4621 exceptional=true bias=true row_offset=0 output_offset=1 actual_auto=false
RNA_WIDE_QUALIFIED_GROUP case=hot_c_boundary shape_m=4622 k=1928 n=384 view_m=4621 exceptional=true bias=true row_offset=0 output_offset=4 actual_auto=false
RNA_WIDE_QUALIFIED_GROUP case=hot_c_boundary shape_m=4622 k=1928 n=384 view_m=4622 exceptional=true bias=true row_offset=0 output_offset=1 actual_auto=false
RNA_WIDE_QUALIFIED_GROUP case=hot_c_boundary shape_m=4622 k=1928 n=384 view_m=4622 exceptional=true bias=true row_offset=0 output_offset=4 actual_auto=false
RNA_WIDE_QUALIFIED_GROUP case=hot_c_boundary shape_m=4622 k=1928 n=384 view_m=4621 exceptional=true bias=true row_offset=1 output_offset=1 actual_auto=false
RNA_WIDE_QUALIFIED_GROUP case=hot_c_boundary shape_m=4622 k=1928 n=384 view_m=4621 exceptional=true bias=true row_offset=1 output_offset=4 actual_auto=false
RNA_WIDE_QUALIFIED_GROUP case=hot_d_boundary shape_m=2049 k=768 n=2304 view_m=1 exceptional=false bias=false row_offset=0 output_offset=1 actual_auto=false
RNA_WIDE_QUALIFIED_GROUP case=hot_d_boundary shape_m=2049 k=768 n=2304 view_m=1 exceptional=false bias=false row_offset=0 output_offset=4 actual_auto=false
RNA_WIDE_QUALIFIED_GROUP case=hot_d_boundary shape_m=2049 k=768 n=2304 view_m=16 exceptional=false bias=false row_offset=0 output_offset=1 actual_auto=false
RNA_WIDE_QUALIFIED_GROUP case=hot_d_boundary shape_m=2049 k=768 n=2304 view_m=16 exceptional=false bias=false row_offset=0 output_offset=4 actual_auto=false
RNA_WIDE_QUALIFIED_GROUP case=hot_d_boundary shape_m=2049 k=768 n=2304 view_m=17 exceptional=false bias=false row_offset=0 output_offset=1 actual_auto=false
RNA_WIDE_QUALIFIED_GROUP case=hot_d_boundary shape_m=2049 k=768 n=2304 view_m=17 exceptional=false bias=false row_offset=0 output_offset=4 actual_auto=false
RNA_WIDE_QUALIFIED_GROUP case=hot_d_boundary shape_m=2049 k=768 n=2304 view_m=2047 exceptional=false bias=false row_offset=0 output_offset=1 actual_auto=false
RNA_WIDE_QUALIFIED_GROUP case=hot_d_boundary shape_m=2049 k=768 n=2304 view_m=2047 exceptional=false bias=false row_offset=0 output_offset=4 actual_auto=false
RNA_WIDE_QUALIFIED_GROUP case=hot_d_boundary shape_m=2049 k=768 n=2304 view_m=2048 exceptional=false bias=false row_offset=0 output_offset=1 actual_auto=false
RNA_WIDE_QUALIFIED_GROUP case=hot_d_boundary shape_m=2049 k=768 n=2304 view_m=2048 exceptional=false bias=false row_offset=0 output_offset=4 actual_auto=false
RNA_WIDE_QUALIFIED_GROUP case=hot_d_boundary shape_m=2049 k=768 n=2304 view_m=2049 exceptional=false bias=false row_offset=0 output_offset=1 actual_auto=false
RNA_WIDE_QUALIFIED_GROUP case=hot_d_boundary shape_m=2049 k=768 n=2304 view_m=2049 exceptional=false bias=false row_offset=0 output_offset=4 actual_auto=false
RNA_WIDE_QUALIFIED_GROUP case=hot_d_boundary shape_m=2049 k=768 n=2304 view_m=2048 exceptional=false bias=false row_offset=1 output_offset=1 actual_auto=false
RNA_WIDE_QUALIFIED_GROUP case=hot_d_boundary shape_m=2049 k=768 n=2304 view_m=2048 exceptional=false bias=false row_offset=1 output_offset=4 actual_auto=false
RNA_WIDE_QUALIFIED_GROUP case=hot_d_boundary shape_m=2049 k=768 n=2304 view_m=1 exceptional=false bias=true row_offset=0 output_offset=1 actual_auto=false
RNA_WIDE_QUALIFIED_GROUP case=hot_d_boundary shape_m=2049 k=768 n=2304 view_m=1 exceptional=false bias=true row_offset=0 output_offset=4 actual_auto=false
RNA_WIDE_QUALIFIED_GROUP case=hot_d_boundary shape_m=2049 k=768 n=2304 view_m=16 exceptional=false bias=true row_offset=0 output_offset=1 actual_auto=false
RNA_WIDE_QUALIFIED_GROUP case=hot_d_boundary shape_m=2049 k=768 n=2304 view_m=16 exceptional=false bias=true row_offset=0 output_offset=4 actual_auto=false
RNA_WIDE_QUALIFIED_GROUP case=hot_d_boundary shape_m=2049 k=768 n=2304 view_m=17 exceptional=false bias=true row_offset=0 output_offset=1 actual_auto=false
RNA_WIDE_QUALIFIED_GROUP case=hot_d_boundary shape_m=2049 k=768 n=2304 view_m=17 exceptional=false bias=true row_offset=0 output_offset=4 actual_auto=false
RNA_WIDE_QUALIFIED_GROUP case=hot_d_boundary shape_m=2049 k=768 n=2304 view_m=2047 exceptional=false bias=true row_offset=0 output_offset=1 actual_auto=false
RNA_WIDE_QUALIFIED_GROUP case=hot_d_boundary shape_m=2049 k=768 n=2304 view_m=2047 exceptional=false bias=true row_offset=0 output_offset=4 actual_auto=false
RNA_WIDE_QUALIFIED_GROUP case=hot_d_boundary shape_m=2049 k=768 n=2304 view_m=2048 exceptional=false bias=true row_offset=0 output_offset=1 actual_auto=false
RNA_WIDE_QUALIFIED_GROUP case=hot_d_boundary shape_m=2049 k=768 n=2304 view_m=2048 exceptional=false bias=true row_offset=0 output_offset=4 actual_auto=false
RNA_WIDE_QUALIFIED_GROUP case=hot_d_boundary shape_m=2049 k=768 n=2304 view_m=2049 exceptional=false bias=true row_offset=0 output_offset=1 actual_auto=false
RNA_WIDE_QUALIFIED_GROUP case=hot_d_boundary shape_m=2049 k=768 n=2304 view_m=2049 exceptional=false bias=true row_offset=0 output_offset=4 actual_auto=false
RNA_WIDE_QUALIFIED_GROUP case=hot_d_boundary shape_m=2049 k=768 n=2304 view_m=2048 exceptional=false bias=true row_offset=1 output_offset=1 actual_auto=false
RNA_WIDE_QUALIFIED_GROUP case=hot_d_boundary shape_m=2049 k=768 n=2304 view_m=2048 exceptional=false bias=true row_offset=1 output_offset=4 actual_auto=false
RNA_WIDE_QUALIFIED_GROUP case=hot_d_boundary shape_m=2049 k=768 n=2304 view_m=1 exceptional=true bias=false row_offset=0 output_offset=1 actual_auto=false
RNA_WIDE_QUALIFIED_GROUP case=hot_d_boundary shape_m=2049 k=768 n=2304 view_m=1 exceptional=true bias=false row_offset=0 output_offset=4 actual_auto=false
RNA_WIDE_QUALIFIED_GROUP case=hot_d_boundary shape_m=2049 k=768 n=2304 view_m=16 exceptional=true bias=false row_offset=0 output_offset=1 actual_auto=false
RNA_WIDE_QUALIFIED_GROUP case=hot_d_boundary shape_m=2049 k=768 n=2304 view_m=16 exceptional=true bias=false row_offset=0 output_offset=4 actual_auto=false
RNA_WIDE_QUALIFIED_GROUP case=hot_d_boundary shape_m=2049 k=768 n=2304 view_m=17 exceptional=true bias=false row_offset=0 output_offset=1 actual_auto=false
RNA_WIDE_QUALIFIED_GROUP case=hot_d_boundary shape_m=2049 k=768 n=2304 view_m=17 exceptional=true bias=false row_offset=0 output_offset=4 actual_auto=false
RNA_WIDE_QUALIFIED_GROUP case=hot_d_boundary shape_m=2049 k=768 n=2304 view_m=2047 exceptional=true bias=false row_offset=0 output_offset=1 actual_auto=false
RNA_WIDE_QUALIFIED_GROUP case=hot_d_boundary shape_m=2049 k=768 n=2304 view_m=2047 exceptional=true bias=false row_offset=0 output_offset=4 actual_auto=false
RNA_WIDE_QUALIFIED_GROUP case=hot_d_boundary shape_m=2049 k=768 n=2304 view_m=2048 exceptional=true bias=false row_offset=0 output_offset=1 actual_auto=false
RNA_WIDE_QUALIFIED_GROUP case=hot_d_boundary shape_m=2049 k=768 n=2304 view_m=2048 exceptional=true bias=false row_offset=0 output_offset=4 actual_auto=false
RNA_WIDE_QUALIFIED_GROUP case=hot_d_boundary shape_m=2049 k=768 n=2304 view_m=2049 exceptional=true bias=false row_offset=0 output_offset=1 actual_auto=false
RNA_WIDE_QUALIFIED_GROUP case=hot_d_boundary shape_m=2049 k=768 n=2304 view_m=2049 exceptional=true bias=false row_offset=0 output_offset=4 actual_auto=false
RNA_WIDE_QUALIFIED_GROUP case=hot_d_boundary shape_m=2049 k=768 n=2304 view_m=2048 exceptional=true bias=false row_offset=1 output_offset=1 actual_auto=false
RNA_WIDE_QUALIFIED_GROUP case=hot_d_boundary shape_m=2049 k=768 n=2304 view_m=2048 exceptional=true bias=false row_offset=1 output_offset=4 actual_auto=false
RNA_WIDE_QUALIFIED_GROUP case=hot_d_boundary shape_m=2049 k=768 n=2304 view_m=1 exceptional=true bias=true row_offset=0 output_offset=1 actual_auto=false
RNA_WIDE_QUALIFIED_GROUP case=hot_d_boundary shape_m=2049 k=768 n=2304 view_m=1 exceptional=true bias=true row_offset=0 output_offset=4 actual_auto=false
RNA_WIDE_QUALIFIED_GROUP case=hot_d_boundary shape_m=2049 k=768 n=2304 view_m=16 exceptional=true bias=true row_offset=0 output_offset=1 actual_auto=false
RNA_WIDE_QUALIFIED_GROUP case=hot_d_boundary shape_m=2049 k=768 n=2304 view_m=16 exceptional=true bias=true row_offset=0 output_offset=4 actual_auto=false
RNA_WIDE_QUALIFIED_GROUP case=hot_d_boundary shape_m=2049 k=768 n=2304 view_m=17 exceptional=true bias=true row_offset=0 output_offset=1 actual_auto=false
RNA_WIDE_QUALIFIED_GROUP case=hot_d_boundary shape_m=2049 k=768 n=2304 view_m=17 exceptional=true bias=true row_offset=0 output_offset=4 actual_auto=false
RNA_WIDE_QUALIFIED_GROUP case=hot_d_boundary shape_m=2049 k=768 n=2304 view_m=2047 exceptional=true bias=true row_offset=0 output_offset=1 actual_auto=false
RNA_WIDE_QUALIFIED_GROUP case=hot_d_boundary shape_m=2049 k=768 n=2304 view_m=2047 exceptional=true bias=true row_offset=0 output_offset=4 actual_auto=false
RNA_WIDE_QUALIFIED_GROUP case=hot_d_boundary shape_m=2049 k=768 n=2304 view_m=2048 exceptional=true bias=true row_offset=0 output_offset=1 actual_auto=false
RNA_WIDE_QUALIFIED_GROUP case=hot_d_boundary shape_m=2049 k=768 n=2304 view_m=2048 exceptional=true bias=true row_offset=0 output_offset=4 actual_auto=false
RNA_WIDE_QUALIFIED_GROUP case=hot_d_boundary shape_m=2049 k=768 n=2304 view_m=2049 exceptional=true bias=true row_offset=0 output_offset=1 actual_auto=false
RNA_WIDE_QUALIFIED_GROUP case=hot_d_boundary shape_m=2049 k=768 n=2304 view_m=2049 exceptional=true bias=true row_offset=0 output_offset=4 actual_auto=false
RNA_WIDE_QUALIFIED_GROUP case=hot_d_boundary shape_m=2049 k=768 n=2304 view_m=2048 exceptional=true bias=true row_offset=1 output_offset=1 actual_auto=false
RNA_WIDE_QUALIFIED_GROUP case=hot_d_boundary shape_m=2049 k=768 n=2304 view_m=2048 exceptional=true bias=true row_offset=1 output_offset=4 actual_auto=false
RNA_WIDE_QUALIFIED_GROUP case=hot_e_boundary shape_m=2049 k=2304 n=768 view_m=1 exceptional=false bias=false row_offset=0 output_offset=1 actual_auto=false
RNA_WIDE_QUALIFIED_GROUP case=hot_e_boundary shape_m=2049 k=2304 n=768 view_m=1 exceptional=false bias=false row_offset=0 output_offset=4 actual_auto=false
RNA_WIDE_QUALIFIED_GROUP case=hot_e_boundary shape_m=2049 k=2304 n=768 view_m=16 exceptional=false bias=false row_offset=0 output_offset=1 actual_auto=false
RNA_WIDE_QUALIFIED_GROUP case=hot_e_boundary shape_m=2049 k=2304 n=768 view_m=16 exceptional=false bias=false row_offset=0 output_offset=4 actual_auto=false
RNA_WIDE_QUALIFIED_GROUP case=hot_e_boundary shape_m=2049 k=2304 n=768 view_m=17 exceptional=false bias=false row_offset=0 output_offset=1 actual_auto=false
RNA_WIDE_QUALIFIED_GROUP case=hot_e_boundary shape_m=2049 k=2304 n=768 view_m=17 exceptional=false bias=false row_offset=0 output_offset=4 actual_auto=false
RNA_WIDE_QUALIFIED_GROUP case=hot_e_boundary shape_m=2049 k=2304 n=768 view_m=2047 exceptional=false bias=false row_offset=0 output_offset=1 actual_auto=false
RNA_WIDE_QUALIFIED_GROUP case=hot_e_boundary shape_m=2049 k=2304 n=768 view_m=2047 exceptional=false bias=false row_offset=0 output_offset=4 actual_auto=false
RNA_WIDE_QUALIFIED_GROUP case=hot_e_boundary shape_m=2049 k=2304 n=768 view_m=2048 exceptional=false bias=false row_offset=0 output_offset=1 actual_auto=false
RNA_WIDE_QUALIFIED_GROUP case=hot_e_boundary shape_m=2049 k=2304 n=768 view_m=2048 exceptional=false bias=false row_offset=0 output_offset=4 actual_auto=false
RNA_WIDE_QUALIFIED_GROUP case=hot_e_boundary shape_m=2049 k=2304 n=768 view_m=2049 exceptional=false bias=false row_offset=0 output_offset=1 actual_auto=false
RNA_WIDE_QUALIFIED_GROUP case=hot_e_boundary shape_m=2049 k=2304 n=768 view_m=2049 exceptional=false bias=false row_offset=0 output_offset=4 actual_auto=false
RNA_WIDE_QUALIFIED_GROUP case=hot_e_boundary shape_m=2049 k=2304 n=768 view_m=2048 exceptional=false bias=false row_offset=1 output_offset=1 actual_auto=false
RNA_WIDE_QUALIFIED_GROUP case=hot_e_boundary shape_m=2049 k=2304 n=768 view_m=2048 exceptional=false bias=false row_offset=1 output_offset=4 actual_auto=false
RNA_WIDE_QUALIFIED_GROUP case=hot_e_boundary shape_m=2049 k=2304 n=768 view_m=1 exceptional=false bias=true row_offset=0 output_offset=1 actual_auto=false
RNA_WIDE_QUALIFIED_GROUP case=hot_e_boundary shape_m=2049 k=2304 n=768 view_m=1 exceptional=false bias=true row_offset=0 output_offset=4 actual_auto=false
RNA_WIDE_QUALIFIED_GROUP case=hot_e_boundary shape_m=2049 k=2304 n=768 view_m=16 exceptional=false bias=true row_offset=0 output_offset=1 actual_auto=false
RNA_WIDE_QUALIFIED_GROUP case=hot_e_boundary shape_m=2049 k=2304 n=768 view_m=16 exceptional=false bias=true row_offset=0 output_offset=4 actual_auto=false
RNA_WIDE_QUALIFIED_GROUP case=hot_e_boundary shape_m=2049 k=2304 n=768 view_m=17 exceptional=false bias=true row_offset=0 output_offset=1 actual_auto=false
RNA_WIDE_QUALIFIED_GROUP case=hot_e_boundary shape_m=2049 k=2304 n=768 view_m=17 exceptional=false bias=true row_offset=0 output_offset=4 actual_auto=false
RNA_WIDE_QUALIFIED_GROUP case=hot_e_boundary shape_m=2049 k=2304 n=768 view_m=2047 exceptional=false bias=true row_offset=0 output_offset=1 actual_auto=false
RNA_WIDE_QUALIFIED_GROUP case=hot_e_boundary shape_m=2049 k=2304 n=768 view_m=2047 exceptional=false bias=true row_offset=0 output_offset=4 actual_auto=false
RNA_WIDE_QUALIFIED_GROUP case=hot_e_boundary shape_m=2049 k=2304 n=768 view_m=2048 exceptional=false bias=true row_offset=0 output_offset=1 actual_auto=false
RNA_WIDE_QUALIFIED_GROUP case=hot_e_boundary shape_m=2049 k=2304 n=768 view_m=2048 exceptional=false bias=true row_offset=0 output_offset=4 actual_auto=false
RNA_WIDE_QUALIFIED_GROUP case=hot_e_boundary shape_m=2049 k=2304 n=768 view_m=2049 exceptional=false bias=true row_offset=0 output_offset=1 actual_auto=false
RNA_WIDE_QUALIFIED_GROUP case=hot_e_boundary shape_m=2049 k=2304 n=768 view_m=2049 exceptional=false bias=true row_offset=0 output_offset=4 actual_auto=false
RNA_WIDE_QUALIFIED_GROUP case=hot_e_boundary shape_m=2049 k=2304 n=768 view_m=2048 exceptional=false bias=true row_offset=1 output_offset=1 actual_auto=false
RNA_WIDE_QUALIFIED_GROUP case=hot_e_boundary shape_m=2049 k=2304 n=768 view_m=2048 exceptional=false bias=true row_offset=1 output_offset=4 actual_auto=false
RNA_WIDE_QUALIFIED_GROUP case=hot_e_boundary shape_m=2049 k=2304 n=768 view_m=1 exceptional=true bias=false row_offset=0 output_offset=1 actual_auto=false
RNA_WIDE_QUALIFIED_GROUP case=hot_e_boundary shape_m=2049 k=2304 n=768 view_m=1 exceptional=true bias=false row_offset=0 output_offset=4 actual_auto=false
RNA_WIDE_QUALIFIED_GROUP case=hot_e_boundary shape_m=2049 k=2304 n=768 view_m=16 exceptional=true bias=false row_offset=0 output_offset=1 actual_auto=false
RNA_WIDE_QUALIFIED_GROUP case=hot_e_boundary shape_m=2049 k=2304 n=768 view_m=16 exceptional=true bias=false row_offset=0 output_offset=4 actual_auto=false
RNA_WIDE_QUALIFIED_GROUP case=hot_e_boundary shape_m=2049 k=2304 n=768 view_m=17 exceptional=true bias=false row_offset=0 output_offset=1 actual_auto=false
RNA_WIDE_QUALIFIED_GROUP case=hot_e_boundary shape_m=2049 k=2304 n=768 view_m=17 exceptional=true bias=false row_offset=0 output_offset=4 actual_auto=false
RNA_WIDE_QUALIFIED_GROUP case=hot_e_boundary shape_m=2049 k=2304 n=768 view_m=2047 exceptional=true bias=false row_offset=0 output_offset=1 actual_auto=false
RNA_WIDE_QUALIFIED_GROUP case=hot_e_boundary shape_m=2049 k=2304 n=768 view_m=2047 exceptional=true bias=false row_offset=0 output_offset=4 actual_auto=false
RNA_WIDE_QUALIFIED_GROUP case=hot_e_boundary shape_m=2049 k=2304 n=768 view_m=2048 exceptional=true bias=false row_offset=0 output_offset=1 actual_auto=false
RNA_WIDE_QUALIFIED_GROUP case=hot_e_boundary shape_m=2049 k=2304 n=768 view_m=2048 exceptional=true bias=false row_offset=0 output_offset=4 actual_auto=false
RNA_WIDE_QUALIFIED_GROUP case=hot_e_boundary shape_m=2049 k=2304 n=768 view_m=2049 exceptional=true bias=false row_offset=0 output_offset=1 actual_auto=false
RNA_WIDE_QUALIFIED_GROUP case=hot_e_boundary shape_m=2049 k=2304 n=768 view_m=2049 exceptional=true bias=false row_offset=0 output_offset=4 actual_auto=false
RNA_WIDE_QUALIFIED_GROUP case=hot_e_boundary shape_m=2049 k=2304 n=768 view_m=2048 exceptional=true bias=false row_offset=1 output_offset=1 actual_auto=false
RNA_WIDE_QUALIFIED_GROUP case=hot_e_boundary shape_m=2049 k=2304 n=768 view_m=2048 exceptional=true bias=false row_offset=1 output_offset=4 actual_auto=false
RNA_WIDE_QUALIFIED_GROUP case=hot_e_boundary shape_m=2049 k=2304 n=768 view_m=1 exceptional=true bias=true row_offset=0 output_offset=1 actual_auto=false
RNA_WIDE_QUALIFIED_GROUP case=hot_e_boundary shape_m=2049 k=2304 n=768 view_m=1 exceptional=true bias=true row_offset=0 output_offset=4 actual_auto=false
RNA_WIDE_QUALIFIED_GROUP case=hot_e_boundary shape_m=2049 k=2304 n=768 view_m=16 exceptional=true bias=true row_offset=0 output_offset=1 actual_auto=false
RNA_WIDE_QUALIFIED_GROUP case=hot_e_boundary shape_m=2049 k=2304 n=768 view_m=16 exceptional=true bias=true row_offset=0 output_offset=4 actual_auto=false
RNA_WIDE_QUALIFIED_GROUP case=hot_e_boundary shape_m=2049 k=2304 n=768 view_m=17 exceptional=true bias=true row_offset=0 output_offset=1 actual_auto=false
RNA_WIDE_QUALIFIED_GROUP case=hot_e_boundary shape_m=2049 k=2304 n=768 view_m=17 exceptional=true bias=true row_offset=0 output_offset=4 actual_auto=false
RNA_WIDE_QUALIFIED_GROUP case=hot_e_boundary shape_m=2049 k=2304 n=768 view_m=2047 exceptional=true bias=true row_offset=0 output_offset=1 actual_auto=false
RNA_WIDE_QUALIFIED_GROUP case=hot_e_boundary shape_m=2049 k=2304 n=768 view_m=2047 exceptional=true bias=true row_offset=0 output_offset=4 actual_auto=false
RNA_WIDE_QUALIFIED_GROUP case=hot_e_boundary shape_m=2049 k=2304 n=768 view_m=2048 exceptional=true bias=true row_offset=0 output_offset=1 actual_auto=false
RNA_WIDE_QUALIFIED_GROUP case=hot_e_boundary shape_m=2049 k=2304 n=768 view_m=2048 exceptional=true bias=true row_offset=0 output_offset=4 actual_auto=false
RNA_WIDE_QUALIFIED_GROUP case=hot_e_boundary shape_m=2049 k=2304 n=768 view_m=2049 exceptional=true bias=true row_offset=0 output_offset=1 actual_auto=false
RNA_WIDE_QUALIFIED_GROUP case=hot_e_boundary shape_m=2049 k=2304 n=768 view_m=2049 exceptional=true bias=true row_offset=0 output_offset=4 actual_auto=false
RNA_WIDE_QUALIFIED_GROUP case=hot_e_boundary shape_m=2049 k=2304 n=768 view_m=2048 exceptional=true bias=true row_offset=1 output_offset=1 actual_auto=false
RNA_WIDE_QUALIFIED_GROUP case=hot_e_boundary shape_m=2049 k=2304 n=768 view_m=2048 exceptional=true bias=true row_offset=1 output_offset=4 actual_auto=false
ok
test fixed_tf32_rna_wide_rejects_unsafe_inputs_and_handles_k0 ... ok

test result: ok. 2 passed; 0 failed; 0 ignored; 0 measured; 6 filtered out; finished in 88.71s

exit_status=0
cache_files_after=3
