toolkit=12.8 phase=cold markers=448
toolkit=12.8 phase=cold unique_markers=448
toolkit=12.8 phase=cold actual_auto_false=448
toolkit=12.8 phase=cold actual_auto_true=0
toolkit=12.8 phase=cold family_count=     56 hot_a_boundary
toolkit=12.8 phase=cold family_count=     56 hot_b_boundary
toolkit=12.8 phase=cold family_count=     56 hot_c_boundary
toolkit=12.8 phase=cold family_count=     56 hot_d_boundary
toolkit=12.8 phase=cold family_count=     56 hot_e_boundary
toolkit=12.8 phase=cold family_count=    168 tail
test result: ok. 2 passed; 0 failed; 0 ignored; 0 measured; 6 filtered out; finished in 87.45s
exit_status=0
toolkit=12.8 phase=warm markers=448
toolkit=12.8 phase=warm unique_markers=448
toolkit=12.8 phase=warm actual_auto_false=448
toolkit=12.8 phase=warm actual_auto_true=0
toolkit=12.8 phase=warm family_count=     56 hot_a_boundary
toolkit=12.8 phase=warm family_count=     56 hot_b_boundary
toolkit=12.8 phase=warm family_count=     56 hot_c_boundary
toolkit=12.8 phase=warm family_count=     56 hot_d_boundary
toolkit=12.8 phase=warm family_count=     56 hot_e_boundary
toolkit=12.8 phase=warm family_count=    168 tail
test result: ok. 2 passed; 0 failed; 0 ignored; 0 measured; 6 filtered out; finished in 28.13s
exit_status=0
toolkit=13.0 phase=cold markers=448
toolkit=13.0 phase=cold unique_markers=448
toolkit=13.0 phase=cold actual_auto_false=448
toolkit=13.0 phase=cold actual_auto_true=0
toolkit=13.0 phase=cold family_count=     56 hot_a_boundary
toolkit=13.0 phase=cold family_count=     56 hot_b_boundary
toolkit=13.0 phase=cold family_count=     56 hot_c_boundary
toolkit=13.0 phase=cold family_count=     56 hot_d_boundary
toolkit=13.0 phase=cold family_count=     56 hot_e_boundary
toolkit=13.0 phase=cold family_count=    168 tail
test result: ok. 2 passed; 0 failed; 0 ignored; 0 measured; 6 filtered out; finished in 85.71s
exit_status=0
toolkit=13.0 phase=warm markers=448
toolkit=13.0 phase=warm unique_markers=448
toolkit=13.0 phase=warm actual_auto_false=448
toolkit=13.0 phase=warm actual_auto_true=0
toolkit=13.0 phase=warm family_count=     56 hot_a_boundary
toolkit=13.0 phase=warm family_count=     56 hot_b_boundary
toolkit=13.0 phase=warm family_count=     56 hot_c_boundary
toolkit=13.0 phase=warm family_count=     56 hot_d_boundary
toolkit=13.0 phase=warm family_count=     56 hot_e_boundary
toolkit=13.0 phase=warm family_count=    168 tail
test result: ok. 2 passed; 0 failed; 0 ignored; 0 measured; 6 filtered out; finished in 28.87s
exit_status=0
toolkit=13.2 phase=force markers=448
toolkit=13.2 phase=force unique_markers=448
toolkit=13.2 phase=force actual_auto_false=448
toolkit=13.2 phase=force actual_auto_true=0
toolkit=13.2 phase=force family_count=     56 hot_a_boundary
toolkit=13.2 phase=force family_count=     56 hot_b_boundary
toolkit=13.2 phase=force family_count=     56 hot_c_boundary
toolkit=13.2 phase=force family_count=     56 hot_d_boundary
toolkit=13.2 phase=force family_count=     56 hot_e_boundary
toolkit=13.2 phase=force family_count=    168 tail
test result: ok. 2 passed; 0 failed; 0 ignored; 0 measured; 6 filtered out; finished in 88.71s
exit_status=0
toolkit=13.2 phase=actual-auto markers=448
toolkit=13.2 phase=actual-auto unique_markers=448
toolkit=13.2 phase=actual-auto actual_auto_false=0
toolkit=13.2 phase=actual-auto actual_auto_true=448
toolkit=13.2 phase=actual-auto family_count=     56 hot_a_boundary
toolkit=13.2 phase=actual-auto family_count=     56 hot_b_boundary
toolkit=13.2 phase=actual-auto family_count=     56 hot_c_boundary
toolkit=13.2 phase=actual-auto family_count=     56 hot_d_boundary
toolkit=13.2 phase=actual-auto family_count=     56 hot_e_boundary
toolkit=13.2 phase=actual-auto family_count=    168 tail
test result: ok. 1 passed; 0 failed; 0 ignored; 0 measured; 7 filtered out; finished in 36.62s
exit_status=0
