{
  "verdict": "PASS",
  "cache": "/root/mamba-kcache-ada-half-s3-force-final-cuda128-attempt1-20260907/mamba-kernels-v1-57c3e4f2177104f137d432f19398a4a36799aca4c264634a1ab25d17dbf422ba.bin",
  "cache_sha256": "9af16b658fb81643b962b03da53f391d7b99e614d293195def7716d59ece401a",
  "compile_key": "57c3e4f2177104f137d432f19398a4a36799aca4c264634a1ab25d17dbf422ba",
  "artifact_sha256": "60977db33de28d807ac7dd3dafe2d176914f7b7eab589917a47988050712352c",
  "proofs": [
    {
      "symbol": "gemm_bi_nn_fixed_sm89_tc128_s3_v1_bf16",
      "registers": 182,
      "stack": 0,
      "static_shared": 0,
      "local": 0,
      "spill_stores": 0,
      "spill_loads": 0,
      "sass_counts": {
        "commit": 3,
        "wait0": 2,
        "wait1": 2,
        "mma": 128,
        "matrix_load": 72,
        "async_copy": 24,
        "barrier": 5
      }
    },
    {
      "symbol": "gemm_bi_nn_fixed_sm89_tc128_s3_v1_f16",
      "registers": 182,
      "stack": 0,
      "static_shared": 0,
      "local": 0,
      "spill_stores": 0,
      "spill_loads": 0,
      "sass_counts": {
        "commit": 3,
        "wait0": 2,
        "wait1": 2,
        "mma": 128,
        "matrix_load": 72,
        "async_copy": 24,
        "barrier": 5
      }
    }
  ]
}
