COMMAND ["/usr/local/cuda-12.8/bin/nvcc", "--version"]
COMMAND_EXIT nvcc.log 0
COMMAND ["rustc", "-Vv"]
COMMAND_EXIT rustc.log 0
COMMAND ["cargo", "-V"]
COMMAND_EXIT cargo.log 0
COMMAND ["cargo", "test", "--release", "--features", "cuda,cudarc/cuda-12080", "--test", "gemm_bi_fixed_performance", "ada_s3_pair::", "--", "--nocapture"]
COMMAND_EXIT focused.log 0
COMMAND ["cargo", "test", "--release", "--features", "cuda,cudarc/cuda-12080", "--test", "gemm_bi_fixed_performance", "--", "--test-threads=1"]
COMMAND_EXIT nonignored.log 0
BUILD_COMPLETE {"toolkit": "12.8", "feature": "cuda,cudarc/cuda-12080", "binary": "/root/target-ada-half-s3-paired-cuda128-20260907/release/deps/gemm_bi_fixed_performance-adf126b1f35855e0", "binary_sha": "618a31de2bf2936ce1e1dfbab8dd3bbeca35db35b06650bfc2e346cce90233b3", "cache": "/root/mamba-kcache-ada-half-s3-paired-cuda128-20260907", "cache_mode": "0o700", "tools": {"/usr/local/cuda-12.8/bin/nvcc": "59e4e55f9a38b78c590df1e28a69dad91052958f18a03868ca4a547c043fbba7", "/usr/local/cuda-12.8/bin/ptxas": "c960a4f238b17d5c5d3c01ad2bbc1ebd2c5aecc459cb4d223bff10b45f9b8fca"}, "libraries": {"/usr/local/cuda-12.8/targets/x86_64-linux/lib/libnvrtc.so.12.8.93": "2bb82d1a34b9fefa46aca357299aed66763d4d6613d015d5a591224c00fa7e5a", "/usr/local/cuda-12.8/targets/x86_64-linux/lib/libnvrtc.so.12": "2bb82d1a34b9fefa46aca357299aed66763d4d6613d015d5a591224c00fa7e5a", "/usr/local/cuda-12.8/targets/x86_64-linux/lib/libcublas.so.12.8.5.5": "18a5df540d156e9aff0363776fefab7884b614f122847b51c3eb1da772048e5c", "/usr/local/cuda-12.8/targets/x86_64-linux/lib/libcublas.so.12": "18a5df540d156e9aff0363776fefab7884b614f122847b51c3eb1da772048e5c"}}
WRAPPER_EXIT_12.8=0
COMMAND ["/usr/local/cuda-13.0/bin/nvcc", "--version"]
COMMAND_EXIT nvcc.log 0
COMMAND ["rustc", "-Vv"]
COMMAND_EXIT rustc.log 0
COMMAND ["cargo", "-V"]
COMMAND_EXIT cargo.log 0
COMMAND ["cargo", "test", "--release", "--features", "cuda,cudarc/cuda-13000", "--test", "gemm_bi_fixed_performance", "ada_s3_pair::", "--", "--nocapture"]
COMMAND_EXIT focused.log 0
COMMAND ["cargo", "test", "--release", "--features", "cuda,cudarc/cuda-13000", "--test", "gemm_bi_fixed_performance", "--", "--test-threads=1"]
COMMAND_EXIT nonignored.log 0
BUILD_COMPLETE {"toolkit": "13.0", "feature": "cuda,cudarc/cuda-13000", "binary": "/root/target-ada-half-s3-paired-cuda130-20260907/release/deps/gemm_bi_fixed_performance-f34471822300c85c", "binary_sha": "57deaa66bff293b0570f65c07b12fb1e31bfc4c54320f9f8fb7376e850b63062", "cache": "/root/mamba-kcache-ada-half-s3-paired-cuda130-20260907", "cache_mode": "0o700", "tools": {"/usr/local/cuda-13.0/bin/nvcc": "b8e2347d9d7fcadf8812a27324d515de99d033d3e48611811ece7e66d7895f8a", "/usr/local/cuda-13.0/bin/ptxas": "daba837a68265cae38c832d13399b61dab811891de9b8914defddef143b849f2"}, "libraries": {"/usr/local/cuda-13.0/targets/x86_64-linux/lib/libnvrtc.so.13": "a49e67e8e74590f1e98de55c39c6287efd3f59e3c3797464d7bbe0fe01349b11", "/usr/local/cuda-13.0/targets/x86_64-linux/lib/libnvrtc.so.13.0.88": "a49e67e8e74590f1e98de55c39c6287efd3f59e3c3797464d7bbe0fe01349b11", "/usr/local/cuda-13.0/targets/x86_64-linux/lib/libcublas.so.13.1.1.3": "25cde432108543626df85d887c730bf2cab96803ca16f9654e4abc8d2b45833e", "/usr/local/cuda-13.0/targets/x86_64-linux/lib/libcublas.so.13": "25cde432108543626df85d887c730bf2cab96803ca16f9654e4abc8d2b45833e"}}
WRAPPER_EXIT_13.0=0
COMMAND ["/usr/local/cuda-13.2/bin/nvcc", "--version"]
COMMAND_EXIT nvcc.log 0
COMMAND ["rustc", "-Vv"]
COMMAND_EXIT rustc.log 0
COMMAND ["cargo", "-V"]
COMMAND_EXIT cargo.log 0
COMMAND ["cargo", "test", "--release", "--features", "cuda,cudarc/cuda-13020", "--test", "gemm_bi_fixed_performance", "ada_s3_pair::", "--", "--nocapture"]
COMMAND_EXIT focused.log 0
COMMAND ["cargo", "test", "--release", "--features", "cuda,cudarc/cuda-13020", "--test", "gemm_bi_fixed_performance", "--", "--test-threads=1"]
COMMAND_EXIT nonignored.log 0
BUILD_COMPLETE {"toolkit": "13.2", "feature": "cuda,cudarc/cuda-13020", "binary": "/root/target-ada-half-s3-paired-cuda132-20260907/release/deps/gemm_bi_fixed_performance-46090335b71731a6", "binary_sha": "8edb3d6f0a7e8e8b12da2ede6c0dfee9ce3c2e1b074878c6fb0dc888dde7f354", "cache": "/root/mamba-kcache-ada-half-s3-paired-cuda132-20260907", "cache_mode": "0o700", "tools": {"/usr/local/cuda-13.2/bin/nvcc": "1b32c567e18698a94d78f18e571d7a213cfb461a7422505120e88748d5150136", "/usr/local/cuda-13.2/bin/ptxas": "21fec077bceb3265135cf10aa98937000bd0d01141401c094a15c5916ca9d911"}, "libraries": {"/usr/local/cuda-13.2/targets/x86_64-linux/lib/libnvrtc.so.13.2.51": "b93dae6f3435a5b7b52a689af7f769cc7876fcfd7b01381ca7d6a3814d405c89", "/usr/local/cuda-13.2/targets/x86_64-linux/lib/libnvrtc.so.13": "b93dae6f3435a5b7b52a689af7f769cc7876fcfd7b01381ca7d6a3814d405c89", "/usr/local/cuda-13.2/targets/x86_64-linux/lib/libcublas.so.13.3.0.5": "ccfa1822ae698db26fa1fb3f93b45e7da2232eb3586379d862211f3e267787b0", "/usr/local/cuda-13.2/targets/x86_64-linux/lib/libcublas.so.13": "ccfa1822ae698db26fa1fb3f93b45e7da2232eb3586379d862211f3e267787b0"}}
WRAPPER_EXIT_13.2=0
OUTER_SSH_EXIT=0
