
running 1 test

thread 'fixed_ada_half_s3_auto_fast_paired' (1811531) panicked at tests/gemm_bi_fixed_performance.rs:354:9:
assertion `left == right` failed: explicit S3 pair enable required
  left: Err(NotPresent)
 right: Ok("1")
note: run with `RUST_BACKTRACE=1` environment variable to display a backtrace
test fixed_ada_half_s3_auto_fast_paired ... FAILED

failures:

failures:
    fixed_ada_half_s3_auto_fast_paired

test result: FAILED. 0 passed; 1 failed; 0 ignored; 0 measured; 114 filtered out; finished in 0.00s

DISABLED_EXIT=101

running 1 test

thread 'fixed_ada_half_s3_auto_fast_paired' (1811533) panicked at tests/gemm_bi_fixed_performance.rs:372:17:
stale control MAMBA_FIXED_ADA_ROWS forbidden in literal S3 experiment
note: run with `RUST_BACKTRACE=1` environment variable to display a backtrace
test fixed_ada_half_s3_auto_fast_paired ... FAILED

failures:

failures:
    fixed_ada_half_s3_auto_fast_paired

test result: FAILED. 0 passed; 1 failed; 0 ignored; 0 measured; 114 filtered out; finished in 0.00s

STALE_CONTROL_EXIT=101
