internal/perf/ada-half-s3-paired-20260907/all-buildfinal-ssh.log: OK
internal/perf/ada-half-s3-paired-20260907/analyze.py: OK
internal/perf/ada-half-s3-paired-20260907/analyzer-wrapper-final.log: OK
internal/perf/ada-half-s3-paired-20260907/analyzer-wrapper-final2.log: OK
internal/perf/ada-half-s3-paired-20260907/analyzer-wrapper-green1.log: OK
internal/perf/ada-half-s3-paired-20260907/archive-original-final.log: OK
internal/perf/ada-half-s3-paired-20260907/archive-verification.json: OK
internal/perf/ada-half-s3-paired-20260907/cuda128-binding-final.json: OK
internal/perf/ada-half-s3-paired-20260907/cuda128-binding.json: OK
internal/perf/ada-half-s3-paired-20260907/cuda128-build1-ssh.log: OK
internal/perf/ada-half-s3-paired-20260907/cuda128-build1/cargo.log: OK
internal/perf/ada-half-s3-paired-20260907/cuda128-build1/focused.log: OK
internal/perf/ada-half-s3-paired-20260907/cuda128-build1/nonignored.log: OK
internal/perf/ada-half-s3-paired-20260907/cuda128-build1/nvcc.log: OK
internal/perf/ada-half-s3-paired-20260907/cuda128-build1/rustc.log: OK
internal/perf/ada-half-s3-paired-20260907/cuda128-buildfinal/cargo.log: OK
internal/perf/ada-half-s3-paired-20260907/cuda128-buildfinal/focused.log: OK
internal/perf/ada-half-s3-paired-20260907/cuda128-buildfinal/nonignored.log: OK
internal/perf/ada-half-s3-paired-20260907/cuda128-buildfinal/nvcc.log: OK
internal/perf/ada-half-s3-paired-20260907/cuda128-buildfinal/rustc.log: OK
internal/perf/ada-half-s3-paired-20260907/cuda128-confirm101-analysis.json: OK
internal/perf/ada-half-s3-paired-20260907/cuda128-confirm101-ssh.log: OK
internal/perf/ada-half-s3-paired-20260907/cuda128-confirm101/post.json: OK
internal/perf/ada-half-s3-paired-20260907/cuda128-confirm101/pre.json: OK
internal/perf/ada-half-s3-paired-20260907/cuda128-confirm101/result.json: OK
internal/perf/ada-half-s3-paired-20260907/cuda128-confirm101/test.log: OK
internal/perf/ada-half-s3-paired-20260907/cuda128-final-binary-cache.tar.gz: OK
internal/perf/ada-half-s3-paired-20260907/cuda128-screen21-analysis.json: OK
internal/perf/ada-half-s3-paired-20260907/cuda128-screen21-ssh.log: OK
internal/perf/ada-half-s3-paired-20260907/cuda128-screen21/post.json: OK
internal/perf/ada-half-s3-paired-20260907/cuda128-screen21/pre.json: OK
internal/perf/ada-half-s3-paired-20260907/cuda128-screen21/result.json: OK
internal/perf/ada-half-s3-paired-20260907/cuda128-screen21/test.log: OK
internal/perf/ada-half-s3-paired-20260907/cuda128-smoke1-analysis.json: OK
internal/perf/ada-half-s3-paired-20260907/cuda128-smoke1-ssh.log: OK
internal/perf/ada-half-s3-paired-20260907/cuda128-smoke1/post.json: OK
internal/perf/ada-half-s3-paired-20260907/cuda128-smoke1/pre.json: OK
internal/perf/ada-half-s3-paired-20260907/cuda128-smoke1/result.json: OK
internal/perf/ada-half-s3-paired-20260907/cuda128-smoke1/test.log: OK
internal/perf/ada-half-s3-paired-20260907/cuda128-smokefinal-analysis.json: OK
internal/perf/ada-half-s3-paired-20260907/cuda128-smokefinal-ssh.log: OK
internal/perf/ada-half-s3-paired-20260907/cuda128-smokefinal/post.json: OK
internal/perf/ada-half-s3-paired-20260907/cuda128-smokefinal/pre.json: OK
internal/perf/ada-half-s3-paired-20260907/cuda128-smokefinal/result.json: OK
internal/perf/ada-half-s3-paired-20260907/cuda128-smokefinal/test.log: OK
internal/perf/ada-half-s3-paired-20260907/cuda130-binding-final.json: OK
internal/perf/ada-half-s3-paired-20260907/cuda130-binding.json: OK
internal/perf/ada-half-s3-paired-20260907/cuda130-build1-ssh.log: OK
internal/perf/ada-half-s3-paired-20260907/cuda130-build1/cargo.log: OK
internal/perf/ada-half-s3-paired-20260907/cuda130-build1/focused.log: OK
internal/perf/ada-half-s3-paired-20260907/cuda130-build1/nonignored.log: OK
internal/perf/ada-half-s3-paired-20260907/cuda130-build1/nvcc.log: OK
internal/perf/ada-half-s3-paired-20260907/cuda130-build1/rustc.log: OK
internal/perf/ada-half-s3-paired-20260907/cuda130-buildfinal/cargo.log: OK
internal/perf/ada-half-s3-paired-20260907/cuda130-buildfinal/focused.log: OK
internal/perf/ada-half-s3-paired-20260907/cuda130-buildfinal/nonignored.log: OK
internal/perf/ada-half-s3-paired-20260907/cuda130-buildfinal/nvcc.log: OK
internal/perf/ada-half-s3-paired-20260907/cuda130-buildfinal/rustc.log: OK
internal/perf/ada-half-s3-paired-20260907/cuda130-confirm101-analysis.json: OK
internal/perf/ada-half-s3-paired-20260907/cuda130-confirm101-ssh.log: OK
internal/perf/ada-half-s3-paired-20260907/cuda130-confirm101/post.json: OK
internal/perf/ada-half-s3-paired-20260907/cuda130-confirm101/pre.json: OK
internal/perf/ada-half-s3-paired-20260907/cuda130-confirm101/result.json: OK
internal/perf/ada-half-s3-paired-20260907/cuda130-confirm101/test.log: OK
internal/perf/ada-half-s3-paired-20260907/cuda130-final-binary-cache.tar.gz: OK
internal/perf/ada-half-s3-paired-20260907/cuda130-screen21-analysis.json: OK
internal/perf/ada-half-s3-paired-20260907/cuda130-screen21-ssh.log: OK
internal/perf/ada-half-s3-paired-20260907/cuda130-screen21/post.json: OK
internal/perf/ada-half-s3-paired-20260907/cuda130-screen21/pre.json: OK
internal/perf/ada-half-s3-paired-20260907/cuda130-screen21/result.json: OK
internal/perf/ada-half-s3-paired-20260907/cuda130-screen21/test.log: OK
internal/perf/ada-half-s3-paired-20260907/cuda130-smokefinal-analysis.json: OK
internal/perf/ada-half-s3-paired-20260907/cuda130-smokefinal-ssh.log: OK
internal/perf/ada-half-s3-paired-20260907/cuda130-smokefinal/post.json: OK
internal/perf/ada-half-s3-paired-20260907/cuda130-smokefinal/pre.json: OK
internal/perf/ada-half-s3-paired-20260907/cuda130-smokefinal/result.json: OK
internal/perf/ada-half-s3-paired-20260907/cuda130-smokefinal/test.log: OK
internal/perf/ada-half-s3-paired-20260907/cuda132-binding-final.json: OK
internal/perf/ada-half-s3-paired-20260907/cuda132-buildfinal/cargo.log: OK
internal/perf/ada-half-s3-paired-20260907/cuda132-buildfinal/focused.log: OK
internal/perf/ada-half-s3-paired-20260907/cuda132-buildfinal/nonignored.log: OK
internal/perf/ada-half-s3-paired-20260907/cuda132-buildfinal/nvcc.log: OK
internal/perf/ada-half-s3-paired-20260907/cuda132-buildfinal/rustc.log: OK
internal/perf/ada-half-s3-paired-20260907/cuda132-confirm101-analysis.json: OK
internal/perf/ada-half-s3-paired-20260907/cuda132-confirm101-ssh.log: OK
internal/perf/ada-half-s3-paired-20260907/cuda132-confirm101/post.json: OK
internal/perf/ada-half-s3-paired-20260907/cuda132-confirm101/pre.json: OK
internal/perf/ada-half-s3-paired-20260907/cuda132-confirm101/result.json: OK
internal/perf/ada-half-s3-paired-20260907/cuda132-confirm101/test.log: OK
internal/perf/ada-half-s3-paired-20260907/cuda132-final-binary-cache.tar.gz: OK
internal/perf/ada-half-s3-paired-20260907/cuda132-screen21-analysis.json: OK
internal/perf/ada-half-s3-paired-20260907/cuda132-screen21-ssh.log: OK
internal/perf/ada-half-s3-paired-20260907/cuda132-screen21/post.json: OK
internal/perf/ada-half-s3-paired-20260907/cuda132-screen21/pre.json: OK
internal/perf/ada-half-s3-paired-20260907/cuda132-screen21/result.json: OK
internal/perf/ada-half-s3-paired-20260907/cuda132-screen21/test.log: OK
internal/perf/ada-half-s3-paired-20260907/cuda132-smokefinal-analysis.json: OK
internal/perf/ada-half-s3-paired-20260907/cuda132-smokefinal-ssh.log: OK
internal/perf/ada-half-s3-paired-20260907/cuda132-smokefinal/post.json: OK
internal/perf/ada-half-s3-paired-20260907/cuda132-smokefinal/pre.json: OK
internal/perf/ada-half-s3-paired-20260907/cuda132-smokefinal/result.json: OK
internal/perf/ada-half-s3-paired-20260907/cuda132-smokefinal/test.log: OK
internal/perf/ada-half-s3-paired-20260907/disabled-stale-negative-full.log: OK
internal/perf/ada-half-s3-paired-20260907/disabled-stale-negative.log: OK
internal/perf/ada-half-s3-paired-20260907/final-report.md: OK
internal/perf/ada-half-s3-paired-20260907/fix1-green.log: OK
internal/perf/ada-half-s3-paired-20260907/fix1-red.log: OK
internal/perf/ada-half-s3-paired-20260907/fix1-revalidation.log: OK
internal/perf/ada-half-s3-paired-20260907/green-build-attempt1.log: OK
internal/perf/ada-half-s3-paired-20260907/lane-release.log: OK
internal/perf/ada-half-s3-paired-20260907/matrix.py: OK
internal/perf/ada-half-s3-paired-20260907/pre-fix1-derived.tar.gz: OK
internal/perf/ada-half-s3-paired-20260907/preformat-binaries.tar.gz: OK
internal/perf/ada-half-s3-paired-20260907/red.log: OK
internal/perf/ada-half-s3-paired-20260907/root-recomputed.json: OK
internal/perf/ada-half-s3-paired-20260907/run-initial.py: OK
internal/perf/ada-half-s3-paired-20260907/run.py: OK
internal/perf/ada-half-s3-paired-20260907/source-final.tar.gz: OK
internal/perf/ada-half-s3-paired-20260907/source-red.tar.gz: OK
internal/perf/ada-half-s3-paired-20260907/source-stable.sha256: OK
internal/perf/ada-half-s3-paired-20260907/test_validation.py: OK
internal/perf/ada-half-s3-paired-20260907/verify_artifacts.py: OK
internal/perf/ada-half-s3-paired-20260907/winner-matrix.json: OK
