   Compiling proc-macro2 v1.0.106
   Compiling unicode-ident v1.0.24
   Compiling quote v1.0.46
   Compiling version_check v0.9.5
   Compiling cfg-if v1.0.4
   Compiling serde_core v1.0.228
   Compiling crossbeam-utils v0.8.22
   Compiling bitflags v2.13.1
   Compiling typenum v1.20.1
   Compiling autocfg v1.5.1
   Compiling libc v0.2.186
   Compiling crossbeam-epoch v0.9.20
   Compiling rustix v1.1.4
   Compiling getrandom v0.4.3
   Compiling crossbeam-deque v0.8.7
   Compiling zmij v1.0.23
   Compiling rayon-core v1.13.0
   Compiling serde v1.0.228
   Compiling linux-raw-sys v0.12.1
   Compiling serde_json v1.0.150
   Compiling zerocopy v0.8.54
   Compiling libm v0.2.16
   Compiling paste v1.0.15
   Compiling itoa v1.0.18
   Compiling memchr v2.8.3
   Compiling fastrand v2.4.1
   Compiling foldhash v0.2.0
   Compiling equivalent v1.0.2
   Compiling once_cell v1.21.4
   Compiling allocator-api2 v0.2.21
   Compiling cudarc v0.19.9
   Compiling either v1.16.0
   Compiling reborrow v0.5.5
   Compiling cpufeatures v0.2.17
   Compiling pulp-wasm-simd-flag v0.1.1
   Compiling libloading v0.9.0
   Compiling raw-cpuid v11.6.0
   Compiling generic-array v0.14.7
   Compiling pulp v0.22.3
   Compiling num-traits v0.2.19
   Compiling syn v2.0.119
   Compiling block-buffer v0.10.4
   Compiling crypto-common v0.1.7
   Compiling digest v0.10.7
   Compiling sha2 v0.10.9
   Compiling rayon v1.12.0
   Compiling tempfile v3.27.0
   Compiling hashbrown v0.16.1
   Compiling bytemuck_derive v1.11.0
   Compiling serde_derive v1.0.228
   Compiling zerocopy-derive v0.8.54
   Compiling bytemuck v1.25.1
   Compiling num-complex v0.4.6
   Compiling safetensors v0.8.0
   Compiling half v2.7.1
   Compiling mamba-rs v0.6.9 (/root/mamba-ada-half-s3-paired-20260907)
warning: unused import: `super::*`
  --> tests/gemm_bi_fixed_performance.rs:41:9
   |
41 |     use super::*;
   |         ^^^^^^^^
   |
   = note: `#[warn(unused_imports)]` (part of `#[warn(unused)]`) on by default

warning: `mamba-rs` (test "gemm_bi_fixed_performance") generated 1 warning (run `cargo fix --test "gemm_bi_fixed_performance" -p mamba-rs` to apply 1 suggestion)
    Finished `release` profile [optimized] target(s) in 59.32s
     Running tests/gemm_bi_fixed_performance.rs (/root/target-ada-half-s3-paired-cuda128-20260907/release/deps/gemm_bi_fixed_performance-adf126b1f35855e0)

running 1 test

thread 'ada_s3_pair::mirrored_brackets_reverse_both_arm_order_and_comparison_traversal' (1796150) panicked at tests/gemm_bi_fixed_performance.rs:50:9:
assertion `left == right` failed
  left: [(0, 0, 0, 0), (0, 0, 1, 1), (0, 0, 2, 0), (0, 0, 3, 1)]
 right: [(0, 0, 0, 0), (0, 0, 1, 1), (0, 0, 2, 1), (0, 0, 3, 0), (1, 1, 0, 2), (1, 1, 1, 0), (1, 1, 2, 0), (1, 1, 3, 2), (2, 2, 0, 2), (2, 2, 1, 1), (2, 2, 2, 1), (2, 2, 3, 2)]
note: run with `RUST_BACKTRACE=1` environment variable to display a backtrace
test ada_s3_pair::mirrored_brackets_reverse_both_arm_order_and_comparison_traversal ... FAILED

failures:

failures:
    ada_s3_pair::mirrored_brackets_reverse_both_arm_order_and_comparison_traversal

test result: FAILED. 0 passed; 1 failed; 0 ignored; 0 measured; 111 filtered out; finished in 0.00s

error: test failed, to rerun pass `--test gemm_bi_fixed_performance`
