   Compiling mamba-rs v0.6.9 (/root/mamba-ada-rna-wide-force-20260906)
warning: variable does not need to be mutable
   --> tests/gemm_bi_fixed_correctness.rs:715:9
    |
715 |     let mut output = GpuBuffer::zeros(&ctx.stream, shape.m * shape.n).expect("RNA C");
    |         ----^^^^^^
    |         |
    |         help: remove this `mut`
    |
    = note: `#[warn(unused_mut)]` (part of `#[warn(unused)]`) on by default

warning: `mamba-rs` (test "gemm_bi_fixed_correctness") generated 1 warning (run `cargo fix --test "gemm_bi_fixed_correctness" -p mamba-rs` to apply 1 suggestion)
    Finished `release` profile [optimized] target(s) in 0.96s
     Running tests/gemm_bi_fixed_correctness.rs (/root/target-ada-rna-wide-force-20260906/release/deps/gemm_bi_fixed_correctness-7860b14bbe37841d)

running 1 test
test fixed_tf32_rna_wide_rejects_unsafe_inputs_and_handles_k0 ... 
thread 'fixed_tf32_rna_wide_rejects_unsafe_inputs_and_handles_k0' (259721) panicked at tests/gemm_bi_fixed_correctness.rs:706:37:
RNA empty output FixedShape { m: 0, k: 18446744073709551615, n: 18446744073709551615 }: Fixed N exceeds i32
note: run with `RUST_BACKTRACE=1` environment variable to display a backtrace
FAILED

failures:

failures:
    fixed_tf32_rna_wide_rejects_unsafe_inputs_and_handles_k0

test result: FAILED. 0 passed; 1 failed; 0 ignored; 0 measured; 4 filtered out; finished in 2.88s

error: test failed, to rerun pass `--test gemm_bi_fixed_correctness`
