{
  "verdict": "PASS",
  "cache": "/root/mamba-kcache-ada-half-s3-force-final-cuda132-attempt1-20260907/mamba-kernels-v1-3a5fcbc3e7fef62dbb3542118d6d99d4ffba12b0cac04103b58f27ab4be36fb0.bin",
  "cache_sha256": "e2834da94775bb09217313f7412e1cc572cd290a3b498fa20574a6af2f2843c8",
  "compile_key": "3a5fcbc3e7fef62dbb3542118d6d99d4ffba12b0cac04103b58f27ab4be36fb0",
  "artifact_sha256": "8b89aadf7d456b78ab249ff614568730946006eefd7143e35bce1e158741aff1",
  "proofs": [
    {
      "symbol": "gemm_bi_nn_fixed_sm89_tc128_s3_v1_bf16",
      "registers": 188,
      "stack": 0,
      "static_shared": 0,
      "local": 0,
      "spill_stores": 0,
      "spill_loads": 0,
      "sass_counts": {
        "commit": 3,
        "wait0": 2,
        "wait1": 2,
        "mma": 128,
        "matrix_load": 72,
        "async_copy": 24,
        "barrier": 5
      }
    },
    {
      "symbol": "gemm_bi_nn_fixed_sm89_tc128_s3_v1_f16",
      "registers": 188,
      "stack": 0,
      "static_shared": 0,
      "local": 0,
      "spill_stores": 0,
      "spill_loads": 0,
      "sass_counts": {
        "commit": 3,
        "wait0": 2,
        "wait1": 2,
        "mma": 128,
        "matrix_load": 72,
        "async_copy": 24,
        "barrier": 5
      }
    }
  ]
}
