ptxas info    : 33 bytes gmem, 72 bytes cmem[4]
ptxas info    : Compiling entry function 'gemm_bi_nn_fixed_sm89_tc128_s3_v1_f16' for 'sm_89'
ptxas info    : Function properties for gemm_bi_nn_fixed_sm89_tc128_s3_v1_f16
    0 bytes stack frame, 0 bytes spill stores, 0 bytes spill loads
ptxas info    : Used 188 registers, used 1 barriers, 416 bytes cmem[0]
ptxas info    : Compile time = 208.595 ms
ptxas info    : Compiling entry function 'gemm_bi_nn_fixed_sm89_tc128_s3_v1_bf16' for 'sm_89'
ptxas info    : Function properties for gemm_bi_nn_fixed_sm89_tc128_s3_v1_bf16
    0 bytes stack frame, 0 bytes spill stores, 0 bytes spill loads
ptxas info    : Used 188 registers, used 1 barriers, 416 bytes cmem[0]
ptxas info    : Compile time = 213.154 ms
ptxas info    : Compiling entry function 'gemm_bi_nn_fixed_sm89_tc128_swizzle_v1_f16' for 'sm_89'
ptxas info    : Function properties for gemm_bi_nn_fixed_sm89_tc128_swizzle_v1_f16
    0 bytes stack frame, 0 bytes spill stores, 0 bytes spill loads
ptxas info    : Used 180 registers, used 1 barriers, 416 bytes cmem[0]
ptxas info    : Compile time = 169.692 ms
ptxas info    : Compiling entry function 'gemm_bi_nn_fixed_sm89_tc128_swizzle_v1_bf16' for 'sm_89'
ptxas info    : Function properties for gemm_bi_nn_fixed_sm89_tc128_swizzle_v1_bf16
    0 bytes stack frame, 0 bytes spill stores, 0 bytes spill loads
ptxas info    : Used 180 registers, used 1 barriers, 416 bytes cmem[0]
ptxas info    : Compile time = 165.868 ms
ptxas info    : Compiling entry function 'gemm_bi_nn_fixed_rna_wide_tf32_v1_m128n128_bk32_s3' for 'sm_89'
ptxas info    : Function properties for gemm_bi_nn_fixed_rna_wide_tf32_v1_m128n128_bk32_s3
    0 bytes stack frame, 0 bytes spill stores, 0 bytes spill loads
ptxas info    : Used 153 registers, used 1 barriers, 416 bytes cmem[0]
ptxas info    : Compile time = 148.903 ms
ptxas info    : Compiling entry function 'gemm_bi_nn_fixed_sm89_f32_n64_copyplan_v1' for 'sm_89'
ptxas info    : Function properties for gemm_bi_nn_fixed_sm89_f32_n64_copyplan_v1
    0 bytes stack frame, 0 bytes spill stores, 0 bytes spill loads
ptxas info    : Used 135 registers, used 1 barriers, 32768 bytes smem, 416 bytes cmem[0]
ptxas info    : Compile time = 239.669 ms
ptxas info    : Compiling entry function 'gemm_bi_nn_fixed_sm89_tc128_pipeline_v1_f16' for 'sm_89'
ptxas info    : Function properties for gemm_bi_nn_fixed_sm89_tc128_pipeline_v1_f16
    0 bytes stack frame, 0 bytes spill stores, 0 bytes spill loads
ptxas info    : Used 164 registers, used 1 barriers, 416 bytes cmem[0]
ptxas info    : Compile time = 161.120 ms
ptxas info    : Compiling entry function 'gemm_bi_nn_fixed_sm89_tc128_pipeline_v1_bf16' for 'sm_89'
ptxas info    : Function properties for gemm_bi_nn_fixed_sm89_tc128_pipeline_v1_bf16
    0 bytes stack frame, 0 bytes spill stores, 0 bytes spill loads
ptxas info    : Used 164 registers, used 1 barriers, 416 bytes cmem[0]
ptxas info    : Compile time = 165.091 ms
ptxas info    : Compiling entry function 'gemm_bi_nn_tcwn64_f16' for 'sm_89'
ptxas info    : Function properties for gemm_bi_nn_tcwn64_f16
    0 bytes stack frame, 0 bytes spill stores, 0 bytes spill loads
ptxas info    : Used 233 registers, used 1 barriers, 416 bytes cmem[0]
ptxas info    : Compile time = 336.827 ms
ptxas info    : Compiling entry function 'gemm_bi_nn_tcwn64_bf16' for 'sm_89'
ptxas info    : Function properties for gemm_bi_nn_tcwn64_bf16
    0 bytes stack frame, 0 bytes spill stores, 0 bytes spill loads
ptxas info    : Used 233 registers, used 1 barriers, 416 bytes cmem[0]
ptxas info    : Compile time = 340.741 ms
ptxas info    : Compiling entry function 'gemm_bi_nn_tcw64_f16' for 'sm_89'
ptxas info    : Function properties for gemm_bi_nn_tcw64_f16
    0 bytes stack frame, 0 bytes spill stores, 0 bytes spill loads
ptxas info    : Used 233 registers, used 1 barriers, 416 bytes cmem[0]
ptxas info    : Compile time = 346.546 ms
ptxas info    : Compiling entry function 'gemm_bi_nn_tcw64_bf16' for 'sm_89'
ptxas info    : Function properties for gemm_bi_nn_tcw64_bf16
    0 bytes stack frame, 0 bytes spill stores, 0 bytes spill loads
ptxas info    : Used 233 registers, used 1 barriers, 416 bytes cmem[0]
ptxas info    : Compile time = 342.670 ms
ptxas info    : Compiling entry function 'gemm_bi_nn_tc16_f32out_f16' for 'sm_89'
ptxas info    : Function properties for gemm_bi_nn_tc16_f32out_f16
    0 bytes stack frame, 0 bytes spill stores, 0 bytes spill loads
ptxas info    : Used 96 registers, used 1 barriers, 24576 bytes smem, 416 bytes cmem[0]
ptxas info    : Compile time = 74.278 ms
ptxas info    : Compiling entry function 'gemm_bi_nn_tc16_f32out_bf16' for 'sm_89'
ptxas info    : Function properties for gemm_bi_nn_tc16_f32out_bf16
    0 bytes stack frame, 0 bytes spill stores, 0 bytes spill loads
ptxas info    : Used 96 registers, used 1 barriers, 24576 bytes smem, 416 bytes cmem[0]
ptxas info    : Compile time = 71.851 ms
ptxas info    : Compiling entry function 'gemm_bi_nn_tc16_f16' for 'sm_89'
ptxas info    : Function properties for gemm_bi_nn_tc16_f16
    0 bytes stack frame, 0 bytes spill stores, 0 bytes spill loads
ptxas info    : Used 96 registers, used 1 barriers, 24576 bytes smem, 416 bytes cmem[0]
ptxas info    : Compile time = 76.079 ms
ptxas info    : Compiling entry function 'gemm_bi_nn_tc16_bf16' for 'sm_89'
ptxas info    : Function properties for gemm_bi_nn_tc16_bf16
    0 bytes stack frame, 0 bytes spill stores, 0 bytes spill loads
ptxas info    : Used 96 registers, used 1 barriers, 24576 bytes smem, 416 bytes cmem[0]
ptxas info    : Compile time = 74.431 ms
ptxas info    : Compiling entry function 'gemm_bi_nn_tc64_f32out_f16' for 'sm_89'
ptxas info    : Function properties for gemm_bi_nn_tc64_f32out_f16
    0 bytes stack frame, 0 bytes spill stores, 0 bytes spill loads
ptxas info    : Used 128 registers, used 1 barriers, 36864 bytes smem, 416 bytes cmem[0]
ptxas info    : Compile time = 109.501 ms
ptxas info    : Compiling entry function 'gemm_bi_nn_tc64_f32out_bf16' for 'sm_89'
ptxas info    : Function properties for gemm_bi_nn_tc64_f32out_bf16
    0 bytes stack frame, 0 bytes spill stores, 0 bytes spill loads
ptxas info    : Used 128 registers, used 1 barriers, 36864 bytes smem, 416 bytes cmem[0]
ptxas info    : Compile time = 110.144 ms
ptxas info    : Compiling entry function 'gemm_bi_nn_tc64_f16' for 'sm_89'
ptxas info    : Function properties for gemm_bi_nn_tc64_f16
    0 bytes stack frame, 0 bytes spill stores, 0 bytes spill loads
ptxas info    : Used 128 registers, used 1 barriers, 36864 bytes smem, 416 bytes cmem[0]
ptxas info    : Compile time = 116.725 ms
ptxas info    : Compiling entry function 'gemm_bi_nn_tc64_bf16' for 'sm_89'
ptxas info    : Function properties for gemm_bi_nn_tc64_bf16
    0 bytes stack frame, 0 bytes spill stores, 0 bytes spill loads
ptxas info    : Used 128 registers, used 1 barriers, 36864 bytes smem, 416 bytes cmem[0]
ptxas info    : Compile time = 107.235 ms
ptxas info    : Compiling entry function 'gemm_bi_nn_tc128_f32out_f16' for 'sm_89'
ptxas info    : Function properties for gemm_bi_nn_tc128_f32out_f16
    0 bytes stack frame, 0 bytes spill stores, 0 bytes spill loads
ptxas info    : Used 162 registers, used 1 barriers, 416 bytes cmem[0]
ptxas info    : Compile time = 104.790 ms
ptxas info    : Compiling entry function 'gemm_bi_nn_tc128_f32out_bf16' for 'sm_89'
ptxas info    : Function properties for gemm_bi_nn_tc128_f32out_bf16
    0 bytes stack frame, 0 bytes spill stores, 0 bytes spill loads
ptxas info    : Used 162 registers, used 1 barriers, 416 bytes cmem[0]
ptxas info    : Compile time = 103.989 ms
ptxas info    : Compiling entry function 'gemm_bi_nn_tc128_f16' for 'sm_89'
ptxas info    : Function properties for gemm_bi_nn_tc128_f16
    0 bytes stack frame, 0 bytes spill stores, 0 bytes spill loads
ptxas info    : Used 162 registers, used 1 barriers, 416 bytes cmem[0]
ptxas info    : Compile time = 165.096 ms
ptxas info    : Compiling entry function 'gemm_bi_nn_tc128_bf16' for 'sm_89'
ptxas info    : Function properties for gemm_bi_nn_tc128_bf16
    0 bytes stack frame, 0 bytes spill stores, 0 bytes spill loads
ptxas info    : Used 162 registers, used 1 barriers, 416 bytes cmem[0]
ptxas info    : Compile time = 169.123 ms
ptxas info    : Compiling entry function 'matvec_bi_f32_f32' for 'sm_89'
ptxas info    : Function properties for matvec_bi_f32_f32
    0 bytes stack frame, 0 bytes spill stores, 0 bytes spill loads
ptxas info    : Used 40 registers, used 1 barriers, 1024 bytes smem, 416 bytes cmem[0]
ptxas info    : Compile time = 24.508 ms
ptxas info    : Compiling entry function 'matvec_bi_f16_f32' for 'sm_89'
ptxas info    : Function properties for matvec_bi_f16_f32
    0 bytes stack frame, 0 bytes spill stores, 0 bytes spill loads
ptxas info    : Used 40 registers, used 1 barriers, 1024 bytes smem, 416 bytes cmem[0]
ptxas info    : Compile time = 18.445 ms
ptxas info    : Compiling entry function 'matvec_bi_bf16_f32' for 'sm_89'
ptxas info    : Function properties for matvec_bi_bf16_f32
    0 bytes stack frame, 0 bytes spill stores, 0 bytes spill loads
ptxas info    : Used 40 registers, used 1 barriers, 1024 bytes smem, 416 bytes cmem[0]
ptxas info    : Compile time = 18.109 ms
ptxas info    : Compiling entry function 'matvec_bi_f16_f16' for 'sm_89'
ptxas info    : Function properties for matvec_bi_f16_f16
    0 bytes stack frame, 0 bytes spill stores, 0 bytes spill loads
ptxas info    : Used 40 registers, used 1 barriers, 1024 bytes smem, 416 bytes cmem[0]
ptxas info    : Compile time = 17.633 ms
ptxas info    : Compiling entry function 'matvec_bi_bf16_bf16' for 'sm_89'
ptxas info    : Function properties for matvec_bi_bf16_bf16
    0 bytes stack frame, 0 bytes spill stores, 0 bytes spill loads
ptxas info    : Used 40 registers, used 1 barriers, 1024 bytes smem, 416 bytes cmem[0]
ptxas info    : Compile time = 17.630 ms
ptxas info    : Compiling entry function 'gemm_bi_f32_f32' for 'sm_89'
ptxas info    : Function properties for gemm_bi_f32_f32
    0 bytes stack frame, 0 bytes spill stores, 0 bytes spill loads
ptxas info    : Used 96 registers, used 1 barriers, 16384 bytes smem, 416 bytes cmem[0]
ptxas info    : Compile time = 44.695 ms
ptxas info    : Compiling entry function 'gemm_bi_f16_f32' for 'sm_89'
ptxas info    : Function properties for gemm_bi_f16_f32
    0 bytes stack frame, 0 bytes spill stores, 0 bytes spill loads
ptxas info    : Used 95 registers, used 1 barriers, 24576 bytes smem, 416 bytes cmem[0]
ptxas info    : Compile time = 36.437 ms
ptxas info    : Compiling entry function 'gemm_bi_bf16_f32' for 'sm_89'
ptxas info    : Function properties for gemm_bi_bf16_f32
    0 bytes stack frame, 0 bytes spill stores, 0 bytes spill loads
ptxas info    : Used 95 registers, used 1 barriers, 24576 bytes smem, 416 bytes cmem[0]
ptxas info    : Compile time = 38.545 ms
ptxas info    : Compiling entry function 'gemm_bi_f16_f16' for 'sm_89'
ptxas info    : Function properties for gemm_bi_f16_f16
    0 bytes stack frame, 0 bytes spill stores, 0 bytes spill loads
ptxas info    : Used 95 registers, used 1 barriers, 24576 bytes smem, 416 bytes cmem[0]
ptxas info    : Compile time = 40.369 ms
ptxas info    : Compiling entry function 'gemm_bi_bf16_bf16' for 'sm_89'
ptxas info    : Function properties for gemm_bi_bf16_bf16
    0 bytes stack frame, 0 bytes spill stores, 0 bytes spill loads
ptxas info    : Used 95 registers, used 1 barriers, 24576 bytes smem, 416 bytes cmem[0]
ptxas info    : Compile time = 39.995 ms
ptxas info    : Compiling entry function 'gemm_bi_nn_tf32_v1_m16n32_bk32_s4' for 'sm_89'
ptxas info    : Function properties for gemm_bi_nn_tf32_v1_m16n32_bk32_s4
    0 bytes stack frame, 0 bytes spill stores, 0 bytes spill loads
ptxas info    : Used 67 registers, used 1 barriers, 408 bytes cmem[0]
ptxas info    : Compile time = 39.740 ms
ptxas info    : Compiling entry function 'gemm_bi_nn_tf32_v1_m64n64_bk32_s3' for 'sm_89'
ptxas info    : Function properties for gemm_bi_nn_tf32_v1_m64n64_bk32_s3
    0 bytes stack frame, 0 bytes spill stores, 0 bytes spill loads
ptxas info    : Used 90 registers, used 1 barriers, 408 bytes cmem[0]
ptxas info    : Compile time = 64.599 ms
ptxas info    : Compiling entry function 'gemm_bi_nn_tf32_v1_m64n64_bk32_s2' for 'sm_89'
ptxas info    : Function properties for gemm_bi_nn_tf32_v1_m64n64_bk32_s2
    0 bytes stack frame, 0 bytes spill stores, 0 bytes spill loads
ptxas info    : Used 118 registers, used 1 barriers, 408 bytes cmem[0]
ptxas info    : Compile time = 72.491 ms
ptxas info    : Compiling entry function 'gemm_bi_nn_tf32_v1_m128n64_bk32_s3' for 'sm_89'
ptxas info    : Function properties for gemm_bi_nn_tf32_v1_m128n64_bk32_s3
    0 bytes stack frame, 0 bytes spill stores, 0 bytes spill loads
ptxas info    : Used 146 registers, used 1 barriers, 408 bytes cmem[0]
ptxas info    : Compile time = 96.887 ms
ptxas info    : Compiling entry function 'gemm_bi_nn_tf32_v1_m128n64_bk32_s2' for 'sm_89'
ptxas info    : Function properties for gemm_bi_nn_tf32_v1_m128n64_bk32_s2
    0 bytes stack frame, 0 bytes spill stores, 0 bytes spill loads
ptxas info    : Used 146 registers, used 1 barriers, 408 bytes cmem[0]
ptxas info    : Compile time = 94.560 ms
ptxas info    : Compiling entry function 'gemm_bi_f32_f32_n128_s2' for 'sm_89'
ptxas info    : Function properties for gemm_bi_f32_f32_n128_s2
    0 bytes stack frame, 0 bytes spill stores, 0 bytes spill loads
ptxas info    : Used 117 registers, used 1 barriers, 49152 bytes smem, 416 bytes cmem[0]
ptxas info    : Compile time = 121.922 ms
ptxas info    : Compiling entry function 'gemm_bi_f32_f32_s2' for 'sm_89'
ptxas info    : Function properties for gemm_bi_f32_f32_s2
    0 bytes stack frame, 0 bytes spill stores, 0 bytes spill loads
ptxas info    : Used 135 registers, used 1 barriers, 32768 bytes smem, 416 bytes cmem[0]
ptxas info    : Compile time = 176.733 ms
ptxas info    : Compiling entry function 'adamw_step_multi_f16' for 'sm_89'
ptxas info    : Function properties for adamw_step_multi_f16
    0 bytes stack frame, 0 bytes spill stores, 0 bytes spill loads
ptxas info    : Used 36 registers, used 0 barriers, 384 bytes cmem[0]
ptxas info    : Compile time = 12.766 ms
ptxas info    : Compiling entry function 'adamw_step_multi_bf16' for 'sm_89'
ptxas info    : Function properties for adamw_step_multi_bf16
    0 bytes stack frame, 0 bytes spill stores, 0 bytes spill loads
ptxas info    : Used 36 registers, used 0 barriers, 384 bytes cmem[0]
ptxas info    : Compile time = 12.116 ms
ptxas info    : Compiling entry function 'adamw_step_multi_f32' for 'sm_89'
ptxas info    : Function properties for adamw_step_multi_f32
    0 bytes stack frame, 0 bytes spill stores, 0 bytes spill loads
ptxas info    : Used 36 registers, used 0 barriers, 384 bytes cmem[0]
ptxas info    : Compile time = 10.330 ms
ptxas info    : Compiling entry function 'adamw_step_f32' for 'sm_89'
ptxas info    : Function properties for adamw_step_f32
    0 bytes stack frame, 0 bytes spill stores, 0 bytes spill loads
ptxas info    : Used 34 registers, used 0 barriers, 416 bytes cmem[0]
ptxas info    : Compile time = 15.811 ms
ptxas info    : Compiling entry function 'adamw_step_f32_capturable' for 'sm_89'
ptxas info    : Function properties for adamw_step_f32_capturable
    0 bytes stack frame, 0 bytes spill stores, 0 bytes spill loads
ptxas info    : Used 38 registers, used 0 barriers, 420 bytes cmem[0]
ptxas info    : Compile time = 15.799 ms
ptxas info    : Compiling entry function 'grad_region_scale_dev_f32' for 'sm_89'
ptxas info    : Function properties for grad_region_scale_dev_f32
    0 bytes stack frame, 0 bytes spill stores, 0 bytes spill loads
ptxas info    : Used 32 registers, used 0 barriers, 400 bytes cmem[0]
ptxas info    : Compile time = 17.220 ms
ptxas info    : Compiling entry function 'grad_region_sumsq_partial_f32' for 'sm_89'
ptxas info    : Function properties for grad_region_sumsq_partial_f32
    0 bytes stack frame, 0 bytes spill stores, 0 bytes spill loads
ptxas info    : Used 33 registers, used 1 barriers, 2048 bytes smem, 400 bytes cmem[0]
ptxas info    : Compile time = 19.477 ms
ptxas info    : Compiling entry function 'grad_clip_coef_f32' for 'sm_89'
ptxas info    : Function properties for grad_clip_coef_f32
    0 bytes stack frame, 0 bytes spill stores, 0 bytes spill loads
ptxas info    : Used 38 registers, used 0 barriers, 384 bytes cmem[0], 8 bytes cmem[2]
ptxas info    : Compile time = 12.066 ms
ptxas info    : Compiling entry function 'grad_sumsq_partial_f32' for 'sm_89'
ptxas info    : Function properties for grad_sumsq_partial_f32
    0 bytes stack frame, 0 bytes spill stores, 0 bytes spill loads
ptxas info    : Used 34 registers, used 1 barriers, 2048 bytes smem, 372 bytes cmem[0]
ptxas info    : Compile time = 6.481 ms
ptxas info    : Compiling entry function 'scale_grads_skip_f32' for 'sm_89'
ptxas info    : Function properties for scale_grads_skip_f32
    0 bytes stack frame, 0 bytes spill stores, 0 bytes spill loads
ptxas info    : Used 22 registers, used 0 barriers, 380 bytes cmem[0]
ptxas info    : Compile time = 4.060 ms
ptxas info    : Compiling entry function 'scale_grads_dev_f32' for 'sm_89'
ptxas info    : Function properties for scale_grads_dev_f32
    0 bytes stack frame, 0 bytes spill stores, 0 bytes spill loads
ptxas info    : Used 22 registers, used 0 barriers, 372 bytes cmem[0]
ptxas info    : Compile time = 3.009 ms
ptxas info    : Compiling entry function 'scale_grads_f32' for 'sm_89'
ptxas info    : Function properties for scale_grads_f32
    0 bytes stack frame, 0 bytes spill stores, 0 bytes spill loads
ptxas info    : Used 22 registers, used 0 barriers, 368 bytes cmem[0]
ptxas info    : Compile time = 2.668 ms
ptxas info    : Compiling entry function 'check_inf_nan_f32' for 'sm_89'
ptxas info    : Function properties for check_inf_nan_f32
    0 bytes stack frame, 0 bytes spill stores, 0 bytes spill loads
ptxas info    : Used 10 registers, used 0 barriers, 372 bytes cmem[0]
ptxas info    : Compile time = 1.843 ms
ptxas info    : Compiling entry function 'reduce_bias_f16' for 'sm_89'
ptxas info    : Function properties for reduce_bias_f16
    0 bytes stack frame, 0 bytes spill stores, 0 bytes spill loads
ptxas info    : Used 12 registers, used 1 barriers, 376 bytes cmem[0]
ptxas info    : Compile time = 2.414 ms
ptxas info    : Compiling entry function 'reduce_bias_bf16' for 'sm_89'
ptxas info    : Function properties for reduce_bias_bf16
    0 bytes stack frame, 0 bytes spill stores, 0 bytes spill loads
ptxas info    : Used 12 registers, used 1 barriers, 376 bytes cmem[0]
ptxas info    : Compile time = 2.387 ms
ptxas info    : Compiling entry function 'reduce_bias_f32' for 'sm_89'
ptxas info    : Function properties for reduce_bias_f32
    0 bytes stack frame, 0 bytes spill stores, 0 bytes spill loads
ptxas info    : Used 12 registers, used 1 barriers, 376 bytes cmem[0]
ptxas info    : Compile time = 2.340 ms
ptxas info    : Compiling entry function 'pack_xdbl_cols_f16' for 'sm_89'
ptxas info    : Function properties for pack_xdbl_cols_f16
    0 bytes stack frame, 0 bytes spill stores, 0 bytes spill loads
ptxas info    : Used 14 registers, used 0 barriers, 396 bytes cmem[0]
ptxas info    : Compile time = 2.530 ms
ptxas info    : Compiling entry function 'pack_xdbl_cols_bf16' for 'sm_89'
ptxas info    : Function properties for pack_xdbl_cols_bf16
    0 bytes stack frame, 0 bytes spill stores, 0 bytes spill loads
ptxas info    : Used 14 registers, used 0 barriers, 396 bytes cmem[0]
ptxas info    : Compile time = 2.492 ms
ptxas info    : Compiling entry function 'pack_xdbl_cols_f32' for 'sm_89'
ptxas info    : Function properties for pack_xdbl_cols_f32
    0 bytes stack frame, 0 bytes spill stores, 0 bytes spill loads
ptxas info    : Used 14 registers, used 0 barriers, 396 bytes cmem[0]
ptxas info    : Compile time = 2.322 ms
ptxas info    : Compiling entry function 'scatter_add_cols_f16' for 'sm_89'
ptxas info    : Function properties for scatter_add_cols_f16
    0 bytes stack frame, 0 bytes spill stores, 0 bytes spill loads
ptxas info    : Used 10 registers, used 0 barriers, 384 bytes cmem[0]
ptxas info    : Compile time = 1.960 ms
ptxas info    : Compiling entry function 'scatter_add_cols_bf16' for 'sm_89'
ptxas info    : Function properties for scatter_add_cols_bf16
    0 bytes stack frame, 0 bytes spill stores, 0 bytes spill loads
ptxas info    : Used 10 registers, used 0 barriers, 384 bytes cmem[0]
ptxas info    : Compile time = 1.946 ms
ptxas info    : Compiling entry function 'scatter_add_cols_f32' for 'sm_89'
ptxas info    : Function properties for scatter_add_cols_f32
    0 bytes stack frame, 0 bytes spill stores, 0 bytes spill loads
ptxas info    : Used 10 registers, used 0 barriers, 384 bytes cmem[0]
ptxas info    : Compile time = 1.853 ms
ptxas info    : Compiling entry function 'concat_halves_f16' for 'sm_89'
ptxas info    : Function properties for concat_halves_f16
    0 bytes stack frame, 0 bytes spill stores, 0 bytes spill loads
ptxas info    : Used 16 registers, used 0 barriers, 384 bytes cmem[0]
ptxas info    : Compile time = 1.918 ms
ptxas info    : Compiling entry function 'concat_halves_bf16' for 'sm_89'
ptxas info    : Function properties for concat_halves_bf16
    0 bytes stack frame, 0 bytes spill stores, 0 bytes spill loads
ptxas info    : Used 16 registers, used 0 barriers, 384 bytes cmem[0]
ptxas info    : Compile time = 1.915 ms
ptxas info    : Compiling entry function 'concat_halves_f32' for 'sm_89'
ptxas info    : Function properties for concat_halves_f32
    0 bytes stack frame, 0 bytes spill stores, 0 bytes spill loads
ptxas info    : Used 16 registers, used 0 barriers, 384 bytes cmem[0]
ptxas info    : Compile time = 1.923 ms
ptxas info    : Compiling entry function 'vec_cast_zplus_f16' for 'sm_89'
ptxas info    : Function properties for vec_cast_zplus_f16
    0 bytes stack frame, 0 bytes spill stores, 0 bytes spill loads
ptxas info    : Used 8 registers, used 0 barriers, 372 bytes cmem[0]
ptxas info    : Compile time = 0.987 ms
ptxas info    : Compiling entry function 'vec_cast_zplus_bf16' for 'sm_89'
ptxas info    : Function properties for vec_cast_zplus_bf16
    0 bytes stack frame, 0 bytes spill stores, 0 bytes spill loads
ptxas info    : Used 8 registers, used 0 barriers, 372 bytes cmem[0]
ptxas info    : Compile time = 0.947 ms
ptxas info    : Compiling entry function 'vec_cast_zplus_f32' for 'sm_89'
ptxas info    : Function properties for vec_cast_zplus_f32
    0 bytes stack frame, 0 bytes spill stores, 0 bytes spill loads
ptxas info    : Used 10 registers, used 0 barriers, 372 bytes cmem[0]
ptxas info    : Compile time = 0.939 ms
ptxas info    : Compiling entry function 'vec_add_inplace_f16' for 'sm_89'
ptxas info    : Function properties for vec_add_inplace_f16
    0 bytes stack frame, 0 bytes spill stores, 0 bytes spill loads
ptxas info    : Used 8 registers, used 0 barriers, 372 bytes cmem[0]
ptxas info    : Compile time = 1.092 ms
ptxas info    : Compiling entry function 'vec_add_inplace_bf16' for 'sm_89'
ptxas info    : Function properties for vec_add_inplace_bf16
    0 bytes stack frame, 0 bytes spill stores, 0 bytes spill loads
ptxas info    : Used 8 registers, used 0 barriers, 372 bytes cmem[0]
ptxas info    : Compile time = 1.089 ms
ptxas info    : Compiling entry function 'vec_add_inplace_f32' for 'sm_89'
ptxas info    : Function properties for vec_add_inplace_f32
    0 bytes stack frame, 0 bytes spill stores, 0 bytes spill loads
ptxas info    : Used 10 registers, used 0 barriers, 372 bytes cmem[0]
ptxas info    : Compile time = 0.996 ms
ptxas info    : Compiling entry function 'softplus_copy_f16' for 'sm_89'
ptxas info    : Function properties for softplus_copy_f16
    0 bytes stack frame, 0 bytes spill stores, 0 bytes spill loads
ptxas info    : Used 14 registers, used 0 barriers, 372 bytes cmem[0]
ptxas info    : Compile time = 2.238 ms
ptxas info    : Compiling entry function 'softplus_copy_bf16' for 'sm_89'
ptxas info    : Function properties for softplus_copy_bf16
    0 bytes stack frame, 0 bytes spill stores, 0 bytes spill loads
ptxas info    : Used 14 registers, used 0 barriers, 372 bytes cmem[0]
ptxas info    : Compile time = 2.238 ms
ptxas info    : Compiling entry function 'softplus_copy_f32' for 'sm_89'
ptxas info    : Function properties for softplus_copy_f32
    0 bytes stack frame, 0 bytes spill stores, 0 bytes spill loads
ptxas info    : Used 14 registers, used 0 barriers, 372 bytes cmem[0]
ptxas info    : Compile time = 2.281 ms
ptxas info    : Compiling entry function 'softplus_copy_v_f16' for 'sm_89'
ptxas info    : Function properties for softplus_copy_v_f16
    0 bytes stack frame, 0 bytes spill stores, 0 bytes spill loads
ptxas info    : Used 20 registers, used 0 barriers, 372 bytes cmem[0]
ptxas info    : Compile time = 7.852 ms
ptxas info    : Compiling entry function 'softplus_copy_v_bf16' for 'sm_89'
ptxas info    : Function properties for softplus_copy_v_bf16
    0 bytes stack frame, 0 bytes spill stores, 0 bytes spill loads
ptxas info    : Used 20 registers, used 0 barriers, 372 bytes cmem[0]
ptxas info    : Compile time = 7.337 ms
ptxas info    : Compiling entry function 'softplus_copy_v_f32' for 'sm_89'
ptxas info    : Function properties for softplus_copy_v_f32
    0 bytes stack frame, 0 bytes spill stores, 0 bytes spill loads
ptxas info    : Used 16 registers, used 0 barriers, 372 bytes cmem[0]
ptxas info    : Compile time = 3.999 ms
ptxas info    : Compiling entry function 'elementwise_mul_v_f16' for 'sm_89'
ptxas info    : Function properties for elementwise_mul_v_f16
    0 bytes stack frame, 0 bytes spill stores, 0 bytes spill loads
ptxas info    : Used 26 registers, used 0 barriers, 380 bytes cmem[0]
ptxas info    : Compile time = 1.566 ms
ptxas info    : Compiling entry function 'elementwise_mul_v_bf16' for 'sm_89'
ptxas info    : Function properties for elementwise_mul_v_bf16
    0 bytes stack frame, 0 bytes spill stores, 0 bytes spill loads
ptxas info    : Used 26 registers, used 0 barriers, 380 bytes cmem[0]
ptxas info    : Compile time = 1.546 ms
ptxas info    : Compiling entry function 'elementwise_mul_v_f32' for 'sm_89'
ptxas info    : Function properties for elementwise_mul_v_f32
    0 bytes stack frame, 0 bytes spill stores, 0 bytes spill loads
ptxas info    : Used 18 registers, used 0 barriers, 380 bytes cmem[0]
ptxas info    : Compile time = 1.048 ms
ptxas info    : Compiling entry function 'gate_mul_silu_v_f16' for 'sm_89'
ptxas info    : Function properties for gate_mul_silu_v_f16
    0 bytes stack frame, 0 bytes spill stores, 0 bytes spill loads
ptxas info    : Used 23 registers, used 0 barriers, 380 bytes cmem[0]
ptxas info    : Compile time = 9.531 ms
ptxas info    : Compiling entry function 'gate_mul_silu_v_bf16' for 'sm_89'
ptxas info    : Function properties for gate_mul_silu_v_bf16
    0 bytes stack frame, 0 bytes spill stores, 0 bytes spill loads
ptxas info    : Used 23 registers, used 0 barriers, 380 bytes cmem[0]
ptxas info    : Compile time = 9.506 ms
ptxas info    : Compiling entry function 'gate_mul_silu_v_f32' for 'sm_89'
ptxas info    : Function properties for gate_mul_silu_v_f32
    0 bytes stack frame, 0 bytes spill stores, 0 bytes spill loads
ptxas info    : Used 24 registers, used 0 barriers, 380 bytes cmem[0]
ptxas info    : Compile time = 7.258 ms
ptxas info    : Compiling entry function 'gate_mul_silu_f16' for 'sm_89'
ptxas info    : Function properties for gate_mul_silu_f16
    0 bytes stack frame, 0 bytes spill stores, 0 bytes spill loads
ptxas info    : Used 16 registers, used 0 barriers, 380 bytes cmem[0]
ptxas info    : Compile time = 6.091 ms
ptxas info    : Compiling entry function 'gate_mul_silu_bf16' for 'sm_89'
ptxas info    : Function properties for gate_mul_silu_bf16
    0 bytes stack frame, 0 bytes spill stores, 0 bytes spill loads
ptxas info    : Used 16 registers, used 0 barriers, 380 bytes cmem[0]
ptxas info    : Compile time = 6.013 ms
ptxas info    : Compiling entry function 'gate_mul_silu_f32' for 'sm_89'
ptxas info    : Function properties for gate_mul_silu_f32
    0 bytes stack frame, 0 bytes spill stores, 0 bytes spill loads
ptxas info    : Used 16 registers, used 0 barriers, 380 bytes cmem[0]
ptxas info    : Compile time = 5.694 ms
ptxas info    : Compiling entry function 'split_gate_f16' for 'sm_89'
ptxas info    : Function properties for split_gate_f16
    0 bytes stack frame, 0 bytes spill stores, 0 bytes spill loads
ptxas info    : Used 12 registers, used 0 barriers, 384 bytes cmem[0]
ptxas info    : Compile time = 2.235 ms
ptxas info    : Compiling entry function 'split_gate_bf16' for 'sm_89'
ptxas info    : Function properties for split_gate_bf16
    0 bytes stack frame, 0 bytes spill stores, 0 bytes spill loads
ptxas info    : Used 12 registers, used 0 barriers, 384 bytes cmem[0]
ptxas info    : Compile time = 2.124 ms
ptxas info    : Compiling entry function 'split_gate_f32' for 'sm_89'
ptxas info    : Function properties for split_gate_f32
    0 bytes stack frame, 0 bytes spill stores, 0 bytes spill loads
ptxas info    : Used 12 registers, used 0 barriers, 384 bytes cmem[0]
ptxas info    : Compile time = 2.073 ms
ptxas info    : Compiling entry function 'split_gate_silu_f16' for 'sm_89'
ptxas info    : Function properties for split_gate_silu_f16
    0 bytes stack frame, 0 bytes spill stores, 0 bytes spill loads
ptxas info    : Used 18 registers, used 0 barriers, 392 bytes cmem[0]
ptxas info    : Compile time = 6.968 ms
ptxas info    : Compiling entry function 'split_gate_silu_bf16' for 'sm_89'
ptxas info    : Function properties for split_gate_silu_bf16
    0 bytes stack frame, 0 bytes spill stores, 0 bytes spill loads
ptxas info    : Used 18 registers, used 0 barriers, 392 bytes cmem[0]
ptxas info    : Compile time = 7.378 ms
ptxas info    : Compiling entry function 'split_gate_silu_f32' for 'sm_89'
ptxas info    : Function properties for split_gate_silu_f32
    0 bytes stack frame, 0 bytes spill stores, 0 bytes spill loads
ptxas info    : Used 18 registers, used 0 barriers, 392 bytes cmem[0]
ptxas info    : Compile time = 6.940 ms
ptxas info    : Compiling entry function 'gather_bc_cols_tmajor_tiled_f16' for 'sm_89'
ptxas info    : Function properties for gather_bc_cols_tmajor_tiled_f16
    0 bytes stack frame, 0 bytes spill stores, 0 bytes spill loads
ptxas info    : Used 21 registers, used 1 barriers, 396 bytes cmem[0]
ptxas info    : Compile time = 4.370 ms
ptxas info    : Compiling entry function 'gather_bc_cols_tmajor_tiled_bf16' for 'sm_89'
ptxas info    : Function properties for gather_bc_cols_tmajor_tiled_bf16
    0 bytes stack frame, 0 bytes spill stores, 0 bytes spill loads
ptxas info    : Used 21 registers, used 1 barriers, 396 bytes cmem[0]
ptxas info    : Compile time = 4.271 ms
ptxas info    : Compiling entry function 'gather_bc_cols_tmajor_tiled_f32' for 'sm_89'
ptxas info    : Function properties for gather_bc_cols_tmajor_tiled_f32
    0 bytes stack frame, 0 bytes spill stores, 0 bytes spill loads
ptxas info    : Used 22 registers, used 1 barriers, 396 bytes cmem[0]
ptxas info    : Compile time = 4.203 ms
ptxas info    : Compiling entry function 'gather_bc_cols_tmajor_f16' for 'sm_89'
ptxas info    : Function properties for gather_bc_cols_tmajor_f16
    0 bytes stack frame, 0 bytes spill stores, 0 bytes spill loads
ptxas info    : Used 16 registers, used 0 barriers, 400 bytes cmem[0]
ptxas info    : Compile time = 2.902 ms
ptxas info    : Compiling entry function 'gather_bc_cols_tmajor_bf16' for 'sm_89'
ptxas info    : Function properties for gather_bc_cols_tmajor_bf16
    0 bytes stack frame, 0 bytes spill stores, 0 bytes spill loads
ptxas info    : Used 16 registers, used 0 barriers, 400 bytes cmem[0]
ptxas info    : Compile time = 2.623 ms
ptxas info    : Compiling entry function 'gather_bc_cols_tmajor_f32' for 'sm_89'
ptxas info    : Function properties for gather_bc_cols_tmajor_f32
    0 bytes stack frame, 0 bytes spill stores, 0 bytes spill loads
ptxas info    : Used 18 registers, used 0 barriers, 400 bytes cmem[0]
ptxas info    : Compile time = 2.618 ms
ptxas info    : Compiling entry function 'gather_bc_cols_f16' for 'sm_89'
ptxas info    : Function properties for gather_bc_cols_f16
    0 bytes stack frame, 0 bytes spill stores, 0 bytes spill loads
ptxas info    : Used 12 registers, used 0 barriers, 396 bytes cmem[0]
ptxas info    : Compile time = 1.994 ms
ptxas info    : Compiling entry function 'gather_bc_cols_bf16' for 'sm_89'
ptxas info    : Function properties for gather_bc_cols_bf16
    0 bytes stack frame, 0 bytes spill stores, 0 bytes spill loads
ptxas info    : Used 12 registers, used 0 barriers, 396 bytes cmem[0]
ptxas info    : Compile time = 2.156 ms
ptxas info    : Compiling entry function 'gather_bc_cols_f32' for 'sm_89'
ptxas info    : Function properties for gather_bc_cols_f32
    0 bytes stack frame, 0 bytes spill stores, 0 bytes spill loads
ptxas info    : Used 12 registers, used 0 barriers, 396 bytes cmem[0]
ptxas info    : Compile time = 2.010 ms
ptxas info    : Compiling entry function 'gather_cols_f16' for 'sm_89'
ptxas info    : Function properties for gather_cols_f16
    0 bytes stack frame, 0 bytes spill stores, 0 bytes spill loads
ptxas info    : Used 10 registers, used 0 barriers, 384 bytes cmem[0]
ptxas info    : Compile time = 2.054 ms
ptxas info    : Compiling entry function 'gather_cols_bf16' for 'sm_89'
ptxas info    : Function properties for gather_cols_bf16
    0 bytes stack frame, 0 bytes spill stores, 0 bytes spill loads
ptxas info    : Used 10 registers, used 0 barriers, 384 bytes cmem[0]
ptxas info    : Compile time = 1.825 ms
ptxas info    : Compiling entry function 'gather_cols_f32' for 'sm_89'
ptxas info    : Function properties for gather_cols_f32
    0 bytes stack frame, 0 bytes spill stores, 0 bytes spill loads
ptxas info    : Used 10 registers, used 0 barriers, 384 bytes cmem[0]
ptxas info    : Compile time = 1.817 ms
ptxas info    : Compiling entry function 'residual_add_f32_f16' for 'sm_89'
ptxas info    : Function properties for residual_add_f32_f16
    0 bytes stack frame, 0 bytes spill stores, 0 bytes spill loads
ptxas info    : Used 12 registers, used 0 barriers, 380 bytes cmem[0]
ptxas info    : Compile time = 1.002 ms
ptxas info    : Compiling entry function 'residual_add_f32_bf16' for 'sm_89'
ptxas info    : Function properties for residual_add_f32_bf16
    0 bytes stack frame, 0 bytes spill stores, 0 bytes spill loads
ptxas info    : Used 12 registers, used 0 barriers, 380 bytes cmem[0]
ptxas info    : Compile time = 0.995 ms
ptxas info    : Compiling entry function 'residual_add_f16' for 'sm_89'
ptxas info    : Function properties for residual_add_f16
    0 bytes stack frame, 0 bytes spill stores, 0 bytes spill loads
ptxas info    : Used 12 registers, used 0 barriers, 380 bytes cmem[0]
ptxas info    : Compile time = 1.038 ms
ptxas info    : Compiling entry function 'residual_add_bf16' for 'sm_89'
ptxas info    : Function properties for residual_add_bf16
    0 bytes stack frame, 0 bytes spill stores, 0 bytes spill loads
ptxas info    : Used 10 registers, used 0 barriers, 380 bytes cmem[0]
ptxas info    : Compile time = 1.035 ms
ptxas info    : Compiling entry function 'residual_add_f32' for 'sm_89'
ptxas info    : Function properties for residual_add_f32
    0 bytes stack frame, 0 bytes spill stores, 0 bytes spill loads
ptxas info    : Used 12 registers, used 0 barriers, 380 bytes cmem[0]
ptxas info    : Compile time = 0.949 ms
ptxas info    : Compiling entry function 'elementwise_mul_f16' for 'sm_89'
ptxas info    : Function properties for elementwise_mul_f16
    0 bytes stack frame, 0 bytes spill stores, 0 bytes spill loads
ptxas info    : Used 12 registers, used 0 barriers, 380 bytes cmem[0]
ptxas info    : Compile time = 1.031 ms
ptxas info    : Compiling entry function 'elementwise_mul_bf16' for 'sm_89'
ptxas info    : Function properties for elementwise_mul_bf16
    0 bytes stack frame, 0 bytes spill stores, 0 bytes spill loads
ptxas info    : Used 10 registers, used 0 barriers, 380 bytes cmem[0]
ptxas info    : Compile time = 1.032 ms
ptxas info    : Compiling entry function 'elementwise_mul_f32' for 'sm_89'
ptxas info    : Function properties for elementwise_mul_f32
    0 bytes stack frame, 0 bytes spill stores, 0 bytes spill loads
ptxas info    : Used 12 registers, used 0 barriers, 380 bytes cmem[0]
ptxas info    : Compile time = 0.957 ms
ptxas info    : Compiling entry function 'bias_broadcast_f16' for 'sm_89'
ptxas info    : Function properties for bias_broadcast_f16
    0 bytes stack frame, 0 bytes spill stores, 0 bytes spill loads
ptxas info    : Used 10 registers, used 0 barriers, 376 bytes cmem[0]
ptxas info    : Compile time = 1.716 ms
ptxas info    : Compiling entry function 'bias_broadcast_bf16' for 'sm_89'
ptxas info    : Function properties for bias_broadcast_bf16
    0 bytes stack frame, 0 bytes spill stores, 0 bytes spill loads
ptxas info    : Used 10 registers, used 0 barriers, 376 bytes cmem[0]
ptxas info    : Compile time = 1.711 ms
ptxas info    : Compiling entry function 'bias_broadcast_f32' for 'sm_89'
ptxas info    : Function properties for bias_broadcast_f32
    0 bytes stack frame, 0 bytes spill stores, 0 bytes spill loads
ptxas info    : Used 10 registers, used 0 barriers, 376 bytes cmem[0]
ptxas info    : Compile time = 1.655 ms
ptxas info    : Compiling entry function 'softplus_copy' for 'sm_89'
ptxas info    : Function properties for softplus_copy
    0 bytes stack frame, 0 bytes spill stores, 0 bytes spill loads
ptxas info    : Used 14 registers, used 0 barriers, 372 bytes cmem[0]
ptxas info    : Compile time = 1.967 ms
ptxas info    : Compiling entry function 'gather_bc_cols_tmajor_tiled' for 'sm_89'
ptxas info    : Function properties for gather_bc_cols_tmajor_tiled
    0 bytes stack frame, 0 bytes spill stores, 0 bytes spill loads
ptxas info    : Used 20 registers, used 1 barriers, 396 bytes cmem[0]
ptxas info    : Compile time = 3.936 ms
ptxas info    : Compiling entry function 'gather_bc_cols_tmajor' for 'sm_89'
ptxas info    : Function properties for gather_bc_cols_tmajor
    0 bytes stack frame, 0 bytes spill stores, 0 bytes spill loads
ptxas info    : Used 18 registers, used 0 barriers, 400 bytes cmem[0]
ptxas info    : Compile time = 2.653 ms
ptxas info    : Compiling entry function 'gather_bc_cols' for 'sm_89'
ptxas info    : Function properties for gather_bc_cols
    0 bytes stack frame, 0 bytes spill stores, 0 bytes spill loads
ptxas info    : Used 12 registers, used 0 barriers, 396 bytes cmem[0]
ptxas info    : Compile time = 1.996 ms
ptxas info    : Compiling entry function 'residual_add' for 'sm_89'
ptxas info    : Function properties for residual_add
    0 bytes stack frame, 0 bytes spill stores, 0 bytes spill loads
ptxas info    : Used 12 registers, used 0 barriers, 380 bytes cmem[0]
ptxas info    : Compile time = 0.962 ms
ptxas info    : Compiling entry function 'gather_last_timestep_f16' for 'sm_89'
ptxas info    : Function properties for gather_last_timestep_f16
    0 bytes stack frame, 0 bytes spill stores, 0 bytes spill loads
ptxas info    : Used 10 registers, used 0 barriers, 380 bytes cmem[0]
ptxas info    : Compile time = 1.907 ms
ptxas info    : Compiling entry function 'gather_last_timestep_bf16' for 'sm_89'
ptxas info    : Function properties for gather_last_timestep_bf16
    0 bytes stack frame, 0 bytes spill stores, 0 bytes spill loads
ptxas info    : Used 10 registers, used 0 barriers, 380 bytes cmem[0]
ptxas info    : Compile time = 1.990 ms
ptxas info    : Compiling entry function 'gather_last_timestep_f32' for 'sm_89'
ptxas info    : Function properties for gather_last_timestep_f32
    0 bytes stack frame, 0 bytes spill stores, 0 bytes spill loads
ptxas info    : Used 10 registers, used 0 barriers, 380 bytes cmem[0]
ptxas info    : Compile time = 2.048 ms
ptxas info    : Compiling entry function 'gather_last_timestep' for 'sm_89'
ptxas info    : Function properties for gather_last_timestep
    0 bytes stack frame, 0 bytes spill stores, 0 bytes spill loads
ptxas info    : Used 10 registers, used 0 barriers, 380 bytes cmem[0]
ptxas info    : Compile time = 2.002 ms
ptxas info    : Compiling entry function 'concat_halves' for 'sm_89'
ptxas info    : Function properties for concat_halves
    0 bytes stack frame, 0 bytes spill stores, 0 bytes spill loads
ptxas info    : Used 16 registers, used 0 barriers, 384 bytes cmem[0]
ptxas info    : Compile time = 2.101 ms
ptxas info    : Compiling entry function 'gating_backward_f16' for 'sm_89'
ptxas info    : Function properties for gating_backward_f16
    0 bytes stack frame, 0 bytes spill stores, 0 bytes spill loads
ptxas info    : Used 18 registers, used 0 barriers, 408 bytes cmem[0]
ptxas info    : Compile time = 8.610 ms
ptxas info    : Compiling entry function 'gating_backward_bf16' for 'sm_89'
ptxas info    : Function properties for gating_backward_bf16
    0 bytes stack frame, 0 bytes spill stores, 0 bytes spill loads
ptxas info    : Used 18 registers, used 0 barriers, 408 bytes cmem[0]
ptxas info    : Compile time = 8.664 ms
ptxas info    : Compiling entry function 'gating_backward_f32' for 'sm_89'
ptxas info    : Function properties for gating_backward_f32
    0 bytes stack frame, 0 bytes spill stores, 0 bytes spill loads
ptxas info    : Used 20 registers, used 0 barriers, 408 bytes cmem[0]
ptxas info    : Compile time = 8.042 ms
ptxas info    : Compiling entry function 'gating_backward' for 'sm_89'
ptxas info    : Function properties for gating_backward
    0 bytes stack frame, 0 bytes spill stores, 0 bytes spill loads
ptxas info    : Used 20 registers, used 0 barriers, 408 bytes cmem[0]
ptxas info    : Compile time = 8.098 ms
ptxas info    : Compiling entry function 'gate_mul_silu' for 'sm_89'
ptxas info    : Function properties for gate_mul_silu
    0 bytes stack frame, 0 bytes spill stores, 0 bytes spill loads
ptxas info    : Used 18 registers, used 0 barriers, 380 bytes cmem[0]
ptxas info    : Compile time = 5.457 ms
ptxas info    : Compiling entry function 'split_gate' for 'sm_89'
ptxas info    : Function properties for split_gate
    0 bytes stack frame, 0 bytes spill stores, 0 bytes spill loads
ptxas info    : Used 12 registers, used 0 barriers, 384 bytes cmem[0]
ptxas info    : Compile time = 2.080 ms
ptxas info    : Compiling entry function 'split_gate_silu' for 'sm_89'
ptxas info    : Function properties for split_gate_silu
    0 bytes stack frame, 0 bytes spill stores, 0 bytes spill loads
ptxas info    : Used 18 registers, used 0 barriers, 392 bytes cmem[0]
ptxas info    : Compile time = 6.744 ms
ptxas info    : Compiling entry function 'scatter_add_cols' for 'sm_89'
ptxas info    : Function properties for scatter_add_cols
    0 bytes stack frame, 0 bytes spill stores, 0 bytes spill loads
ptxas info    : Used 10 registers, used 0 barriers, 384 bytes cmem[0]
ptxas info    : Compile time = 2.048 ms
ptxas info    : Compiling entry function 'gather_cols' for 'sm_89'
ptxas info    : Function properties for gather_cols
    0 bytes stack frame, 0 bytes spill stores, 0 bytes spill loads
ptxas info    : Used 10 registers, used 0 barriers, 384 bytes cmem[0]
ptxas info    : Compile time = 1.992 ms
ptxas info    : Compiling entry function 'exp_negate2' for 'sm_89'
ptxas info    : Function properties for exp_negate2
    0 bytes stack frame, 0 bytes spill stores, 0 bytes spill loads
ptxas info    : Used 14 registers, used 0 barriers, 380 bytes cmem[0]
ptxas info    : Compile time = 1.214 ms
ptxas info    : Compiling entry function 'exp_negate' for 'sm_89'
ptxas info    : Function properties for exp_negate
    0 bytes stack frame, 0 bytes spill stores, 0 bytes spill loads
ptxas info    : Used 10 registers, used 0 barriers, 372 bytes cmem[0]
ptxas info    : Compile time = 1.149 ms
ptxas info    : Compiling entry function 'elementwise_mul' for 'sm_89'
ptxas info    : Function properties for elementwise_mul
    0 bytes stack frame, 0 bytes spill stores, 0 bytes spill loads
ptxas info    : Used 12 registers, used 0 barriers, 380 bytes cmem[0]
ptxas info    : Compile time = 1.039 ms
ptxas info    : Compiling entry function 'vec_add_inplace' for 'sm_89'
ptxas info    : Function properties for vec_add_inplace
    0 bytes stack frame, 0 bytes spill stores, 0 bytes spill loads
ptxas info    : Used 10 registers, used 0 barriers, 372 bytes cmem[0]
ptxas info    : Compile time = 0.992 ms
ptxas info    : Compiling entry function 'fill_scalar' for 'sm_89'
ptxas info    : Function properties for fill_scalar
    0 bytes stack frame, 0 bytes spill stores, 0 bytes spill loads
ptxas info    : Used 8 registers, used 0 barriers, 368 bytes cmem[0]
ptxas info    : Compile time = 0.785 ms
ptxas info    : Compiling entry function 'reduce_sum_axis0' for 'sm_89'
ptxas info    : Function properties for reduce_sum_axis0
    0 bytes stack frame, 0 bytes spill stores, 0 bytes spill loads
ptxas info    : Used 12 registers, used 1 barriers, 380 bytes cmem[0]
ptxas info    : Compile time = 2.521 ms
ptxas info    : Compiling entry function 'colsum_segments' for 'sm_89'
ptxas info    : Function properties for colsum_segments
    0 bytes stack frame, 0 bytes spill stores, 0 bytes spill loads
ptxas info    : Used 40 registers, used 0 barriers, 380 bytes cmem[0]
ptxas info    : Compile time = 6.249 ms
ptxas info    : Compiling entry function 'colsum_accumulate' for 'sm_89'
ptxas info    : Function properties for colsum_accumulate
    0 bytes stack frame, 0 bytes spill stores, 0 bytes spill loads
ptxas info    : Used 40 registers, used 0 barriers, 376 bytes cmem[0]
ptxas info    : Compile time = 4.146 ms
ptxas info    : Compiling entry function 'bias_broadcast' for 'sm_89'
ptxas info    : Function properties for bias_broadcast
    0 bytes stack frame, 0 bytes spill stores, 0 bytes spill loads
ptxas info    : Used 10 registers, used 0 barriers, 376 bytes cmem[0]
ptxas info    : Compile time = 1.668 ms
ptxas info    : Compiling entry function 'cast_f16_to_f32' for 'sm_89'
ptxas info    : Function properties for cast_f16_to_f32
    0 bytes stack frame, 0 bytes spill stores, 0 bytes spill loads
ptxas info    : Used 10 registers, used 0 barriers, 372 bytes cmem[0]
ptxas info    : Compile time = 0.920 ms
ptxas info    : Compiling entry function 'cast_bf16_to_f32' for 'sm_89'
ptxas info    : Function properties for cast_bf16_to_f32
    0 bytes stack frame, 0 bytes spill stores, 0 bytes spill loads
ptxas info    : Used 8 registers, used 0 barriers, 372 bytes cmem[0]
ptxas info    : Compile time = 0.922 ms
ptxas info    : Compiling entry function 'cast_f32_to_f16' for 'sm_89'
ptxas info    : Function properties for cast_f32_to_f16
    0 bytes stack frame, 0 bytes spill stores, 0 bytes spill loads
ptxas info    : Used 8 registers, used 0 barriers, 372 bytes cmem[0]
ptxas info    : Compile time = 0.927 ms
ptxas info    : Compiling entry function 'cast_f32_to_bf16' for 'sm_89'
ptxas info    : Function properties for cast_f32_to_bf16
    0 bytes stack frame, 0 bytes spill stores, 0 bytes spill loads
ptxas info    : Used 8 registers, used 0 barriers, 372 bytes cmem[0]
ptxas info    : Compile time = 0.927 ms
ptxas info    : Compiling entry function 'rmsnorm_backward_f32in_f16' for 'sm_89'
ptxas info    : Function properties for rmsnorm_backward_f32in_f16
    0 bytes stack frame, 0 bytes spill stores, 0 bytes spill loads
ptxas info    : Used 24 registers, used 1 barriers, 424 bytes cmem[0]
ptxas info    : Compile time = 14.658 ms
ptxas info    : Compiling entry function 'rmsnorm_backward_f32in_bf16' for 'sm_89'
ptxas info    : Function properties for rmsnorm_backward_f32in_bf16
    0 bytes stack frame, 0 bytes spill stores, 0 bytes spill loads
ptxas info    : Used 22 registers, used 1 barriers, 424 bytes cmem[0]
ptxas info    : Compile time = 15.738 ms
ptxas info    : Compiling entry function 'rmsnorm_backward_f16' for 'sm_89'
ptxas info    : Function properties for rmsnorm_backward_f16
    0 bytes stack frame, 0 bytes spill stores, 0 bytes spill loads
ptxas info    : Used 20 registers, used 1 barriers, 408 bytes cmem[0]
ptxas info    : Compile time = 12.027 ms
ptxas info    : Compiling entry function 'rmsnorm_backward_bf16' for 'sm_89'
ptxas info    : Function properties for rmsnorm_backward_bf16
    0 bytes stack frame, 0 bytes spill stores, 0 bytes spill loads
ptxas info    : Used 18 registers, used 1 barriers, 408 bytes cmem[0]
ptxas info    : Compile time = 12.413 ms
ptxas info    : Compiling entry function 'rmsnorm_backward_f32' for 'sm_89'
ptxas info    : Function properties for rmsnorm_backward_f32
    0 bytes stack frame, 0 bytes spill stores, 0 bytes spill loads
ptxas info    : Used 20 registers, used 1 barriers, 408 bytes cmem[0]
ptxas info    : Compile time = 12.833 ms
ptxas info    : Compiling entry function 'rmsnorm_backward' for 'sm_89'
ptxas info    : Function properties for rmsnorm_backward
    0 bytes stack frame, 0 bytes spill stores, 0 bytes spill loads
ptxas info    : Used 24 registers, used 1 barriers, 424 bytes cmem[0]
ptxas info    : Compile time = 15.461 ms
ptxas info    : Compiling entry function 'rmsnorm_forward_f32in_f16' for 'sm_89'
ptxas info    : Function properties for rmsnorm_forward_f32in_f16
    0 bytes stack frame, 0 bytes spill stores, 0 bytes spill loads
ptxas info    : Used 26 registers, used 1 barriers, 396 bytes cmem[0]
ptxas info    : Compile time = 16.183 ms
ptxas info    : Compiling entry function 'rmsnorm_forward_f32in_bf16' for 'sm_89'
ptxas info    : Function properties for rmsnorm_forward_f32in_bf16
    0 bytes stack frame, 0 bytes spill stores, 0 bytes spill loads
ptxas info    : Used 26 registers, used 1 barriers, 396 bytes cmem[0]
ptxas info    : Compile time = 15.495 ms
ptxas info    : Compiling entry function 'rmsnorm_forward_f16' for 'sm_89'
ptxas info    : Function properties for rmsnorm_forward_f16
    0 bytes stack frame, 0 bytes spill stores, 0 bytes spill loads
ptxas info    : Used 26 registers, used 1 barriers, 396 bytes cmem[0]
ptxas info    : Compile time = 15.699 ms
ptxas info    : Compiling entry function 'rmsnorm_forward_bf16' for 'sm_89'
ptxas info    : Function properties for rmsnorm_forward_bf16
    0 bytes stack frame, 0 bytes spill stores, 0 bytes spill loads
ptxas info    : Used 26 registers, used 1 barriers, 396 bytes cmem[0]
ptxas info    : Compile time = 16.602 ms
ptxas info    : Compiling entry function 'rmsnorm_forward_f32' for 'sm_89'
ptxas info    : Function properties for rmsnorm_forward_f32
    0 bytes stack frame, 0 bytes spill stores, 0 bytes spill loads
ptxas info    : Used 26 registers, used 1 barriers, 396 bytes cmem[0]
ptxas info    : Compile time = 15.546 ms
ptxas info    : Compiling entry function 'rmsnorm_forward' for 'sm_89'
ptxas info    : Function properties for rmsnorm_forward
    0 bytes stack frame, 0 bytes spill stores, 0 bytes spill loads
ptxas info    : Used 26 registers, used 1 barriers, 396 bytes cmem[0]
ptxas info    : Compile time = 16.135 ms
ptxas info    : Compiling entry function 'softplus_backward_f16' for 'sm_89'
ptxas info    : Function properties for softplus_backward_f16
    0 bytes stack frame, 0 bytes spill stores, 0 bytes spill loads
ptxas info    : Used 16 registers, used 0 barriers, 380 bytes cmem[0]
ptxas info    : Compile time = 5.408 ms
ptxas info    : Compiling entry function 'softplus_backward_bf16' for 'sm_89'
ptxas info    : Function properties for softplus_backward_bf16
    0 bytes stack frame, 0 bytes spill stores, 0 bytes spill loads
ptxas info    : Used 16 registers, used 0 barriers, 380 bytes cmem[0]
ptxas info    : Compile time = 5.098 ms
ptxas info    : Compiling entry function 'softplus_backward_f32' for 'sm_89'
ptxas info    : Function properties for softplus_backward_f32
    0 bytes stack frame, 0 bytes spill stores, 0 bytes spill loads
ptxas info    : Used 16 registers, used 0 barriers, 380 bytes cmem[0]
ptxas info    : Compile time = 5.380 ms
ptxas info    : Compiling entry function 'silu_backward_f16' for 'sm_89'
ptxas info    : Function properties for silu_backward_f16
    0 bytes stack frame, 0 bytes spill stores, 0 bytes spill loads
ptxas info    : Used 15 registers, used 0 barriers, 380 bytes cmem[0]
ptxas info    : Compile time = 3.702 ms
ptxas info    : Compiling entry function 'silu_backward_bf16' for 'sm_89'
ptxas info    : Function properties for silu_backward_bf16
    0 bytes stack frame, 0 bytes spill stores, 0 bytes spill loads
ptxas info    : Used 15 registers, used 0 barriers, 380 bytes cmem[0]
ptxas info    : Compile time = 3.716 ms
ptxas info    : Compiling entry function 'silu_backward_f32' for 'sm_89'
ptxas info    : Function properties for silu_backward_f32
    0 bytes stack frame, 0 bytes spill stores, 0 bytes spill loads
ptxas info    : Used 15 registers, used 0 barriers, 380 bytes cmem[0]
ptxas info    : Compile time = 3.565 ms
ptxas info    : Compiling entry function 'softplus_backward' for 'sm_89'
ptxas info    : Function properties for softplus_backward
    0 bytes stack frame, 0 bytes spill stores, 0 bytes spill loads
ptxas info    : Used 16 registers, used 0 barriers, 380 bytes cmem[0]
ptxas info    : Compile time = 5.008 ms
ptxas info    : Compiling entry function 'silu_backward' for 'sm_89'
ptxas info    : Function properties for silu_backward
    0 bytes stack frame, 0 bytes spill stores, 0 bytes spill loads
ptxas info    : Used 15 registers, used 0 barriers, 380 bytes cmem[0]
ptxas info    : Compile time = 3.261 ms
ptxas info    : Compiling entry function 'softplus_forward' for 'sm_89'
ptxas info    : Function properties for softplus_forward
    0 bytes stack frame, 0 bytes spill stores, 0 bytes spill loads
ptxas info    : Used 14 registers, used 0 barriers, 364 bytes cmem[0]
ptxas info    : Compile time = 1.857 ms
ptxas info    : Compiling entry function 'softplus_forward_f16' for 'sm_89'
ptxas info    : Function properties for softplus_forward_f16
    0 bytes stack frame, 0 bytes spill stores, 0 bytes spill loads
ptxas info    : Used 12 registers, used 0 barriers, 364 bytes cmem[0]
ptxas info    : Compile time = 1.931 ms
ptxas info    : Compiling entry function 'softplus_forward_bf16' for 'sm_89'
ptxas info    : Function properties for softplus_forward_bf16
    0 bytes stack frame, 0 bytes spill stores, 0 bytes spill loads
ptxas info    : Used 12 registers, used 0 barriers, 364 bytes cmem[0]
ptxas info    : Compile time = 1.938 ms
ptxas info    : Compiling entry function 'softplus_forward_f32' for 'sm_89'
ptxas info    : Function properties for softplus_forward_f32
    0 bytes stack frame, 0 bytes spill stores, 0 bytes spill loads
ptxas info    : Used 14 registers, used 0 barriers, 364 bytes cmem[0]
ptxas info    : Compile time = 1.848 ms
ptxas info    : Compiling entry function 'silu_forward' for 'sm_89'
ptxas info    : Function properties for silu_forward
    0 bytes stack frame, 0 bytes spill stores, 0 bytes spill loads
ptxas info    : Used 16 registers, used 0 barriers, 364 bytes cmem[0]
ptxas info    : Compile time = 4.774 ms
ptxas info    : Compiling entry function 'silu_forward_f16' for 'sm_89'
ptxas info    : Function properties for silu_forward_f16
    0 bytes stack frame, 0 bytes spill stores, 0 bytes spill loads
ptxas info    : Used 16 registers, used 0 barriers, 364 bytes cmem[0]
ptxas info    : Compile time = 4.899 ms
ptxas info    : Compiling entry function 'silu_forward_bf16' for 'sm_89'
ptxas info    : Function properties for silu_forward_bf16
    0 bytes stack frame, 0 bytes spill stores, 0 bytes spill loads
ptxas info    : Used 16 registers, used 0 barriers, 364 bytes cmem[0]
ptxas info    : Compile time = 4.916 ms
ptxas info    : Compiling entry function 'silu_forward_f32' for 'sm_89'
ptxas info    : Function properties for silu_forward_f32
    0 bytes stack frame, 0 bytes spill stores, 0 bytes spill loads
ptxas info    : Used 16 registers, used 0 barriers, 364 bytes cmem[0]
ptxas info    : Compile time = 4.773 ms
ptxas info    : Compiling entry function 'conv1d_bwd_dw_tiled_f16' for 'sm_89'
ptxas info    : Function properties for conv1d_bwd_dw_tiled_f16
    0 bytes stack frame, 0 bytes spill stores, 0 bytes spill loads
ptxas info    : Used 40 registers, used 0 barriers, 416 bytes cmem[0]
ptxas info    : Compile time = 22.011 ms
ptxas info    : Compiling entry function 'conv1d_bwd_dw_tiled_bf16' for 'sm_89'
ptxas info    : Function properties for conv1d_bwd_dw_tiled_bf16
    0 bytes stack frame, 0 bytes spill stores, 0 bytes spill loads
ptxas info    : Used 40 registers, used 0 barriers, 416 bytes cmem[0]
ptxas info    : Compile time = 21.981 ms
ptxas info    : Compiling entry function 'conv1d_bwd_dw_tiled_f32' for 'sm_89'
ptxas info    : Function properties for conv1d_bwd_dw_tiled_f32
    0 bytes stack frame, 0 bytes spill stores, 0 bytes spill loads
ptxas info    : Used 40 registers, used 0 barriers, 416 bytes cmem[0]
ptxas info    : Compile time = 20.198 ms
ptxas info    : Compiling entry function 'conv1d_bwd_dx_tiled_f16' for 'sm_89'
ptxas info    : Function properties for conv1d_bwd_dx_tiled_f16
    0 bytes stack frame, 0 bytes spill stores, 0 bytes spill loads
ptxas info    : Used 40 registers, used 0 barriers, 408 bytes cmem[0]
ptxas info    : Compile time = 38.177 ms
ptxas info    : Compiling entry function 'conv1d_bwd_dx_tiled_bf16' for 'sm_89'
ptxas info    : Function properties for conv1d_bwd_dx_tiled_bf16
    0 bytes stack frame, 0 bytes spill stores, 0 bytes spill loads
ptxas info    : Used 40 registers, used 0 barriers, 408 bytes cmem[0]
ptxas info    : Compile time = 39.454 ms
ptxas info    : Compiling entry function 'conv1d_bwd_dx_tiled_f32' for 'sm_89'
ptxas info    : Function properties for conv1d_bwd_dx_tiled_f32
    0 bytes stack frame, 0 bytes spill stores, 0 bytes spill loads
ptxas info    : Used 40 registers, used 0 barriers, 408 bytes cmem[0]
ptxas info    : Compile time = 38.725 ms
ptxas info    : Compiling entry function 'conv1d_burnin_forward_nosave_tiled_f16' for 'sm_89'
ptxas info    : Function properties for conv1d_burnin_forward_nosave_tiled_f16
    32 bytes stack frame, 0 bytes spill stores, 0 bytes spill loads
ptxas info    : Used 40 registers, used 0 barriers, 32 bytes cumulative stack size, 412 bytes cmem[0]
ptxas info    : Compile time = 39.499 ms
ptxas info    : Compiling entry function 'conv1d_burnin_forward_nosave_tiled_bf16' for 'sm_89'
ptxas info    : Function properties for conv1d_burnin_forward_nosave_tiled_bf16
    32 bytes stack frame, 0 bytes spill stores, 0 bytes spill loads
ptxas info    : Used 40 registers, used 0 barriers, 32 bytes cumulative stack size, 412 bytes cmem[0]
ptxas info    : Compile time = 41.065 ms
ptxas info    : Compiling entry function 'conv1d_burnin_forward_nosave_tiled_f32' for 'sm_89'
ptxas info    : Function properties for conv1d_burnin_forward_nosave_tiled_f32
    32 bytes stack frame, 0 bytes spill stores, 0 bytes spill loads
ptxas info    : Used 40 registers, used 0 barriers, 32 bytes cumulative stack size, 412 bytes cmem[0]
ptxas info    : Compile time = 38.213 ms
ptxas info    : Compiling entry function 'conv1d_burnin_forward_tiled_f16' for 'sm_89'
ptxas info    : Function properties for conv1d_burnin_forward_tiled_f16
    32 bytes stack frame, 0 bytes spill stores, 0 bytes spill loads
ptxas info    : Used 40 registers, used 0 barriers, 32 bytes cumulative stack size, 424 bytes cmem[0]
ptxas info    : Compile time = 43.821 ms
ptxas info    : Compiling entry function 'conv1d_burnin_forward_tiled_bf16' for 'sm_89'
ptxas info    : Function properties for conv1d_burnin_forward_tiled_bf16
    32 bytes stack frame, 0 bytes spill stores, 0 bytes spill loads
ptxas info    : Used 40 registers, used 0 barriers, 32 bytes cumulative stack size, 424 bytes cmem[0]
ptxas info    : Compile time = 43.204 ms
ptxas info    : Compiling entry function 'conv1d_burnin_forward_tiled_f32' for 'sm_89'
ptxas info    : Function properties for conv1d_burnin_forward_tiled_f32
    32 bytes stack frame, 0 bytes spill stores, 0 bytes spill loads
ptxas info    : Used 40 registers, used 0 barriers, 32 bytes cumulative stack size, 424 bytes cmem[0]
ptxas info    : Compile time = 41.374 ms
ptxas info    : Compiling entry function 'conv1d_burnin_backward_f16' for 'sm_89'
ptxas info    : Function properties for conv1d_burnin_backward_f16
    0 bytes stack frame, 0 bytes spill stores, 0 bytes spill loads
ptxas info    : Used 56 registers, used 0 barriers, 424 bytes cmem[0], 8 bytes cmem[2]
ptxas info    : Compile time = 59.293 ms
ptxas info    : Compiling entry function 'conv1d_burnin_backward_bf16' for 'sm_89'
ptxas info    : Function properties for conv1d_burnin_backward_bf16
    0 bytes stack frame, 0 bytes spill stores, 0 bytes spill loads
ptxas info    : Used 56 registers, used 0 barriers, 424 bytes cmem[0], 8 bytes cmem[2]
ptxas info    : Compile time = 56.484 ms
ptxas info    : Compiling entry function 'conv1d_burnin_backward_f32' for 'sm_89'
ptxas info    : Function properties for conv1d_burnin_backward_f32
    0 bytes stack frame, 0 bytes spill stores, 0 bytes spill loads
ptxas info    : Used 55 registers, used 0 barriers, 424 bytes cmem[0], 8 bytes cmem[2]
ptxas info    : Compile time = 56.388 ms
ptxas info    : Compiling entry function 'conv1d_burnin_backward' for 'sm_89'
ptxas info    : Function properties for conv1d_burnin_backward
    0 bytes stack frame, 0 bytes spill stores, 0 bytes spill loads
ptxas info    : Used 55 registers, used 0 barriers, 424 bytes cmem[0], 8 bytes cmem[2]
ptxas info    : Compile time = 55.313 ms
ptxas info    : Compiling entry function 'conv1d_burnin_forward_f16' for 'sm_89'
ptxas info    : Function properties for conv1d_burnin_forward_f16
    32 bytes stack frame, 0 bytes spill stores, 0 bytes spill loads
ptxas info    : Used 44 registers, used 0 barriers, 32 bytes cumulative stack size, 424 bytes cmem[0]
ptxas info    : Compile time = 39.813 ms
ptxas info    : Compiling entry function 'conv1d_burnin_forward_bf16' for 'sm_89'
ptxas info    : Function properties for conv1d_burnin_forward_bf16
    32 bytes stack frame, 0 bytes spill stores, 0 bytes spill loads
ptxas info    : Used 44 registers, used 0 barriers, 32 bytes cumulative stack size, 424 bytes cmem[0]
ptxas info    : Compile time = 38.129 ms
ptxas info    : Compiling entry function 'conv1d_burnin_forward_f32' for 'sm_89'
ptxas info    : Function properties for conv1d_burnin_forward_f32
    32 bytes stack frame, 0 bytes spill stores, 0 bytes spill loads
ptxas info    : Used 44 registers, used 0 barriers, 32 bytes cumulative stack size, 424 bytes cmem[0]
ptxas info    : Compile time = 37.983 ms
ptxas info    : Compiling entry function 'conv1d_burnin_forward_nosave_f16' for 'sm_89'
ptxas info    : Function properties for conv1d_burnin_forward_nosave_f16
    0 bytes stack frame, 0 bytes spill stores, 0 bytes spill loads
ptxas info    : Used 40 registers, used 0 barriers, 408 bytes cmem[0]
ptxas info    : Compile time = 37.838 ms
ptxas info    : Compiling entry function 'conv1d_burnin_forward_nosave_bf16' for 'sm_89'
ptxas info    : Function properties for conv1d_burnin_forward_nosave_bf16
    0 bytes stack frame, 0 bytes spill stores, 0 bytes spill loads
ptxas info    : Used 40 registers, used 0 barriers, 408 bytes cmem[0]
ptxas info    : Compile time = 38.108 ms
ptxas info    : Compiling entry function 'conv1d_burnin_forward_nosave_f32' for 'sm_89'
ptxas info    : Function properties for conv1d_burnin_forward_nosave_f32
    0 bytes stack frame, 0 bytes spill stores, 0 bytes spill loads
ptxas info    : Used 40 registers, used 0 barriers, 408 bytes cmem[0]
ptxas info    : Compile time = 35.223 ms
ptxas info    : Compiling entry function 'conv1d_burnin_forward_nosave' for 'sm_89'
ptxas info    : Function properties for conv1d_burnin_forward_nosave
    0 bytes stack frame, 0 bytes spill stores, 0 bytes spill loads
ptxas info    : Used 40 registers, used 0 barriers, 408 bytes cmem[0]
ptxas info    : Compile time = 35.264 ms
ptxas info    : Compiling entry function 'conv1d_burnin_forward' for 'sm_89'
ptxas info    : Function properties for conv1d_burnin_forward
    32 bytes stack frame, 0 bytes spill stores, 0 bytes spill loads
ptxas info    : Used 44 registers, used 0 barriers, 32 bytes cumulative stack size, 424 bytes cmem[0]
ptxas info    : Compile time = 37.844 ms
ptxas info    : Compiling entry function 'conv1d_step_backward' for 'sm_89'
ptxas info    : Function properties for conv1d_step_backward
    0 bytes stack frame, 0 bytes spill stores, 0 bytes spill loads
ptxas info    : Used 40 registers, used 0 barriers, 412 bytes cmem[0]
ptxas info    : Compile time = 6.560 ms
ptxas info    : Compiling entry function 'conv1d_step_forward_silu_f16' for 'sm_89'
ptxas info    : Function properties for conv1d_step_forward_silu_f16
    0 bytes stack frame, 0 bytes spill stores, 0 bytes spill loads
ptxas info    : Used 40 registers, used 0 barriers, 404 bytes cmem[0]
ptxas info    : Compile time = 18.624 ms
ptxas info    : Compiling entry function 'conv1d_step_forward_silu_bf16' for 'sm_89'
ptxas info    : Function properties for conv1d_step_forward_silu_bf16
    0 bytes stack frame, 0 bytes spill stores, 0 bytes spill loads
ptxas info    : Used 40 registers, used 0 barriers, 404 bytes cmem[0]
ptxas info    : Compile time = 17.884 ms
ptxas info    : Compiling entry function 'conv1d_step_forward_silu_f32' for 'sm_89'
ptxas info    : Function properties for conv1d_step_forward_silu_f32
    0 bytes stack frame, 0 bytes spill stores, 0 bytes spill loads
ptxas info    : Used 40 registers, used 0 barriers, 404 bytes cmem[0]
ptxas info    : Compile time = 17.517 ms
ptxas info    : Compiling entry function 'conv1d_step_forward_f16' for 'sm_89'
ptxas info    : Function properties for conv1d_step_forward_f16
    0 bytes stack frame, 0 bytes spill stores, 0 bytes spill loads
ptxas info    : Used 40 registers, used 0 barriers, 404 bytes cmem[0]
ptxas info    : Compile time = 11.473 ms
ptxas info    : Compiling entry function 'conv1d_step_forward_bf16' for 'sm_89'
ptxas info    : Function properties for conv1d_step_forward_bf16
    0 bytes stack frame, 0 bytes spill stores, 0 bytes spill loads
ptxas info    : Used 40 registers, used 0 barriers, 404 bytes cmem[0]
ptxas info    : Compile time = 11.387 ms
ptxas info    : Compiling entry function 'conv1d_step_forward_f32' for 'sm_89'
ptxas info    : Function properties for conv1d_step_forward_f32
    0 bytes stack frame, 0 bytes spill stores, 0 bytes spill loads
ptxas info    : Used 40 registers, used 0 barriers, 404 bytes cmem[0]
ptxas info    : Compile time = 11.066 ms
ptxas info    : Compiling entry function 'conv1d_step_forward' for 'sm_89'
ptxas info    : Function properties for conv1d_step_forward
    0 bytes stack frame, 0 bytes spill stores, 0 bytes spill loads
ptxas info    : Used 40 registers, used 0 barriers, 404 bytes cmem[0]
ptxas info    : Compile time = 11.058 ms
ptxas info    : Compiling entry function 'ssm_parallel_scan_bwd_fold_f16' for 'sm_89'
ptxas info    : Function properties for ssm_parallel_scan_bwd_fold_f16
    256 bytes stack frame, 0 bytes spill stores, 0 bytes spill loads
ptxas info    : Used 155 registers, used 1 barriers, 256 bytes cumulative stack size, 500 bytes cmem[0]
ptxas info    : Compile time = 181.339 ms
ptxas info    : Compiling entry function 'ssm_parallel_scan_bwd_fold_bf16' for 'sm_89'
ptxas info    : Function properties for ssm_parallel_scan_bwd_fold_bf16
    256 bytes stack frame, 0 bytes spill stores, 0 bytes spill loads
ptxas info    : Used 154 registers, used 1 barriers, 256 bytes cumulative stack size, 500 bytes cmem[0]
ptxas info    : Compile time = 177.964 ms
ptxas info    : Compiling entry function 'ssm_parallel_scan_bwd_fold_f32' for 'sm_89'
ptxas info    : Function properties for ssm_parallel_scan_bwd_fold_f32
    256 bytes stack frame, 0 bytes spill stores, 0 bytes spill loads
ptxas info    : Used 161 registers, used 1 barriers, 256 bytes cumulative stack size, 500 bytes cmem[0]
ptxas info    : Compile time = 153.199 ms
ptxas info    : Compiling entry function 'ssm_parallel_scan_bwd_f16' for 'sm_89'
ptxas info    : Function properties for ssm_parallel_scan_bwd_f16
    0 bytes stack frame, 0 bytes spill stores, 0 bytes spill loads
ptxas info    : Used 128 registers, used 1 barriers, 492 bytes cmem[0]
ptxas info    : Compile time = 74.098 ms
ptxas info    : Compiling entry function 'ssm_parallel_scan_bwd_bf16' for 'sm_89'
ptxas info    : Function properties for ssm_parallel_scan_bwd_bf16
    0 bytes stack frame, 0 bytes spill stores, 0 bytes spill loads
ptxas info    : Used 128 registers, used 1 barriers, 492 bytes cmem[0]
ptxas info    : Compile time = 72.037 ms
ptxas info    : Compiling entry function 'ssm_parallel_scan_bwd_f32' for 'sm_89'
ptxas info    : Function properties for ssm_parallel_scan_bwd_f32
    0 bytes stack frame, 0 bytes spill stores, 0 bytes spill loads
ptxas info    : Used 147 registers, used 1 barriers, 492 bytes cmem[0]
ptxas info    : Compile time = 66.381 ms
ptxas info    : Compiling entry function 'ssm_parallel_scan_fwd_nosave_f16' for 'sm_89'
ptxas info    : Function properties for ssm_parallel_scan_fwd_nosave_f16
    0 bytes stack frame, 0 bytes spill stores, 0 bytes spill loads
ptxas info    : Used 78 registers, used 1 barriers, 444 bytes cmem[0]
ptxas info    : Compile time = 73.291 ms
ptxas info    : Compiling entry function 'ssm_parallel_scan_fwd_nosave_bf16' for 'sm_89'
ptxas info    : Function properties for ssm_parallel_scan_fwd_nosave_bf16
    0 bytes stack frame, 0 bytes spill stores, 0 bytes spill loads
ptxas info    : Used 78 registers, used 1 barriers, 444 bytes cmem[0]
ptxas info    : Compile time = 74.108 ms
ptxas info    : Compiling entry function 'ssm_parallel_scan_fwd_f16' for 'sm_89'
ptxas info    : Function properties for ssm_parallel_scan_fwd_f16
    0 bytes stack frame, 0 bytes spill stores, 0 bytes spill loads
ptxas info    : Used 80 registers, used 1 barriers, 460 bytes cmem[0]
ptxas info    : Compile time = 66.864 ms
ptxas info    : Compiling entry function 'ssm_parallel_scan_fwd_bf16' for 'sm_89'
ptxas info    : Function properties for ssm_parallel_scan_fwd_bf16
    0 bytes stack frame, 0 bytes spill stores, 0 bytes spill loads
ptxas info    : Used 80 registers, used 1 barriers, 460 bytes cmem[0]
ptxas info    : Compile time = 66.154 ms
ptxas info    : Compiling entry function 'ssm_parallel_scan_fwd_nosave' for 'sm_89'
ptxas info    : Function properties for ssm_parallel_scan_fwd_nosave
    0 bytes stack frame, 0 bytes spill stores, 0 bytes spill loads
ptxas info    : Used 79 registers, used 1 barriers, 444 bytes cmem[0]
ptxas info    : Compile time = 71.560 ms
ptxas info    : Compiling entry function 'ssm_parallel_scan_fwd' for 'sm_89'
ptxas info    : Function properties for ssm_parallel_scan_fwd
    0 bytes stack frame, 0 bytes spill stores, 0 bytes spill loads
ptxas info    : Used 72 registers, used 1 barriers, 460 bytes cmem[0]
ptxas info    : Compile time = 56.218 ms
ptxas info    : Compiling entry function 'ssm_reduce_d_a_log' for 'sm_89'
ptxas info    : Function properties for ssm_reduce_d_a_log
    0 bytes stack frame, 0 bytes spill stores, 0 bytes spill loads
ptxas info    : Used 21 registers, used 0 barriers, 380 bytes cmem[0]
ptxas info    : Compile time = 2.406 ms
ptxas info    : Compiling entry function 'ssm_reduce_d_a_log_chunks' for 'sm_89'
ptxas info    : Function properties for ssm_reduce_d_a_log_chunks
    0 bytes stack frame, 0 bytes spill stores, 0 bytes spill loads
ptxas info    : Used 22 registers, used 0 barriers, 384 bytes cmem[0]
ptxas info    : Compile time = 3.249 ms
ptxas info    : Compiling entry function 'ssm_reduce_d_D' for 'sm_89'
ptxas info    : Function properties for ssm_reduce_d_D
    0 bytes stack frame, 0 bytes spill stores, 0 bytes spill loads
ptxas info    : Used 40 registers, used 0 barriers, 376 bytes cmem[0]
ptxas info    : Compile time = 4.531 ms
ptxas info    : Compiling entry function 'ssm_reduce_d_BC_tmajor_f16' for 'sm_89'
ptxas info    : Function properties for ssm_reduce_d_BC_tmajor_f16
    0 bytes stack frame, 0 bytes spill stores, 0 bytes spill loads
ptxas info    : Used 40 registers, used 0 barriers, 400 bytes cmem[0]
ptxas info    : Compile time = 11.928 ms
ptxas info    : Compiling entry function 'ssm_reduce_d_BC_tmajor_bf16' for 'sm_89'
ptxas info    : Function properties for ssm_reduce_d_BC_tmajor_bf16
    0 bytes stack frame, 0 bytes spill stores, 0 bytes spill loads
ptxas info    : Used 40 registers, used 0 barriers, 400 bytes cmem[0]
ptxas info    : Compile time = 11.812 ms
ptxas info    : Compiling entry function 'ssm_reduce_d_BC_tmajor_f32' for 'sm_89'
ptxas info    : Function properties for ssm_reduce_d_BC_tmajor_f32
    0 bytes stack frame, 0 bytes spill stores, 0 bytes spill loads
ptxas info    : Used 40 registers, used 0 barriers, 400 bytes cmem[0]
ptxas info    : Compile time = 10.224 ms
ptxas info    : Compiling entry function 'ssm_reduce_d_BC_f16' for 'sm_89'
ptxas info    : Function properties for ssm_reduce_d_BC_f16
    0 bytes stack frame, 0 bytes spill stores, 0 bytes spill loads
ptxas info    : Used 40 registers, used 0 barriers, 400 bytes cmem[0]
ptxas info    : Compile time = 10.698 ms
ptxas info    : Compiling entry function 'ssm_reduce_d_BC_bf16' for 'sm_89'
ptxas info    : Function properties for ssm_reduce_d_BC_bf16
    0 bytes stack frame, 0 bytes spill stores, 0 bytes spill loads
ptxas info    : Used 40 registers, used 0 barriers, 400 bytes cmem[0]
ptxas info    : Compile time = 11.249 ms
ptxas info    : Compiling entry function 'ssm_reduce_d_BC_f32' for 'sm_89'
ptxas info    : Function properties for ssm_reduce_d_BC_f32
    0 bytes stack frame, 0 bytes spill stores, 0 bytes spill loads
ptxas info    : Used 40 registers, used 0 barriers, 400 bytes cmem[0]
ptxas info    : Compile time = 10.125 ms
ptxas info    : Compiling entry function 'ssm_backward_local_f16' for 'sm_89'
ptxas info    : Function properties for ssm_backward_local_f16
    1024 bytes stack frame, 0 bytes spill stores, 0 bytes spill loads
ptxas info    : Used 40 registers, used 0 barriers, 1024 bytes cumulative stack size, 480 bytes cmem[0]
ptxas info    : Compile time = 26.115 ms
ptxas info    : Compiling entry function 'ssm_backward_local_bf16' for 'sm_89'
ptxas info    : Function properties for ssm_backward_local_bf16
    1024 bytes stack frame, 0 bytes spill stores, 0 bytes spill loads
ptxas info    : Used 40 registers, used 0 barriers, 1024 bytes cumulative stack size, 480 bytes cmem[0]
ptxas info    : Compile time = 27.357 ms
ptxas info    : Compiling entry function 'ssm_backward_local_f32' for 'sm_89'
ptxas info    : Function properties for ssm_backward_local_f32
    1024 bytes stack frame, 0 bytes spill stores, 0 bytes spill loads
ptxas info    : Used 40 registers, used 0 barriers, 1024 bytes cumulative stack size, 480 bytes cmem[0]
ptxas info    : Compile time = 34.879 ms
ptxas info    : Compiling entry function 'ssm_backward_local' for 'sm_89'
ptxas info    : Function properties for ssm_backward_local
    1024 bytes stack frame, 0 bytes spill stores, 0 bytes spill loads
ptxas info    : Used 40 registers, used 0 barriers, 1024 bytes cumulative stack size, 480 bytes cmem[0]
ptxas info    : Compile time = 36.003 ms
ptxas info    : Compiling entry function 'ssm_burnin_forward_f16' for 'sm_89'
ptxas info    : Function properties for ssm_burnin_forward_f16
    512 bytes stack frame, 0 bytes spill stores, 0 bytes spill loads
ptxas info    : Used 40 registers, used 0 barriers, 512 bytes cumulative stack size, 448 bytes cmem[0]
ptxas info    : Compile time = 25.846 ms
ptxas info    : Compiling entry function 'ssm_burnin_forward_bf16' for 'sm_89'
ptxas info    : Function properties for ssm_burnin_forward_bf16
    512 bytes stack frame, 0 bytes spill stores, 0 bytes spill loads
ptxas info    : Used 40 registers, used 0 barriers, 512 bytes cumulative stack size, 448 bytes cmem[0]
ptxas info    : Compile time = 26.769 ms
ptxas info    : Compiling entry function 'ssm_burnin_forward_f32' for 'sm_89'
ptxas info    : Function properties for ssm_burnin_forward_f32
    512 bytes stack frame, 0 bytes spill stores, 0 bytes spill loads
ptxas info    : Used 40 registers, used 0 barriers, 512 bytes cumulative stack size, 448 bytes cmem[0]
ptxas info    : Compile time = 23.449 ms
ptxas info    : Compiling entry function 'ssm_burnin_forward_nosave_f16' for 'sm_89'
ptxas info    : Function properties for ssm_burnin_forward_nosave_f16
    512 bytes stack frame, 0 bytes spill stores, 0 bytes spill loads
ptxas info    : Used 40 registers, used 0 barriers, 512 bytes cumulative stack size, 444 bytes cmem[0]
ptxas info    : Compile time = 37.064 ms
ptxas info    : Compiling entry function 'ssm_burnin_forward_nosave_bf16' for 'sm_89'
ptxas info    : Function properties for ssm_burnin_forward_nosave_bf16
    512 bytes stack frame, 0 bytes spill stores, 0 bytes spill loads
ptxas info    : Used 40 registers, used 0 barriers, 512 bytes cumulative stack size, 444 bytes cmem[0]
ptxas info    : Compile time = 38.834 ms
ptxas info    : Compiling entry function 'ssm_burnin_forward_nosave_f32' for 'sm_89'
ptxas info    : Function properties for ssm_burnin_forward_nosave_f32
    512 bytes stack frame, 0 bytes spill stores, 0 bytes spill loads
ptxas info    : Used 40 registers, used 0 barriers, 512 bytes cumulative stack size, 444 bytes cmem[0]
ptxas info    : Compile time = 36.601 ms
ptxas info    : Compiling entry function 'ssm_burnin_forward_nosave' for 'sm_89'
ptxas info    : Function properties for ssm_burnin_forward_nosave
    512 bytes stack frame, 0 bytes spill stores, 0 bytes spill loads
ptxas info    : Used 40 registers, used 0 barriers, 512 bytes cumulative stack size, 444 bytes cmem[0]
ptxas info    : Compile time = 35.796 ms
ptxas info    : Compiling entry function 'ssm_burnin_forward' for 'sm_89'
ptxas info    : Function properties for ssm_burnin_forward
    512 bytes stack frame, 0 bytes spill stores, 0 bytes spill loads
ptxas info    : Used 40 registers, used 0 barriers, 512 bytes cumulative stack size, 448 bytes cmem[0]
ptxas info    : Compile time = 25.231 ms
ptxas info    : Compiling entry function 'ssm_step_forward_gather_gate_f16' for 'sm_89'
ptxas info    : Function properties for ssm_step_forward_gather_gate_f16
    512 bytes stack frame, 0 bytes spill stores, 0 bytes spill loads
ptxas info    : Used 38 registers, used 0 barriers, 512 bytes cumulative stack size, 440 bytes cmem[0]
ptxas info    : Compile time = 16.473 ms
ptxas info    : Compiling entry function 'ssm_step_forward_gather_gate_bf16' for 'sm_89'
ptxas info    : Function properties for ssm_step_forward_gather_gate_bf16
    512 bytes stack frame, 0 bytes spill stores, 0 bytes spill loads
ptxas info    : Used 40 registers, used 0 barriers, 512 bytes cumulative stack size, 440 bytes cmem[0]
ptxas info    : Compile time = 16.088 ms
ptxas info    : Compiling entry function 'ssm_step_forward_gather_gate_f32' for 'sm_89'
ptxas info    : Function properties for ssm_step_forward_gather_gate_f32
    512 bytes stack frame, 0 bytes spill stores, 0 bytes spill loads
ptxas info    : Used 39 registers, used 0 barriers, 512 bytes cumulative stack size, 440 bytes cmem[0]
ptxas info    : Compile time = 14.882 ms
ptxas info    : Compiling entry function 'ssm_step_forward_gather_f16' for 'sm_89'
ptxas info    : Function properties for ssm_step_forward_gather_f16
    512 bytes stack frame, 0 bytes spill stores, 0 bytes spill loads
ptxas info    : Used 38 registers, used 0 barriers, 512 bytes cumulative stack size, 432 bytes cmem[0]
ptxas info    : Compile time = 14.868 ms
ptxas info    : Compiling entry function 'ssm_step_forward_gather_bf16' for 'sm_89'
ptxas info    : Function properties for ssm_step_forward_gather_bf16
    512 bytes stack frame, 0 bytes spill stores, 0 bytes spill loads
ptxas info    : Used 40 registers, used 0 barriers, 512 bytes cumulative stack size, 432 bytes cmem[0]
ptxas info    : Compile time = 14.833 ms
ptxas info    : Compiling entry function 'ssm_step_forward_gather_f32' for 'sm_89'
ptxas info    : Function properties for ssm_step_forward_gather_f32
    512 bytes stack frame, 0 bytes spill stores, 0 bytes spill loads
ptxas info    : Used 39 registers, used 0 barriers, 512 bytes cumulative stack size, 432 bytes cmem[0]
ptxas info    : Compile time = 15.612 ms
ptxas info    : Compiling entry function 'ssm_step_forward_f16' for 'sm_89'
ptxas info    : Function properties for ssm_step_forward_f16
    512 bytes stack frame, 0 bytes spill stores, 0 bytes spill loads
ptxas info    : Used 36 registers, used 0 barriers, 512 bytes cumulative stack size, 428 bytes cmem[0]
ptxas info    : Compile time = 16.170 ms
ptxas info    : Compiling entry function 'ssm_step_forward_bf16' for 'sm_89'
ptxas info    : Function properties for ssm_step_forward_bf16
    512 bytes stack frame, 0 bytes spill stores, 0 bytes spill loads
ptxas info    : Used 36 registers, used 0 barriers, 512 bytes cumulative stack size, 428 bytes cmem[0]
ptxas info    : Compile time = 14.977 ms
ptxas info    : Compiling entry function 'ssm_step_forward_f32' for 'sm_89'
ptxas info    : Function properties for ssm_step_forward_f32
    512 bytes stack frame, 0 bytes spill stores, 0 bytes spill loads
ptxas info    : Used 39 registers, used 0 barriers, 512 bytes cumulative stack size, 428 bytes cmem[0]
ptxas info    : Compile time = 15.594 ms
ptxas info    : Compiling entry function 'ssm_step_forward' for 'sm_89'
ptxas info    : Function properties for ssm_step_forward
    512 bytes stack frame, 0 bytes spill stores, 0 bytes spill loads
ptxas info    : Used 39 registers, used 0 barriers, 512 bytes cumulative stack size, 428 bytes cmem[0]
ptxas info    : Compile time = 14.791 ms
