MODEL d_model=128 layers=3 d_inner=256 d_state=16 params=366464
CONTEXT arm=eager batch_invariant=true family=Triad tensor_cores=false fast_gemm=false tf32=false
DIGEST arm=eager batch=1 step=0 fnv1a=578d382b5252bdbd
DIGEST arm=eager batch=1 step=1 fnv1a=eedc9ba3109064f8
DIGEST arm=eager batch=1 step=2 fnv1a=077f0d496d069d85
DIGEST arm=eager batch=1 step=3 fnv1a=09dc0a6e590ea19d
DIGEST arm=eager batch=1 step=4 fnv1a=5c08d48abb5cf337
DIGEST arm=eager batch=1 step=5 fnv1a=d3994c624077be85
DIGEST arm=eager batch=1 step=6 fnv1a=2452140512aba021
DIGEST arm=eager batch=1 step=7 fnv1a=2e531f496c9d372d
CPU_PARITY batch=1 step=0 cos=1.000000 rel_l2=1.127e-6
CPU_PARITY batch=1 step=1 cos=1.000000 rel_l2=1.286e-6
CPU_PARITY batch=1 step=2 cos=1.000000 rel_l2=7.681e-7
CPU_PARITY batch=1 step=3 cos=1.000000 rel_l2=8.916e-7
CPU_PARITY batch=1 step=4 cos=1.000000 rel_l2=9.179e-7
CPU_PARITY batch=1 step=5 cos=1.000000 rel_l2=7.511e-7
CPU_PARITY batch=1 step=6 cos=1.000000 rel_l2=9.098e-7
CPU_PARITY batch=1 step=7 cos=1.000000 rel_l2=8.038e-7
CONTEXT arm=graph batch_invariant=true family=Triad tensor_cores=false fast_gemm=false tf32=false
DIGEST arm=graph batch=1 step=0 fnv1a=578d382b5252bdbd
DIGEST arm=graph batch=1 step=1 fnv1a=eedc9ba3109064f8
DIGEST arm=graph batch=1 step=2 fnv1a=077f0d496d069d85
DIGEST arm=graph batch=1 step=3 fnv1a=09dc0a6e590ea19d
DIGEST arm=graph batch=1 step=4 fnv1a=5c08d48abb5cf337
DIGEST arm=graph batch=1 step=5 fnv1a=d3994c624077be85
DIGEST arm=graph batch=1 step=6 fnv1a=2452140512aba021
DIGEST arm=graph batch=1 step=7 fnv1a=2e531f496c9d372d
TIMING arm=eager batch=1 iters=5000 us_per_step=143.513
TIMING arm=graph batch=1 iters=10000 us_per_step=148.939
CONTEXT arm=eager batch_invariant=true family=Triad tensor_cores=false fast_gemm=false tf32=false
DIGEST arm=eager batch=4 step=0 fnv1a=4396c19ea516e285
DIGEST arm=eager batch=4 step=1 fnv1a=3672436faeb7fe55
DIGEST arm=eager batch=4 step=2 fnv1a=9a1a3d389b3100a5
DIGEST arm=eager batch=4 step=3 fnv1a=c64e27793c143085
DIGEST arm=eager batch=4 step=4 fnv1a=b7c9fd6057f4f585
DIGEST arm=eager batch=4 step=5 fnv1a=9bbae443eb3888a5
DIGEST arm=eager batch=4 step=6 fnv1a=ed111a60f15f23a5
DIGEST arm=eager batch=4 step=7 fnv1a=04bcba878980a025
CPU_PARITY batch=4 step=0 cos=1.000000 rel_l2=1.127e-6
CPU_PARITY batch=4 step=1 cos=1.000000 rel_l2=1.286e-6
CPU_PARITY batch=4 step=2 cos=1.000000 rel_l2=7.681e-7
CPU_PARITY batch=4 step=3 cos=1.000000 rel_l2=8.916e-7
CPU_PARITY batch=4 step=4 cos=1.000000 rel_l2=9.179e-7
CPU_PARITY batch=4 step=5 cos=1.000000 rel_l2=7.511e-7
CPU_PARITY batch=4 step=6 cos=1.000000 rel_l2=9.098e-7
CPU_PARITY batch=4 step=7 cos=1.000000 rel_l2=8.038e-7
CONTEXT arm=graph batch_invariant=true family=Triad tensor_cores=false fast_gemm=false tf32=false
DIGEST arm=graph batch=4 step=0 fnv1a=4396c19ea516e285
DIGEST arm=graph batch=4 step=1 fnv1a=3672436faeb7fe55
DIGEST arm=graph batch=4 step=2 fnv1a=9a1a3d389b3100a5
DIGEST arm=graph batch=4 step=3 fnv1a=c64e27793c143085
DIGEST arm=graph batch=4 step=4 fnv1a=b7c9fd6057f4f585
DIGEST arm=graph batch=4 step=5 fnv1a=9bbae443eb3888a5
DIGEST arm=graph batch=4 step=6 fnv1a=ed111a60f15f23a5
DIGEST arm=graph batch=4 step=7 fnv1a=04bcba878980a025
TIMING arm=eager batch=4 iters=5000 us_per_step=147.374
TIMING arm=graph batch=4 iters=10000 us_per_step=156.074
CONTEXT arm=eager batch_invariant=true family=Triad tensor_cores=false fast_gemm=false tf32=false
DIGEST arm=eager batch=16 step=0 fnv1a=9ce5a60b7771faa5
DIGEST arm=eager batch=16 step=1 fnv1a=f3189618dfd3b865
DIGEST arm=eager batch=16 step=2 fnv1a=38d977f3736bd925
DIGEST arm=eager batch=16 step=3 fnv1a=fffe9e5885e8f9a5
DIGEST arm=eager batch=16 step=4 fnv1a=aacbe27638df94a5
DIGEST arm=eager batch=16 step=5 fnv1a=ada0642081436525
DIGEST arm=eager batch=16 step=6 fnv1a=476e32c19ed9b925
DIGEST arm=eager batch=16 step=7 fnv1a=2ce8c5e7e75c1725
CPU_PARITY batch=16 step=0 cos=1.000000 rel_l2=1.127e-6
CPU_PARITY batch=16 step=1 cos=1.000000 rel_l2=1.286e-6
CPU_PARITY batch=16 step=2 cos=1.000000 rel_l2=7.681e-7
CPU_PARITY batch=16 step=3 cos=1.000000 rel_l2=8.916e-7
CPU_PARITY batch=16 step=4 cos=1.000000 rel_l2=9.179e-7
CPU_PARITY batch=16 step=5 cos=1.000000 rel_l2=7.511e-7
CPU_PARITY batch=16 step=6 cos=1.000000 rel_l2=9.098e-7
CPU_PARITY batch=16 step=7 cos=1.000000 rel_l2=8.038e-7
CONTEXT arm=graph batch_invariant=true family=Triad tensor_cores=false fast_gemm=false tf32=false
DIGEST arm=graph batch=16 step=0 fnv1a=9ce5a60b7771faa5
DIGEST arm=graph batch=16 step=1 fnv1a=f3189618dfd3b865
DIGEST arm=graph batch=16 step=2 fnv1a=38d977f3736bd925
DIGEST arm=graph batch=16 step=3 fnv1a=fffe9e5885e8f9a5
DIGEST arm=graph batch=16 step=4 fnv1a=aacbe27638df94a5
DIGEST arm=graph batch=16 step=5 fnv1a=ada0642081436525
DIGEST arm=graph batch=16 step=6 fnv1a=476e32c19ed9b925
DIGEST arm=graph batch=16 step=7 fnv1a=2ce8c5e7e75c1725
TIMING arm=eager batch=16 iters=2000 us_per_step=151.858
TIMING arm=graph batch=16 iters=5000 us_per_step=157.388
CONTEXT arm=eager batch_invariant=true family=Triad tensor_cores=false fast_gemm=false tf32=false
DIGEST arm=eager batch=64 step=0 fnv1a=41fcb311f37df325
DIGEST arm=eager batch=64 step=1 fnv1a=45efa533220be4a5
DIGEST arm=eager batch=64 step=2 fnv1a=aff31d0d0035fb25
DIGEST arm=eager batch=64 step=3 fnv1a=d0d91f0ef59360a5
DIGEST arm=eager batch=64 step=4 fnv1a=e767a420a5db6425
DIGEST arm=eager batch=64 step=5 fnv1a=c95ec8c127b3a425
DIGEST arm=eager batch=64 step=6 fnv1a=4063854614942125
DIGEST arm=eager batch=64 step=7 fnv1a=db8304171decffa5
CPU_PARITY batch=64 step=0 cos=1.000000 rel_l2=1.117e-6
CPU_PARITY batch=64 step=1 cos=1.000000 rel_l2=1.139e-6
CPU_PARITY batch=64 step=2 cos=1.000000 rel_l2=7.826e-7
CPU_PARITY batch=64 step=3 cos=1.000000 rel_l2=8.621e-7
CPU_PARITY batch=64 step=4 cos=1.000000 rel_l2=8.658e-7
CPU_PARITY batch=64 step=5 cos=1.000000 rel_l2=7.769e-7
CPU_PARITY batch=64 step=6 cos=1.000000 rel_l2=6.922e-7
CPU_PARITY batch=64 step=7 cos=1.000000 rel_l2=7.170e-7
CONTEXT arm=graph batch_invariant=true family=Triad tensor_cores=false fast_gemm=false tf32=false
DIGEST arm=graph batch=64 step=0 fnv1a=41fcb311f37df325
DIGEST arm=graph batch=64 step=1 fnv1a=45efa533220be4a5
DIGEST arm=graph batch=64 step=2 fnv1a=aff31d0d0035fb25
DIGEST arm=graph batch=64 step=3 fnv1a=d0d91f0ef59360a5
DIGEST arm=graph batch=64 step=4 fnv1a=e767a420a5db6425
DIGEST arm=graph batch=64 step=5 fnv1a=c95ec8c127b3a425
DIGEST arm=graph batch=64 step=6 fnv1a=4063854614942125
DIGEST arm=graph batch=64 step=7 fnv1a=db8304171decffa5
TIMING arm=eager batch=64 iters=2000 us_per_step=202.768
TIMING arm=graph batch=64 iters=5000 us_per_step=227.553
CONTEXT arm=eager batch_invariant=true family=Triad tensor_cores=false fast_gemm=false tf32=false
DIGEST arm=eager batch=128 step=0 fnv1a=01a5ad5f02d9c325
DIGEST arm=eager batch=128 step=1 fnv1a=946e35ae76f66425
DIGEST arm=eager batch=128 step=2 fnv1a=40b26d892c49d325
DIGEST arm=eager batch=128 step=3 fnv1a=d743f44f145e4c25
DIGEST arm=eager batch=128 step=4 fnv1a=3f44a047c994a525
DIGEST arm=eager batch=128 step=5 fnv1a=7214cf594d452525
DIGEST arm=eager batch=128 step=6 fnv1a=ee45e9daa1061f25
DIGEST arm=eager batch=128 step=7 fnv1a=3d8e357b7f4c9625
CPU_PARITY batch=128 step=0 cos=1.000000 rel_l2=1.117e-6
CPU_PARITY batch=128 step=1 cos=1.000000 rel_l2=1.139e-6
CPU_PARITY batch=128 step=2 cos=1.000000 rel_l2=7.826e-7
CPU_PARITY batch=128 step=3 cos=1.000000 rel_l2=8.621e-7
CPU_PARITY batch=128 step=4 cos=1.000000 rel_l2=8.658e-7
CPU_PARITY batch=128 step=5 cos=1.000000 rel_l2=7.769e-7
CPU_PARITY batch=128 step=6 cos=1.000000 rel_l2=6.922e-7
CPU_PARITY batch=128 step=7 cos=1.000000 rel_l2=7.170e-7
CONTEXT arm=graph batch_invariant=true family=Triad tensor_cores=false fast_gemm=false tf32=false
DIGEST arm=graph batch=128 step=0 fnv1a=01a5ad5f02d9c325
DIGEST arm=graph batch=128 step=1 fnv1a=946e35ae76f66425
DIGEST arm=graph batch=128 step=2 fnv1a=40b26d892c49d325
DIGEST arm=graph batch=128 step=3 fnv1a=d743f44f145e4c25
DIGEST arm=graph batch=128 step=4 fnv1a=3f44a047c994a525
DIGEST arm=graph batch=128 step=5 fnv1a=7214cf594d452525
DIGEST arm=graph batch=128 step=6 fnv1a=ee45e9daa1061f25
DIGEST arm=graph batch=128 step=7 fnv1a=3d8e357b7f4c9625
TIMING arm=eager batch=128 iters=2000 us_per_step=271.062
TIMING arm=graph batch=128 iters=5000 us_per_step=293.749
DONE
