warning: use of deprecated method `mamba_rs::gpu::context::GpuCtx::set_batch_invariant`: use GpuCtx::set_gemm_mode
  --> examples/m1_exact_f32_inference_baseline.rs:67:13
   |
67 |         ctx.set_batch_invariant(true);
   |             ^^^^^^^^^^^^^^^^^^^
   |
   = note: `#[warn(deprecated)]` on by default

warning: use of deprecated method `mamba_rs::gpu::context::GpuCtx::set_fast_gemm`: use GpuCtx::set_gemm_mode
  --> examples/m1_exact_f32_inference_baseline.rs:70:13
   |
70 |         ctx.set_fast_gemm(false);
   |             ^^^^^^^^^^^^^

   Compiling mamba-rs v0.6.9 (/root/mamba-rs-new-c65c1c85)
warning: `mamba-rs` (example "m1_exact_f32_inference_baseline") generated 2 warnings
warning: use of deprecated method `mamba_rs::gpu::context::GpuCtx::set_batch_invariant`: use GpuCtx::set_gemm_mode
  --> examples/m1_inference_family_baseline.rs:71:13
   |
71 |         ctx.set_batch_invariant(true);
   |             ^^^^^^^^^^^^^^^^^^^
   |
   = note: `#[warn(deprecated)]` on by default

warning: use of deprecated method `mamba_rs::gpu::context::GpuCtx::set_fast_gemm`: use GpuCtx::set_gemm_mode
  --> examples/m1_inference_family_baseline.rs:74:13
   |
74 |         ctx.set_fast_gemm(false);
   |             ^^^^^^^^^^^^^

warning: `mamba-rs` (example "m1_inference_family_baseline") generated 2 warnings
    Finished `release` profile [optimized] target(s) in 0.46s
   Compiling mamba-rs v0.6.9 (/root/mamba-rs-new-c65c1c85)
    Finished `bench` profile [optimized] target(s) in 0.47s
  Executable benches/gemm_bi_trainer_step_bench.rs (target/release/deps/gemm_bi_trainer_step_bench-f9c906f1ff0c190d)
