[RL-small d128 F32] B=16 T=64: cuBLAS-Fast 2.434 ms/step | cuBLAS-Pedantic 2.505 ms/step | deterministic scalar 2.792 ms/step | vs Fast 1.15x | vs Pedantic 1.11x
[RL-small d128 Bf16] B=16 T=64: cuBLAS-Fast 2.016 ms/step | cuBLAS-Pedantic 2.513 ms/step | deterministic scalar 2.582 ms/step | vs Fast 1.28x | vs Pedantic 1.03x
[RL-small d128 Bf16] B=16 T=64: deterministic+TC 2.104 ms/step | vs Fast 1.04x | vs Pedantic 0.84x | vs scalar 0.81x
[RL-small d128 F16] B=16 T=64: cuBLAS-Fast 2.044 ms/step | cuBLAS-Pedantic 2.134 ms/step | deterministic scalar 2.628 ms/step | vs Fast 1.29x | vs Pedantic 1.23x
[RL-small d128 F16] B=16 T=64: deterministic+TC 2.146 ms/step | vs Fast 1.05x | vs Pedantic 1.01x | vs scalar 0.82x
[d256 F32] B=16 T=128: cuBLAS-Fast 9.876 ms/step | cuBLAS-Pedantic 10.188 ms/step | deterministic scalar 12.091 ms/step | vs Fast 1.22x | vs Pedantic 1.19x
[d256 Bf16] B=16 T=128: cuBLAS-Fast 8.078 ms/step | cuBLAS-Pedantic 10.416 ms/step | deterministic scalar 11.241 ms/step | vs Fast 1.39x | vs Pedantic 1.08x
[d256 Bf16] B=16 T=128: deterministic+TC 8.513 ms/step | vs Fast 1.05x | vs Pedantic 0.82x | vs scalar 0.76x
[d256 F16] B=16 T=128: cuBLAS-Fast 8.198 ms/step | cuBLAS-Pedantic 8.808 ms/step | deterministic scalar 11.337 ms/step | vs Fast 1.38x | vs Pedantic 1.29x
[d256 F16] B=16 T=128: deterministic+TC 8.657 ms/step | vs Fast 1.06x | vs Pedantic 0.98x | vs scalar 0.76x
[130m-ish d768 F32] B=8 T=256: cuBLAS-Fast 24.461 ms/step | cuBLAS-Pedantic 27.924 ms/step | deterministic scalar 32.242 ms/step | vs Fast 1.32x | vs Pedantic 1.15x
[130m-ish d768 Bf16] B=8 T=256: cuBLAS-Fast 20.126 ms/step | cuBLAS-Pedantic 26.712 ms/step | deterministic scalar 30.353 ms/step | vs Fast 1.51x | vs Pedantic 1.14x
[130m-ish d768 Bf16] B=8 T=256: deterministic+TC 20.293 ms/step | vs Fast 1.01x | vs Pedantic 0.76x | vs scalar 0.67x
[130m-ish d768 F16] B=8 T=256: cuBLAS-Fast 20.276 ms/step | cuBLAS-Pedantic 24.383 ms/step | deterministic scalar 30.585 ms/step | vs Fast 1.51x | vs Pedantic 1.25x
[130m-ish d768 F16] B=8 T=256: deterministic+TC 20.544 ms/step | vs Fast 1.01x | vs Pedantic 0.84x | vs scalar 0.67x
[770m-ish d1536 F32] B=4 T=256: cuBLAS-Fast 14.680 ms/step | cuBLAS-Pedantic 18.446 ms/step | deterministic scalar 22.682 ms/step | vs Fast 1.55x | vs Pedantic 1.23x
[770m-ish d1536 Bf16] B=4 T=256: cuBLAS-Fast 12.290 ms/step | cuBLAS-Pedantic 17.968 ms/step | deterministic scalar 22.793 ms/step | vs Fast 1.85x | vs Pedantic 1.27x
[770m-ish d1536 Bf16] B=4 T=256: deterministic+TC 12.861 ms/step | vs Fast 1.05x | vs Pedantic 0.72x | vs scalar 0.56x
[770m-ish d1536 F16] B=4 T=256: cuBLAS-Fast 12.672 ms/step | cuBLAS-Pedantic 16.327 ms/step | deterministic scalar 23.064 ms/step | vs Fast 1.82x | vs Pedantic 1.41x
[770m-ish d1536 F16] B=4 T=256: deterministic+TC 13.216 ms/step | vs Fast 1.04x | vs Pedantic 0.81x | vs scalar 0.57x
