[RL-small d128 F32] B=16 T=64: cuBLAS-Fast 2.430 ms/step | cuBLAS-Pedantic 2.499 ms/step | deterministic scalar 2.792 ms/step | vs Fast 1.15x | vs Pedantic 1.12x
[RL-small d128 Bf16] B=16 T=64: cuBLAS-Fast 2.021 ms/step | cuBLAS-Pedantic 2.510 ms/step | deterministic scalar 2.580 ms/step | vs Fast 1.28x | vs Pedantic 1.03x
[RL-small d128 Bf16] B=16 T=64: deterministic+TC 2.104 ms/step | vs Fast 1.04x | vs Pedantic 0.84x | vs scalar 0.82x
[RL-small d128 F16] B=16 T=64: cuBLAS-Fast 2.037 ms/step | cuBLAS-Pedantic 2.131 ms/step | deterministic scalar 2.620 ms/step | vs Fast 1.29x | vs Pedantic 1.23x
[RL-small d128 F16] B=16 T=64: deterministic+TC 2.141 ms/step | vs Fast 1.05x | vs Pedantic 1.00x | vs scalar 0.82x
[d256 F32] B=16 T=128: cuBLAS-Fast 9.862 ms/step | cuBLAS-Pedantic 10.173 ms/step | deterministic scalar 12.070 ms/step | vs Fast 1.22x | vs Pedantic 1.19x
[d256 Bf16] B=16 T=128: cuBLAS-Fast 8.068 ms/step | cuBLAS-Pedantic 10.418 ms/step | deterministic scalar 11.196 ms/step | vs Fast 1.39x | vs Pedantic 1.07x
[d256 Bf16] B=16 T=128: deterministic+TC 8.512 ms/step | vs Fast 1.05x | vs Pedantic 0.82x | vs scalar 0.76x
[d256 F16] B=16 T=128: cuBLAS-Fast 8.187 ms/step | cuBLAS-Pedantic 8.806 ms/step | deterministic scalar 11.391 ms/step | vs Fast 1.39x | vs Pedantic 1.29x
[d256 F16] B=16 T=128: deterministic+TC 8.643 ms/step | vs Fast 1.06x | vs Pedantic 0.98x | vs scalar 0.76x
[130m-ish d768 F32] B=8 T=256: cuBLAS-Fast 24.427 ms/step | cuBLAS-Pedantic 27.901 ms/step | deterministic scalar 32.084 ms/step | vs Fast 1.31x | vs Pedantic 1.15x
[130m-ish d768 Bf16] B=8 T=256: cuBLAS-Fast 20.085 ms/step | cuBLAS-Pedantic 26.722 ms/step | deterministic scalar 30.357 ms/step | vs Fast 1.51x | vs Pedantic 1.14x
[130m-ish d768 Bf16] B=8 T=256: deterministic+TC 20.308 ms/step | vs Fast 1.01x | vs Pedantic 0.76x | vs scalar 0.67x
[130m-ish d768 F16] B=8 T=256: cuBLAS-Fast 20.264 ms/step | cuBLAS-Pedantic 24.393 ms/step | deterministic scalar 30.563 ms/step | vs Fast 1.51x | vs Pedantic 1.25x
[130m-ish d768 F16] B=8 T=256: deterministic+TC 20.528 ms/step | vs Fast 1.01x | vs Pedantic 0.84x | vs scalar 0.67x
[770m-ish d1536 F32] B=4 T=256: cuBLAS-Fast 14.656 ms/step | cuBLAS-Pedantic 18.416 ms/step | deterministic scalar 22.686 ms/step | vs Fast 1.55x | vs Pedantic 1.23x
[770m-ish d1536 Bf16] B=4 T=256: cuBLAS-Fast 12.317 ms/step | cuBLAS-Pedantic 18.015 ms/step | deterministic scalar 23.134 ms/step | vs Fast 1.88x | vs Pedantic 1.28x
[770m-ish d1536 Bf16] B=4 T=256: deterministic+TC 13.164 ms/step | vs Fast 1.07x | vs Pedantic 0.73x | vs scalar 0.57x
[770m-ish d1536 F16] B=4 T=256: cuBLAS-Fast 13.049 ms/step | cuBLAS-Pedantic 16.656 ms/step | deterministic scalar 23.434 ms/step | vs Fast 1.80x | vs Pedantic 1.41x
[770m-ish d1536 F16] B=4 T=256: deterministic+TC 13.371 ms/step | vs Fast 1.02x | vs Pedantic 0.80x | vs scalar 0.57x
