   Compiling mamba-rs v0.6.9 (/root/mamba-ada-exact-toolkit-auto-20260907)
error[E0425]: cannot find function `run_post_auto` in module `toolkit_admission`
     --> tests/gemm_bi_fixed_performance.rs:14463:24
      |
14463 |     toolkit_admission::run_post_auto();
      |                        ^^^^^^^^^^^^^ not found in `toolkit_admission`

error[E0425]: cannot find function `parse_post_config` in this scope
    --> tests/support/fixed_sm89_toolkit_admission.rs:1740:21
     |
  36 | fn parse_config(environment: &BTreeMap<String, String>) -> Result<Config, String> {
     | --------------------------------------------------------------------------------- similarly named function `parse_config` defined here
...
1740 |         let smoke = parse_post_config(&exact_post("smoke1", "1")).unwrap();
     |                     ^^^^^^^^^^^^^^^^^
     |
help: a function with a similar name exists
     |
1740 -         let smoke = parse_post_config(&exact_post("smoke1", "1")).unwrap();
1740 +         let smoke = parse_config(&exact_post("smoke1", "1")).unwrap();
     |

error[E0433]: cannot find type `RunMode` in this scope
    --> tests/support/fixed_sm89_toolkit_admission.rs:1741:32
     |
1741 |         assert_eq!(smoke.mode, RunMode::PostAuto44);
     |                                ^^^^^^^ use of undeclared type `RunMode`

error[E0599]: no variant, associated function, or constant named `PostSmoke1` found for enum `toolkit_admission::Stage` in the current scope
    --> tests/support/fixed_sm89_toolkit_admission.rs:1743:40
     |
  16 | enum Stage {
     | ---------- variant, associated function, or constant `PostSmoke1` not found for this enum
...
1743 |         assert_eq!(smoke.stage, Stage::PostSmoke1);
     |                                        ^^^^^^^^^^ variant, associated function, or constant not found in `toolkit_admission::Stage`

error[E0425]: cannot find function `parse_post_config` in this scope
    --> tests/support/fixed_sm89_toolkit_admission.rs:1754:20
     |
  36 | fn parse_config(environment: &BTreeMap<String, String>) -> Result<Config, String> {
     | --------------------------------------------------------------------------------- similarly named function `parse_config` defined here
...
1754 |         let post = parse_post_config(&exact_post("post101", "101")).unwrap();
     |                    ^^^^^^^^^^^^^^^^^
     |
help: a function with a similar name exists
     |
1754 -         let post = parse_post_config(&exact_post("post101", "101")).unwrap();
1754 +         let post = parse_config(&exact_post("post101", "101")).unwrap();
     |

error[E0599]: no variant, associated function, or constant named `Post101` found for enum `toolkit_admission::Stage` in the current scope
    --> tests/support/fixed_sm89_toolkit_admission.rs:1755:39
     |
  16 | enum Stage {
     | ---------- variant, associated function, or constant `Post101` not found for this enum
...
1755 |         assert_eq!(post.stage, Stage::Post101);
     |                                       ^^^^^^^ variant, associated function, or constant not found in `toolkit_admission::Stage`

error[E0425]: cannot find function `parse_post_config` in this scope
    --> tests/support/fixed_sm89_toolkit_admission.rs:1758:17
     |
  36 | fn parse_config(environment: &BTreeMap<String, String>) -> Result<Config, String> {
     | --------------------------------------------------------------------------------- similarly named function `parse_config` defined here
...
1758 |         assert!(parse_post_config(&exact_screen()).is_err());
     |                 ^^^^^^^^^^^^^^^^^
     |
help: a function with a similar name exists
     |
1758 -         assert!(parse_post_config(&exact_screen()).is_err());
1758 +         assert!(parse_config(&exact_screen()).is_err());
     |

error[E0425]: cannot find function `parse_post_config` in this scope
    --> tests/support/fixed_sm89_toolkit_admission.rs:1780:21
     |
  36 | fn parse_config(environment: &BTreeMap<String, String>) -> Result<Config, String> {
     | --------------------------------------------------------------------------------- similarly named function `parse_config` defined here
...
1780 |             assert!(parse_post_config(&environment).is_err(), "accepted missing {key}");
     |                     ^^^^^^^^^^^^^^^^^
     |
help: a function with a similar name exists
     |
1780 -             assert!(parse_post_config(&environment).is_err(), "accepted missing {key}");
1780 +             assert!(parse_config(&environment).is_err(), "accepted missing {key}");
     |

error[E0425]: cannot find function `parse_post_config` in this scope
    --> tests/support/fixed_sm89_toolkit_admission.rs:1793:21
     |
  36 | fn parse_config(environment: &BTreeMap<String, String>) -> Result<Config, String> {
     | --------------------------------------------------------------------------------- similarly named function `parse_config` defined here
...
1793 |             assert!(parse_post_config(&environment).is_err(), "accepted {key}={value}");
     |                     ^^^^^^^^^^^^^^^^^
     |
help: a function with a similar name exists
     |
1793 -             assert!(parse_post_config(&environment).is_err(), "accepted {key}={value}");
1793 +             assert!(parse_config(&environment).is_err(), "accepted {key}={value}");
     |

error[E0425]: cannot find function `parse_post_config` in this scope
    --> tests/support/fixed_sm89_toolkit_admission.rs:1804:21
     |
  36 | fn parse_config(environment: &BTreeMap<String, String>) -> Result<Config, String> {
     | --------------------------------------------------------------------------------- similarly named function `parse_config` defined here
...
1804 |             assert!(parse_post_config(&environment).is_err(), "accepted stale {stale}");
     |                     ^^^^^^^^^^^^^^^^^
     |
help: a function with a similar name exists
     |
1804 -             assert!(parse_post_config(&environment).is_err(), "accepted stale {stale}");
1804 +             assert!(parse_config(&environment).is_err(), "accepted stale {stale}");
     |

Some errors have detailed explanations: E0425, E0433, E0599.
For more information about an error, try `rustc --explain E0425`.
error: could not compile `mamba-rs` (test "gemm_bi_fixed_performance") due to 10 previous errors
