    Finished `release` profile [optimized] target(s) in 0.07s
     Running tests/gemm_bi_scalar_nt_copyplan_siblings_discovery.rs (target/release/deps/gemm_bi_scalar_nt_copyplan_siblings_discovery-dabc8d9e03d60056)

running 1 test
test cuda_suite::ada_f32_nt_copyplan_siblings_pre_admission_qualification ... GPU quiet gate nt-copyplan-siblings-pre-admission/pre: uuid=GPU-d1edd7be-e88d-aed6-047d-622163306f0e gpu_util=0% memory_util=0% used=48MiB sm_clock=1800MHz temperature=41C pstate=P5; quiet_samples=5
{"artifacts":"ArtifactSetIdentity { module_count: 5, ordered_digest: [73, 121, 233, 202, 100, 25, 149, 88, 173, 7, 186, 212, 7, 197, 61, 51, 66, 38, 243, 197, 140, 204, 105, 210, 12, 64, 240, 12, 171, 202, 62, 43], fixed: ArtifactIdentity { module_kind: Fixed, artifact_kind: Ptx, compile_key: [45, 10, 102, 235, 138, 244, 97, 137, 24, 155, 70, 193, 253, 37, 210, 232, 133, 105, 255, 130, 100, 66, 7, 54, 35, 159, 194, 212, 140, 221, 68, 76], artifact_digest: [191, 80, 175, 132, 90, 170, 136, 223, 19, 76, 58, 160, 116, 65, 194, 236, 88, 72, 66, 209, 34, 94, 75, 185, 145, 66, 44, 148, 253, 81, 12, 172] }, triad_scalar: ArtifactIdentity { module_kind: TriadScalar, artifact_kind: Ptx, compile_key: [206, 237, 166, 233, 213, 92, 253, 22, 109, 175, 214, 56, 169, 5, 93, 175, 138, 27, 176, 68, 245, 115, 195, 52, 158, 20, 123, 255, 3, 184, 254, 123], artifact_digest: [158, 235, 36, 113, 138, 235, 196, 161, 29, 14, 221, 218, 237, 115, 180, 105, 154, 140, 173, 141, 227, 203, 125, 83, 182, 204, 201, 230, 183, 47, 33, 102] }, triad_sm80: ArtifactIdentity { module_kind: TriadSm80, artifact_kind: Ptx, compile_key: [254, 172, 131, 235, 65, 252, 198, 41, 208, 196, 191, 155, 225, 117, 141, 158, 146, 196, 49, 114, 142, 23, 193, 244, 108, 252, 213, 197, 169, 235, 194, 125], artifact_digest: [248, 107, 115, 43, 241, 152, 61, 217, 69, 94, 77, 173, 232, 221, 199, 117, 218, 192, 141, 2, 210, 155, 125, 120, 3, 88, 176, 165, 246, 213, 47, 241] }, specialized: Some(ArtifactIdentity { module_kind: TriadSm89Finalist, artifact_kind: Ptx, compile_key: [133, 128, 24, 190, 32, 183, 243, 47, 125, 19, 195, 34, 213, 124, 3, 100, 172, 109, 241, 212, 59, 93, 129, 188, 152, 103, 234, 105, 50, 117, 55, 147], artifact_digest: [197, 70, 220, 248, 103, 204, 55, 105, 152, 37, 114, 35, 210, 231, 87, 89, 65, 249, 63, 157, 211, 165, 92, 160, 220, 172, 149, 145, 99, 74, 148, 224] }), sm89_half: Some(ArtifactIdentity { module_kind: TriadSm89Half, artifact_kind: Ptx, compile_key: [228, 198, 255, 152, 12, 214, 174, 185, 156, 44, 25, 66, 171, 82, 106, 95, 174, 208, 23, 180, 68, 156, 195, 48, 63, 14, 90, 81, 250, 7, 190, 96], artifact_digest: [135, 204, 111, 235, 233, 69, 88, 91, 153, 56, 191, 109, 118, 152, 71, 164, 100, 170, 158, 169, 77, 3, 171, 51, 119, 59, 114, 236, 215, 29, 238, 2] }) }","fixed_compiler":"CompilerIdentity { source_digest: [138, 180, 117, 44, 111, 75, 118, 100, 134, 219, 9, 210, 45, 223, 201, 157, 249, 61, 193, 235, 5, 7, 23, 127, 126, 223, 146, 204, 115, 18, 51, 244], invocation_digest: [45, 10, 102, 235, 138, 244, 97, 137, 24, 155, 70, 193, 253, 37, 210, 232, 133, 105, 255, 130, 100, 66, 7, 54, 35, 159, 194, 212, 140, 221, 68, 76], header_manifest_digest: [218, 132, 133, 168, 193, 166, 58, 16, 16, 132, 51, 202, 204, 220, 86, 29, 124, 184, 98, 49, 143, 210, 204, 118, 60, 75, 184, 194, 160, 117, 177, 189], target: CudaTarget { bytes: [115, 109, 95, 56, 57, 0, 0, 0, 0, 0, 0, 0, 0, 0, 0, 0], len: 5 }, nvrtc_version: (13, 0), nvrtc_library_domain: [112, 155, 145, 195, 107, 251, 14, 217, 102, 238, 105, 173, 200, 214, 248, 127, 241, 16, 238, 207, 61, 251, 80, 96, 54, 127, 24, 60, 230, 20, 235, 13], nvrtc_library_known: true, output_kind: Ptx, composer_revision: 1, compiler_revision: 3, numeric_abi_revision: 5, schedule_revision: 8 }","production_admission":false,"scalar_compiler":"CompilerIdentity { source_digest: [46, 194, 80, 187, 109, 173, 186, 103, 14, 36, 85, 42, 153, 57, 180, 195, 8, 171, 74, 15, 240, 195, 225, 30, 138, 195, 124, 98, 177, 254, 209, 98], invocation_digest: [206, 237, 166, 233, 213, 92, 253, 22, 109, 175, 214, 56, 169, 5, 93, 175, 138, 27, 176, 68, 245, 115, 195, 52, 158, 20, 123, 255, 3, 184, 254, 123], header_manifest_digest: [76, 60, 172, 174, 174, 125, 97, 215, 205, 18, 99, 225, 243, 152, 55, 228, 251, 231, 235, 13, 104, 174, 239, 177, 37, 48, 3, 79, 71, 19, 31, 100], target: CudaTarget { bytes: [115, 109, 95, 56, 57, 0, 0, 0, 0, 0, 0, 0, 0, 0, 0, 0], len: 5 }, nvrtc_version: (13, 0), nvrtc_library_domain: [112, 155, 145, 195, 107, 251, 14, 217, 102, 238, 105, 173, 200, 214, 248, 127, 241, 16, 238, 207, 61, 251, 80, 96, 54, 127, 24, 60, 230, 20, 235, 13], nvrtc_library_known: true, output_kind: Ptx, composer_revision: 1, compiler_revision: 3, numeric_abi_revision: 5, schedule_revision: 8 }","schema":"MambaBiNtCopyPlanSiblingsPreAdmissionIdentityV1"}
{"arm":"Candidate","cell":"d768_in_proj","nodes":[{"block":[32,16,1],"dynamic_shared":0,"grid":[96,24,1],"symbol":"gemm_bi_transpose_f32_32x16_d768_v1"},{"block":[128,1,1],"dynamic_shared":0,"grid":[384,1,1],"symbol":"gemm_bi_nn_fixed_sm89_f32_n64_copyplan_v1"}],"schema":"MambaBiNtCopyPlanSiblingsGraphV1"}
{"arm":"Auto","cell":"tail","nodes":[{"block":[128,1,1],"dynamic_shared":0,"grid":[6,1,1],"symbol":"gemm_bi_nt_narrow"}],"schema":"MambaBiNtCopyPlanSiblingsGraphV1"}
{"arm":"Auto","cell":"tail","oracle":"generic_exact","path":"eager","repeat":0,"schema":"MambaBiNtCopyPlanSiblingsBitsV1","words":4556}
{"arm":"Auto","cell":"tail","oracle":"generic_exact","path":"eager","repeat":1,"schema":"MambaBiNtCopyPlanSiblingsBitsV1","words":4556}
{"arm":"Auto","cell":"tail","oracle":"generic_exact","path":"graph","repeat":0,"schema":"MambaBiNtCopyPlanSiblingsBitsV1","words":4556}
{"arm":"Auto","cell":"tail","oracle":"generic_exact","path":"graph","repeat":1,"schema":"MambaBiNtCopyPlanSiblingsBitsV1","words":4556}
{"arm":"Candidate","cell":"tail","nodes":[{"block":[32,16,1],"dynamic_shared":0,"grid":[2,3,1],"symbol":"gemm_bi_transpose_f32_32x16_d768_v1"},{"block":[128,1,1],"dynamic_shared":0,"grid":[4,1,1],"symbol":"gemm_bi_nn_fixed_sm89_f32_n64_copyplan_v1"}],"schema":"MambaBiNtCopyPlanSiblingsGraphV1"}
{"arm":"Candidate","cell":"tail","oracle":"generic_exact","path":"eager","repeat":0,"schema":"MambaBiNtCopyPlanSiblingsBitsV1","words":4556}
{"arm":"Candidate","cell":"tail","oracle":"generic_exact","path":"eager","repeat":1,"schema":"MambaBiNtCopyPlanSiblingsBitsV1","words":4556}
{"arm":"Candidate","cell":"tail","oracle":"generic_exact","path":"graph","repeat":0,"schema":"MambaBiNtCopyPlanSiblingsBitsV1","words":4556}
{"arm":"Candidate","cell":"tail","oracle":"generic_exact","path":"graph","repeat":1,"schema":"MambaBiNtCopyPlanSiblingsBitsV1","words":4556}
{"arm":"Fast","cell":"tail","node_count":2,"schema":"MambaBiNtCopyPlanSiblingsGraphV1","timing":"whole_graph","vendor_abi":"opaque"}
{"arm":"Fast","cell":"tail","oracle":"vendor_self","path":"eager","repeat":0,"schema":"MambaBiNtCopyPlanSiblingsBitsV1","words":4556}
{"arm":"Fast","cell":"tail","oracle":"vendor_self","path":"eager","repeat":1,"schema":"MambaBiNtCopyPlanSiblingsBitsV1","words":4556}
{"arm":"Fast","cell":"tail","oracle":"vendor_self","path":"graph","repeat":0,"schema":"MambaBiNtCopyPlanSiblingsBitsV1","words":4556}
{"arm":"Fast","cell":"tail","oracle":"vendor_self","path":"graph","repeat":1,"schema":"MambaBiNtCopyPlanSiblingsBitsV1","words":4556}
{"arm":"Auto","cell":"exceptional","nodes":[{"block":[128,1,1],"dynamic_shared":0,"grid":[6,1,1],"symbol":"gemm_bi_nt_narrow"}],"schema":"MambaBiNtCopyPlanSiblingsGraphV1"}
{"arm":"Auto","cell":"exceptional","oracle":"generic_exact","path":"eager","repeat":0,"schema":"MambaBiNtCopyPlanSiblingsBitsV1","words":4556}
{"arm":"Auto","cell":"exceptional","oracle":"generic_exact","path":"eager","repeat":1,"schema":"MambaBiNtCopyPlanSiblingsBitsV1","words":4556}
{"arm":"Auto","cell":"exceptional","oracle":"generic_exact","path":"graph","repeat":0,"schema":"MambaBiNtCopyPlanSiblingsBitsV1","words":4556}
{"arm":"Auto","cell":"exceptional","oracle":"generic_exact","path":"graph","repeat":1,"schema":"MambaBiNtCopyPlanSiblingsBitsV1","words":4556}
{"arm":"Candidate","cell":"exceptional","nodes":[{"block":[32,16,1],"dynamic_shared":0,"grid":[2,3,1],"symbol":"gemm_bi_transpose_f32_32x16_d768_v1"},{"block":[128,1,1],"dynamic_shared":0,"grid":[4,1,1],"symbol":"gemm_bi_nn_fixed_sm89_f32_n64_copyplan_v1"}],"schema":"MambaBiNtCopyPlanSiblingsGraphV1"}
{"arm":"Candidate","cell":"exceptional","oracle":"generic_exact","path":"eager","repeat":0,"schema":"MambaBiNtCopyPlanSiblingsBitsV1","words":4556}
{"arm":"Candidate","cell":"exceptional","oracle":"generic_exact","path":"eager","repeat":1,"schema":"MambaBiNtCopyPlanSiblingsBitsV1","words":4556}
{"arm":"Candidate","cell":"exceptional","oracle":"generic_exact","path":"graph","repeat":0,"schema":"MambaBiNtCopyPlanSiblingsBitsV1","words":4556}
{"arm":"Candidate","cell":"exceptional","oracle":"generic_exact","path":"graph","repeat":1,"schema":"MambaBiNtCopyPlanSiblingsBitsV1","words":4556}
{"arm":"Fast","cell":"exceptional","node_count":2,"schema":"MambaBiNtCopyPlanSiblingsGraphV1","timing":"whole_graph","vendor_abi":"opaque"}
{"arm":"Fast","cell":"exceptional","oracle":"vendor_self","path":"eager","repeat":0,"schema":"MambaBiNtCopyPlanSiblingsBitsV1","words":4556}
{"arm":"Fast","cell":"exceptional","oracle":"vendor_self","path":"eager","repeat":1,"schema":"MambaBiNtCopyPlanSiblingsBitsV1","words":4556}
{"arm":"Fast","cell":"exceptional","oracle":"vendor_self","path":"graph","repeat":0,"schema":"MambaBiNtCopyPlanSiblingsBitsV1","words":4556}
{"arm":"Fast","cell":"exceptional","oracle":"vendor_self","path":"graph","repeat":1,"schema":"MambaBiNtCopyPlanSiblingsBitsV1","words":4556}
{"arm":"Auto","cell":"zero_reduction","nodes":[{"block":[256,1,1],"dynamic_shared":0,"grid":[18,1,1],"symbol":"gemm_bi_nt_zero_reduction_v1"}],"schema":"MambaBiNtCopyPlanSiblingsGraphV1"}
{"arm":"Auto","cell":"zero_reduction","oracle":"generic_exact","path":"eager","repeat":0,"schema":"MambaBiNtCopyPlanSiblingsBitsV1","words":4556}
{"arm":"Auto","cell":"zero_reduction","oracle":"generic_exact","path":"eager","repeat":1,"schema":"MambaBiNtCopyPlanSiblingsBitsV1","words":4556}
{"arm":"Auto","cell":"zero_reduction","oracle":"generic_exact","path":"graph","repeat":0,"schema":"MambaBiNtCopyPlanSiblingsBitsV1","words":4556}
{"arm":"Auto","cell":"zero_reduction","oracle":"generic_exact","path":"graph","repeat":1,"schema":"MambaBiNtCopyPlanSiblingsBitsV1","words":4556}
{"arm":"Candidate","cell":"zero_reduction","nodes":[{"block":[128,1,1],"dynamic_shared":0,"grid":[4,1,1],"symbol":"gemm_bi_nn_fixed_sm89_f32_n64_copyplan_v1"}],"schema":"MambaBiNtCopyPlanSiblingsGraphV1"}
{"arm":"Candidate","cell":"zero_reduction","oracle":"generic_exact","path":"eager","repeat":0,"schema":"MambaBiNtCopyPlanSiblingsBitsV1","words":4556}
{"arm":"Candidate","cell":"zero_reduction","oracle":"generic_exact","path":"eager","repeat":1,"schema":"MambaBiNtCopyPlanSiblingsBitsV1","words":4556}
{"arm":"Candidate","cell":"zero_reduction","oracle":"generic_exact","path":"graph","repeat":0,"schema":"MambaBiNtCopyPlanSiblingsBitsV1","words":4556}
{"arm":"Candidate","cell":"zero_reduction","oracle":"generic_exact","path":"graph","repeat":1,"schema":"MambaBiNtCopyPlanSiblingsBitsV1","words":4556}
{"arm":"Generic","cell":"nonunit_alpha","nodes":[{"block":[256,1,1],"dynamic_shared":33376,"grid":[1,1,1],"symbol":"gemm_bi_nt"}],"schema":"MambaBiNtCopyPlanSiblingsGraphV1"}
{"arm":"Candidate","cell":"nonunit_alpha","nodes":[{"block":[32,16,1],"dynamic_shared":0,"grid":[2,3,1],"symbol":"gemm_bi_transpose_f32_32x16_d768_v1"},{"block":[128,1,1],"dynamic_shared":0,"grid":[4,1,1],"symbol":"gemm_bi_nn_fixed_sm89_f32_n64_copyplan_v1"}],"schema":"MambaBiNtCopyPlanSiblingsGraphV1"}
{"arm":"Auto","cell":"d768_in_proj","nodes":[{"block":[256,1,1],"dynamic_shared":33376,"grid":[96,1,1],"symbol":"gemm_bi_nt"}],"schema":"MambaBiNtCopyPlanSiblingsGraphV1"}
{"arm":"Auto","cell":"d768_in_proj","oracle":"generic_exact","path":"eager","repeat":0,"schema":"MambaBiNtCopyPlanSiblingsBitsV1","words":1572864}
{"arm":"Auto","cell":"d768_in_proj","oracle":"generic_exact","path":"eager","repeat":1,"schema":"MambaBiNtCopyPlanSiblingsBitsV1","words":1572864}
{"arm":"Auto","cell":"d768_in_proj","oracle":"generic_exact","path":"graph","repeat":0,"schema":"MambaBiNtCopyPlanSiblingsBitsV1","words":1572864}
{"arm":"Auto","cell":"d768_in_proj","oracle":"generic_exact","path":"graph","repeat":1,"schema":"MambaBiNtCopyPlanSiblingsBitsV1","words":1572864}
{"arm":"Candidate","cell":"d768_in_proj","nodes":[{"block":[32,16,1],"dynamic_shared":0,"grid":[96,24,1],"symbol":"gemm_bi_transpose_f32_32x16_d768_v1"},{"block":[128,1,1],"dynamic_shared":0,"grid":[384,1,1],"symbol":"gemm_bi_nn_fixed_sm89_f32_n64_copyplan_v1"}],"schema":"MambaBiNtCopyPlanSiblingsGraphV1"}
{"arm":"Candidate","cell":"d768_in_proj","oracle":"generic_exact","path":"eager","repeat":0,"schema":"MambaBiNtCopyPlanSiblingsBitsV1","words":1572864}
{"arm":"Candidate","cell":"d768_in_proj","oracle":"generic_exact","path":"eager","repeat":1,"schema":"MambaBiNtCopyPlanSiblingsBitsV1","words":1572864}
{"arm":"Candidate","cell":"d768_in_proj","oracle":"generic_exact","path":"graph","repeat":0,"schema":"MambaBiNtCopyPlanSiblingsBitsV1","words":1572864}
{"arm":"Candidate","cell":"d768_in_proj","oracle":"generic_exact","path":"graph","repeat":1,"schema":"MambaBiNtCopyPlanSiblingsBitsV1","words":1572864}
{"arm":"Fast","cell":"d768_in_proj","node_count":1,"schema":"MambaBiNtCopyPlanSiblingsGraphV1","timing":"whole_graph","vendor_abi":"opaque"}
{"arm":"Fast","cell":"d768_in_proj","oracle":"vendor_self","path":"eager","repeat":0,"schema":"MambaBiNtCopyPlanSiblingsBitsV1","words":1572864}
{"arm":"Fast","cell":"d768_in_proj","oracle":"vendor_self","path":"eager","repeat":1,"schema":"MambaBiNtCopyPlanSiblingsBitsV1","words":1572864}
{"arm":"Fast","cell":"d768_in_proj","oracle":"vendor_self","path":"graph","repeat":0,"schema":"MambaBiNtCopyPlanSiblingsBitsV1","words":1572864}
{"arm":"Fast","cell":"d768_in_proj","oracle":"vendor_self","path":"graph","repeat":1,"schema":"MambaBiNtCopyPlanSiblingsBitsV1","words":1572864}
GPU quiet gate nt-copyplan-siblings-pre-admission/timed: uuid=GPU-d1edd7be-e88d-aed6-047d-622163306f0e gpu_util=0% memory_util=0% used=630MiB sm_clock=1800MHz temperature=42C pstate=P2; quiet_samples=5
{"arm":"Candidate","cell":"d768_in_proj","nodes":[{"block":[32,16,1],"dynamic_shared":0,"grid":[96,24,1],"symbol":"gemm_bi_transpose_f32_32x16_d768_v1"},{"block":[128,1,1],"dynamic_shared":0,"grid":[384,1,1],"symbol":"gemm_bi_nn_fixed_sm89_f32_n64_copyplan_v1"}],"schema":"MambaBiNtCopyPlanSiblingsGraphV1"}
{"arm":"Auto","cell":"d768_in_proj","nodes":[{"block":[256,1,1],"dynamic_shared":33376,"grid":[96,1,1],"symbol":"gemm_bi_nt"}],"schema":"MambaBiNtCopyPlanSiblingsGraphV1"}
{"cell":"d768_in_proj","order":"ABBA","path":"eager","phase":"once3","ratio_direction":"candidate_over_prior_actual_auto","ratio_p50":0.3366238054677538,"ratio_p95":0.3366447912727666,"raw_observations_us":[[276.2752056121826,822.0671653747559,822.1695899963379,276.94079875946045],[276.582407951355,822.0159530639648,822.0671653747559,276.88961029052734],[276.53119564056396,822.1695899963379,822.0159530639648,276.94079875946045]],"schema":"MambaBiNtCopyPlanSiblingsPreAdmissionScreenV1","toolkit":"(13, 0)","windows":3}
{"cell":"d768_in_proj","order":"BAAB","path":"eager","phase":"once3","ratio_direction":"candidate_over_prior_actual_auto","ratio_p50":0.33709930886793327,"ratio_p95":0.33737040309719046,"raw_observations_us":[[822.1183776855469,277.1456003189087,277.1600008010864,822.2208023071289],[822.0671653747559,277.04319953918457,276.8383979797363,822.2208023071289],[822.3232269287109,277.6576042175293,277.1456003189087,822.1695899963379]],"schema":"MambaBiNtCopyPlanSiblingsPreAdmissionScreenV1","toolkit":"(13, 0)","windows":3}
{"cell":"d768_in_proj","order":"ABBA","path":"graph","phase":"once3","ratio_direction":"candidate_over_prior_actual_auto","ratio_p50":0.33593847598784976,"ratio_p95":0.3362504092482802,"raw_observations_us":[[276.2239933013916,822.0159530639648,822.0159530639648,276.582407951355],[275.45599937438965,822.1183776855469,821.9648361206055,276.37760639190674],[276.37760639190674,822.1183776855469,822.2208023071289,276.01919174194336]],"schema":"MambaBiNtCopyPlanSiblingsPreAdmissionScreenV1","toolkit":"(13, 0)","windows":3}
{"cell":"d768_in_proj","order":"BAAB","path":"graph","phase":"once3","ratio_direction":"candidate_over_prior_actual_auto","ratio_p50":0.33567937535866116,"ratio_p95":0.33598033190027055,"raw_observations_us":[[822.0159530639648,275.40481090545654,275.3024101257324,822.0671653747559],[822.1183776855469,276.582407951355,275.8143901824951,822.0159530639648],[822.0159530639648,276.2752056121826,275.6095886230469,822.0671653747559]],"schema":"MambaBiNtCopyPlanSiblingsPreAdmissionScreenV1","toolkit":"(13, 0)","windows":3}
{"arm":"Candidate","cell":"d768_in_proj","nodes":[{"block":[32,16,1],"dynamic_shared":0,"grid":[96,24,1],"symbol":"gemm_bi_transpose_f32_32x16_d768_v1"},{"block":[128,1,1],"dynamic_shared":0,"grid":[384,1,1],"symbol":"gemm_bi_nn_fixed_sm89_f32_n64_copyplan_v1"}],"schema":"MambaBiNtCopyPlanSiblingsGraphV1"}
{"arm":"Auto","cell":"d768_in_proj","nodes":[{"block":[256,1,1],"dynamic_shared":33376,"grid":[96,1,1],"symbol":"gemm_bi_nt"}],"schema":"MambaBiNtCopyPlanSiblingsGraphV1"}
{"cell":"d768_in_proj","order":"ABBA","path":"eager","phase":"once7","ratio_direction":"candidate_over_prior_actual_auto","ratio_p50":0.3371639403777253,"ratio_p95":0.3373598826371204,"raw_observations_us":[[276.94079875946045,822.276782989502,822.2208023071289,277.1967887878418],[276.8383979797363,822.1183776855469,822.1759796142578,277.7600049972534],[277.04319953918457,822.1712112426758,822.2720146179199,277.45280265808105],[276.48000717163086,822.0159530639648,822.1695899963379,277.50399112701416],[277.2991895675659,822.2720146179199,822.2720146179199,277.50399112701416],[277.35040187835693,822.2208023071289,822.2208023071289,277.09600925445557],[276.69761180877686,822.1695899963379,822.1695899963379,277.5599956512451]],"schema":"MambaBiNtCopyPlanSiblingsPreAdmissionScreenV1","toolkit":"(13, 0)","windows":7}
{"cell":"d768_in_proj","order":"BAAB","path":"eager","phase":"once7","ratio_direction":"candidate_over_prior_actual_auto","ratio_p50":0.33760896502924387,"ratio_p95":0.33785714285714286,"raw_observations_us":[[822.2271919250488,277.96480655670166,277.6063919067383,822.1695899963379],[822.2720146179199,277.8111934661865,277.2480010986328,822.1695899963379],[822.374439239502,277.96480655670166,277.2480010986328,822.1695899963379],[822.1695899963379,277.6063919067383,277.10719108581543,822.1183776855469],[822.1695899963379,278.0672073364258,277.45280265808105,822.2208023071289],[822.374439239502,278.1696081161499,277.35040187835693,822.1695899963379],[822.2208023071289,277.91359424591064,277.04319953918457,822.374439239502]],"schema":"MambaBiNtCopyPlanSiblingsPreAdmissionScreenV1","toolkit":"(13, 0)","windows":7}
{"cell":"d768_in_proj","order":"ABBA","path":"graph","phase":"once7","ratio_direction":"candidate_over_prior_actual_auto","ratio_p50":0.33650740185266464,"ratio_p95":0.33700798573178486,"raw_observations_us":[[276.48000717163086,821.9648361206055,822.0272064208984,276.99201107025146],[276.7872095108032,822.1695899963379,822.0704078674316,276.99201107025146],[276.3263940811157,822.0671653747559,822.0159530639648,276.7872095108032],[276.582407951355,822.0671653747559,822.1695899963379,276.53119564056396],[276.2239933013916,822.0671653747559,821.9264030456543,276.99201107025146],[276.37760639190674,821.9136238098145,822.0671653747559,276.582407951355],[276.7872095108032,822.0671653747559,822.0671653747559,277.2991895675659]],"schema":"MambaBiNtCopyPlanSiblingsPreAdmissionScreenV1","toolkit":"(13, 0)","windows":7}
{"cell":"d768_in_proj","order":"BAAB","path":"graph","phase":"once7","ratio_direction":"candidate_over_prior_actual_auto","ratio_p50":0.3366971918997854,"ratio_p95":0.3369663651276287,"raw_observations_us":[[821.8624114990234,276.37760639190674,275.91679096221924,821.9679832458496],[821.9136238098145,276.88961029052734,277.04319953918457,821.9679832458496],[822.0671653747559,276.99201107025146,276.582407951355,822.0159530639648],[821.9648361206055,277.0944118499756,276.37760639190674,821.8624114990234],[822.1183776855469,277.2991895675659,276.2752056121826,822.0159530639648],[822.0159530639648,276.7359972000122,275.91679096221924,821.9648361206055],[822.1183776855469,277.0944118499756,276.7359972000122,822.1183776855469]],"schema":"MambaBiNtCopyPlanSiblingsPreAdmissionScreenV1","toolkit":"(13, 0)","windows":7}
{"candidate_symbols":["gemm_bi_transpose_f32_32x16_d768_v1","gemm_bi_nn_fixed_sm89_f32_n64_copyplan_v1"],"cell":"d768_in_proj","decision":"qualified_for_separate_identity_admission_commit","exact_oracle":"generic_exact_f32","once3":[[0.3366238054677538,0.3366447912727666],[0.33709930886793327,0.33737040309719046],[0.33593847598784976,0.3362504092482802],[0.33567937535866116,0.33598033190027055]],"once7":[[0.3371639403777253,0.3373598826371204],[0.33760896502924387,0.33785714285714286],[0.33650740185266464,0.33700798573178486],[0.3366971918997854,0.3369663651276287]],"prior_actual_auto_symbol":"gemm_bi_nt","production_admission":false,"schema":"MambaBiNtCopyPlanSiblingsPreAdmissionDecisionV1","shape":[2048,768,3072]}
{"arm":"Auto","cell":"prism","nodes":[{"block":[128,1,1],"dynamic_shared":0,"grid":[222,1,1],"symbol":"gemm_bi_nt_slim"}],"schema":"MambaBiNtCopyPlanSiblingsGraphV1"}
{"arm":"Auto","cell":"prism","oracle":"generic_exact","path":"eager","repeat":0,"schema":"MambaBiNtCopyPlanSiblingsBitsV1","words":1774464}
{"arm":"Auto","cell":"prism","oracle":"generic_exact","path":"eager","repeat":1,"schema":"MambaBiNtCopyPlanSiblingsBitsV1","words":1774464}
{"arm":"Auto","cell":"prism","oracle":"generic_exact","path":"graph","repeat":0,"schema":"MambaBiNtCopyPlanSiblingsBitsV1","words":1774464}
{"arm":"Auto","cell":"prism","oracle":"generic_exact","path":"graph","repeat":1,"schema":"MambaBiNtCopyPlanSiblingsBitsV1","words":1774464}
{"arm":"Candidate","cell":"prism","nodes":[{"block":[32,16,1],"dynamic_shared":0,"grid":[61,12,1],"symbol":"gemm_bi_transpose_f32_32x16_d768_v1"},{"block":[128,1,1],"dynamic_shared":0,"grid":[438,1,1],"symbol":"gemm_bi_nn_fixed_sm89_f32_n64_copyplan_v1"}],"schema":"MambaBiNtCopyPlanSiblingsGraphV1"}
{"arm":"Candidate","cell":"prism","oracle":"generic_exact","path":"eager","repeat":0,"schema":"MambaBiNtCopyPlanSiblingsBitsV1","words":1774464}
{"arm":"Candidate","cell":"prism","oracle":"generic_exact","path":"eager","repeat":1,"schema":"MambaBiNtCopyPlanSiblingsBitsV1","words":1774464}
{"arm":"Candidate","cell":"prism","oracle":"generic_exact","path":"graph","repeat":0,"schema":"MambaBiNtCopyPlanSiblingsBitsV1","words":1774464}
{"arm":"Candidate","cell":"prism","oracle":"generic_exact","path":"graph","repeat":1,"schema":"MambaBiNtCopyPlanSiblingsBitsV1","words":1774464}
{"arm":"Fast","cell":"prism","node_count":1,"schema":"MambaBiNtCopyPlanSiblingsGraphV1","timing":"whole_graph","vendor_abi":"opaque"}
{"arm":"Fast","cell":"prism","oracle":"vendor_self","path":"eager","repeat":0,"schema":"MambaBiNtCopyPlanSiblingsBitsV1","words":1774464}
{"arm":"Fast","cell":"prism","oracle":"vendor_self","path":"eager","repeat":1,"schema":"MambaBiNtCopyPlanSiblingsBitsV1","words":1774464}
{"arm":"Fast","cell":"prism","oracle":"vendor_self","path":"graph","repeat":0,"schema":"MambaBiNtCopyPlanSiblingsBitsV1","words":1774464}
{"arm":"Fast","cell":"prism","oracle":"vendor_self","path":"graph","repeat":1,"schema":"MambaBiNtCopyPlanSiblingsBitsV1","words":1774464}
GPU quiet gate nt-copyplan-siblings-pre-admission/timed: uuid=GPU-d1edd7be-e88d-aed6-047d-622163306f0e gpu_util=0% memory_util=0% used=630MiB sm_clock=1800MHz temperature=44C pstate=P2; quiet_samples=5
{"arm":"Candidate","cell":"prism","nodes":[{"block":[32,16,1],"dynamic_shared":0,"grid":[61,12,1],"symbol":"gemm_bi_transpose_f32_32x16_d768_v1"},{"block":[128,1,1],"dynamic_shared":0,"grid":[438,1,1],"symbol":"gemm_bi_nn_fixed_sm89_f32_n64_copyplan_v1"}],"schema":"MambaBiNtCopyPlanSiblingsGraphV1"}
{"arm":"Auto","cell":"prism","nodes":[{"block":[128,1,1],"dynamic_shared":0,"grid":[222,1,1],"symbol":"gemm_bi_nt_slim"}],"schema":"MambaBiNtCopyPlanSiblingsGraphV1"}
{"cell":"prism","order":"ABBA","path":"eager","phase":"once3","ratio_direction":"candidate_over_prior_actual_auto","ratio_p50":0.7973492144907389,"ratio_p95":0.7980696902941286,"raw_observations_us":[[299.5807886123657,375.6319999694824,375.7456064224243,299.5136022567749],[298.98080825805664,375.40481090545654,375.3407955169678,299.6256113052368],[299.4688034057617,375.1919984817505,375.2687931060791,299.451208114624]],"schema":"MambaBiNtCopyPlanSiblingsPreAdmissionScreenV1","toolkit":"(13, 0)","windows":3}
{"cell":"prism","order":"BAAB","path":"eager","phase":"once3","ratio_direction":"candidate_over_prior_actual_auto","ratio_p50":0.7978243131623598,"ratio_p95":0.7985537628967448,"raw_observations_us":[[375.30078887939453,299.56960678100586,299.1152048110962,375.0960111618042],[375.2239942550659,299.01440143585205,299.24159049987793,375.05760192871094],[375.21440982818604,299.53439235687256,299.6351957321167,375.1039981842041]],"schema":"MambaBiNtCopyPlanSiblingsPreAdmissionScreenV1","toolkit":"(13, 0)","windows":3}
{"cell":"prism","order":"ABBA","path":"graph","phase":"once3","ratio_direction":"candidate_over_prior_actual_auto","ratio_p50":0.7961242773025006,"ratio_p95":0.7964602602541894,"raw_observations_us":[[298.5568046569824,374.92640018463135,375.14240741729736,298.8431930541992],[298.5167980194092,375.0,375.12800693511963,298.42400550842285],[298.8192081451416,375.0096082687378,375.0943899154663,298.3567953109741]],"schema":"MambaBiNtCopyPlanSiblingsPreAdmissionScreenV1","toolkit":"(13, 0)","windows":3}
{"cell":"prism","order":"BAAB","path":"graph","phase":"once3","ratio_direction":"candidate_over_prior_actual_auto","ratio_p50":0.7962547279675994,"ratio_p95":0.7972604260350123,"raw_observations_us":[[375.06721019744873,298.5503911972046,298.2448101043701,375.0080108642578],[374.98559951782227,298.4895944595337,298.635196685791,374.9311923980713],[374.9808073043823,299.0623950958252,298.89440536499023,375.0335931777954]],"schema":"MambaBiNtCopyPlanSiblingsPreAdmissionScreenV1","toolkit":"(13, 0)","windows":3}
{"arm":"Candidate","cell":"prism","nodes":[{"block":[32,16,1],"dynamic_shared":0,"grid":[61,12,1],"symbol":"gemm_bi_transpose_f32_32x16_d768_v1"},{"block":[128,1,1],"dynamic_shared":0,"grid":[438,1,1],"symbol":"gemm_bi_nn_fixed_sm89_f32_n64_copyplan_v1"}],"schema":"MambaBiNtCopyPlanSiblingsGraphV1"}
{"arm":"Auto","cell":"prism","nodes":[{"block":[128,1,1],"dynamic_shared":0,"grid":[222,1,1],"symbol":"gemm_bi_nt_slim"}],"schema":"MambaBiNtCopyPlanSiblingsGraphV1"}
{"cell":"prism","order":"ABBA","path":"eager","phase":"once7","ratio_direction":"candidate_over_prior_actual_auto","ratio_p50":0.7981589752680277,"ratio_p95":0.7985109389713854,"raw_observations_us":[[299.41439628601074,375.3312110900879,375.2496004104614,299.4960069656372],[299.3056058883667,375.19359588623047,375.17120838165283,299.60479736328125],[299.25599098205566,375.1919984817505,375.34239292144775,299.4463920593262],[299.4784116744995,375.1728057861328,375.3024101257324,299.27680492401123],[299.3472099304199,375.052809715271,375.34399032592773,299.7744083404541],[299.5807886123657,375.0416040420532,375.1888036727905,299.4863986968994],[299.57120418548584,375.0880002975464,375.1584053039551,299.2511987686157]],"schema":"MambaBiNtCopyPlanSiblingsPreAdmissionScreenV1","toolkit":"(13, 0)","windows":7}
{"cell":"prism","order":"BAAB","path":"eager","phase":"once7","ratio_direction":"candidate_over_prior_actual_auto","ratio_p50":0.7980827962562751,"ratio_p95":0.7985876632160155,"raw_observations_us":[[375.2592086791992,299.87359046936035,299.12800788879395,375.0240087509155],[375.2671957015991,299.69921112060547,299.3056058883667,375.06399154663086],[375.2592086791992,299.28319454193115,299.5055913925171,375.06721019744873],[375.1231908798218,299.5471954345703,299.2192029953003,375.13279914855957],[375.2271890640259,299.1584062576294,299.20480251312256,375.17919540405273],[375.2687931060791,299.783992767334,299.49278831481934,375.15199184417725],[375.36160945892334,299.72479343414307,299.07360076904297,375.16160011291504]],"schema":"MambaBiNtCopyPlanSiblingsPreAdmissionScreenV1","toolkit":"(13, 0)","windows":7}
{"cell":"prism","order":"ABBA","path":"graph","phase":"once7","ratio_direction":"candidate_over_prior_actual_auto","ratio_p50":0.7964108187445856,"ratio_p95":0.7971476952441192,"raw_observations_us":[[298.42560291290283,375.0175952911377,375.1296043395996,298.473596572876],[298.85919094085693,374.89280700683594,375.164794921875,297.9743957519531],[298.36320877075195,374.9919891357422,375.08320808410645,299.00479316711426],[298.66719245910645,374.96960163116455,375.0159978866577,298.7776041030884],[298.8384008407593,374.94399547576904,375.1039981842041,298.64799976348877],[298.49278926849365,374.8415946960449,375.44639110565186,298.8368034362793],[299.03039932250977,375.0175952911377,375.0848054885864,298.91200065612793]],"schema":"MambaBiNtCopyPlanSiblingsPreAdmissionScreenV1","toolkit":"(13, 0)","windows":7}
{"cell":"prism","order":"BAAB","path":"graph","phase":"once7","ratio_direction":"candidate_over_prior_actual_auto","ratio_p50":0.796307366569484,"ratio_p95":0.7970329096437271,"raw_observations_us":[[374.9648094177246,298.85919094085693,298.1391906738281,374.89280700683594],[375.12478828430176,298.6079931259155,298.4303951263428,374.8847961425781],[375.1136064529419,298.91679286956787,298.8464117050171,374.87199306488037],[375.3472089767456,298.6079931259155,298.63200187683105,374.9936103820801],[375.0688076019287,299.01280403137207,298.46880435943604,375.0623941421509],[375.1215934753418,298.9311933517456,298.8368034362793,374.9488115310669],[375.05760192871094,298.7407922744751,298.5215902328491,374.9824047088623]],"schema":"MambaBiNtCopyPlanSiblingsPreAdmissionScreenV1","toolkit":"(13, 0)","windows":7}
{"candidate_symbols":["gemm_bi_transpose_f32_32x16_d768_v1","gemm_bi_nn_fixed_sm89_f32_n64_copyplan_v1"],"cell":"prism","decision":"qualified_for_separate_identity_admission_commit","exact_oracle":"generic_exact_f32","once3":[[0.7973492144907389,0.7980696902941286],[0.7978243131623598,0.7985537628967448],[0.7961242773025006,0.7964602602541894],[0.7962547279675994,0.7972604260350123]],"once7":[[0.7981589752680277,0.7985109389713854],[0.7980827962562751,0.7985876632160155],[0.7964108187445856,0.7971476952441192],[0.796307366569484,0.7970329096437271]],"prior_actual_auto_symbol":"gemm_bi_nt_slim","production_admission":false,"schema":"MambaBiNtCopyPlanSiblingsPreAdmissionDecisionV1","shape":[4621,384,1928]}
GPU quiet gate nt-copyplan-siblings-pre-admission/post: uuid=GPU-d1edd7be-e88d-aed6-047d-622163306f0e gpu_util=0% memory_util=0% used=488MiB sm_clock=1800MHz temperature=45C pstate=P2; quiet_samples=5
ok

test result: ok. 1 passed; 0 failed; 0 ignored; 0 measured; 28 filtered out; finished in 132.04s

