    Finished `release` profile [optimized] target(s) in 0.07s
     Running tests/gemm_bi_scalar_nt_copyplan_siblings_discovery.rs (target/release/deps/gemm_bi_scalar_nt_copyplan_siblings_discovery-36041d9f0e518835)

running 1 test
test cuda_suite::ada_f32_nt_copyplan_siblings_pre_admission_qualification ... GPU quiet gate nt-copyplan-siblings-pre-admission/pre: uuid=GPU-d1edd7be-e88d-aed6-047d-622163306f0e gpu_util=0% memory_util=0% used=48MiB sm_clock=1800MHz temperature=39C pstate=P5; quiet_samples=5
{"artifacts":"ArtifactSetIdentity { module_count: 5, ordered_digest: [118, 199, 48, 74, 227, 203, 185, 82, 49, 102, 97, 251, 161, 77, 239, 65, 240, 232, 12, 196, 205, 158, 222, 3, 240, 68, 215, 188, 54, 125, 128, 70], fixed: ArtifactIdentity { module_kind: Fixed, artifact_kind: Ptx, compile_key: [32, 77, 9, 30, 22, 161, 165, 101, 87, 89, 129, 8, 255, 2, 63, 98, 86, 135, 134, 83, 101, 160, 247, 120, 221, 189, 136, 145, 188, 44, 241, 226], artifact_digest: [86, 224, 182, 36, 161, 8, 64, 215, 136, 160, 136, 29, 92, 84, 77, 196, 130, 128, 8, 82, 58, 12, 53, 77, 17, 183, 207, 153, 220, 227, 86, 196] }, triad_scalar: ArtifactIdentity { module_kind: TriadScalar, artifact_kind: Ptx, compile_key: [218, 93, 171, 239, 245, 85, 112, 209, 251, 108, 164, 58, 29, 74, 138, 167, 162, 169, 210, 94, 251, 100, 54, 237, 127, 3, 196, 162, 138, 115, 217, 134], artifact_digest: [92, 168, 107, 194, 225, 189, 85, 72, 151, 126, 12, 24, 208, 40, 121, 21, 226, 125, 87, 34, 111, 28, 195, 221, 15, 95, 218, 241, 90, 84, 157, 184] }, triad_sm80: ArtifactIdentity { module_kind: TriadSm80, artifact_kind: Ptx, compile_key: [115, 251, 236, 117, 87, 169, 84, 98, 165, 85, 227, 159, 27, 60, 148, 232, 210, 188, 199, 4, 122, 20, 248, 243, 227, 250, 81, 167, 104, 236, 91, 154], artifact_digest: [182, 33, 78, 28, 44, 79, 121, 42, 106, 118, 91, 225, 249, 77, 81, 41, 74, 253, 10, 235, 71, 79, 144, 231, 6, 72, 80, 88, 192, 209, 9, 71] }, specialized: Some(ArtifactIdentity { module_kind: TriadSm89Finalist, artifact_kind: Ptx, compile_key: [54, 45, 78, 31, 176, 70, 102, 41, 149, 247, 205, 185, 127, 45, 224, 246, 72, 179, 174, 228, 242, 144, 44, 10, 42, 3, 108, 71, 152, 96, 59, 247], artifact_digest: [209, 167, 9, 143, 78, 33, 107, 163, 185, 173, 90, 124, 33, 183, 129, 54, 243, 83, 10, 103, 225, 237, 213, 103, 10, 251, 107, 162, 128, 49, 68, 20] }), sm89_half: Some(ArtifactIdentity { module_kind: TriadSm89Half, artifact_kind: Ptx, compile_key: [194, 83, 83, 1, 192, 182, 74, 66, 235, 124, 226, 77, 53, 40, 140, 144, 217, 191, 27, 117, 210, 213, 103, 70, 140, 81, 65, 11, 141, 109, 254, 218], artifact_digest: [220, 220, 171, 117, 135, 194, 150, 90, 30, 127, 214, 105, 105, 44, 253, 170, 211, 80, 75, 69, 163, 60, 17, 232, 75, 184, 31, 114, 253, 194, 171, 128] }) }","fixed_compiler":"CompilerIdentity { source_digest: [138, 180, 117, 44, 111, 75, 118, 100, 134, 219, 9, 210, 45, 223, 201, 157, 249, 61, 193, 235, 5, 7, 23, 127, 126, 223, 146, 204, 115, 18, 51, 244], invocation_digest: [32, 77, 9, 30, 22, 161, 165, 101, 87, 89, 129, 8, 255, 2, 63, 98, 86, 135, 134, 83, 101, 160, 247, 120, 221, 189, 136, 145, 188, 44, 241, 226], header_manifest_digest: [241, 78, 18, 144, 40, 231, 99, 194, 47, 184, 123, 148, 74, 200, 185, 15, 38, 61, 71, 64, 96, 253, 93, 173, 112, 170, 225, 113, 55, 243, 150, 98], target: CudaTarget { bytes: [115, 109, 95, 56, 57, 0, 0, 0, 0, 0, 0, 0, 0, 0, 0, 0], len: 5 }, nvrtc_version: (12, 8), nvrtc_library_domain: [38, 176, 163, 160, 32, 68, 255, 203, 193, 105, 63, 216, 62, 146, 97, 190, 255, 166, 146, 164, 251, 207, 227, 172, 94, 157, 140, 135, 152, 11, 177, 85], nvrtc_library_known: true, output_kind: Ptx, composer_revision: 1, compiler_revision: 3, numeric_abi_revision: 5, schedule_revision: 8 }","production_admission":false,"scalar_compiler":"CompilerIdentity { source_digest: [46, 194, 80, 187, 109, 173, 186, 103, 14, 36, 85, 42, 153, 57, 180, 195, 8, 171, 74, 15, 240, 195, 225, 30, 138, 195, 124, 98, 177, 254, 209, 98], invocation_digest: [218, 93, 171, 239, 245, 85, 112, 209, 251, 108, 164, 58, 29, 74, 138, 167, 162, 169, 210, 94, 251, 100, 54, 237, 127, 3, 196, 162, 138, 115, 217, 134], header_manifest_digest: [44, 148, 40, 137, 0, 51, 35, 230, 249, 225, 48, 218, 59, 163, 27, 198, 52, 146, 222, 76, 152, 54, 15, 166, 85, 141, 79, 191, 226, 8, 18, 174], target: CudaTarget { bytes: [115, 109, 95, 56, 57, 0, 0, 0, 0, 0, 0, 0, 0, 0, 0, 0], len: 5 }, nvrtc_version: (12, 8), nvrtc_library_domain: [38, 176, 163, 160, 32, 68, 255, 203, 193, 105, 63, 216, 62, 146, 97, 190, 255, 166, 146, 164, 251, 207, 227, 172, 94, 157, 140, 135, 152, 11, 177, 85], nvrtc_library_known: true, output_kind: Ptx, composer_revision: 1, compiler_revision: 3, numeric_abi_revision: 5, schedule_revision: 8 }","schema":"MambaBiNtCopyPlanSiblingsPreAdmissionIdentityV1"}
{"arm":"Candidate","cell":"d768_in_proj","nodes":[{"block":[32,16,1],"dynamic_shared":0,"grid":[96,24,1],"symbol":"gemm_bi_transpose_f32_32x16_d768_v1"},{"block":[128,1,1],"dynamic_shared":0,"grid":[384,1,1],"symbol":"gemm_bi_nn_fixed_sm89_f32_n64_copyplan_v1"}],"schema":"MambaBiNtCopyPlanSiblingsGraphV1"}
{"arm":"Auto","cell":"tail","nodes":[{"block":[128,1,1],"dynamic_shared":0,"grid":[6,1,1],"symbol":"gemm_bi_nt_narrow"}],"schema":"MambaBiNtCopyPlanSiblingsGraphV1"}
{"arm":"Auto","cell":"tail","oracle":"generic_exact","path":"eager","repeat":0,"schema":"MambaBiNtCopyPlanSiblingsBitsV1","words":4556}
{"arm":"Auto","cell":"tail","oracle":"generic_exact","path":"eager","repeat":1,"schema":"MambaBiNtCopyPlanSiblingsBitsV1","words":4556}
{"arm":"Auto","cell":"tail","oracle":"generic_exact","path":"graph","repeat":0,"schema":"MambaBiNtCopyPlanSiblingsBitsV1","words":4556}
{"arm":"Auto","cell":"tail","oracle":"generic_exact","path":"graph","repeat":1,"schema":"MambaBiNtCopyPlanSiblingsBitsV1","words":4556}
{"arm":"Candidate","cell":"tail","nodes":[{"block":[32,16,1],"dynamic_shared":0,"grid":[2,3,1],"symbol":"gemm_bi_transpose_f32_32x16_d768_v1"},{"block":[128,1,1],"dynamic_shared":0,"grid":[4,1,1],"symbol":"gemm_bi_nn_fixed_sm89_f32_n64_copyplan_v1"}],"schema":"MambaBiNtCopyPlanSiblingsGraphV1"}
{"arm":"Candidate","cell":"tail","oracle":"generic_exact","path":"eager","repeat":0,"schema":"MambaBiNtCopyPlanSiblingsBitsV1","words":4556}
{"arm":"Candidate","cell":"tail","oracle":"generic_exact","path":"eager","repeat":1,"schema":"MambaBiNtCopyPlanSiblingsBitsV1","words":4556}
{"arm":"Candidate","cell":"tail","oracle":"generic_exact","path":"graph","repeat":0,"schema":"MambaBiNtCopyPlanSiblingsBitsV1","words":4556}
{"arm":"Candidate","cell":"tail","oracle":"generic_exact","path":"graph","repeat":1,"schema":"MambaBiNtCopyPlanSiblingsBitsV1","words":4556}
{"arm":"Fast","cell":"tail","node_count":2,"schema":"MambaBiNtCopyPlanSiblingsGraphV1","timing":"whole_graph","vendor_abi":"opaque"}
{"arm":"Fast","cell":"tail","oracle":"vendor_self","path":"eager","repeat":0,"schema":"MambaBiNtCopyPlanSiblingsBitsV1","words":4556}
{"arm":"Fast","cell":"tail","oracle":"vendor_self","path":"eager","repeat":1,"schema":"MambaBiNtCopyPlanSiblingsBitsV1","words":4556}
{"arm":"Fast","cell":"tail","oracle":"vendor_self","path":"graph","repeat":0,"schema":"MambaBiNtCopyPlanSiblingsBitsV1","words":4556}
{"arm":"Fast","cell":"tail","oracle":"vendor_self","path":"graph","repeat":1,"schema":"MambaBiNtCopyPlanSiblingsBitsV1","words":4556}
{"arm":"Auto","cell":"exceptional","nodes":[{"block":[128,1,1],"dynamic_shared":0,"grid":[6,1,1],"symbol":"gemm_bi_nt_narrow"}],"schema":"MambaBiNtCopyPlanSiblingsGraphV1"}
{"arm":"Auto","cell":"exceptional","oracle":"generic_exact","path":"eager","repeat":0,"schema":"MambaBiNtCopyPlanSiblingsBitsV1","words":4556}
{"arm":"Auto","cell":"exceptional","oracle":"generic_exact","path":"eager","repeat":1,"schema":"MambaBiNtCopyPlanSiblingsBitsV1","words":4556}
{"arm":"Auto","cell":"exceptional","oracle":"generic_exact","path":"graph","repeat":0,"schema":"MambaBiNtCopyPlanSiblingsBitsV1","words":4556}
{"arm":"Auto","cell":"exceptional","oracle":"generic_exact","path":"graph","repeat":1,"schema":"MambaBiNtCopyPlanSiblingsBitsV1","words":4556}
{"arm":"Candidate","cell":"exceptional","nodes":[{"block":[32,16,1],"dynamic_shared":0,"grid":[2,3,1],"symbol":"gemm_bi_transpose_f32_32x16_d768_v1"},{"block":[128,1,1],"dynamic_shared":0,"grid":[4,1,1],"symbol":"gemm_bi_nn_fixed_sm89_f32_n64_copyplan_v1"}],"schema":"MambaBiNtCopyPlanSiblingsGraphV1"}
{"arm":"Candidate","cell":"exceptional","oracle":"generic_exact","path":"eager","repeat":0,"schema":"MambaBiNtCopyPlanSiblingsBitsV1","words":4556}
{"arm":"Candidate","cell":"exceptional","oracle":"generic_exact","path":"eager","repeat":1,"schema":"MambaBiNtCopyPlanSiblingsBitsV1","words":4556}
{"arm":"Candidate","cell":"exceptional","oracle":"generic_exact","path":"graph","repeat":0,"schema":"MambaBiNtCopyPlanSiblingsBitsV1","words":4556}
{"arm":"Candidate","cell":"exceptional","oracle":"generic_exact","path":"graph","repeat":1,"schema":"MambaBiNtCopyPlanSiblingsBitsV1","words":4556}
{"arm":"Fast","cell":"exceptional","node_count":2,"schema":"MambaBiNtCopyPlanSiblingsGraphV1","timing":"whole_graph","vendor_abi":"opaque"}
{"arm":"Fast","cell":"exceptional","oracle":"vendor_self","path":"eager","repeat":0,"schema":"MambaBiNtCopyPlanSiblingsBitsV1","words":4556}
{"arm":"Fast","cell":"exceptional","oracle":"vendor_self","path":"eager","repeat":1,"schema":"MambaBiNtCopyPlanSiblingsBitsV1","words":4556}
{"arm":"Fast","cell":"exceptional","oracle":"vendor_self","path":"graph","repeat":0,"schema":"MambaBiNtCopyPlanSiblingsBitsV1","words":4556}
{"arm":"Fast","cell":"exceptional","oracle":"vendor_self","path":"graph","repeat":1,"schema":"MambaBiNtCopyPlanSiblingsBitsV1","words":4556}
{"arm":"Auto","cell":"zero_reduction","nodes":[{"block":[256,1,1],"dynamic_shared":0,"grid":[18,1,1],"symbol":"gemm_bi_nt_zero_reduction_v1"}],"schema":"MambaBiNtCopyPlanSiblingsGraphV1"}
{"arm":"Auto","cell":"zero_reduction","oracle":"generic_exact","path":"eager","repeat":0,"schema":"MambaBiNtCopyPlanSiblingsBitsV1","words":4556}
{"arm":"Auto","cell":"zero_reduction","oracle":"generic_exact","path":"eager","repeat":1,"schema":"MambaBiNtCopyPlanSiblingsBitsV1","words":4556}
{"arm":"Auto","cell":"zero_reduction","oracle":"generic_exact","path":"graph","repeat":0,"schema":"MambaBiNtCopyPlanSiblingsBitsV1","words":4556}
{"arm":"Auto","cell":"zero_reduction","oracle":"generic_exact","path":"graph","repeat":1,"schema":"MambaBiNtCopyPlanSiblingsBitsV1","words":4556}
{"arm":"Candidate","cell":"zero_reduction","nodes":[{"block":[128,1,1],"dynamic_shared":0,"grid":[4,1,1],"symbol":"gemm_bi_nn_fixed_sm89_f32_n64_copyplan_v1"}],"schema":"MambaBiNtCopyPlanSiblingsGraphV1"}
{"arm":"Candidate","cell":"zero_reduction","oracle":"generic_exact","path":"eager","repeat":0,"schema":"MambaBiNtCopyPlanSiblingsBitsV1","words":4556}
{"arm":"Candidate","cell":"zero_reduction","oracle":"generic_exact","path":"eager","repeat":1,"schema":"MambaBiNtCopyPlanSiblingsBitsV1","words":4556}
{"arm":"Candidate","cell":"zero_reduction","oracle":"generic_exact","path":"graph","repeat":0,"schema":"MambaBiNtCopyPlanSiblingsBitsV1","words":4556}
{"arm":"Candidate","cell":"zero_reduction","oracle":"generic_exact","path":"graph","repeat":1,"schema":"MambaBiNtCopyPlanSiblingsBitsV1","words":4556}
{"arm":"Generic","cell":"nonunit_alpha","nodes":[{"block":[256,1,1],"dynamic_shared":33376,"grid":[1,1,1],"symbol":"gemm_bi_nt"}],"schema":"MambaBiNtCopyPlanSiblingsGraphV1"}
{"arm":"Candidate","cell":"nonunit_alpha","nodes":[{"block":[32,16,1],"dynamic_shared":0,"grid":[2,3,1],"symbol":"gemm_bi_transpose_f32_32x16_d768_v1"},{"block":[128,1,1],"dynamic_shared":0,"grid":[4,1,1],"symbol":"gemm_bi_nn_fixed_sm89_f32_n64_copyplan_v1"}],"schema":"MambaBiNtCopyPlanSiblingsGraphV1"}
{"arm":"Auto","cell":"d768_in_proj","nodes":[{"block":[256,1,1],"dynamic_shared":33376,"grid":[96,1,1],"symbol":"gemm_bi_nt"}],"schema":"MambaBiNtCopyPlanSiblingsGraphV1"}
{"arm":"Auto","cell":"d768_in_proj","oracle":"generic_exact","path":"eager","repeat":0,"schema":"MambaBiNtCopyPlanSiblingsBitsV1","words":1572864}
{"arm":"Auto","cell":"d768_in_proj","oracle":"generic_exact","path":"eager","repeat":1,"schema":"MambaBiNtCopyPlanSiblingsBitsV1","words":1572864}
{"arm":"Auto","cell":"d768_in_proj","oracle":"generic_exact","path":"graph","repeat":0,"schema":"MambaBiNtCopyPlanSiblingsBitsV1","words":1572864}
{"arm":"Auto","cell":"d768_in_proj","oracle":"generic_exact","path":"graph","repeat":1,"schema":"MambaBiNtCopyPlanSiblingsBitsV1","words":1572864}
{"arm":"Candidate","cell":"d768_in_proj","nodes":[{"block":[32,16,1],"dynamic_shared":0,"grid":[96,24,1],"symbol":"gemm_bi_transpose_f32_32x16_d768_v1"},{"block":[128,1,1],"dynamic_shared":0,"grid":[384,1,1],"symbol":"gemm_bi_nn_fixed_sm89_f32_n64_copyplan_v1"}],"schema":"MambaBiNtCopyPlanSiblingsGraphV1"}
{"arm":"Candidate","cell":"d768_in_proj","oracle":"generic_exact","path":"eager","repeat":0,"schema":"MambaBiNtCopyPlanSiblingsBitsV1","words":1572864}
{"arm":"Candidate","cell":"d768_in_proj","oracle":"generic_exact","path":"eager","repeat":1,"schema":"MambaBiNtCopyPlanSiblingsBitsV1","words":1572864}
{"arm":"Candidate","cell":"d768_in_proj","oracle":"generic_exact","path":"graph","repeat":0,"schema":"MambaBiNtCopyPlanSiblingsBitsV1","words":1572864}
{"arm":"Candidate","cell":"d768_in_proj","oracle":"generic_exact","path":"graph","repeat":1,"schema":"MambaBiNtCopyPlanSiblingsBitsV1","words":1572864}
{"arm":"Fast","cell":"d768_in_proj","node_count":1,"schema":"MambaBiNtCopyPlanSiblingsGraphV1","timing":"whole_graph","vendor_abi":"opaque"}
{"arm":"Fast","cell":"d768_in_proj","oracle":"vendor_self","path":"eager","repeat":0,"schema":"MambaBiNtCopyPlanSiblingsBitsV1","words":1572864}
{"arm":"Fast","cell":"d768_in_proj","oracle":"vendor_self","path":"eager","repeat":1,"schema":"MambaBiNtCopyPlanSiblingsBitsV1","words":1572864}
{"arm":"Fast","cell":"d768_in_proj","oracle":"vendor_self","path":"graph","repeat":0,"schema":"MambaBiNtCopyPlanSiblingsBitsV1","words":1572864}
{"arm":"Fast","cell":"d768_in_proj","oracle":"vendor_self","path":"graph","repeat":1,"schema":"MambaBiNtCopyPlanSiblingsBitsV1","words":1572864}
GPU quiet gate nt-copyplan-siblings-pre-admission/timed: uuid=GPU-d1edd7be-e88d-aed6-047d-622163306f0e gpu_util=0% memory_util=0% used=630MiB sm_clock=1800MHz temperature=41C pstate=P2; quiet_samples=5
{"arm":"Candidate","cell":"d768_in_proj","nodes":[{"block":[32,16,1],"dynamic_shared":0,"grid":[96,24,1],"symbol":"gemm_bi_transpose_f32_32x16_d768_v1"},{"block":[128,1,1],"dynamic_shared":0,"grid":[384,1,1],"symbol":"gemm_bi_nn_fixed_sm89_f32_n64_copyplan_v1"}],"schema":"MambaBiNtCopyPlanSiblingsGraphV1"}
{"arm":"Auto","cell":"d768_in_proj","nodes":[{"block":[256,1,1],"dynamic_shared":33376,"grid":[96,1,1],"symbol":"gemm_bi_nt"}],"schema":"MambaBiNtCopyPlanSiblingsGraphV1"}
{"cell":"d768_in_proj","order":"ABBA","path":"eager","phase":"once3","ratio_direction":"candidate_over_prior_actual_auto","ratio_p50":0.33714914581579136,"ratio_p95":0.3374441519623365,"raw_observations_us":[[277.3008108139038,822.2208023071289,822.2208023071289,277.6063919067383],[276.94079875946045,822.374439239502,822.2864151000977,277.5552034378052],[276.6335964202881,822.1695899963379,822.2720146179199,277.3103952407837]],"schema":"MambaBiNtCopyPlanSiblingsPreAdmissionScreenV1","toolkit":"(12, 8)","windows":3}
{"cell":"d768_in_proj","order":"BAAB","path":"eager","phase":"once3","ratio_direction":"candidate_over_prior_actual_auto","ratio_p50":0.33727662407667963,"ratio_p95":0.33743345261617463,"raw_observations_us":[[822.2720146179199,277.86240577697754,276.8383979797363,822.374439239502],[822.1183776855469,277.5552034378052,277.2480010986328,822.0671653747559],[822.0671653747559,277.50399112701416,276.6848087310791,822.3232269287109]],"schema":"MambaBiNtCopyPlanSiblingsPreAdmissionScreenV1","toolkit":"(12, 8)","windows":3}
{"cell":"d768_in_proj","order":"ABBA","path":"graph","phase":"once3","ratio_direction":"candidate_over_prior_actual_auto","ratio_p50":0.336063280518847,"ratio_p95":0.3361878561193142,"raw_observations_us":[[276.01919174194336,822.0671653747559,822.1183776855469,276.53119564056396],[276.1728048324585,822.0671653747559,822.1183776855469,276.582407951355],[276.2239933013916,822.0671653747559,822.1183776855469,276.3263940811157]],"schema":"MambaBiNtCopyPlanSiblingsPreAdmissionScreenV1","toolkit":"(12, 8)","windows":3}
{"cell":"d768_in_proj","order":"BAAB","path":"graph","phase":"once3","ratio_direction":"candidate_over_prior_actual_auto","ratio_p50":0.33615697244213155,"ratio_p95":0.3363639231783128,"raw_observations_us":[[822.0159530639648,277.04319953918457,275.6095886230469,822.0159530639648],[822.1695899963379,276.88961029052734,276.2239933013916,822.2208023071289],[821.9136238098145,276.6848087310791,275.8143901824951,822.1183776855469]],"schema":"MambaBiNtCopyPlanSiblingsPreAdmissionScreenV1","toolkit":"(12, 8)","windows":3}
{"arm":"Candidate","cell":"d768_in_proj","nodes":[{"block":[32,16,1],"dynamic_shared":0,"grid":[96,24,1],"symbol":"gemm_bi_transpose_f32_32x16_d768_v1"},{"block":[128,1,1],"dynamic_shared":0,"grid":[384,1,1],"symbol":"gemm_bi_nn_fixed_sm89_f32_n64_copyplan_v1"}],"schema":"MambaBiNtCopyPlanSiblingsGraphV1"}
{"arm":"Auto","cell":"d768_in_proj","nodes":[{"block":[256,1,1],"dynamic_shared":33376,"grid":[96,1,1],"symbol":"gemm_bi_nt"}],"schema":"MambaBiNtCopyPlanSiblingsGraphV1"}
{"cell":"d768_in_proj","order":"ABBA","path":"eager","phase":"once7","ratio_direction":"candidate_over_prior_actual_auto","ratio_p50":0.3372166807964181,"ratio_p95":0.33777336308701245,"raw_observations_us":[[277.2991895675659,822.0671653747559,822.1311569213867,278.0672073364258],[276.88961029052734,822.2720146179199,822.2720146179199,277.35040187835693],[277.45280265808105,822.3232269287109,822.1695899963379,277.40159034729004],[276.99201107025146,822.2720146179199,822.2208023071289,277.55839824676514],[277.0992040634155,822.4255561828613,822.1183776855469,277.45280265808105],[276.99201107025146,822.2208023071289,822.2208023071289,277.6576042175293],[276.94079875946045,822.0671653747559,822.2208023071289,277.09600925445557]],"schema":"MambaBiNtCopyPlanSiblingsPreAdmissionScreenV1","toolkit":"(12, 8)","windows":7}
{"cell":"d768_in_proj","order":"BAAB","path":"eager","phase":"once7","ratio_direction":"candidate_over_prior_actual_auto","ratio_p50":0.3373795379067084,"ratio_p95":0.33767163729681743,"raw_observations_us":[[822.2720146179199,277.45280265808105,276.94079875946045,822.2208023071289],[822.1695899963379,277.96480655670166,277.2991895675659,822.2208023071289],[822.4255561828613,277.6063919067383,276.88961029052734,822.1183776855469],[822.1183776855469,277.7087926864624,276.94079875946045,822.2720146179199],[822.1695899963379,277.4672031402588,277.2991895675659,822.1695899963379],[822.0767974853516,277.6576042175293,277.40159034729004,822.2208023071289],[822.2208023071289,277.8111934661865,277.2991895675659,822.0671653747559]],"schema":"MambaBiNtCopyPlanSiblingsPreAdmissionScreenV1","toolkit":"(12, 8)","windows":7}
{"cell":"d768_in_proj","order":"ABBA","path":"graph","phase":"once7","ratio_direction":"candidate_over_prior_actual_auto","ratio_p50":0.33642649946592645,"ratio_p95":0.33691456924762986,"raw_observations_us":[[277.35040187835693,822.0159530639648,822.1183776855469,276.582407951355],[276.53119564056396,821.8624114990234,822.0671653747559,276.53119564056396],[276.37760639190674,822.0671653747559,822.1695899963379,276.7872095108032],[276.37760639190674,822.0671653747559,821.9648361206055,276.48000717163086],[276.7359972000122,822.0159530639648,821.9136238098145,276.582407951355],[276.01919174194336,821.9648361206055,821.9648361206055,276.3263940811157],[275.8143901824951,822.0671653747559,822.2720146179199,276.7872095108032]],"schema":"MambaBiNtCopyPlanSiblingsPreAdmissionScreenV1","toolkit":"(12, 8)","windows":7}
{"cell":"d768_in_proj","order":"BAAB","path":"graph","phase":"once7","ratio_direction":"candidate_over_prior_actual_auto","ratio_p50":0.33633307430071635,"ratio_p95":0.33694603578942534,"raw_observations_us":[[822.2208023071289,276.88961029052734,276.1215925216675,822.0159530639648],[822.1183776855469,276.3263940811157,276.48000717163086,822.0159530639648],[821.8624114990234,276.6335964202881,276.01919174194336,822.0159530639648],[821.9136238098145,276.7872095108032,276.8383979797363,822.1216201782227],[822.1695899963379,276.6335964202881,276.3263940811157,822.0159530639648],[822.0208168029785,277.1456003189087,276.0704040527344,821.9648361206055],[822.0159530639648,276.99201107025146,276.94079875946045,821.9648361206055]],"schema":"MambaBiNtCopyPlanSiblingsPreAdmissionScreenV1","toolkit":"(12, 8)","windows":7}
{"candidate_symbols":["gemm_bi_transpose_f32_32x16_d768_v1","gemm_bi_nn_fixed_sm89_f32_n64_copyplan_v1"],"cell":"d768_in_proj","decision":"qualified_for_separate_identity_admission_commit","exact_oracle":"generic_exact_f32","once3":[[0.33714914581579136,0.3374441519623365],[0.33727662407667963,0.33743345261617463],[0.336063280518847,0.3361878561193142],[0.33615697244213155,0.3363639231783128]],"once7":[[0.3372166807964181,0.33777336308701245],[0.3373795379067084,0.33767163729681743],[0.33642649946592645,0.33691456924762986],[0.33633307430071635,0.33694603578942534]],"prior_actual_auto_symbol":"gemm_bi_nt","production_admission":false,"schema":"MambaBiNtCopyPlanSiblingsPreAdmissionDecisionV1","shape":[2048,768,3072]}
{"arm":"Auto","cell":"prism","nodes":[{"block":[128,1,1],"dynamic_shared":0,"grid":[222,1,1],"symbol":"gemm_bi_nt_slim"}],"schema":"MambaBiNtCopyPlanSiblingsGraphV1"}
{"arm":"Auto","cell":"prism","oracle":"generic_exact","path":"eager","repeat":0,"schema":"MambaBiNtCopyPlanSiblingsBitsV1","words":1774464}
{"arm":"Auto","cell":"prism","oracle":"generic_exact","path":"eager","repeat":1,"schema":"MambaBiNtCopyPlanSiblingsBitsV1","words":1774464}
{"arm":"Auto","cell":"prism","oracle":"generic_exact","path":"graph","repeat":0,"schema":"MambaBiNtCopyPlanSiblingsBitsV1","words":1774464}
{"arm":"Auto","cell":"prism","oracle":"generic_exact","path":"graph","repeat":1,"schema":"MambaBiNtCopyPlanSiblingsBitsV1","words":1774464}
{"arm":"Candidate","cell":"prism","nodes":[{"block":[32,16,1],"dynamic_shared":0,"grid":[61,12,1],"symbol":"gemm_bi_transpose_f32_32x16_d768_v1"},{"block":[128,1,1],"dynamic_shared":0,"grid":[438,1,1],"symbol":"gemm_bi_nn_fixed_sm89_f32_n64_copyplan_v1"}],"schema":"MambaBiNtCopyPlanSiblingsGraphV1"}
{"arm":"Candidate","cell":"prism","oracle":"generic_exact","path":"eager","repeat":0,"schema":"MambaBiNtCopyPlanSiblingsBitsV1","words":1774464}
{"arm":"Candidate","cell":"prism","oracle":"generic_exact","path":"eager","repeat":1,"schema":"MambaBiNtCopyPlanSiblingsBitsV1","words":1774464}
{"arm":"Candidate","cell":"prism","oracle":"generic_exact","path":"graph","repeat":0,"schema":"MambaBiNtCopyPlanSiblingsBitsV1","words":1774464}
{"arm":"Candidate","cell":"prism","oracle":"generic_exact","path":"graph","repeat":1,"schema":"MambaBiNtCopyPlanSiblingsBitsV1","words":1774464}
{"arm":"Fast","cell":"prism","node_count":1,"schema":"MambaBiNtCopyPlanSiblingsGraphV1","timing":"whole_graph","vendor_abi":"opaque"}
{"arm":"Fast","cell":"prism","oracle":"vendor_self","path":"eager","repeat":0,"schema":"MambaBiNtCopyPlanSiblingsBitsV1","words":1774464}
{"arm":"Fast","cell":"prism","oracle":"vendor_self","path":"eager","repeat":1,"schema":"MambaBiNtCopyPlanSiblingsBitsV1","words":1774464}
{"arm":"Fast","cell":"prism","oracle":"vendor_self","path":"graph","repeat":0,"schema":"MambaBiNtCopyPlanSiblingsBitsV1","words":1774464}
{"arm":"Fast","cell":"prism","oracle":"vendor_self","path":"graph","repeat":1,"schema":"MambaBiNtCopyPlanSiblingsBitsV1","words":1774464}
GPU quiet gate nt-copyplan-siblings-pre-admission/timed: uuid=GPU-d1edd7be-e88d-aed6-047d-622163306f0e gpu_util=0% memory_util=0% used=630MiB sm_clock=1800MHz temperature=43C pstate=P2; quiet_samples=5
{"arm":"Candidate","cell":"prism","nodes":[{"block":[32,16,1],"dynamic_shared":0,"grid":[61,12,1],"symbol":"gemm_bi_transpose_f32_32x16_d768_v1"},{"block":[128,1,1],"dynamic_shared":0,"grid":[438,1,1],"symbol":"gemm_bi_nn_fixed_sm89_f32_n64_copyplan_v1"}],"schema":"MambaBiNtCopyPlanSiblingsGraphV1"}
{"arm":"Auto","cell":"prism","nodes":[{"block":[128,1,1],"dynamic_shared":0,"grid":[222,1,1],"symbol":"gemm_bi_nt_slim"}],"schema":"MambaBiNtCopyPlanSiblingsGraphV1"}
{"cell":"prism","order":"ABBA","path":"eager","phase":"once3","ratio_direction":"candidate_over_prior_actual_auto","ratio_p50":0.7985292477678069,"ratio_p95":0.7985379428089946,"raw_observations_us":[[299.3232011795044,375.03199577331543,375.2608060836792,299.78721141815186],[299.7056007385254,375.13599395751953,375.1552104949951,299.43039417266846],[299.19679164886475,375.0848054885864,375.11839866638184,299.8624086380005]],"schema":"MambaBiNtCopyPlanSiblingsPreAdmissionScreenV1","toolkit":"(12, 8)","windows":3}
{"cell":"prism","order":"BAAB","path":"eager","phase":"once3","ratio_direction":"candidate_over_prior_actual_auto","ratio_p50":0.7985283500924297,"ratio_p95":0.7987202229925267,"raw_observations_us":[[375.23839473724365,299.79519844055176,299.54400062561035,375.13599395751953],[375.22239685058594,299.49920177459717,299.3295907974243,375.1744031906128],[375.26559829711914,299.8703956604004,299.33760166168213,375.12478828430176]],"schema":"MambaBiNtCopyPlanSiblingsPreAdmissionScreenV1","toolkit":"(12, 8)","windows":3}
{"cell":"prism","order":"ABBA","path":"graph","phase":"once3","ratio_direction":"candidate_over_prior_actual_auto","ratio_p50":0.796886609639508,"ratio_p95":0.796899006266194,"raw_observations_us":[[299.1856098175049,375.11680126190186,375.19359588623047,298.73600006103516],[298.70080947875977,375.166392326355,375.29280185699463,299.10080432891846],[299.0367889404297,374.91838932037354,374.9759912490845,298.54400157928467]],"schema":"MambaBiNtCopyPlanSiblingsPreAdmissionScreenV1","toolkit":"(12, 8)","windows":3}
{"cell":"prism","order":"BAAB","path":"graph","phase":"once3","ratio_direction":"candidate_over_prior_actual_auto","ratio_p50":0.796737023512111,"ratio_p95":0.7967467721543845,"raw_observations_us":[[375.20480155944824,299.0351915359497,298.7823963165283,375.11839866638184],[375.39680004119873,299.04959201812744,299.08320903778076,375.3312110900879],[375.08320808410645,298.8991975784302,298.8624095916748,375.1807928085327]],"schema":"MambaBiNtCopyPlanSiblingsPreAdmissionScreenV1","toolkit":"(12, 8)","windows":3}
{"arm":"Candidate","cell":"prism","nodes":[{"block":[32,16,1],"dynamic_shared":0,"grid":[61,12,1],"symbol":"gemm_bi_transpose_f32_32x16_d768_v1"},{"block":[128,1,1],"dynamic_shared":0,"grid":[438,1,1],"symbol":"gemm_bi_nn_fixed_sm89_f32_n64_copyplan_v1"}],"schema":"MambaBiNtCopyPlanSiblingsGraphV1"}
{"arm":"Auto","cell":"prism","nodes":[{"block":[128,1,1],"dynamic_shared":0,"grid":[222,1,1],"symbol":"gemm_bi_nt_slim"}],"schema":"MambaBiNtCopyPlanSiblingsGraphV1"}
{"cell":"prism","order":"ABBA","path":"eager","phase":"once7","ratio_direction":"candidate_over_prior_actual_auto","ratio_p50":0.7989994223134214,"ratio_p95":0.7993697185300261,"raw_observations_us":[[299.6799945831299,375.13439655303955,375.383996963501,299.945592880249],[299.83201026916504,375.1535892486572,375.23040771484375,299.9376058578491],[299.72639083862305,375.0927925109863,375.23040771484375,299.94239807128906],[299.6000051498413,375.09920597076416,375.16961097717285,299.5840072631836],[299.5151996612549,375.06558895111084,375.20480155944824,299.9504089355469],[299.8687982559204,375.1120090484619,375.29120445251465,299.9808073043823],[299.7200012207031,375.0704050064087,375.17120838165283,299.7119903564453]],"schema":"MambaBiNtCopyPlanSiblingsPreAdmissionScreenV1","toolkit":"(12, 8)","windows":7}
{"cell":"prism","order":"BAAB","path":"eager","phase":"once7","ratio_direction":"candidate_over_prior_actual_auto","ratio_p50":0.798923606946224,"ratio_p95":0.799353536573064,"raw_observations_us":[[375.38559436798096,299.616003036499,299.6799945831299,375.0704050064087],[375.1296043395996,299.7312068939209,299.78721141815186,375.20320415496826],[375.26400089263916,300.0175952911377,299.6351957321167,375.0191926956177],[375.25599002838135,299.8111963272095,299.65760707855225,375.08959770202637],[375.3312110900879,299.76000785827637,299.454402923584,375.11680126190186],[375.22881031036377,299.6767997741699,299.6864080429077,375.1904010772705],[375.25439262390137,300.0063896179199,299.833607673645,375.15199184417725]],"schema":"MambaBiNtCopyPlanSiblingsPreAdmissionScreenV1","toolkit":"(12, 8)","windows":7}
{"cell":"prism","order":"ABBA","path":"graph","phase":"once7","ratio_direction":"candidate_over_prior_actual_auto","ratio_p50":0.79681016843882,"ratio_p95":0.797191620892719,"raw_observations_us":[[298.7823963165283,375.29280185699463,375.0495910644531,299.0272045135498],[299.04160499572754,375.1408100128174,375.383996963501,298.9743947982788],[299.0799903869629,375.09920597076416,375.24800300598145,299.0623950958252],[298.64799976348877,374.9664068222046,375.3727912902832,298.84960651397705],[298.7168073654175,375.0063896179199,375.37760734558105,299.19679164886475],[299.0560054779053,375.32958984375,375.0,298.96960258483887],[299.1215944290161,375.1456022262573,375.0720024108887,298.94559383392334]],"schema":"MambaBiNtCopyPlanSiblingsPreAdmissionScreenV1","toolkit":"(12, 8)","windows":7}
{"cell":"prism","order":"BAAB","path":"graph","phase":"once7","ratio_direction":"candidate_over_prior_actual_auto","ratio_p50":0.796882686497776,"ratio_p95":0.797629969999584,"raw_observations_us":[[375.29280185699463,299.1679906845093,298.7567901611328,375.2799987792969],[375.09920597076416,298.76160621643066,298.8384008407593,375.16160011291504],[375.1375913619995,299.3551969528198,298.5055923461914,375.2687931060791],[375.33280849456787,298.78880977630615,299.2608070373535,375.1535892486572],[375.29759407043457,299.1136074066162,299.09279346466064,374.9151945114136],[375.51519870758057,299.2527961730957,299.18079376220703,375.16961097717285],[375.4064083099365,299.1408109664917,299.3216037750244,374.8944044113159]],"schema":"MambaBiNtCopyPlanSiblingsPreAdmissionScreenV1","toolkit":"(12, 8)","windows":7}
{"candidate_symbols":["gemm_bi_transpose_f32_32x16_d768_v1","gemm_bi_nn_fixed_sm89_f32_n64_copyplan_v1"],"cell":"prism","decision":"qualified_for_separate_identity_admission_commit","exact_oracle":"generic_exact_f32","once3":[[0.7985292477678069,0.7985379428089946],[0.7985283500924297,0.7987202229925267],[0.796886609639508,0.796899006266194],[0.796737023512111,0.7967467721543845]],"once7":[[0.7989994223134214,0.7993697185300261],[0.798923606946224,0.799353536573064],[0.79681016843882,0.797191620892719],[0.796882686497776,0.797629969999584]],"prior_actual_auto_symbol":"gemm_bi_nt_slim","production_admission":false,"schema":"MambaBiNtCopyPlanSiblingsPreAdmissionDecisionV1","shape":[4621,384,1928]}
GPU quiet gate nt-copyplan-siblings-pre-admission/post: uuid=GPU-d1edd7be-e88d-aed6-047d-622163306f0e gpu_util=0% memory_util=0% used=488MiB sm_clock=1800MHz temperature=44C pstate=P2; quiet_samples=5
ok

test result: ok. 1 passed; 0 failed; 0 ignored; 0 measured; 28 filtered out; finished in 124.16s

