    Finished `release` profile [optimized] target(s) in 0.08s
     Running tests/gemm_bi_scalar_nt_copyplan_siblings_discovery.rs (target/release/deps/gemm_bi_scalar_nt_copyplan_siblings_discovery-456b0a2863c74de9)

running 1 test
test cuda_suite::ada_f32_nt_copyplan_siblings_pre_admission_qualification ... GPU quiet gate nt-copyplan-siblings-pre-admission/pre: uuid=GPU-d1edd7be-e88d-aed6-047d-622163306f0e gpu_util=0% memory_util=0% used=48MiB sm_clock=1800MHz temperature=41C pstate=P5; quiet_samples=5
{"artifacts":"ArtifactSetIdentity { module_count: 5, ordered_digest: [84, 48, 94, 129, 56, 229, 122, 95, 255, 127, 142, 199, 206, 92, 68, 152, 100, 60, 101, 143, 33, 250, 196, 101, 118, 2, 15, 25, 221, 229, 5, 183], fixed: ArtifactIdentity { module_kind: Fixed, artifact_kind: Ptx, compile_key: [228, 247, 101, 21, 228, 65, 173, 194, 136, 98, 119, 80, 0, 252, 226, 24, 226, 210, 204, 166, 27, 71, 206, 72, 78, 21, 235, 17, 68, 196, 15, 179], artifact_digest: [139, 139, 16, 199, 20, 80, 117, 212, 242, 240, 158, 239, 216, 226, 9, 10, 240, 246, 123, 70, 98, 180, 231, 125, 151, 184, 7, 211, 46, 22, 171, 7] }, triad_scalar: ArtifactIdentity { module_kind: TriadScalar, artifact_kind: Ptx, compile_key: [130, 46, 191, 13, 218, 125, 207, 156, 79, 92, 90, 34, 19, 136, 77, 222, 66, 171, 69, 245, 207, 35, 132, 121, 168, 24, 86, 4, 44, 48, 43, 124], artifact_digest: [114, 41, 222, 66, 227, 86, 38, 17, 254, 69, 16, 146, 195, 169, 45, 84, 14, 41, 8, 146, 11, 31, 186, 196, 154, 55, 207, 232, 30, 104, 32, 150] }, triad_sm80: ArtifactIdentity { module_kind: TriadSm80, artifact_kind: Ptx, compile_key: [56, 9, 175, 3, 71, 24, 170, 8, 223, 223, 193, 182, 186, 235, 64, 119, 21, 67, 109, 199, 219, 135, 239, 57, 130, 91, 3, 60, 47, 215, 37, 65], artifact_digest: [197, 203, 222, 153, 151, 139, 150, 86, 207, 189, 130, 77, 157, 19, 179, 92, 117, 115, 85, 79, 36, 14, 245, 227, 142, 135, 117, 208, 19, 112, 78, 12] }, specialized: Some(ArtifactIdentity { module_kind: TriadSm89Finalist, artifact_kind: Ptx, compile_key: [160, 187, 6, 229, 242, 173, 2, 207, 183, 41, 18, 40, 194, 104, 5, 158, 5, 125, 174, 222, 120, 53, 91, 82, 148, 125, 7, 231, 185, 197, 82, 225], artifact_digest: [221, 200, 107, 117, 55, 91, 53, 181, 223, 55, 94, 42, 240, 8, 203, 115, 99, 53, 100, 172, 126, 165, 196, 99, 55, 198, 106, 92, 77, 15, 215, 236] }), sm89_half: Some(ArtifactIdentity { module_kind: TriadSm89Half, artifact_kind: Ptx, compile_key: [121, 31, 244, 12, 132, 102, 179, 27, 84, 86, 179, 183, 250, 232, 53, 150, 141, 105, 198, 246, 79, 108, 205, 118, 177, 115, 27, 37, 137, 73, 175, 12], artifact_digest: [89, 49, 221, 204, 141, 206, 196, 232, 65, 183, 33, 106, 109, 85, 114, 124, 232, 204, 43, 154, 109, 215, 169, 213, 121, 20, 132, 174, 4, 96, 222, 80] }) }","fixed_compiler":"CompilerIdentity { source_digest: [138, 180, 117, 44, 111, 75, 118, 100, 134, 219, 9, 210, 45, 223, 201, 157, 249, 61, 193, 235, 5, 7, 23, 127, 126, 223, 146, 204, 115, 18, 51, 244], invocation_digest: [228, 247, 101, 21, 228, 65, 173, 194, 136, 98, 119, 80, 0, 252, 226, 24, 226, 210, 204, 166, 27, 71, 206, 72, 78, 21, 235, 17, 68, 196, 15, 179], header_manifest_digest: [238, 202, 247, 134, 250, 216, 78, 82, 165, 253, 218, 48, 125, 18, 11, 233, 97, 105, 61, 114, 24, 10, 228, 38, 197, 98, 101, 191, 141, 99, 171, 210], target: CudaTarget { bytes: [115, 109, 95, 56, 57, 0, 0, 0, 0, 0, 0, 0, 0, 0, 0, 0], len: 5 }, nvrtc_version: (13, 2), nvrtc_library_domain: [208, 49, 165, 62, 185, 114, 53, 183, 15, 98, 246, 82, 147, 45, 177, 189, 247, 40, 234, 34, 156, 140, 168, 9, 213, 60, 95, 253, 145, 100, 38, 135], nvrtc_library_known: true, output_kind: Ptx, composer_revision: 1, compiler_revision: 3, numeric_abi_revision: 5, schedule_revision: 8 }","production_admission":false,"scalar_compiler":"CompilerIdentity { source_digest: [46, 194, 80, 187, 109, 173, 186, 103, 14, 36, 85, 42, 153, 57, 180, 195, 8, 171, 74, 15, 240, 195, 225, 30, 138, 195, 124, 98, 177, 254, 209, 98], invocation_digest: [130, 46, 191, 13, 218, 125, 207, 156, 79, 92, 90, 34, 19, 136, 77, 222, 66, 171, 69, 245, 207, 35, 132, 121, 168, 24, 86, 4, 44, 48, 43, 124], header_manifest_digest: [201, 169, 120, 47, 158, 22, 143, 115, 22, 184, 222, 18, 121, 145, 103, 223, 49, 196, 251, 190, 249, 43, 13, 107, 144, 9, 12, 61, 128, 110, 254, 147], target: CudaTarget { bytes: [115, 109, 95, 56, 57, 0, 0, 0, 0, 0, 0, 0, 0, 0, 0, 0], len: 5 }, nvrtc_version: (13, 2), nvrtc_library_domain: [208, 49, 165, 62, 185, 114, 53, 183, 15, 98, 246, 82, 147, 45, 177, 189, 247, 40, 234, 34, 156, 140, 168, 9, 213, 60, 95, 253, 145, 100, 38, 135], nvrtc_library_known: true, output_kind: Ptx, composer_revision: 1, compiler_revision: 3, numeric_abi_revision: 5, schedule_revision: 8 }","schema":"MambaBiNtCopyPlanSiblingsPreAdmissionIdentityV1"}
{"arm":"Candidate","cell":"d768_in_proj","nodes":[{"block":[32,16,1],"dynamic_shared":0,"grid":[96,24,1],"symbol":"gemm_bi_transpose_f32_32x16_d768_v1"},{"block":[128,1,1],"dynamic_shared":0,"grid":[384,1,1],"symbol":"gemm_bi_nn_fixed_sm89_f32_n64_copyplan_v1"}],"schema":"MambaBiNtCopyPlanSiblingsGraphV1"}
{"arm":"Auto","cell":"tail","nodes":[{"block":[128,1,1],"dynamic_shared":0,"grid":[6,1,1],"symbol":"gemm_bi_nt_narrow"}],"schema":"MambaBiNtCopyPlanSiblingsGraphV1"}
{"arm":"Auto","cell":"tail","oracle":"generic_exact","path":"eager","repeat":0,"schema":"MambaBiNtCopyPlanSiblingsBitsV1","words":4556}
{"arm":"Auto","cell":"tail","oracle":"generic_exact","path":"eager","repeat":1,"schema":"MambaBiNtCopyPlanSiblingsBitsV1","words":4556}
{"arm":"Auto","cell":"tail","oracle":"generic_exact","path":"graph","repeat":0,"schema":"MambaBiNtCopyPlanSiblingsBitsV1","words":4556}
{"arm":"Auto","cell":"tail","oracle":"generic_exact","path":"graph","repeat":1,"schema":"MambaBiNtCopyPlanSiblingsBitsV1","words":4556}
{"arm":"Candidate","cell":"tail","nodes":[{"block":[32,16,1],"dynamic_shared":0,"grid":[2,3,1],"symbol":"gemm_bi_transpose_f32_32x16_d768_v1"},{"block":[128,1,1],"dynamic_shared":0,"grid":[4,1,1],"symbol":"gemm_bi_nn_fixed_sm89_f32_n64_copyplan_v1"}],"schema":"MambaBiNtCopyPlanSiblingsGraphV1"}
{"arm":"Candidate","cell":"tail","oracle":"generic_exact","path":"eager","repeat":0,"schema":"MambaBiNtCopyPlanSiblingsBitsV1","words":4556}
{"arm":"Candidate","cell":"tail","oracle":"generic_exact","path":"eager","repeat":1,"schema":"MambaBiNtCopyPlanSiblingsBitsV1","words":4556}
{"arm":"Candidate","cell":"tail","oracle":"generic_exact","path":"graph","repeat":0,"schema":"MambaBiNtCopyPlanSiblingsBitsV1","words":4556}
{"arm":"Candidate","cell":"tail","oracle":"generic_exact","path":"graph","repeat":1,"schema":"MambaBiNtCopyPlanSiblingsBitsV1","words":4556}
{"arm":"Fast","cell":"tail","node_count":2,"schema":"MambaBiNtCopyPlanSiblingsGraphV1","timing":"whole_graph","vendor_abi":"opaque"}
{"arm":"Fast","cell":"tail","oracle":"vendor_self","path":"eager","repeat":0,"schema":"MambaBiNtCopyPlanSiblingsBitsV1","words":4556}
{"arm":"Fast","cell":"tail","oracle":"vendor_self","path":"eager","repeat":1,"schema":"MambaBiNtCopyPlanSiblingsBitsV1","words":4556}
{"arm":"Fast","cell":"tail","oracle":"vendor_self","path":"graph","repeat":0,"schema":"MambaBiNtCopyPlanSiblingsBitsV1","words":4556}
{"arm":"Fast","cell":"tail","oracle":"vendor_self","path":"graph","repeat":1,"schema":"MambaBiNtCopyPlanSiblingsBitsV1","words":4556}
{"arm":"Auto","cell":"exceptional","nodes":[{"block":[128,1,1],"dynamic_shared":0,"grid":[6,1,1],"symbol":"gemm_bi_nt_narrow"}],"schema":"MambaBiNtCopyPlanSiblingsGraphV1"}
{"arm":"Auto","cell":"exceptional","oracle":"generic_exact","path":"eager","repeat":0,"schema":"MambaBiNtCopyPlanSiblingsBitsV1","words":4556}
{"arm":"Auto","cell":"exceptional","oracle":"generic_exact","path":"eager","repeat":1,"schema":"MambaBiNtCopyPlanSiblingsBitsV1","words":4556}
{"arm":"Auto","cell":"exceptional","oracle":"generic_exact","path":"graph","repeat":0,"schema":"MambaBiNtCopyPlanSiblingsBitsV1","words":4556}
{"arm":"Auto","cell":"exceptional","oracle":"generic_exact","path":"graph","repeat":1,"schema":"MambaBiNtCopyPlanSiblingsBitsV1","words":4556}
{"arm":"Candidate","cell":"exceptional","nodes":[{"block":[32,16,1],"dynamic_shared":0,"grid":[2,3,1],"symbol":"gemm_bi_transpose_f32_32x16_d768_v1"},{"block":[128,1,1],"dynamic_shared":0,"grid":[4,1,1],"symbol":"gemm_bi_nn_fixed_sm89_f32_n64_copyplan_v1"}],"schema":"MambaBiNtCopyPlanSiblingsGraphV1"}
{"arm":"Candidate","cell":"exceptional","oracle":"generic_exact","path":"eager","repeat":0,"schema":"MambaBiNtCopyPlanSiblingsBitsV1","words":4556}
{"arm":"Candidate","cell":"exceptional","oracle":"generic_exact","path":"eager","repeat":1,"schema":"MambaBiNtCopyPlanSiblingsBitsV1","words":4556}
{"arm":"Candidate","cell":"exceptional","oracle":"generic_exact","path":"graph","repeat":0,"schema":"MambaBiNtCopyPlanSiblingsBitsV1","words":4556}
{"arm":"Candidate","cell":"exceptional","oracle":"generic_exact","path":"graph","repeat":1,"schema":"MambaBiNtCopyPlanSiblingsBitsV1","words":4556}
{"arm":"Fast","cell":"exceptional","node_count":2,"schema":"MambaBiNtCopyPlanSiblingsGraphV1","timing":"whole_graph","vendor_abi":"opaque"}
{"arm":"Fast","cell":"exceptional","oracle":"vendor_self","path":"eager","repeat":0,"schema":"MambaBiNtCopyPlanSiblingsBitsV1","words":4556}
{"arm":"Fast","cell":"exceptional","oracle":"vendor_self","path":"eager","repeat":1,"schema":"MambaBiNtCopyPlanSiblingsBitsV1","words":4556}
{"arm":"Fast","cell":"exceptional","oracle":"vendor_self","path":"graph","repeat":0,"schema":"MambaBiNtCopyPlanSiblingsBitsV1","words":4556}
{"arm":"Fast","cell":"exceptional","oracle":"vendor_self","path":"graph","repeat":1,"schema":"MambaBiNtCopyPlanSiblingsBitsV1","words":4556}
{"arm":"Auto","cell":"zero_reduction","nodes":[{"block":[256,1,1],"dynamic_shared":0,"grid":[18,1,1],"symbol":"gemm_bi_nt_zero_reduction_v1"}],"schema":"MambaBiNtCopyPlanSiblingsGraphV1"}
{"arm":"Auto","cell":"zero_reduction","oracle":"generic_exact","path":"eager","repeat":0,"schema":"MambaBiNtCopyPlanSiblingsBitsV1","words":4556}
{"arm":"Auto","cell":"zero_reduction","oracle":"generic_exact","path":"eager","repeat":1,"schema":"MambaBiNtCopyPlanSiblingsBitsV1","words":4556}
{"arm":"Auto","cell":"zero_reduction","oracle":"generic_exact","path":"graph","repeat":0,"schema":"MambaBiNtCopyPlanSiblingsBitsV1","words":4556}
{"arm":"Auto","cell":"zero_reduction","oracle":"generic_exact","path":"graph","repeat":1,"schema":"MambaBiNtCopyPlanSiblingsBitsV1","words":4556}
{"arm":"Candidate","cell":"zero_reduction","nodes":[{"block":[128,1,1],"dynamic_shared":0,"grid":[4,1,1],"symbol":"gemm_bi_nn_fixed_sm89_f32_n64_copyplan_v1"}],"schema":"MambaBiNtCopyPlanSiblingsGraphV1"}
{"arm":"Candidate","cell":"zero_reduction","oracle":"generic_exact","path":"eager","repeat":0,"schema":"MambaBiNtCopyPlanSiblingsBitsV1","words":4556}
{"arm":"Candidate","cell":"zero_reduction","oracle":"generic_exact","path":"eager","repeat":1,"schema":"MambaBiNtCopyPlanSiblingsBitsV1","words":4556}
{"arm":"Candidate","cell":"zero_reduction","oracle":"generic_exact","path":"graph","repeat":0,"schema":"MambaBiNtCopyPlanSiblingsBitsV1","words":4556}
{"arm":"Candidate","cell":"zero_reduction","oracle":"generic_exact","path":"graph","repeat":1,"schema":"MambaBiNtCopyPlanSiblingsBitsV1","words":4556}
{"arm":"Generic","cell":"nonunit_alpha","nodes":[{"block":[256,1,1],"dynamic_shared":33376,"grid":[1,1,1],"symbol":"gemm_bi_nt"}],"schema":"MambaBiNtCopyPlanSiblingsGraphV1"}
{"arm":"Candidate","cell":"nonunit_alpha","nodes":[{"block":[32,16,1],"dynamic_shared":0,"grid":[2,3,1],"symbol":"gemm_bi_transpose_f32_32x16_d768_v1"},{"block":[128,1,1],"dynamic_shared":0,"grid":[4,1,1],"symbol":"gemm_bi_nn_fixed_sm89_f32_n64_copyplan_v1"}],"schema":"MambaBiNtCopyPlanSiblingsGraphV1"}
{"arm":"Auto","cell":"d768_in_proj","nodes":[{"block":[256,1,1],"dynamic_shared":33376,"grid":[96,1,1],"symbol":"gemm_bi_nt"}],"schema":"MambaBiNtCopyPlanSiblingsGraphV1"}
{"arm":"Auto","cell":"d768_in_proj","oracle":"generic_exact","path":"eager","repeat":0,"schema":"MambaBiNtCopyPlanSiblingsBitsV1","words":1572864}
{"arm":"Auto","cell":"d768_in_proj","oracle":"generic_exact","path":"eager","repeat":1,"schema":"MambaBiNtCopyPlanSiblingsBitsV1","words":1572864}
{"arm":"Auto","cell":"d768_in_proj","oracle":"generic_exact","path":"graph","repeat":0,"schema":"MambaBiNtCopyPlanSiblingsBitsV1","words":1572864}
{"arm":"Auto","cell":"d768_in_proj","oracle":"generic_exact","path":"graph","repeat":1,"schema":"MambaBiNtCopyPlanSiblingsBitsV1","words":1572864}
{"arm":"Candidate","cell":"d768_in_proj","nodes":[{"block":[32,16,1],"dynamic_shared":0,"grid":[96,24,1],"symbol":"gemm_bi_transpose_f32_32x16_d768_v1"},{"block":[128,1,1],"dynamic_shared":0,"grid":[384,1,1],"symbol":"gemm_bi_nn_fixed_sm89_f32_n64_copyplan_v1"}],"schema":"MambaBiNtCopyPlanSiblingsGraphV1"}
{"arm":"Candidate","cell":"d768_in_proj","oracle":"generic_exact","path":"eager","repeat":0,"schema":"MambaBiNtCopyPlanSiblingsBitsV1","words":1572864}
{"arm":"Candidate","cell":"d768_in_proj","oracle":"generic_exact","path":"eager","repeat":1,"schema":"MambaBiNtCopyPlanSiblingsBitsV1","words":1572864}
{"arm":"Candidate","cell":"d768_in_proj","oracle":"generic_exact","path":"graph","repeat":0,"schema":"MambaBiNtCopyPlanSiblingsBitsV1","words":1572864}
{"arm":"Candidate","cell":"d768_in_proj","oracle":"generic_exact","path":"graph","repeat":1,"schema":"MambaBiNtCopyPlanSiblingsBitsV1","words":1572864}
{"arm":"Fast","cell":"d768_in_proj","node_count":1,"schema":"MambaBiNtCopyPlanSiblingsGraphV1","timing":"whole_graph","vendor_abi":"opaque"}
{"arm":"Fast","cell":"d768_in_proj","oracle":"vendor_self","path":"eager","repeat":0,"schema":"MambaBiNtCopyPlanSiblingsBitsV1","words":1572864}
{"arm":"Fast","cell":"d768_in_proj","oracle":"vendor_self","path":"eager","repeat":1,"schema":"MambaBiNtCopyPlanSiblingsBitsV1","words":1572864}
{"arm":"Fast","cell":"d768_in_proj","oracle":"vendor_self","path":"graph","repeat":0,"schema":"MambaBiNtCopyPlanSiblingsBitsV1","words":1572864}
{"arm":"Fast","cell":"d768_in_proj","oracle":"vendor_self","path":"graph","repeat":1,"schema":"MambaBiNtCopyPlanSiblingsBitsV1","words":1572864}
GPU quiet gate nt-copyplan-siblings-pre-admission/timed: uuid=GPU-d1edd7be-e88d-aed6-047d-622163306f0e gpu_util=0% memory_util=0% used=630MiB sm_clock=1800MHz temperature=42C pstate=P2; quiet_samples=5
{"arm":"Candidate","cell":"d768_in_proj","nodes":[{"block":[32,16,1],"dynamic_shared":0,"grid":[96,24,1],"symbol":"gemm_bi_transpose_f32_32x16_d768_v1"},{"block":[128,1,1],"dynamic_shared":0,"grid":[384,1,1],"symbol":"gemm_bi_nn_fixed_sm89_f32_n64_copyplan_v1"}],"schema":"MambaBiNtCopyPlanSiblingsGraphV1"}
{"arm":"Auto","cell":"d768_in_proj","nodes":[{"block":[256,1,1],"dynamic_shared":33376,"grid":[96,1,1],"symbol":"gemm_bi_nt"}],"schema":"MambaBiNtCopyPlanSiblingsGraphV1"}
{"cell":"d768_in_proj","order":"ABBA","path":"eager","phase":"once3","ratio_direction":"candidate_over_prior_actual_auto","ratio_p50":0.43269501142027195,"ratio_p95":0.4328495428305049,"raw_observations_us":[[276.88961029052734,640.3584003448486,640.3584003448486,277.2480010986328],[276.94079875946045,640.2560234069824,640.3071880340576,277.35040187835693],[277.0944118499756,640.3584003448486,640.3071880340576,277.04319953918457]],"schema":"MambaBiNtCopyPlanSiblingsPreAdmissionScreenV1","toolkit":"(13, 2)","windows":3}
{"cell":"d768_in_proj","order":"BAAB","path":"eager","phase":"once3","ratio_direction":"candidate_over_prior_actual_auto","ratio_p50":0.43269501142027195,"ratio_p95":0.43291221134007757,"raw_observations_us":[[640.3071880340576,277.35040187835693,277.04319953918457,640.3071880340576],[640.3071880340576,277.0944118499756,277.04319953918457,640.3584003448486],[640.3071880340576,276.94880962371826,276.6848087310791,640.3071880340576]],"schema":"MambaBiNtCopyPlanSiblingsPreAdmissionScreenV1","toolkit":"(13, 2)","windows":3}
{"cell":"d768_in_proj","order":"ABBA","path":"graph","phase":"once3","ratio_direction":"candidate_over_prior_actual_auto","ratio_p50":0.43132470941090467,"ratio_p95":0.43134196102686206,"raw_observations_us":[[275.8143901824951,640.2048110961914,640.2048110961914,276.1728048324585],[275.8143901824951,640.2560234069824,640.2048110961914,276.48000717163086],[275.91679096221924,640.2048110961914,640.2048110961914,276.37760639190674]],"schema":"MambaBiNtCopyPlanSiblingsPreAdmissionScreenV1","toolkit":"(13, 2)","windows":3}
{"cell":"d768_in_proj","order":"BAAB","path":"graph","phase":"once3","ratio_direction":"candidate_over_prior_actual_auto","ratio_p50":0.4315542964595765,"ratio_p95":0.4317699109770845,"raw_observations_us":[[640.1663780212402,276.582407951355,276.2239933013916,640.1599884033203],[640.1535987854004,276.37760639190674,275.91679096221924,640.2048110961914],[640.2048110961914,276.3263940811157,276.2239933013916,640.1679992675781]],"schema":"MambaBiNtCopyPlanSiblingsPreAdmissionScreenV1","toolkit":"(13, 2)","windows":3}
{"arm":"Candidate","cell":"d768_in_proj","nodes":[{"block":[32,16,1],"dynamic_shared":0,"grid":[96,24,1],"symbol":"gemm_bi_transpose_f32_32x16_d768_v1"},{"block":[128,1,1],"dynamic_shared":0,"grid":[384,1,1],"symbol":"gemm_bi_nn_fixed_sm89_f32_n64_copyplan_v1"}],"schema":"MambaBiNtCopyPlanSiblingsGraphV1"}
{"arm":"Auto","cell":"d768_in_proj","nodes":[{"block":[256,1,1],"dynamic_shared":33376,"grid":[96,1,1],"symbol":"gemm_bi_nt"}],"schema":"MambaBiNtCopyPlanSiblingsGraphV1"}
{"cell":"d768_in_proj","order":"ABBA","path":"eager","phase":"once7","ratio_direction":"candidate_over_prior_actual_auto","ratio_p50":0.4329528650576398,"ratio_p95":0.43327736859337823,"raw_observations_us":[[277.04319953918457,640.3584003448486,640.3183937072754,277.5552034378052],[276.99201107025146,640.3584003448486,640.3584003448486,277.1456003189087],[277.3103952407837,640.2639865875244,640.2560234069824,277.0944118499756],[276.99201107025146,640.3071880340576,640.2560234069824,277.0944118499756],[277.04319953918457,640.3071880340576,640.3088092803955,277.04319953918457],[277.0944118499756,640.3071880340576,640.3632164001465,277.40159034729004],[277.0944118499756,640.3071880340576,640.4096126556396,277.8111934661865]],"schema":"MambaBiNtCopyPlanSiblingsPreAdmissionScreenV1","toolkit":"(13, 2)","windows":7}
{"cell":"d768_in_proj","order":"BAAB","path":"eager","phase":"once7","ratio_direction":"candidate_over_prior_actual_auto","ratio_p50":0.4328800839716831,"ratio_p95":0.43305479913546696,"raw_observations_us":[[640.3071880340576,277.04319953918457,277.0944118499756,640.3071880340576],[640.3584003448486,277.2991895675659,277.1600008010864,640.2688026428223],[640.3071880340576,277.1967887878418,276.94079875946045,640.3584003448486],[640.3071880340576,277.40159034729004,277.1967887878418,640.3584003448486],[640.3071880340576,277.5552034378052,276.94079875946045,640.3584003448486],[640.3071880340576,276.99201107025146,277.35040187835693,640.3584003448486],[640.3071880340576,277.2511959075928,277.1456003189087,640.4096126556396]],"schema":"MambaBiNtCopyPlanSiblingsPreAdmissionScreenV1","toolkit":"(13, 2)","windows":7}
{"cell":"d768_in_proj","order":"ABBA","path":"graph","phase":"once7","ratio_direction":"candidate_over_prior_actual_auto","ratio_p50":0.4314846530452039,"ratio_p95":0.43194720812515425,"raw_observations_us":[[276.1728048324585,640.1535987854004,640.1535987854004,276.1728048324585],[275.96800327301025,640.1535987854004,640.2048110961914,276.42879486083984],[276.48000717163086,640.2560234069824,640.2560234069824,276.6335964202881],[276.37760639190674,640.1535987854004,640.2048110961914,276.48000717163086],[276.2752056121826,640.1535987854004,640.2048110961914,276.582407951355],[276.37760639190674,640.2048110961914,640.2560234069824,276.1215925216675],[276.1215925216675,640.2560234069824,640.1535987854004,276.3263940811157]],"schema":"MambaBiNtCopyPlanSiblingsPreAdmissionScreenV1","toolkit":"(13, 2)","windows":7}
{"cell":"d768_in_proj","order":"BAAB","path":"graph","phase":"once7","ratio_direction":"candidate_over_prior_actual_auto","ratio_p50":0.4316218828922958,"ratio_p95":0.4318618079395993,"raw_observations_us":[[640.1535987854004,276.6848087310791,276.2752056121826,640.2560234069824],[640.2048110961914,276.53119564056396,276.2239933013916,640.2048110961914],[640.2560234069824,276.48000717163086,276.1728048324585,640.1535987854004],[640.2048110961914,276.3263940811157,276.2752056121826,640.2048110961914],[640.1535987854004,276.1728048324585,276.37760639190674,640.2048110961914],[640.2048110961914,276.48000717163086,276.1215925216675,640.2560234069824],[640.1535987854004,276.37760639190674,276.53119564056396,640.2048110961914]],"schema":"MambaBiNtCopyPlanSiblingsPreAdmissionScreenV1","toolkit":"(13, 2)","windows":7}
{"candidate_symbols":["gemm_bi_transpose_f32_32x16_d768_v1","gemm_bi_nn_fixed_sm89_f32_n64_copyplan_v1"],"cell":"d768_in_proj","decision":"qualified_for_separate_identity_admission_commit","exact_oracle":"generic_exact_f32","once3":[[0.43269501142027195,0.4328495428305049],[0.43269501142027195,0.43291221134007757],[0.43132470941090467,0.43134196102686206],[0.4315542964595765,0.4317699109770845]],"once7":[[0.4329528650576398,0.43327736859337823],[0.4328800839716831,0.43305479913546696],[0.4314846530452039,0.43194720812515425],[0.4316218828922958,0.4318618079395993]],"prior_actual_auto_symbol":"gemm_bi_nt","production_admission":false,"schema":"MambaBiNtCopyPlanSiblingsPreAdmissionDecisionV1","shape":[2048,768,3072]}
{"arm":"Auto","cell":"prism","nodes":[{"block":[128,1,1],"dynamic_shared":0,"grid":[222,1,1],"symbol":"gemm_bi_nt_slim"}],"schema":"MambaBiNtCopyPlanSiblingsGraphV1"}
{"arm":"Auto","cell":"prism","oracle":"generic_exact","path":"eager","repeat":0,"schema":"MambaBiNtCopyPlanSiblingsBitsV1","words":1774464}
{"arm":"Auto","cell":"prism","oracle":"generic_exact","path":"eager","repeat":1,"schema":"MambaBiNtCopyPlanSiblingsBitsV1","words":1774464}
{"arm":"Auto","cell":"prism","oracle":"generic_exact","path":"graph","repeat":0,"schema":"MambaBiNtCopyPlanSiblingsBitsV1","words":1774464}
{"arm":"Auto","cell":"prism","oracle":"generic_exact","path":"graph","repeat":1,"schema":"MambaBiNtCopyPlanSiblingsBitsV1","words":1774464}
{"arm":"Candidate","cell":"prism","nodes":[{"block":[32,16,1],"dynamic_shared":0,"grid":[61,12,1],"symbol":"gemm_bi_transpose_f32_32x16_d768_v1"},{"block":[128,1,1],"dynamic_shared":0,"grid":[438,1,1],"symbol":"gemm_bi_nn_fixed_sm89_f32_n64_copyplan_v1"}],"schema":"MambaBiNtCopyPlanSiblingsGraphV1"}
{"arm":"Candidate","cell":"prism","oracle":"generic_exact","path":"eager","repeat":0,"schema":"MambaBiNtCopyPlanSiblingsBitsV1","words":1774464}
{"arm":"Candidate","cell":"prism","oracle":"generic_exact","path":"eager","repeat":1,"schema":"MambaBiNtCopyPlanSiblingsBitsV1","words":1774464}
{"arm":"Candidate","cell":"prism","oracle":"generic_exact","path":"graph","repeat":0,"schema":"MambaBiNtCopyPlanSiblingsBitsV1","words":1774464}
{"arm":"Candidate","cell":"prism","oracle":"generic_exact","path":"graph","repeat":1,"schema":"MambaBiNtCopyPlanSiblingsBitsV1","words":1774464}
{"arm":"Fast","cell":"prism","node_count":1,"schema":"MambaBiNtCopyPlanSiblingsGraphV1","timing":"whole_graph","vendor_abi":"opaque"}
{"arm":"Fast","cell":"prism","oracle":"vendor_self","path":"eager","repeat":0,"schema":"MambaBiNtCopyPlanSiblingsBitsV1","words":1774464}
{"arm":"Fast","cell":"prism","oracle":"vendor_self","path":"eager","repeat":1,"schema":"MambaBiNtCopyPlanSiblingsBitsV1","words":1774464}
{"arm":"Fast","cell":"prism","oracle":"vendor_self","path":"graph","repeat":0,"schema":"MambaBiNtCopyPlanSiblingsBitsV1","words":1774464}
{"arm":"Fast","cell":"prism","oracle":"vendor_self","path":"graph","repeat":1,"schema":"MambaBiNtCopyPlanSiblingsBitsV1","words":1774464}
GPU quiet gate nt-copyplan-siblings-pre-admission/timed: uuid=GPU-d1edd7be-e88d-aed6-047d-622163306f0e gpu_util=0% memory_util=0% used=630MiB sm_clock=1800MHz temperature=43C pstate=P2; quiet_samples=5
{"arm":"Candidate","cell":"prism","nodes":[{"block":[32,16,1],"dynamic_shared":0,"grid":[61,12,1],"symbol":"gemm_bi_transpose_f32_32x16_d768_v1"},{"block":[128,1,1],"dynamic_shared":0,"grid":[438,1,1],"symbol":"gemm_bi_nn_fixed_sm89_f32_n64_copyplan_v1"}],"schema":"MambaBiNtCopyPlanSiblingsGraphV1"}
{"arm":"Auto","cell":"prism","nodes":[{"block":[128,1,1],"dynamic_shared":0,"grid":[222,1,1],"symbol":"gemm_bi_nt_slim"}],"schema":"MambaBiNtCopyPlanSiblingsGraphV1"}
{"cell":"prism","order":"ABBA","path":"eager","phase":"once3","ratio_direction":"candidate_over_prior_actual_auto","ratio_p50":0.8703000892236201,"ratio_p95":0.8706808882065376,"raw_observations_us":[[301.31359100341797,345.98400592803955,346.0752010345459,300.98559856414795],[301.1039972305298,345.9903955459595,346.068811416626,301.10719203948975],[301.2943983078003,345.88000774383545,345.9775924682617,301.092791557312]],"schema":"MambaBiNtCopyPlanSiblingsPreAdmissionScreenV1","toolkit":"(13, 2)","windows":3}
{"cell":"prism","order":"BAAB","path":"eager","phase":"once3","ratio_direction":"candidate_over_prior_actual_auto","ratio_p50":0.8702135657756793,"ratio_p95":0.8705565922203672,"raw_observations_us":[[345.95839977264404,301.03840827941895,301.2223958969116,345.85280418395996],[346.2032079696655,301.092791557312,301.0672092437744,345.9696054458618],[346.0576057434082,301.1312007904053,301.12481117248535,346.0207939147949]],"schema":"MambaBiNtCopyPlanSiblingsPreAdmissionScreenV1","toolkit":"(13, 2)","windows":3}
{"cell":"prism","order":"ABBA","path":"graph","phase":"once3","ratio_direction":"candidate_over_prior_actual_auto","ratio_p50":0.8698269081486282,"ratio_p95":0.8700177230989907,"raw_observations_us":[[300.54399967193604,345.63679695129395,345.75040340423584,300.8431911468506],[300.0976085662842,345.75040340423584,345.75679302215576,300.55840015411377],[300.82879066467285,345.79200744628906,345.66240310668945,300.7488012313843]],"schema":"MambaBiNtCopyPlanSiblingsPreAdmissionScreenV1","toolkit":"(13, 2)","windows":3}
{"cell":"prism","order":"BAAB","path":"graph","phase":"once3","ratio_direction":"candidate_over_prior_actual_auto","ratio_p50":0.868297023523388,"ratio_p95":0.8695932210829977,"raw_observations_us":[[345.7871913909912,300.13599395751953,300.3567934036255,345.9424018859863],[345.6752061843872,299.93278980255127,300.3535985946655,345.66240310668945],[345.93920707702637,300.76959133148193,300.9471893310547,346.012806892395]],"schema":"MambaBiNtCopyPlanSiblingsPreAdmissionScreenV1","toolkit":"(13, 2)","windows":3}
{"arm":"Candidate","cell":"prism","nodes":[{"block":[32,16,1],"dynamic_shared":0,"grid":[61,12,1],"symbol":"gemm_bi_transpose_f32_32x16_d768_v1"},{"block":[128,1,1],"dynamic_shared":0,"grid":[438,1,1],"symbol":"gemm_bi_nn_fixed_sm89_f32_n64_copyplan_v1"}],"schema":"MambaBiNtCopyPlanSiblingsGraphV1"}
{"arm":"Auto","cell":"prism","nodes":[{"block":[128,1,1],"dynamic_shared":0,"grid":[222,1,1],"symbol":"gemm_bi_nt_slim"}],"schema":"MambaBiNtCopyPlanSiblingsGraphV1"}
{"cell":"prism","order":"ABBA","path":"eager","phase":"once7","ratio_direction":"candidate_over_prior_actual_auto","ratio_p50":0.8709521482991894,"ratio_p95":0.8711332923737677,"raw_observations_us":[[301.39520168304443,346.0304021835327,345.9728002548218,301.3567924499512],[301.3360023498535,345.8911895751953,345.98240852355957,301.25279426574707],[301.29919052124023,346.014404296875,346.016001701355,301.363205909729],[301.1552095413208,345.94080448150635,346.03679180145264,301.2144088745117],[300.91519355773926,345.96478939056396,345.9696054458618,301.53119564056396],[301.32319927215576,346.014404296875,345.90559005737305,301.3184070587158],[301.4672040939331,345.86238861083984,346.0400104522705,301.27201080322266]],"schema":"MambaBiNtCopyPlanSiblingsPreAdmissionScreenV1","toolkit":"(13, 2)","windows":7}
{"cell":"prism","order":"BAAB","path":"eager","phase":"once7","ratio_direction":"candidate_over_prior_actual_auto","ratio_p50":0.8707175181550104,"ratio_p95":0.8717624499950039,"raw_observations_us":[[345.9775924682617,301.363205909729,300.99360942840576,346.15840911865234],[345.8767890930176,301.64480209350586,301.5631914138794,346.0639953613281],[346.06239795684814,301.1008024215698,301.42080783843994,346.0495948791504],[346.00000381469727,301.43840312957764,301.0047912597656,345.8928108215332],[345.9216117858887,301.0479927062988,301.82719230651855,345.8319902420044],[345.95839977264404,301.4832019805908,301.44801139831543,345.9216117858887],[346.0767984390259,301.0240077972412,301.3535976409912,345.87199687957764]],"schema":"MambaBiNtCopyPlanSiblingsPreAdmissionScreenV1","toolkit":"(13, 2)","windows":7}
{"cell":"prism","order":"ABBA","path":"graph","phase":"once7","ratio_direction":"candidate_over_prior_actual_auto","ratio_p50":0.8694157260831613,"ratio_p95":0.869998268297021,"raw_observations_us":[[300.86400508880615,345.6480026245117,345.9120035171509,300.7920026779175],[300.8415937423706,345.8735942840576,345.98240852355957,300.65760612487793],[301.1712074279785,345.5471992492676,346.21760845184326,300.65760612487793],[300.6959915161133,346.08800411224365,345.84639072418213,300.55201053619385],[300.4015922546387,345.66400051116943,346.16639614105225,300.7967948913574],[300.7551908493042,345.58238983154297,346.03519439697266,300.9023904800415],[300.65760612487793,345.8672046661377,345.96478939056396,300.8320093154907]],"schema":"MambaBiNtCopyPlanSiblingsPreAdmissionScreenV1","toolkit":"(13, 2)","windows":7}
{"cell":"prism","order":"BAAB","path":"graph","phase":"once7","ratio_direction":"candidate_over_prior_actual_auto","ratio_p50":0.8697711231512969,"ratio_p95":0.8707039270932161,"raw_observations_us":[[345.94879150390625,300.91519355773926,300.8415937423706,345.66240310668945],[345.963191986084,300.95839500427246,300.78558921813965,346.012806892395],[345.7200050354004,300.8928060531616,301.08959674835205,345.65439224243164],[346.1008071899414,300.9615898132324,300.9984016418457,345.8064079284668],[345.9104061126709,300.7280111312866,300.72638988494873,345.5984115600586],[345.7040071487427,300.5183935165405,300.82879066467285,345.798397064209],[346.0047960281372,300.4192113876343,300.6671905517578,345.61119079589844]],"schema":"MambaBiNtCopyPlanSiblingsPreAdmissionScreenV1","toolkit":"(13, 2)","windows":7}
{"candidate_symbols":["gemm_bi_transpose_f32_32x16_d768_v1","gemm_bi_nn_fixed_sm89_f32_n64_copyplan_v1"],"cell":"prism","decision":"qualified_for_separate_identity_admission_commit","exact_oracle":"generic_exact_f32","once3":[[0.8703000892236201,0.8706808882065376],[0.8702135657756793,0.8705565922203672],[0.8698269081486282,0.8700177230989907],[0.868297023523388,0.8695932210829977]],"once7":[[0.8709521482991894,0.8711332923737677],[0.8707175181550104,0.8717624499950039],[0.8694157260831613,0.869998268297021],[0.8697711231512969,0.8707039270932161]],"prior_actual_auto_symbol":"gemm_bi_nt_slim","production_admission":false,"schema":"MambaBiNtCopyPlanSiblingsPreAdmissionDecisionV1","shape":[4621,384,1928]}
GPU quiet gate nt-copyplan-siblings-pre-admission/post: uuid=GPU-d1edd7be-e88d-aed6-047d-622163306f0e gpu_util=0% memory_util=0% used=486MiB sm_clock=1800MHz temperature=45C pstate=P2; quiet_samples=5
ok

test result: ok. 1 passed; 0 failed; 0 ignored; 0 measured; 28 filtered out; finished in 135.85s

