command=ssh -o BatchMode=yes -o ConnectTimeout=10 ada 'sha256sum /root/target-ada-rna-full-cuda130-20260906/release/deps/gemm_bi_fixed_correctness-e9a896bca3cebdf4 /root/mamba-ada-rna-full-qualification-20260906/tests/gemm_bi_fixed_correctness.rs && env CUDA_HOME=/usr/local/cuda-13.0 CUDA_PATH=/usr/local/cuda-13.0 LD_LIBRARY_PATH=/usr/local/cuda-13.0/lib64 PATH=/usr/local/cuda-13.0/bin:/root/.cargo/bin:/usr/local/sbin:/usr/local/bin:/usr/sbin:/usr/bin:/sbin:/bin MAMBA_RS_KERNEL_CACHE=/root/mamba-kcache-ada-rna-full-cuda130-20260906 /root/target-ada-rna-full-cuda130-20260906/release/deps/gemm_bi_fixed_correctness-e9a896bca3cebdf4 fixed_tf32_rna_wide_ --ignored --nocapture --test-threads=1'
555cee220e8c9a41efc243f9f9cc1216e63c2cf89893b42429a4ee86ff0199e7  /root/target-ada-rna-full-cuda130-20260906/release/deps/gemm_bi_fixed_correctness-e9a896bca3cebdf4
7f0566985b7c80ed858258104f166fc46bc7328cd8548eab778fae94e4eb977f  /root/mamba-ada-rna-full-qualification-20260906/tests/gemm_bi_fixed_correctness.rs

running 2 tests
test fixed_tf32_rna_wide_matches_all_fixed_rungs_prefix_views_and_graph_bits ... RNA_WIDE_QUALIFIED_GROUP case=tail shape_m=6018 k=36 n=132 view_m=1 exceptional=false bias=false row_offset=0 output_offset=1 actual_auto=false
RNA_WIDE_QUALIFIED_GROUP case=tail shape_m=6018 k=36 n=132 view_m=1 exceptional=false bias=false row_offset=0 output_offset=4 actual_auto=false
RNA_WIDE_QUALIFIED_GROUP case=tail shape_m=6018 k=36 n=132 view_m=15 exceptional=false bias=false row_offset=0 output_offset=1 actual_auto=false
RNA_WIDE_QUALIFIED_GROUP case=tail shape_m=6018 k=36 n=132 view_m=15 exceptional=false bias=false row_offset=0 output_offset=4 actual_auto=false
RNA_WIDE_QUALIFIED_GROUP case=tail shape_m=6018 k=36 n=132 view_m=16 exceptional=false bias=false row_offset=0 output_offset=1 actual_auto=false
RNA_WIDE_QUALIFIED_GROUP case=tail shape_m=6018 k=36 n=132 view_m=16 exceptional=false bias=false row_offset=0 output_offset=4 actual_auto=false
RNA_WIDE_QUALIFIED_GROUP case=tail shape_m=6018 k=36 n=132 view_m=17 exceptional=false bias=false row_offset=0 output_offset=1 actual_auto=false
RNA_WIDE_QUALIFIED_GROUP case=tail shape_m=6018 k=36 n=132 view_m=17 exceptional=false bias=false row_offset=0 output_offset=4 actual_auto=false
RNA_WIDE_QUALIFIED_GROUP case=tail shape_m=6018 k=36 n=132 view_m=31 exceptional=false bias=false row_offset=0 output_offset=1 actual_auto=false
RNA_WIDE_QUALIFIED_GROUP case=tail shape_m=6018 k=36 n=132 view_m=31 exceptional=false bias=false row_offset=0 output_offset=4 actual_auto=false
RNA_WIDE_QUALIFIED_GROUP case=tail shape_m=6018 k=36 n=132 view_m=32 exceptional=false bias=false row_offset=0 output_offset=1 actual_auto=false
RNA_WIDE_QUALIFIED_GROUP case=tail shape_m=6018 k=36 n=132 view_m=32 exceptional=false bias=false row_offset=0 output_offset=4 actual_auto=false
RNA_WIDE_QUALIFIED_GROUP case=tail shape_m=6018 k=36 n=132 view_m=33 exceptional=false bias=false row_offset=0 output_offset=1 actual_auto=false
RNA_WIDE_QUALIFIED_GROUP case=tail shape_m=6018 k=36 n=132 view_m=33 exceptional=false bias=false row_offset=0 output_offset=4 actual_auto=false
RNA_WIDE_QUALIFIED_GROUP case=tail shape_m=6018 k=36 n=132 view_m=63 exceptional=false bias=false row_offset=0 output_offset=1 actual_auto=false
RNA_WIDE_QUALIFIED_GROUP case=tail shape_m=6018 k=36 n=132 view_m=63 exceptional=false bias=false row_offset=0 output_offset=4 actual_auto=false
RNA_WIDE_QUALIFIED_GROUP case=tail shape_m=6018 k=36 n=132 view_m=64 exceptional=false bias=false row_offset=0 output_offset=1 actual_auto=false
RNA_WIDE_QUALIFIED_GROUP case=tail shape_m=6018 k=36 n=132 view_m=64 exceptional=false bias=false row_offset=0 output_offset=4 actual_auto=false
RNA_WIDE_QUALIFIED_GROUP case=tail shape_m=6018 k=36 n=132 view_m=65 exceptional=false bias=false row_offset=0 output_offset=1 actual_auto=false
RNA_WIDE_QUALIFIED_GROUP case=tail shape_m=6018 k=36 n=132 view_m=65 exceptional=false bias=false row_offset=0 output_offset=4 actual_auto=false
RNA_WIDE_QUALIFIED_GROUP case=tail shape_m=6018 k=36 n=132 view_m=127 exceptional=false bias=false row_offset=0 output_offset=1 actual_auto=false
RNA_WIDE_QUALIFIED_GROUP case=tail shape_m=6018 k=36 n=132 view_m=127 exceptional=false bias=false row_offset=0 output_offset=4 actual_auto=false
RNA_WIDE_QUALIFIED_GROUP case=tail shape_m=6018 k=36 n=132 view_m=128 exceptional=false bias=false row_offset=0 output_offset=1 actual_auto=false
RNA_WIDE_QUALIFIED_GROUP case=tail shape_m=6018 k=36 n=132 view_m=128 exceptional=false bias=false row_offset=0 output_offset=4 actual_auto=false
RNA_WIDE_QUALIFIED_GROUP case=tail shape_m=6018 k=36 n=132 view_m=129 exceptional=false bias=false row_offset=0 output_offset=1 actual_auto=false
RNA_WIDE_QUALIFIED_GROUP case=tail shape_m=6018 k=36 n=132 view_m=129 exceptional=false bias=false row_offset=0 output_offset=4 actual_auto=false
RNA_WIDE_QUALIFIED_GROUP case=tail shape_m=6018 k=36 n=132 view_m=255 exceptional=false bias=false row_offset=0 output_offset=1 actual_auto=false
RNA_WIDE_QUALIFIED_GROUP case=tail shape_m=6018 k=36 n=132 view_m=255 exceptional=false bias=false row_offset=0 output_offset=4 actual_auto=false
RNA_WIDE_QUALIFIED_GROUP case=tail shape_m=6018 k=36 n=132 view_m=256 exceptional=false bias=false row_offset=0 output_offset=1 actual_auto=false
RNA_WIDE_QUALIFIED_GROUP case=tail shape_m=6018 k=36 n=132 view_m=256 exceptional=false bias=false row_offset=0 output_offset=4 actual_auto=false
RNA_WIDE_QUALIFIED_GROUP case=tail shape_m=6018 k=36 n=132 view_m=257 exceptional=false bias=false row_offset=0 output_offset=1 actual_auto=false
RNA_WIDE_QUALIFIED_GROUP case=tail shape_m=6018 k=36 n=132 view_m=257 exceptional=false bias=false row_offset=0 output_offset=4 actual_auto=false
RNA_WIDE_QUALIFIED_GROUP case=tail shape_m=6018 k=36 n=132 view_m=257 exceptional=false bias=false row_offset=17 output_offset=1 actual_auto=false
RNA_WIDE_QUALIFIED_GROUP case=tail shape_m=6018 k=36 n=132 view_m=257 exceptional=false bias=false row_offset=17 output_offset=4 actual_auto=false
RNA_WIDE_QUALIFIED_GROUP case=tail shape_m=6018 k=36 n=132 view_m=4621 exceptional=false bias=false row_offset=0 output_offset=1 actual_auto=false
RNA_WIDE_QUALIFIED_GROUP case=tail shape_m=6018 k=36 n=132 view_m=4621 exceptional=false bias=false row_offset=0 output_offset=4 actual_auto=false
RNA_WIDE_QUALIFIED_GROUP case=tail shape_m=6018 k=36 n=132 view_m=6016 exceptional=false bias=false row_offset=0 output_offset=1 actual_auto=false
RNA_WIDE_QUALIFIED_GROUP case=tail shape_m=6018 k=36 n=132 view_m=6016 exceptional=false bias=false row_offset=0 output_offset=4 actual_auto=false
RNA_WIDE_QUALIFIED_GROUP case=tail shape_m=6018 k=36 n=132 view_m=6017 exceptional=false bias=false row_offset=0 output_offset=1 actual_auto=false
RNA_WIDE_QUALIFIED_GROUP case=tail shape_m=6018 k=36 n=132 view_m=6017 exceptional=false bias=false row_offset=0 output_offset=4 actual_auto=false
RNA_WIDE_QUALIFIED_GROUP case=tail shape_m=6018 k=36 n=132 view_m=6018 exceptional=false bias=false row_offset=0 output_offset=1 actual_auto=false
RNA_WIDE_QUALIFIED_GROUP case=tail shape_m=6018 k=36 n=132 view_m=6018 exceptional=false bias=false row_offset=0 output_offset=4 actual_auto=false
RNA_WIDE_QUALIFIED_GROUP case=tail shape_m=6018 k=36 n=132 view_m=1 exceptional=false bias=true row_offset=0 output_offset=1 actual_auto=false
RNA_WIDE_QUALIFIED_GROUP case=tail shape_m=6018 k=36 n=132 view_m=1 exceptional=false bias=true row_offset=0 output_offset=4 actual_auto=false
RNA_WIDE_QUALIFIED_GROUP case=tail shape_m=6018 k=36 n=132 view_m=15 exceptional=false bias=true row_offset=0 output_offset=1 actual_auto=false
RNA_WIDE_QUALIFIED_GROUP case=tail shape_m=6018 k=36 n=132 view_m=15 exceptional=false bias=true row_offset=0 output_offset=4 actual_auto=false
RNA_WIDE_QUALIFIED_GROUP case=tail shape_m=6018 k=36 n=132 view_m=16 exceptional=false bias=true row_offset=0 output_offset=1 actual_auto=false
RNA_WIDE_QUALIFIED_GROUP case=tail shape_m=6018 k=36 n=132 view_m=16 exceptional=false bias=true row_offset=0 output_offset=4 actual_auto=false
RNA_WIDE_QUALIFIED_GROUP case=tail shape_m=6018 k=36 n=132 view_m=17 exceptional=false bias=true row_offset=0 output_offset=1 actual_auto=false
RNA_WIDE_QUALIFIED_GROUP case=tail shape_m=6018 k=36 n=132 view_m=17 exceptional=false bias=true row_offset=0 output_offset=4 actual_auto=false
RNA_WIDE_QUALIFIED_GROUP case=tail shape_m=6018 k=36 n=132 view_m=31 exceptional=false bias=true row_offset=0 output_offset=1 actual_auto=false
RNA_WIDE_QUALIFIED_GROUP case=tail shape_m=6018 k=36 n=132 view_m=31 exceptional=false bias=true row_offset=0 output_offset=4 actual_auto=false
RNA_WIDE_QUALIFIED_GROUP case=tail shape_m=6018 k=36 n=132 view_m=32 exceptional=false bias=true row_offset=0 output_offset=1 actual_auto=false
RNA_WIDE_QUALIFIED_GROUP case=tail shape_m=6018 k=36 n=132 view_m=32 exceptional=false bias=true row_offset=0 output_offset=4 actual_auto=false
RNA_WIDE_QUALIFIED_GROUP case=tail shape_m=6018 k=36 n=132 view_m=33 exceptional=false bias=true row_offset=0 output_offset=1 actual_auto=false
RNA_WIDE_QUALIFIED_GROUP case=tail shape_m=6018 k=36 n=132 view_m=33 exceptional=false bias=true row_offset=0 output_offset=4 actual_auto=false
RNA_WIDE_QUALIFIED_GROUP case=tail shape_m=6018 k=36 n=132 view_m=63 exceptional=false bias=true row_offset=0 output_offset=1 actual_auto=false
RNA_WIDE_QUALIFIED_GROUP case=tail shape_m=6018 k=36 n=132 view_m=63 exceptional=false bias=true row_offset=0 output_offset=4 actual_auto=false
RNA_WIDE_QUALIFIED_GROUP case=tail shape_m=6018 k=36 n=132 view_m=64 exceptional=false bias=true row_offset=0 output_offset=1 actual_auto=false
RNA_WIDE_QUALIFIED_GROUP case=tail shape_m=6018 k=36 n=132 view_m=64 exceptional=false bias=true row_offset=0 output_offset=4 actual_auto=false
RNA_WIDE_QUALIFIED_GROUP case=tail shape_m=6018 k=36 n=132 view_m=65 exceptional=false bias=true row_offset=0 output_offset=1 actual_auto=false
RNA_WIDE_QUALIFIED_GROUP case=tail shape_m=6018 k=36 n=132 view_m=65 exceptional=false bias=true row_offset=0 output_offset=4 actual_auto=false
RNA_WIDE_QUALIFIED_GROUP case=tail shape_m=6018 k=36 n=132 view_m=127 exceptional=false bias=true row_offset=0 output_offset=1 actual_auto=false
RNA_WIDE_QUALIFIED_GROUP case=tail shape_m=6018 k=36 n=132 view_m=127 exceptional=false bias=true row_offset=0 output_offset=4 actual_auto=false
RNA_WIDE_QUALIFIED_GROUP case=tail shape_m=6018 k=36 n=132 view_m=128 exceptional=false bias=true row_offset=0 output_offset=1 actual_auto=false
RNA_WIDE_QUALIFIED_GROUP case=tail shape_m=6018 k=36 n=132 view_m=128 exceptional=false bias=true row_offset=0 output_offset=4 actual_auto=false
RNA_WIDE_QUALIFIED_GROUP case=tail shape_m=6018 k=36 n=132 view_m=129 exceptional=false bias=true row_offset=0 output_offset=1 actual_auto=false
RNA_WIDE_QUALIFIED_GROUP case=tail shape_m=6018 k=36 n=132 view_m=129 exceptional=false bias=true row_offset=0 output_offset=4 actual_auto=false
RNA_WIDE_QUALIFIED_GROUP case=tail shape_m=6018 k=36 n=132 view_m=255 exceptional=false bias=true row_offset=0 output_offset=1 actual_auto=false
RNA_WIDE_QUALIFIED_GROUP case=tail shape_m=6018 k=36 n=132 view_m=255 exceptional=false bias=true row_offset=0 output_offset=4 actual_auto=false
RNA_WIDE_QUALIFIED_GROUP case=tail shape_m=6018 k=36 n=132 view_m=256 exceptional=false bias=true row_offset=0 output_offset=1 actual_auto=false
RNA_WIDE_QUALIFIED_GROUP case=tail shape_m=6018 k=36 n=132 view_m=256 exceptional=false bias=true row_offset=0 output_offset=4 actual_auto=false
RNA_WIDE_QUALIFIED_GROUP case=tail shape_m=6018 k=36 n=132 view_m=257 exceptional=false bias=true row_offset=0 output_offset=1 actual_auto=false
RNA_WIDE_QUALIFIED_GROUP case=tail shape_m=6018 k=36 n=132 view_m=257 exceptional=false bias=true row_offset=0 output_offset=4 actual_auto=false
RNA_WIDE_QUALIFIED_GROUP case=tail shape_m=6018 k=36 n=132 view_m=257 exceptional=false bias=true row_offset=17 output_offset=1 actual_auto=false
RNA_WIDE_QUALIFIED_GROUP case=tail shape_m=6018 k=36 n=132 view_m=257 exceptional=false bias=true row_offset=17 output_offset=4 actual_auto=false
RNA_WIDE_QUALIFIED_GROUP case=tail shape_m=6018 k=36 n=132 view_m=4621 exceptional=false bias=true row_offset=0 output_offset=1 actual_auto=false
RNA_WIDE_QUALIFIED_GROUP case=tail shape_m=6018 k=36 n=132 view_m=4621 exceptional=false bias=true row_offset=0 output_offset=4 actual_auto=false
RNA_WIDE_QUALIFIED_GROUP case=tail shape_m=6018 k=36 n=132 view_m=6016 exceptional=false bias=true row_offset=0 output_offset=1 actual_auto=false
RNA_WIDE_QUALIFIED_GROUP case=tail shape_m=6018 k=36 n=132 view_m=6016 exceptional=false bias=true row_offset=0 output_offset=4 actual_auto=false
RNA_WIDE_QUALIFIED_GROUP case=tail shape_m=6018 k=36 n=132 view_m=6017 exceptional=false bias=true row_offset=0 output_offset=1 actual_auto=false
RNA_WIDE_QUALIFIED_GROUP case=tail shape_m=6018 k=36 n=132 view_m=6017 exceptional=false bias=true row_offset=0 output_offset=4 actual_auto=false
RNA_WIDE_QUALIFIED_GROUP case=tail shape_m=6018 k=36 n=132 view_m=6018 exceptional=false bias=true row_offset=0 output_offset=1 actual_auto=false
RNA_WIDE_QUALIFIED_GROUP case=tail shape_m=6018 k=36 n=132 view_m=6018 exceptional=false bias=true row_offset=0 output_offset=4 actual_auto=false
RNA_WIDE_QUALIFIED_GROUP case=tail shape_m=6018 k=36 n=132 view_m=1 exceptional=true bias=false row_offset=0 output_offset=1 actual_auto=false
RNA_WIDE_QUALIFIED_GROUP case=tail shape_m=6018 k=36 n=132 view_m=1 exceptional=true bias=false row_offset=0 output_offset=4 actual_auto=false
RNA_WIDE_QUALIFIED_GROUP case=tail shape_m=6018 k=36 n=132 view_m=15 exceptional=true bias=false row_offset=0 output_offset=1 actual_auto=false
RNA_WIDE_QUALIFIED_GROUP case=tail shape_m=6018 k=36 n=132 view_m=15 exceptional=true bias=false row_offset=0 output_offset=4 actual_auto=false
RNA_WIDE_QUALIFIED_GROUP case=tail shape_m=6018 k=36 n=132 view_m=16 exceptional=true bias=false row_offset=0 output_offset=1 actual_auto=false
RNA_WIDE_QUALIFIED_GROUP case=tail shape_m=6018 k=36 n=132 view_m=16 exceptional=true bias=false row_offset=0 output_offset=4 actual_auto=false
RNA_WIDE_QUALIFIED_GROUP case=tail shape_m=6018 k=36 n=132 view_m=17 exceptional=true bias=false row_offset=0 output_offset=1 actual_auto=false
RNA_WIDE_QUALIFIED_GROUP case=tail shape_m=6018 k=36 n=132 view_m=17 exceptional=true bias=false row_offset=0 output_offset=4 actual_auto=false
RNA_WIDE_QUALIFIED_GROUP case=tail shape_m=6018 k=36 n=132 view_m=31 exceptional=true bias=false row_offset=0 output_offset=1 actual_auto=false
RNA_WIDE_QUALIFIED_GROUP case=tail shape_m=6018 k=36 n=132 view_m=31 exceptional=true bias=false row_offset=0 output_offset=4 actual_auto=false
RNA_WIDE_QUALIFIED_GROUP case=tail shape_m=6018 k=36 n=132 view_m=32 exceptional=true bias=false row_offset=0 output_offset=1 actual_auto=false
RNA_WIDE_QUALIFIED_GROUP case=tail shape_m=6018 k=36 n=132 view_m=32 exceptional=true bias=false row_offset=0 output_offset=4 actual_auto=false
RNA_WIDE_QUALIFIED_GROUP case=tail shape_m=6018 k=36 n=132 view_m=33 exceptional=true bias=false row_offset=0 output_offset=1 actual_auto=false
RNA_WIDE_QUALIFIED_GROUP case=tail shape_m=6018 k=36 n=132 view_m=33 exceptional=true bias=false row_offset=0 output_offset=4 actual_auto=false
RNA_WIDE_QUALIFIED_GROUP case=tail shape_m=6018 k=36 n=132 view_m=63 exceptional=true bias=false row_offset=0 output_offset=1 actual_auto=false
RNA_WIDE_QUALIFIED_GROUP case=tail shape_m=6018 k=36 n=132 view_m=63 exceptional=true bias=false row_offset=0 output_offset=4 actual_auto=false
RNA_WIDE_QUALIFIED_GROUP case=tail shape_m=6018 k=36 n=132 view_m=64 exceptional=true bias=false row_offset=0 output_offset=1 actual_auto=false
RNA_WIDE_QUALIFIED_GROUP case=tail shape_m=6018 k=36 n=132 view_m=64 exceptional=true bias=false row_offset=0 output_offset=4 actual_auto=false
RNA_WIDE_QUALIFIED_GROUP case=tail shape_m=6018 k=36 n=132 view_m=65 exceptional=true bias=false row_offset=0 output_offset=1 actual_auto=false
RNA_WIDE_QUALIFIED_GROUP case=tail shape_m=6018 k=36 n=132 view_m=65 exceptional=true bias=false row_offset=0 output_offset=4 actual_auto=false
RNA_WIDE_QUALIFIED_GROUP case=tail shape_m=6018 k=36 n=132 view_m=127 exceptional=true bias=false row_offset=0 output_offset=1 actual_auto=false
RNA_WIDE_QUALIFIED_GROUP case=tail shape_m=6018 k=36 n=132 view_m=127 exceptional=true bias=false row_offset=0 output_offset=4 actual_auto=false
RNA_WIDE_QUALIFIED_GROUP case=tail shape_m=6018 k=36 n=132 view_m=128 exceptional=true bias=false row_offset=0 output_offset=1 actual_auto=false
RNA_WIDE_QUALIFIED_GROUP case=tail shape_m=6018 k=36 n=132 view_m=128 exceptional=true bias=false row_offset=0 output_offset=4 actual_auto=false
RNA_WIDE_QUALIFIED_GROUP case=tail shape_m=6018 k=36 n=132 view_m=129 exceptional=true bias=false row_offset=0 output_offset=1 actual_auto=false
RNA_WIDE_QUALIFIED_GROUP case=tail shape_m=6018 k=36 n=132 view_m=129 exceptional=true bias=false row_offset=0 output_offset=4 actual_auto=false
RNA_WIDE_QUALIFIED_GROUP case=tail shape_m=6018 k=36 n=132 view_m=255 exceptional=true bias=false row_offset=0 output_offset=1 actual_auto=false
RNA_WIDE_QUALIFIED_GROUP case=tail shape_m=6018 k=36 n=132 view_m=255 exceptional=true bias=false row_offset=0 output_offset=4 actual_auto=false
RNA_WIDE_QUALIFIED_GROUP case=tail shape_m=6018 k=36 n=132 view_m=256 exceptional=true bias=false row_offset=0 output_offset=1 actual_auto=false
RNA_WIDE_QUALIFIED_GROUP case=tail shape_m=6018 k=36 n=132 view_m=256 exceptional=true bias=false row_offset=0 output_offset=4 actual_auto=false
RNA_WIDE_QUALIFIED_GROUP case=tail shape_m=6018 k=36 n=132 view_m=257 exceptional=true bias=false row_offset=0 output_offset=1 actual_auto=false
RNA_WIDE_QUALIFIED_GROUP case=tail shape_m=6018 k=36 n=132 view_m=257 exceptional=true bias=false row_offset=0 output_offset=4 actual_auto=false
RNA_WIDE_QUALIFIED_GROUP case=tail shape_m=6018 k=36 n=132 view_m=257 exceptional=true bias=false row_offset=17 output_offset=1 actual_auto=false
RNA_WIDE_QUALIFIED_GROUP case=tail shape_m=6018 k=36 n=132 view_m=257 exceptional=true bias=false row_offset=17 output_offset=4 actual_auto=false
RNA_WIDE_QUALIFIED_GROUP case=tail shape_m=6018 k=36 n=132 view_m=4621 exceptional=true bias=false row_offset=0 output_offset=1 actual_auto=false
RNA_WIDE_QUALIFIED_GROUP case=tail shape_m=6018 k=36 n=132 view_m=4621 exceptional=true bias=false row_offset=0 output_offset=4 actual_auto=false
RNA_WIDE_QUALIFIED_GROUP case=tail shape_m=6018 k=36 n=132 view_m=6016 exceptional=true bias=false row_offset=0 output_offset=1 actual_auto=false
RNA_WIDE_QUALIFIED_GROUP case=tail shape_m=6018 k=36 n=132 view_m=6016 exceptional=true bias=false row_offset=0 output_offset=4 actual_auto=false
RNA_WIDE_QUALIFIED_GROUP case=tail shape_m=6018 k=36 n=132 view_m=6017 exceptional=true bias=false row_offset=0 output_offset=1 actual_auto=false
RNA_WIDE_QUALIFIED_GROUP case=tail shape_m=6018 k=36 n=132 view_m=6017 exceptional=true bias=false row_offset=0 output_offset=4 actual_auto=false
RNA_WIDE_QUALIFIED_GROUP case=tail shape_m=6018 k=36 n=132 view_m=6018 exceptional=true bias=false row_offset=0 output_offset=1 actual_auto=false
RNA_WIDE_QUALIFIED_GROUP case=tail shape_m=6018 k=36 n=132 view_m=6018 exceptional=true bias=false row_offset=0 output_offset=4 actual_auto=false
RNA_WIDE_QUALIFIED_GROUP case=tail shape_m=6018 k=36 n=132 view_m=1 exceptional=true bias=true row_offset=0 output_offset=1 actual_auto=false
RNA_WIDE_QUALIFIED_GROUP case=tail shape_m=6018 k=36 n=132 view_m=1 exceptional=true bias=true row_offset=0 output_offset=4 actual_auto=false
RNA_WIDE_QUALIFIED_GROUP case=tail shape_m=6018 k=36 n=132 view_m=15 exceptional=true bias=true row_offset=0 output_offset=1 actual_auto=false
RNA_WIDE_QUALIFIED_GROUP case=tail shape_m=6018 k=36 n=132 view_m=15 exceptional=true bias=true row_offset=0 output_offset=4 actual_auto=false
RNA_WIDE_QUALIFIED_GROUP case=tail shape_m=6018 k=36 n=132 view_m=16 exceptional=true bias=true row_offset=0 output_offset=1 actual_auto=false
RNA_WIDE_QUALIFIED_GROUP case=tail shape_m=6018 k=36 n=132 view_m=16 exceptional=true bias=true row_offset=0 output_offset=4 actual_auto=false
RNA_WIDE_QUALIFIED_GROUP case=tail shape_m=6018 k=36 n=132 view_m=17 exceptional=true bias=true row_offset=0 output_offset=1 actual_auto=false
RNA_WIDE_QUALIFIED_GROUP case=tail shape_m=6018 k=36 n=132 view_m=17 exceptional=true bias=true row_offset=0 output_offset=4 actual_auto=false
RNA_WIDE_QUALIFIED_GROUP case=tail shape_m=6018 k=36 n=132 view_m=31 exceptional=true bias=true row_offset=0 output_offset=1 actual_auto=false
RNA_WIDE_QUALIFIED_GROUP case=tail shape_m=6018 k=36 n=132 view_m=31 exceptional=true bias=true row_offset=0 output_offset=4 actual_auto=false
RNA_WIDE_QUALIFIED_GROUP case=tail shape_m=6018 k=36 n=132 view_m=32 exceptional=true bias=true row_offset=0 output_offset=1 actual_auto=false
RNA_WIDE_QUALIFIED_GROUP case=tail shape_m=6018 k=36 n=132 view_m=32 exceptional=true bias=true row_offset=0 output_offset=4 actual_auto=false
RNA_WIDE_QUALIFIED_GROUP case=tail shape_m=6018 k=36 n=132 view_m=33 exceptional=true bias=true row_offset=0 output_offset=1 actual_auto=false
RNA_WIDE_QUALIFIED_GROUP case=tail shape_m=6018 k=36 n=132 view_m=33 exceptional=true bias=true row_offset=0 output_offset=4 actual_auto=false
RNA_WIDE_QUALIFIED_GROUP case=tail shape_m=6018 k=36 n=132 view_m=63 exceptional=true bias=true row_offset=0 output_offset=1 actual_auto=false
RNA_WIDE_QUALIFIED_GROUP case=tail shape_m=6018 k=36 n=132 view_m=63 exceptional=true bias=true row_offset=0 output_offset=4 actual_auto=false
RNA_WIDE_QUALIFIED_GROUP case=tail shape_m=6018 k=36 n=132 view_m=64 exceptional=true bias=true row_offset=0 output_offset=1 actual_auto=false
RNA_WIDE_QUALIFIED_GROUP case=tail shape_m=6018 k=36 n=132 view_m=64 exceptional=true bias=true row_offset=0 output_offset=4 actual_auto=false
RNA_WIDE_QUALIFIED_GROUP case=tail shape_m=6018 k=36 n=132 view_m=65 exceptional=true bias=true row_offset=0 output_offset=1 actual_auto=false
RNA_WIDE_QUALIFIED_GROUP case=tail shape_m=6018 k=36 n=132 view_m=65 exceptional=true bias=true row_offset=0 output_offset=4 actual_auto=false
RNA_WIDE_QUALIFIED_GROUP case=tail shape_m=6018 k=36 n=132 view_m=127 exceptional=true bias=true row_offset=0 output_offset=1 actual_auto=false
RNA_WIDE_QUALIFIED_GROUP case=tail shape_m=6018 k=36 n=132 view_m=127 exceptional=true bias=true row_offset=0 output_offset=4 actual_auto=false
RNA_WIDE_QUALIFIED_GROUP case=tail shape_m=6018 k=36 n=132 view_m=128 exceptional=true bias=true row_offset=0 output_offset=1 actual_auto=false
RNA_WIDE_QUALIFIED_GROUP case=tail shape_m=6018 k=36 n=132 view_m=128 exceptional=true bias=true row_offset=0 output_offset=4 actual_auto=false
RNA_WIDE_QUALIFIED_GROUP case=tail shape_m=6018 k=36 n=132 view_m=129 exceptional=true bias=true row_offset=0 output_offset=1 actual_auto=false
RNA_WIDE_QUALIFIED_GROUP case=tail shape_m=6018 k=36 n=132 view_m=129 exceptional=true bias=true row_offset=0 output_offset=4 actual_auto=false
RNA_WIDE_QUALIFIED_GROUP case=tail shape_m=6018 k=36 n=132 view_m=255 exceptional=true bias=true row_offset=0 output_offset=1 actual_auto=false
RNA_WIDE_QUALIFIED_GROUP case=tail shape_m=6018 k=36 n=132 view_m=255 exceptional=true bias=true row_offset=0 output_offset=4 actual_auto=false
RNA_WIDE_QUALIFIED_GROUP case=tail shape_m=6018 k=36 n=132 view_m=256 exceptional=true bias=true row_offset=0 output_offset=1 actual_auto=false
RNA_WIDE_QUALIFIED_GROUP case=tail shape_m=6018 k=36 n=132 view_m=256 exceptional=true bias=true row_offset=0 output_offset=4 actual_auto=false
RNA_WIDE_QUALIFIED_GROUP case=tail shape_m=6018 k=36 n=132 view_m=257 exceptional=true bias=true row_offset=0 output_offset=1 actual_auto=false
RNA_WIDE_QUALIFIED_GROUP case=tail shape_m=6018 k=36 n=132 view_m=257 exceptional=true bias=true row_offset=0 output_offset=4 actual_auto=false
RNA_WIDE_QUALIFIED_GROUP case=tail shape_m=6018 k=36 n=132 view_m=257 exceptional=true bias=true row_offset=17 output_offset=1 actual_auto=false
RNA_WIDE_QUALIFIED_GROUP case=tail shape_m=6018 k=36 n=132 view_m=257 exceptional=true bias=true row_offset=17 output_offset=4 actual_auto=false
RNA_WIDE_QUALIFIED_GROUP case=tail shape_m=6018 k=36 n=132 view_m=4621 exceptional=true bias=true row_offset=0 output_offset=1 actual_auto=false
RNA_WIDE_QUALIFIED_GROUP case=tail shape_m=6018 k=36 n=132 view_m=4621 exceptional=true bias=true row_offset=0 output_offset=4 actual_auto=false
RNA_WIDE_QUALIFIED_GROUP case=tail shape_m=6018 k=36 n=132 view_m=6016 exceptional=true bias=true row_offset=0 output_offset=1 actual_auto=false
RNA_WIDE_QUALIFIED_GROUP case=tail shape_m=6018 k=36 n=132 view_m=6016 exceptional=true bias=true row_offset=0 output_offset=4 actual_auto=false
RNA_WIDE_QUALIFIED_GROUP case=tail shape_m=6018 k=36 n=132 view_m=6017 exceptional=true bias=true row_offset=0 output_offset=1 actual_auto=false
RNA_WIDE_QUALIFIED_GROUP case=tail shape_m=6018 k=36 n=132 view_m=6017 exceptional=true bias=true row_offset=0 output_offset=4 actual_auto=false
RNA_WIDE_QUALIFIED_GROUP case=tail shape_m=6018 k=36 n=132 view_m=6018 exceptional=true bias=true row_offset=0 output_offset=1 actual_auto=false
RNA_WIDE_QUALIFIED_GROUP case=tail shape_m=6018 k=36 n=132 view_m=6018 exceptional=true bias=true row_offset=0 output_offset=4 actual_auto=false
RNA_WIDE_QUALIFIED_GROUP case=hot_a_boundary shape_m=4622 k=384 n=1928 view_m=1 exceptional=false bias=false row_offset=0 output_offset=1 actual_auto=false
RNA_WIDE_QUALIFIED_GROUP case=hot_a_boundary shape_m=4622 k=384 n=1928 view_m=1 exceptional=false bias=false row_offset=0 output_offset=4 actual_auto=false
RNA_WIDE_QUALIFIED_GROUP case=hot_a_boundary shape_m=4622 k=384 n=1928 view_m=16 exceptional=false bias=false row_offset=0 output_offset=1 actual_auto=false
RNA_WIDE_QUALIFIED_GROUP case=hot_a_boundary shape_m=4622 k=384 n=1928 view_m=16 exceptional=false bias=false row_offset=0 output_offset=4 actual_auto=false
RNA_WIDE_QUALIFIED_GROUP case=hot_a_boundary shape_m=4622 k=384 n=1928 view_m=17 exceptional=false bias=false row_offset=0 output_offset=1 actual_auto=false
RNA_WIDE_QUALIFIED_GROUP case=hot_a_boundary shape_m=4622 k=384 n=1928 view_m=17 exceptional=false bias=false row_offset=0 output_offset=4 actual_auto=false
RNA_WIDE_QUALIFIED_GROUP case=hot_a_boundary shape_m=4622 k=384 n=1928 view_m=4620 exceptional=false bias=false row_offset=0 output_offset=1 actual_auto=false
RNA_WIDE_QUALIFIED_GROUP case=hot_a_boundary shape_m=4622 k=384 n=1928 view_m=4620 exceptional=false bias=false row_offset=0 output_offset=4 actual_auto=false
RNA_WIDE_QUALIFIED_GROUP case=hot_a_boundary shape_m=4622 k=384 n=1928 view_m=4621 exceptional=false bias=false row_offset=0 output_offset=1 actual_auto=false
RNA_WIDE_QUALIFIED_GROUP case=hot_a_boundary shape_m=4622 k=384 n=1928 view_m=4621 exceptional=false bias=false row_offset=0 output_offset=4 actual_auto=false
RNA_WIDE_QUALIFIED_GROUP case=hot_a_boundary shape_m=4622 k=384 n=1928 view_m=4622 exceptional=false bias=false row_offset=0 output_offset=1 actual_auto=false
RNA_WIDE_QUALIFIED_GROUP case=hot_a_boundary shape_m=4622 k=384 n=1928 view_m=4622 exceptional=false bias=false row_offset=0 output_offset=4 actual_auto=false
RNA_WIDE_QUALIFIED_GROUP case=hot_a_boundary shape_m=4622 k=384 n=1928 view_m=4621 exceptional=false bias=false row_offset=1 output_offset=1 actual_auto=false
RNA_WIDE_QUALIFIED_GROUP case=hot_a_boundary shape_m=4622 k=384 n=1928 view_m=4621 exceptional=false bias=false row_offset=1 output_offset=4 actual_auto=false
RNA_WIDE_QUALIFIED_GROUP case=hot_a_boundary shape_m=4622 k=384 n=1928 view_m=1 exceptional=false bias=true row_offset=0 output_offset=1 actual_auto=false
RNA_WIDE_QUALIFIED_GROUP case=hot_a_boundary shape_m=4622 k=384 n=1928 view_m=1 exceptional=false bias=true row_offset=0 output_offset=4 actual_auto=false
RNA_WIDE_QUALIFIED_GROUP case=hot_a_boundary shape_m=4622 k=384 n=1928 view_m=16 exceptional=false bias=true row_offset=0 output_offset=1 actual_auto=false
RNA_WIDE_QUALIFIED_GROUP case=hot_a_boundary shape_m=4622 k=384 n=1928 view_m=16 exceptional=false bias=true row_offset=0 output_offset=4 actual_auto=false
RNA_WIDE_QUALIFIED_GROUP case=hot_a_boundary shape_m=4622 k=384 n=1928 view_m=17 exceptional=false bias=true row_offset=0 output_offset=1 actual_auto=false
RNA_WIDE_QUALIFIED_GROUP case=hot_a_boundary shape_m=4622 k=384 n=1928 view_m=17 exceptional=false bias=true row_offset=0 output_offset=4 actual_auto=false
RNA_WIDE_QUALIFIED_GROUP case=hot_a_boundary shape_m=4622 k=384 n=1928 view_m=4620 exceptional=false bias=true row_offset=0 output_offset=1 actual_auto=false
RNA_WIDE_QUALIFIED_GROUP case=hot_a_boundary shape_m=4622 k=384 n=1928 view_m=4620 exceptional=false bias=true row_offset=0 output_offset=4 actual_auto=false
RNA_WIDE_QUALIFIED_GROUP case=hot_a_boundary shape_m=4622 k=384 n=1928 view_m=4621 exceptional=false bias=true row_offset=0 output_offset=1 actual_auto=false
RNA_WIDE_QUALIFIED_GROUP case=hot_a_boundary shape_m=4622 k=384 n=1928 view_m=4621 exceptional=false bias=true row_offset=0 output_offset=4 actual_auto=false
RNA_WIDE_QUALIFIED_GROUP case=hot_a_boundary shape_m=4622 k=384 n=1928 view_m=4622 exceptional=false bias=true row_offset=0 output_offset=1 actual_auto=false
RNA_WIDE_QUALIFIED_GROUP case=hot_a_boundary shape_m=4622 k=384 n=1928 view_m=4622 exceptional=false bias=true row_offset=0 output_offset=4 actual_auto=false
RNA_WIDE_QUALIFIED_GROUP case=hot_a_boundary shape_m=4622 k=384 n=1928 view_m=4621 exceptional=false bias=true row_offset=1 output_offset=1 actual_auto=false
RNA_WIDE_QUALIFIED_GROUP case=hot_a_boundary shape_m=4622 k=384 n=1928 view_m=4621 exceptional=false bias=true row_offset=1 output_offset=4 actual_auto=false
RNA_WIDE_QUALIFIED_GROUP case=hot_a_boundary shape_m=4622 k=384 n=1928 view_m=1 exceptional=true bias=false row_offset=0 output_offset=1 actual_auto=false
RNA_WIDE_QUALIFIED_GROUP case=hot_a_boundary shape_m=4622 k=384 n=1928 view_m=1 exceptional=true bias=false row_offset=0 output_offset=4 actual_auto=false
RNA_WIDE_QUALIFIED_GROUP case=hot_a_boundary shape_m=4622 k=384 n=1928 view_m=16 exceptional=true bias=false row_offset=0 output_offset=1 actual_auto=false
RNA_WIDE_QUALIFIED_GROUP case=hot_a_boundary shape_m=4622 k=384 n=1928 view_m=16 exceptional=true bias=false row_offset=0 output_offset=4 actual_auto=false
RNA_WIDE_QUALIFIED_GROUP case=hot_a_boundary shape_m=4622 k=384 n=1928 view_m=17 exceptional=true bias=false row_offset=0 output_offset=1 actual_auto=false
RNA_WIDE_QUALIFIED_GROUP case=hot_a_boundary shape_m=4622 k=384 n=1928 view_m=17 exceptional=true bias=false row_offset=0 output_offset=4 actual_auto=false
RNA_WIDE_QUALIFIED_GROUP case=hot_a_boundary shape_m=4622 k=384 n=1928 view_m=4620 exceptional=true bias=false row_offset=0 output_offset=1 actual_auto=false
RNA_WIDE_QUALIFIED_GROUP case=hot_a_boundary shape_m=4622 k=384 n=1928 view_m=4620 exceptional=true bias=false row_offset=0 output_offset=4 actual_auto=false
RNA_WIDE_QUALIFIED_GROUP case=hot_a_boundary shape_m=4622 k=384 n=1928 view_m=4621 exceptional=true bias=false row_offset=0 output_offset=1 actual_auto=false
RNA_WIDE_QUALIFIED_GROUP case=hot_a_boundary shape_m=4622 k=384 n=1928 view_m=4621 exceptional=true bias=false row_offset=0 output_offset=4 actual_auto=false
RNA_WIDE_QUALIFIED_GROUP case=hot_a_boundary shape_m=4622 k=384 n=1928 view_m=4622 exceptional=true bias=false row_offset=0 output_offset=1 actual_auto=false
RNA_WIDE_QUALIFIED_GROUP case=hot_a_boundary shape_m=4622 k=384 n=1928 view_m=4622 exceptional=true bias=false row_offset=0 output_offset=4 actual_auto=false
RNA_WIDE_QUALIFIED_GROUP case=hot_a_boundary shape_m=4622 k=384 n=1928 view_m=4621 exceptional=true bias=false row_offset=1 output_offset=1 actual_auto=false
RNA_WIDE_QUALIFIED_GROUP case=hot_a_boundary shape_m=4622 k=384 n=1928 view_m=4621 exceptional=true bias=false row_offset=1 output_offset=4 actual_auto=false
RNA_WIDE_QUALIFIED_GROUP case=hot_a_boundary shape_m=4622 k=384 n=1928 view_m=1 exceptional=true bias=true row_offset=0 output_offset=1 actual_auto=false
RNA_WIDE_QUALIFIED_GROUP case=hot_a_boundary shape_m=4622 k=384 n=1928 view_m=1 exceptional=true bias=true row_offset=0 output_offset=4 actual_auto=false
RNA_WIDE_QUALIFIED_GROUP case=hot_a_boundary shape_m=4622 k=384 n=1928 view_m=16 exceptional=true bias=true row_offset=0 output_offset=1 actual_auto=false
RNA_WIDE_QUALIFIED_GROUP case=hot_a_boundary shape_m=4622 k=384 n=1928 view_m=16 exceptional=true bias=true row_offset=0 output_offset=4 actual_auto=false
RNA_WIDE_QUALIFIED_GROUP case=hot_a_boundary shape_m=4622 k=384 n=1928 view_m=17 exceptional=true bias=true row_offset=0 output_offset=1 actual_auto=false
RNA_WIDE_QUALIFIED_GROUP case=hot_a_boundary shape_m=4622 k=384 n=1928 view_m=17 exceptional=true bias=true row_offset=0 output_offset=4 actual_auto=false
RNA_WIDE_QUALIFIED_GROUP case=hot_a_boundary shape_m=4622 k=384 n=1928 view_m=4620 exceptional=true bias=true row_offset=0 output_offset=1 actual_auto=false
RNA_WIDE_QUALIFIED_GROUP case=hot_a_boundary shape_m=4622 k=384 n=1928 view_m=4620 exceptional=true bias=true row_offset=0 output_offset=4 actual_auto=false
RNA_WIDE_QUALIFIED_GROUP case=hot_a_boundary shape_m=4622 k=384 n=1928 view_m=4621 exceptional=true bias=true row_offset=0 output_offset=1 actual_auto=false
RNA_WIDE_QUALIFIED_GROUP case=hot_a_boundary shape_m=4622 k=384 n=1928 view_m=4621 exceptional=true bias=true row_offset=0 output_offset=4 actual_auto=false
RNA_WIDE_QUALIFIED_GROUP case=hot_a_boundary shape_m=4622 k=384 n=1928 view_m=4622 exceptional=true bias=true row_offset=0 output_offset=1 actual_auto=false
RNA_WIDE_QUALIFIED_GROUP case=hot_a_boundary shape_m=4622 k=384 n=1928 view_m=4622 exceptional=true bias=true row_offset=0 output_offset=4 actual_auto=false
RNA_WIDE_QUALIFIED_GROUP case=hot_a_boundary shape_m=4622 k=384 n=1928 view_m=4621 exceptional=true bias=true row_offset=1 output_offset=1 actual_auto=false
RNA_WIDE_QUALIFIED_GROUP case=hot_a_boundary shape_m=4622 k=384 n=1928 view_m=4621 exceptional=true bias=true row_offset=1 output_offset=4 actual_auto=false
RNA_WIDE_QUALIFIED_GROUP case=hot_b_boundary shape_m=4622 k=768 n=2304 view_m=1 exceptional=false bias=false row_offset=0 output_offset=1 actual_auto=false
RNA_WIDE_QUALIFIED_GROUP case=hot_b_boundary shape_m=4622 k=768 n=2304 view_m=1 exceptional=false bias=false row_offset=0 output_offset=4 actual_auto=false
RNA_WIDE_QUALIFIED_GROUP case=hot_b_boundary shape_m=4622 k=768 n=2304 view_m=16 exceptional=false bias=false row_offset=0 output_offset=1 actual_auto=false
RNA_WIDE_QUALIFIED_GROUP case=hot_b_boundary shape_m=4622 k=768 n=2304 view_m=16 exceptional=false bias=false row_offset=0 output_offset=4 actual_auto=false
RNA_WIDE_QUALIFIED_GROUP case=hot_b_boundary shape_m=4622 k=768 n=2304 view_m=17 exceptional=false bias=false row_offset=0 output_offset=1 actual_auto=false
RNA_WIDE_QUALIFIED_GROUP case=hot_b_boundary shape_m=4622 k=768 n=2304 view_m=17 exceptional=false bias=false row_offset=0 output_offset=4 actual_auto=false
RNA_WIDE_QUALIFIED_GROUP case=hot_b_boundary shape_m=4622 k=768 n=2304 view_m=4620 exceptional=false bias=false row_offset=0 output_offset=1 actual_auto=false
RNA_WIDE_QUALIFIED_GROUP case=hot_b_boundary shape_m=4622 k=768 n=2304 view_m=4620 exceptional=false bias=false row_offset=0 output_offset=4 actual_auto=false
RNA_WIDE_QUALIFIED_GROUP case=hot_b_boundary shape_m=4622 k=768 n=2304 view_m=4621 exceptional=false bias=false row_offset=0 output_offset=1 actual_auto=false
RNA_WIDE_QUALIFIED_GROUP case=hot_b_boundary shape_m=4622 k=768 n=2304 view_m=4621 exceptional=false bias=false row_offset=0 output_offset=4 actual_auto=false
RNA_WIDE_QUALIFIED_GROUP case=hot_b_boundary shape_m=4622 k=768 n=2304 view_m=4622 exceptional=false bias=false row_offset=0 output_offset=1 actual_auto=false
RNA_WIDE_QUALIFIED_GROUP case=hot_b_boundary shape_m=4622 k=768 n=2304 view_m=4622 exceptional=false bias=false row_offset=0 output_offset=4 actual_auto=false
RNA_WIDE_QUALIFIED_GROUP case=hot_b_boundary shape_m=4622 k=768 n=2304 view_m=4621 exceptional=false bias=false row_offset=1 output_offset=1 actual_auto=false
RNA_WIDE_QUALIFIED_GROUP case=hot_b_boundary shape_m=4622 k=768 n=2304 view_m=4621 exceptional=false bias=false row_offset=1 output_offset=4 actual_auto=false
RNA_WIDE_QUALIFIED_GROUP case=hot_b_boundary shape_m=4622 k=768 n=2304 view_m=1 exceptional=false bias=true row_offset=0 output_offset=1 actual_auto=false
RNA_WIDE_QUALIFIED_GROUP case=hot_b_boundary shape_m=4622 k=768 n=2304 view_m=1 exceptional=false bias=true row_offset=0 output_offset=4 actual_auto=false
RNA_WIDE_QUALIFIED_GROUP case=hot_b_boundary shape_m=4622 k=768 n=2304 view_m=16 exceptional=false bias=true row_offset=0 output_offset=1 actual_auto=false
RNA_WIDE_QUALIFIED_GROUP case=hot_b_boundary shape_m=4622 k=768 n=2304 view_m=16 exceptional=false bias=true row_offset=0 output_offset=4 actual_auto=false
RNA_WIDE_QUALIFIED_GROUP case=hot_b_boundary shape_m=4622 k=768 n=2304 view_m=17 exceptional=false bias=true row_offset=0 output_offset=1 actual_auto=false
RNA_WIDE_QUALIFIED_GROUP case=hot_b_boundary shape_m=4622 k=768 n=2304 view_m=17 exceptional=false bias=true row_offset=0 output_offset=4 actual_auto=false
RNA_WIDE_QUALIFIED_GROUP case=hot_b_boundary shape_m=4622 k=768 n=2304 view_m=4620 exceptional=false bias=true row_offset=0 output_offset=1 actual_auto=false
RNA_WIDE_QUALIFIED_GROUP case=hot_b_boundary shape_m=4622 k=768 n=2304 view_m=4620 exceptional=false bias=true row_offset=0 output_offset=4 actual_auto=false
RNA_WIDE_QUALIFIED_GROUP case=hot_b_boundary shape_m=4622 k=768 n=2304 view_m=4621 exceptional=false bias=true row_offset=0 output_offset=1 actual_auto=false
RNA_WIDE_QUALIFIED_GROUP case=hot_b_boundary shape_m=4622 k=768 n=2304 view_m=4621 exceptional=false bias=true row_offset=0 output_offset=4 actual_auto=false
RNA_WIDE_QUALIFIED_GROUP case=hot_b_boundary shape_m=4622 k=768 n=2304 view_m=4622 exceptional=false bias=true row_offset=0 output_offset=1 actual_auto=false
RNA_WIDE_QUALIFIED_GROUP case=hot_b_boundary shape_m=4622 k=768 n=2304 view_m=4622 exceptional=false bias=true row_offset=0 output_offset=4 actual_auto=false
RNA_WIDE_QUALIFIED_GROUP case=hot_b_boundary shape_m=4622 k=768 n=2304 view_m=4621 exceptional=false bias=true row_offset=1 output_offset=1 actual_auto=false
RNA_WIDE_QUALIFIED_GROUP case=hot_b_boundary shape_m=4622 k=768 n=2304 view_m=4621 exceptional=false bias=true row_offset=1 output_offset=4 actual_auto=false
RNA_WIDE_QUALIFIED_GROUP case=hot_b_boundary shape_m=4622 k=768 n=2304 view_m=1 exceptional=true bias=false row_offset=0 output_offset=1 actual_auto=false
RNA_WIDE_QUALIFIED_GROUP case=hot_b_boundary shape_m=4622 k=768 n=2304 view_m=1 exceptional=true bias=false row_offset=0 output_offset=4 actual_auto=false
RNA_WIDE_QUALIFIED_GROUP case=hot_b_boundary shape_m=4622 k=768 n=2304 view_m=16 exceptional=true bias=false row_offset=0 output_offset=1 actual_auto=false
RNA_WIDE_QUALIFIED_GROUP case=hot_b_boundary shape_m=4622 k=768 n=2304 view_m=16 exceptional=true bias=false row_offset=0 output_offset=4 actual_auto=false
RNA_WIDE_QUALIFIED_GROUP case=hot_b_boundary shape_m=4622 k=768 n=2304 view_m=17 exceptional=true bias=false row_offset=0 output_offset=1 actual_auto=false
RNA_WIDE_QUALIFIED_GROUP case=hot_b_boundary shape_m=4622 k=768 n=2304 view_m=17 exceptional=true bias=false row_offset=0 output_offset=4 actual_auto=false
RNA_WIDE_QUALIFIED_GROUP case=hot_b_boundary shape_m=4622 k=768 n=2304 view_m=4620 exceptional=true bias=false row_offset=0 output_offset=1 actual_auto=false
RNA_WIDE_QUALIFIED_GROUP case=hot_b_boundary shape_m=4622 k=768 n=2304 view_m=4620 exceptional=true bias=false row_offset=0 output_offset=4 actual_auto=false
RNA_WIDE_QUALIFIED_GROUP case=hot_b_boundary shape_m=4622 k=768 n=2304 view_m=4621 exceptional=true bias=false row_offset=0 output_offset=1 actual_auto=false
RNA_WIDE_QUALIFIED_GROUP case=hot_b_boundary shape_m=4622 k=768 n=2304 view_m=4621 exceptional=true bias=false row_offset=0 output_offset=4 actual_auto=false
RNA_WIDE_QUALIFIED_GROUP case=hot_b_boundary shape_m=4622 k=768 n=2304 view_m=4622 exceptional=true bias=false row_offset=0 output_offset=1 actual_auto=false
RNA_WIDE_QUALIFIED_GROUP case=hot_b_boundary shape_m=4622 k=768 n=2304 view_m=4622 exceptional=true bias=false row_offset=0 output_offset=4 actual_auto=false
RNA_WIDE_QUALIFIED_GROUP case=hot_b_boundary shape_m=4622 k=768 n=2304 view_m=4621 exceptional=true bias=false row_offset=1 output_offset=1 actual_auto=false
RNA_WIDE_QUALIFIED_GROUP case=hot_b_boundary shape_m=4622 k=768 n=2304 view_m=4621 exceptional=true bias=false row_offset=1 output_offset=4 actual_auto=false
RNA_WIDE_QUALIFIED_GROUP case=hot_b_boundary shape_m=4622 k=768 n=2304 view_m=1 exceptional=true bias=true row_offset=0 output_offset=1 actual_auto=false
RNA_WIDE_QUALIFIED_GROUP case=hot_b_boundary shape_m=4622 k=768 n=2304 view_m=1 exceptional=true bias=true row_offset=0 output_offset=4 actual_auto=false
RNA_WIDE_QUALIFIED_GROUP case=hot_b_boundary shape_m=4622 k=768 n=2304 view_m=16 exceptional=true bias=true row_offset=0 output_offset=1 actual_auto=false
RNA_WIDE_QUALIFIED_GROUP case=hot_b_boundary shape_m=4622 k=768 n=2304 view_m=16 exceptional=true bias=true row_offset=0 output_offset=4 actual_auto=false
RNA_WIDE_QUALIFIED_GROUP case=hot_b_boundary shape_m=4622 k=768 n=2304 view_m=17 exceptional=true bias=true row_offset=0 output_offset=1 actual_auto=false
RNA_WIDE_QUALIFIED_GROUP case=hot_b_boundary shape_m=4622 k=768 n=2304 view_m=17 exceptional=true bias=true row_offset=0 output_offset=4 actual_auto=false
RNA_WIDE_QUALIFIED_GROUP case=hot_b_boundary shape_m=4622 k=768 n=2304 view_m=4620 exceptional=true bias=true row_offset=0 output_offset=1 actual_auto=false
RNA_WIDE_QUALIFIED_GROUP case=hot_b_boundary shape_m=4622 k=768 n=2304 view_m=4620 exceptional=true bias=true row_offset=0 output_offset=4 actual_auto=false
RNA_WIDE_QUALIFIED_GROUP case=hot_b_boundary shape_m=4622 k=768 n=2304 view_m=4621 exceptional=true bias=true row_offset=0 output_offset=1 actual_auto=false
RNA_WIDE_QUALIFIED_GROUP case=hot_b_boundary shape_m=4622 k=768 n=2304 view_m=4621 exceptional=true bias=true row_offset=0 output_offset=4 actual_auto=false
RNA_WIDE_QUALIFIED_GROUP case=hot_b_boundary shape_m=4622 k=768 n=2304 view_m=4622 exceptional=true bias=true row_offset=0 output_offset=1 actual_auto=false
RNA_WIDE_QUALIFIED_GROUP case=hot_b_boundary shape_m=4622 k=768 n=2304 view_m=4622 exceptional=true bias=true row_offset=0 output_offset=4 actual_auto=false
RNA_WIDE_QUALIFIED_GROUP case=hot_b_boundary shape_m=4622 k=768 n=2304 view_m=4621 exceptional=true bias=true row_offset=1 output_offset=1 actual_auto=false
RNA_WIDE_QUALIFIED_GROUP case=hot_b_boundary shape_m=4622 k=768 n=2304 view_m=4621 exceptional=true bias=true row_offset=1 output_offset=4 actual_auto=false
RNA_WIDE_QUALIFIED_GROUP case=hot_c_boundary shape_m=4622 k=1928 n=384 view_m=1 exceptional=false bias=false row_offset=0 output_offset=1 actual_auto=false
RNA_WIDE_QUALIFIED_GROUP case=hot_c_boundary shape_m=4622 k=1928 n=384 view_m=1 exceptional=false bias=false row_offset=0 output_offset=4 actual_auto=false
RNA_WIDE_QUALIFIED_GROUP case=hot_c_boundary shape_m=4622 k=1928 n=384 view_m=16 exceptional=false bias=false row_offset=0 output_offset=1 actual_auto=false
RNA_WIDE_QUALIFIED_GROUP case=hot_c_boundary shape_m=4622 k=1928 n=384 view_m=16 exceptional=false bias=false row_offset=0 output_offset=4 actual_auto=false
RNA_WIDE_QUALIFIED_GROUP case=hot_c_boundary shape_m=4622 k=1928 n=384 view_m=17 exceptional=false bias=false row_offset=0 output_offset=1 actual_auto=false
RNA_WIDE_QUALIFIED_GROUP case=hot_c_boundary shape_m=4622 k=1928 n=384 view_m=17 exceptional=false bias=false row_offset=0 output_offset=4 actual_auto=false
RNA_WIDE_QUALIFIED_GROUP case=hot_c_boundary shape_m=4622 k=1928 n=384 view_m=4620 exceptional=false bias=false row_offset=0 output_offset=1 actual_auto=false
RNA_WIDE_QUALIFIED_GROUP case=hot_c_boundary shape_m=4622 k=1928 n=384 view_m=4620 exceptional=false bias=false row_offset=0 output_offset=4 actual_auto=false
RNA_WIDE_QUALIFIED_GROUP case=hot_c_boundary shape_m=4622 k=1928 n=384 view_m=4621 exceptional=false bias=false row_offset=0 output_offset=1 actual_auto=false
RNA_WIDE_QUALIFIED_GROUP case=hot_c_boundary shape_m=4622 k=1928 n=384 view_m=4621 exceptional=false bias=false row_offset=0 output_offset=4 actual_auto=false
RNA_WIDE_QUALIFIED_GROUP case=hot_c_boundary shape_m=4622 k=1928 n=384 view_m=4622 exceptional=false bias=false row_offset=0 output_offset=1 actual_auto=false
RNA_WIDE_QUALIFIED_GROUP case=hot_c_boundary shape_m=4622 k=1928 n=384 view_m=4622 exceptional=false bias=false row_offset=0 output_offset=4 actual_auto=false
RNA_WIDE_QUALIFIED_GROUP case=hot_c_boundary shape_m=4622 k=1928 n=384 view_m=4621 exceptional=false bias=false row_offset=1 output_offset=1 actual_auto=false
RNA_WIDE_QUALIFIED_GROUP case=hot_c_boundary shape_m=4622 k=1928 n=384 view_m=4621 exceptional=false bias=false row_offset=1 output_offset=4 actual_auto=false
RNA_WIDE_QUALIFIED_GROUP case=hot_c_boundary shape_m=4622 k=1928 n=384 view_m=1 exceptional=false bias=true row_offset=0 output_offset=1 actual_auto=false
RNA_WIDE_QUALIFIED_GROUP case=hot_c_boundary shape_m=4622 k=1928 n=384 view_m=1 exceptional=false bias=true row_offset=0 output_offset=4 actual_auto=false
RNA_WIDE_QUALIFIED_GROUP case=hot_c_boundary shape_m=4622 k=1928 n=384 view_m=16 exceptional=false bias=true row_offset=0 output_offset=1 actual_auto=false
RNA_WIDE_QUALIFIED_GROUP case=hot_c_boundary shape_m=4622 k=1928 n=384 view_m=16 exceptional=false bias=true row_offset=0 output_offset=4 actual_auto=false
RNA_WIDE_QUALIFIED_GROUP case=hot_c_boundary shape_m=4622 k=1928 n=384 view_m=17 exceptional=false bias=true row_offset=0 output_offset=1 actual_auto=false
RNA_WIDE_QUALIFIED_GROUP case=hot_c_boundary shape_m=4622 k=1928 n=384 view_m=17 exceptional=false bias=true row_offset=0 output_offset=4 actual_auto=false
RNA_WIDE_QUALIFIED_GROUP case=hot_c_boundary shape_m=4622 k=1928 n=384 view_m=4620 exceptional=false bias=true row_offset=0 output_offset=1 actual_auto=false
RNA_WIDE_QUALIFIED_GROUP case=hot_c_boundary shape_m=4622 k=1928 n=384 view_m=4620 exceptional=false bias=true row_offset=0 output_offset=4 actual_auto=false
RNA_WIDE_QUALIFIED_GROUP case=hot_c_boundary shape_m=4622 k=1928 n=384 view_m=4621 exceptional=false bias=true row_offset=0 output_offset=1 actual_auto=false
RNA_WIDE_QUALIFIED_GROUP case=hot_c_boundary shape_m=4622 k=1928 n=384 view_m=4621 exceptional=false bias=true row_offset=0 output_offset=4 actual_auto=false
RNA_WIDE_QUALIFIED_GROUP case=hot_c_boundary shape_m=4622 k=1928 n=384 view_m=4622 exceptional=false bias=true row_offset=0 output_offset=1 actual_auto=false
RNA_WIDE_QUALIFIED_GROUP case=hot_c_boundary shape_m=4622 k=1928 n=384 view_m=4622 exceptional=false bias=true row_offset=0 output_offset=4 actual_auto=false
RNA_WIDE_QUALIFIED_GROUP case=hot_c_boundary shape_m=4622 k=1928 n=384 view_m=4621 exceptional=false bias=true row_offset=1 output_offset=1 actual_auto=false
RNA_WIDE_QUALIFIED_GROUP case=hot_c_boundary shape_m=4622 k=1928 n=384 view_m=4621 exceptional=false bias=true row_offset=1 output_offset=4 actual_auto=false
RNA_WIDE_QUALIFIED_GROUP case=hot_c_boundary shape_m=4622 k=1928 n=384 view_m=1 exceptional=true bias=false row_offset=0 output_offset=1 actual_auto=false
RNA_WIDE_QUALIFIED_GROUP case=hot_c_boundary shape_m=4622 k=1928 n=384 view_m=1 exceptional=true bias=false row_offset=0 output_offset=4 actual_auto=false
RNA_WIDE_QUALIFIED_GROUP case=hot_c_boundary shape_m=4622 k=1928 n=384 view_m=16 exceptional=true bias=false row_offset=0 output_offset=1 actual_auto=false
RNA_WIDE_QUALIFIED_GROUP case=hot_c_boundary shape_m=4622 k=1928 n=384 view_m=16 exceptional=true bias=false row_offset=0 output_offset=4 actual_auto=false
RNA_WIDE_QUALIFIED_GROUP case=hot_c_boundary shape_m=4622 k=1928 n=384 view_m=17 exceptional=true bias=false row_offset=0 output_offset=1 actual_auto=false
RNA_WIDE_QUALIFIED_GROUP case=hot_c_boundary shape_m=4622 k=1928 n=384 view_m=17 exceptional=true bias=false row_offset=0 output_offset=4 actual_auto=false
RNA_WIDE_QUALIFIED_GROUP case=hot_c_boundary shape_m=4622 k=1928 n=384 view_m=4620 exceptional=true bias=false row_offset=0 output_offset=1 actual_auto=false
RNA_WIDE_QUALIFIED_GROUP case=hot_c_boundary shape_m=4622 k=1928 n=384 view_m=4620 exceptional=true bias=false row_offset=0 output_offset=4 actual_auto=false
RNA_WIDE_QUALIFIED_GROUP case=hot_c_boundary shape_m=4622 k=1928 n=384 view_m=4621 exceptional=true bias=false row_offset=0 output_offset=1 actual_auto=false
RNA_WIDE_QUALIFIED_GROUP case=hot_c_boundary shape_m=4622 k=1928 n=384 view_m=4621 exceptional=true bias=false row_offset=0 output_offset=4 actual_auto=false
RNA_WIDE_QUALIFIED_GROUP case=hot_c_boundary shape_m=4622 k=1928 n=384 view_m=4622 exceptional=true bias=false row_offset=0 output_offset=1 actual_auto=false
RNA_WIDE_QUALIFIED_GROUP case=hot_c_boundary shape_m=4622 k=1928 n=384 view_m=4622 exceptional=true bias=false row_offset=0 output_offset=4 actual_auto=false
RNA_WIDE_QUALIFIED_GROUP case=hot_c_boundary shape_m=4622 k=1928 n=384 view_m=4621 exceptional=true bias=false row_offset=1 output_offset=1 actual_auto=false
RNA_WIDE_QUALIFIED_GROUP case=hot_c_boundary shape_m=4622 k=1928 n=384 view_m=4621 exceptional=true bias=false row_offset=1 output_offset=4 actual_auto=false
RNA_WIDE_QUALIFIED_GROUP case=hot_c_boundary shape_m=4622 k=1928 n=384 view_m=1 exceptional=true bias=true row_offset=0 output_offset=1 actual_auto=false
RNA_WIDE_QUALIFIED_GROUP case=hot_c_boundary shape_m=4622 k=1928 n=384 view_m=1 exceptional=true bias=true row_offset=0 output_offset=4 actual_auto=false
RNA_WIDE_QUALIFIED_GROUP case=hot_c_boundary shape_m=4622 k=1928 n=384 view_m=16 exceptional=true bias=true row_offset=0 output_offset=1 actual_auto=false
RNA_WIDE_QUALIFIED_GROUP case=hot_c_boundary shape_m=4622 k=1928 n=384 view_m=16 exceptional=true bias=true row_offset=0 output_offset=4 actual_auto=false
RNA_WIDE_QUALIFIED_GROUP case=hot_c_boundary shape_m=4622 k=1928 n=384 view_m=17 exceptional=true bias=true row_offset=0 output_offset=1 actual_auto=false
RNA_WIDE_QUALIFIED_GROUP case=hot_c_boundary shape_m=4622 k=1928 n=384 view_m=17 exceptional=true bias=true row_offset=0 output_offset=4 actual_auto=false
RNA_WIDE_QUALIFIED_GROUP case=hot_c_boundary shape_m=4622 k=1928 n=384 view_m=4620 exceptional=true bias=true row_offset=0 output_offset=1 actual_auto=false
RNA_WIDE_QUALIFIED_GROUP case=hot_c_boundary shape_m=4622 k=1928 n=384 view_m=4620 exceptional=true bias=true row_offset=0 output_offset=4 actual_auto=false
RNA_WIDE_QUALIFIED_GROUP case=hot_c_boundary shape_m=4622 k=1928 n=384 view_m=4621 exceptional=true bias=true row_offset=0 output_offset=1 actual_auto=false
RNA_WIDE_QUALIFIED_GROUP case=hot_c_boundary shape_m=4622 k=1928 n=384 view_m=4621 exceptional=true bias=true row_offset=0 output_offset=4 actual_auto=false
RNA_WIDE_QUALIFIED_GROUP case=hot_c_boundary shape_m=4622 k=1928 n=384 view_m=4622 exceptional=true bias=true row_offset=0 output_offset=1 actual_auto=false
RNA_WIDE_QUALIFIED_GROUP case=hot_c_boundary shape_m=4622 k=1928 n=384 view_m=4622 exceptional=true bias=true row_offset=0 output_offset=4 actual_auto=false
RNA_WIDE_QUALIFIED_GROUP case=hot_c_boundary shape_m=4622 k=1928 n=384 view_m=4621 exceptional=true bias=true row_offset=1 output_offset=1 actual_auto=false
RNA_WIDE_QUALIFIED_GROUP case=hot_c_boundary shape_m=4622 k=1928 n=384 view_m=4621 exceptional=true bias=true row_offset=1 output_offset=4 actual_auto=false
RNA_WIDE_QUALIFIED_GROUP case=hot_d_boundary shape_m=2049 k=768 n=2304 view_m=1 exceptional=false bias=false row_offset=0 output_offset=1 actual_auto=false
RNA_WIDE_QUALIFIED_GROUP case=hot_d_boundary shape_m=2049 k=768 n=2304 view_m=1 exceptional=false bias=false row_offset=0 output_offset=4 actual_auto=false
RNA_WIDE_QUALIFIED_GROUP case=hot_d_boundary shape_m=2049 k=768 n=2304 view_m=16 exceptional=false bias=false row_offset=0 output_offset=1 actual_auto=false
RNA_WIDE_QUALIFIED_GROUP case=hot_d_boundary shape_m=2049 k=768 n=2304 view_m=16 exceptional=false bias=false row_offset=0 output_offset=4 actual_auto=false
RNA_WIDE_QUALIFIED_GROUP case=hot_d_boundary shape_m=2049 k=768 n=2304 view_m=17 exceptional=false bias=false row_offset=0 output_offset=1 actual_auto=false
RNA_WIDE_QUALIFIED_GROUP case=hot_d_boundary shape_m=2049 k=768 n=2304 view_m=17 exceptional=false bias=false row_offset=0 output_offset=4 actual_auto=false
RNA_WIDE_QUALIFIED_GROUP case=hot_d_boundary shape_m=2049 k=768 n=2304 view_m=2047 exceptional=false bias=false row_offset=0 output_offset=1 actual_auto=false
RNA_WIDE_QUALIFIED_GROUP case=hot_d_boundary shape_m=2049 k=768 n=2304 view_m=2047 exceptional=false bias=false row_offset=0 output_offset=4 actual_auto=false
RNA_WIDE_QUALIFIED_GROUP case=hot_d_boundary shape_m=2049 k=768 n=2304 view_m=2048 exceptional=false bias=false row_offset=0 output_offset=1 actual_auto=false
RNA_WIDE_QUALIFIED_GROUP case=hot_d_boundary shape_m=2049 k=768 n=2304 view_m=2048 exceptional=false bias=false row_offset=0 output_offset=4 actual_auto=false
RNA_WIDE_QUALIFIED_GROUP case=hot_d_boundary shape_m=2049 k=768 n=2304 view_m=2049 exceptional=false bias=false row_offset=0 output_offset=1 actual_auto=false
RNA_WIDE_QUALIFIED_GROUP case=hot_d_boundary shape_m=2049 k=768 n=2304 view_m=2049 exceptional=false bias=false row_offset=0 output_offset=4 actual_auto=false
RNA_WIDE_QUALIFIED_GROUP case=hot_d_boundary shape_m=2049 k=768 n=2304 view_m=2048 exceptional=false bias=false row_offset=1 output_offset=1 actual_auto=false
RNA_WIDE_QUALIFIED_GROUP case=hot_d_boundary shape_m=2049 k=768 n=2304 view_m=2048 exceptional=false bias=false row_offset=1 output_offset=4 actual_auto=false
RNA_WIDE_QUALIFIED_GROUP case=hot_d_boundary shape_m=2049 k=768 n=2304 view_m=1 exceptional=false bias=true row_offset=0 output_offset=1 actual_auto=false
RNA_WIDE_QUALIFIED_GROUP case=hot_d_boundary shape_m=2049 k=768 n=2304 view_m=1 exceptional=false bias=true row_offset=0 output_offset=4 actual_auto=false
RNA_WIDE_QUALIFIED_GROUP case=hot_d_boundary shape_m=2049 k=768 n=2304 view_m=16 exceptional=false bias=true row_offset=0 output_offset=1 actual_auto=false
RNA_WIDE_QUALIFIED_GROUP case=hot_d_boundary shape_m=2049 k=768 n=2304 view_m=16 exceptional=false bias=true row_offset=0 output_offset=4 actual_auto=false
RNA_WIDE_QUALIFIED_GROUP case=hot_d_boundary shape_m=2049 k=768 n=2304 view_m=17 exceptional=false bias=true row_offset=0 output_offset=1 actual_auto=false
RNA_WIDE_QUALIFIED_GROUP case=hot_d_boundary shape_m=2049 k=768 n=2304 view_m=17 exceptional=false bias=true row_offset=0 output_offset=4 actual_auto=false
RNA_WIDE_QUALIFIED_GROUP case=hot_d_boundary shape_m=2049 k=768 n=2304 view_m=2047 exceptional=false bias=true row_offset=0 output_offset=1 actual_auto=false
RNA_WIDE_QUALIFIED_GROUP case=hot_d_boundary shape_m=2049 k=768 n=2304 view_m=2047 exceptional=false bias=true row_offset=0 output_offset=4 actual_auto=false
RNA_WIDE_QUALIFIED_GROUP case=hot_d_boundary shape_m=2049 k=768 n=2304 view_m=2048 exceptional=false bias=true row_offset=0 output_offset=1 actual_auto=false
RNA_WIDE_QUALIFIED_GROUP case=hot_d_boundary shape_m=2049 k=768 n=2304 view_m=2048 exceptional=false bias=true row_offset=0 output_offset=4 actual_auto=false
RNA_WIDE_QUALIFIED_GROUP case=hot_d_boundary shape_m=2049 k=768 n=2304 view_m=2049 exceptional=false bias=true row_offset=0 output_offset=1 actual_auto=false
RNA_WIDE_QUALIFIED_GROUP case=hot_d_boundary shape_m=2049 k=768 n=2304 view_m=2049 exceptional=false bias=true row_offset=0 output_offset=4 actual_auto=false
RNA_WIDE_QUALIFIED_GROUP case=hot_d_boundary shape_m=2049 k=768 n=2304 view_m=2048 exceptional=false bias=true row_offset=1 output_offset=1 actual_auto=false
RNA_WIDE_QUALIFIED_GROUP case=hot_d_boundary shape_m=2049 k=768 n=2304 view_m=2048 exceptional=false bias=true row_offset=1 output_offset=4 actual_auto=false
RNA_WIDE_QUALIFIED_GROUP case=hot_d_boundary shape_m=2049 k=768 n=2304 view_m=1 exceptional=true bias=false row_offset=0 output_offset=1 actual_auto=false
RNA_WIDE_QUALIFIED_GROUP case=hot_d_boundary shape_m=2049 k=768 n=2304 view_m=1 exceptional=true bias=false row_offset=0 output_offset=4 actual_auto=false
RNA_WIDE_QUALIFIED_GROUP case=hot_d_boundary shape_m=2049 k=768 n=2304 view_m=16 exceptional=true bias=false row_offset=0 output_offset=1 actual_auto=false
RNA_WIDE_QUALIFIED_GROUP case=hot_d_boundary shape_m=2049 k=768 n=2304 view_m=16 exceptional=true bias=false row_offset=0 output_offset=4 actual_auto=false
RNA_WIDE_QUALIFIED_GROUP case=hot_d_boundary shape_m=2049 k=768 n=2304 view_m=17 exceptional=true bias=false row_offset=0 output_offset=1 actual_auto=false
RNA_WIDE_QUALIFIED_GROUP case=hot_d_boundary shape_m=2049 k=768 n=2304 view_m=17 exceptional=true bias=false row_offset=0 output_offset=4 actual_auto=false
RNA_WIDE_QUALIFIED_GROUP case=hot_d_boundary shape_m=2049 k=768 n=2304 view_m=2047 exceptional=true bias=false row_offset=0 output_offset=1 actual_auto=false
RNA_WIDE_QUALIFIED_GROUP case=hot_d_boundary shape_m=2049 k=768 n=2304 view_m=2047 exceptional=true bias=false row_offset=0 output_offset=4 actual_auto=false
RNA_WIDE_QUALIFIED_GROUP case=hot_d_boundary shape_m=2049 k=768 n=2304 view_m=2048 exceptional=true bias=false row_offset=0 output_offset=1 actual_auto=false
RNA_WIDE_QUALIFIED_GROUP case=hot_d_boundary shape_m=2049 k=768 n=2304 view_m=2048 exceptional=true bias=false row_offset=0 output_offset=4 actual_auto=false
RNA_WIDE_QUALIFIED_GROUP case=hot_d_boundary shape_m=2049 k=768 n=2304 view_m=2049 exceptional=true bias=false row_offset=0 output_offset=1 actual_auto=false
RNA_WIDE_QUALIFIED_GROUP case=hot_d_boundary shape_m=2049 k=768 n=2304 view_m=2049 exceptional=true bias=false row_offset=0 output_offset=4 actual_auto=false
RNA_WIDE_QUALIFIED_GROUP case=hot_d_boundary shape_m=2049 k=768 n=2304 view_m=2048 exceptional=true bias=false row_offset=1 output_offset=1 actual_auto=false
RNA_WIDE_QUALIFIED_GROUP case=hot_d_boundary shape_m=2049 k=768 n=2304 view_m=2048 exceptional=true bias=false row_offset=1 output_offset=4 actual_auto=false
RNA_WIDE_QUALIFIED_GROUP case=hot_d_boundary shape_m=2049 k=768 n=2304 view_m=1 exceptional=true bias=true row_offset=0 output_offset=1 actual_auto=false
RNA_WIDE_QUALIFIED_GROUP case=hot_d_boundary shape_m=2049 k=768 n=2304 view_m=1 exceptional=true bias=true row_offset=0 output_offset=4 actual_auto=false
RNA_WIDE_QUALIFIED_GROUP case=hot_d_boundary shape_m=2049 k=768 n=2304 view_m=16 exceptional=true bias=true row_offset=0 output_offset=1 actual_auto=false
RNA_WIDE_QUALIFIED_GROUP case=hot_d_boundary shape_m=2049 k=768 n=2304 view_m=16 exceptional=true bias=true row_offset=0 output_offset=4 actual_auto=false
RNA_WIDE_QUALIFIED_GROUP case=hot_d_boundary shape_m=2049 k=768 n=2304 view_m=17 exceptional=true bias=true row_offset=0 output_offset=1 actual_auto=false
RNA_WIDE_QUALIFIED_GROUP case=hot_d_boundary shape_m=2049 k=768 n=2304 view_m=17 exceptional=true bias=true row_offset=0 output_offset=4 actual_auto=false
RNA_WIDE_QUALIFIED_GROUP case=hot_d_boundary shape_m=2049 k=768 n=2304 view_m=2047 exceptional=true bias=true row_offset=0 output_offset=1 actual_auto=false
RNA_WIDE_QUALIFIED_GROUP case=hot_d_boundary shape_m=2049 k=768 n=2304 view_m=2047 exceptional=true bias=true row_offset=0 output_offset=4 actual_auto=false
RNA_WIDE_QUALIFIED_GROUP case=hot_d_boundary shape_m=2049 k=768 n=2304 view_m=2048 exceptional=true bias=true row_offset=0 output_offset=1 actual_auto=false
RNA_WIDE_QUALIFIED_GROUP case=hot_d_boundary shape_m=2049 k=768 n=2304 view_m=2048 exceptional=true bias=true row_offset=0 output_offset=4 actual_auto=false
RNA_WIDE_QUALIFIED_GROUP case=hot_d_boundary shape_m=2049 k=768 n=2304 view_m=2049 exceptional=true bias=true row_offset=0 output_offset=1 actual_auto=false
RNA_WIDE_QUALIFIED_GROUP case=hot_d_boundary shape_m=2049 k=768 n=2304 view_m=2049 exceptional=true bias=true row_offset=0 output_offset=4 actual_auto=false
RNA_WIDE_QUALIFIED_GROUP case=hot_d_boundary shape_m=2049 k=768 n=2304 view_m=2048 exceptional=true bias=true row_offset=1 output_offset=1 actual_auto=false
RNA_WIDE_QUALIFIED_GROUP case=hot_d_boundary shape_m=2049 k=768 n=2304 view_m=2048 exceptional=true bias=true row_offset=1 output_offset=4 actual_auto=false
RNA_WIDE_QUALIFIED_GROUP case=hot_e_boundary shape_m=2049 k=2304 n=768 view_m=1 exceptional=false bias=false row_offset=0 output_offset=1 actual_auto=false
RNA_WIDE_QUALIFIED_GROUP case=hot_e_boundary shape_m=2049 k=2304 n=768 view_m=1 exceptional=false bias=false row_offset=0 output_offset=4 actual_auto=false
RNA_WIDE_QUALIFIED_GROUP case=hot_e_boundary shape_m=2049 k=2304 n=768 view_m=16 exceptional=false bias=false row_offset=0 output_offset=1 actual_auto=false
RNA_WIDE_QUALIFIED_GROUP case=hot_e_boundary shape_m=2049 k=2304 n=768 view_m=16 exceptional=false bias=false row_offset=0 output_offset=4 actual_auto=false
RNA_WIDE_QUALIFIED_GROUP case=hot_e_boundary shape_m=2049 k=2304 n=768 view_m=17 exceptional=false bias=false row_offset=0 output_offset=1 actual_auto=false
RNA_WIDE_QUALIFIED_GROUP case=hot_e_boundary shape_m=2049 k=2304 n=768 view_m=17 exceptional=false bias=false row_offset=0 output_offset=4 actual_auto=false
RNA_WIDE_QUALIFIED_GROUP case=hot_e_boundary shape_m=2049 k=2304 n=768 view_m=2047 exceptional=false bias=false row_offset=0 output_offset=1 actual_auto=false
RNA_WIDE_QUALIFIED_GROUP case=hot_e_boundary shape_m=2049 k=2304 n=768 view_m=2047 exceptional=false bias=false row_offset=0 output_offset=4 actual_auto=false
RNA_WIDE_QUALIFIED_GROUP case=hot_e_boundary shape_m=2049 k=2304 n=768 view_m=2048 exceptional=false bias=false row_offset=0 output_offset=1 actual_auto=false
RNA_WIDE_QUALIFIED_GROUP case=hot_e_boundary shape_m=2049 k=2304 n=768 view_m=2048 exceptional=false bias=false row_offset=0 output_offset=4 actual_auto=false
RNA_WIDE_QUALIFIED_GROUP case=hot_e_boundary shape_m=2049 k=2304 n=768 view_m=2049 exceptional=false bias=false row_offset=0 output_offset=1 actual_auto=false
RNA_WIDE_QUALIFIED_GROUP case=hot_e_boundary shape_m=2049 k=2304 n=768 view_m=2049 exceptional=false bias=false row_offset=0 output_offset=4 actual_auto=false
RNA_WIDE_QUALIFIED_GROUP case=hot_e_boundary shape_m=2049 k=2304 n=768 view_m=2048 exceptional=false bias=false row_offset=1 output_offset=1 actual_auto=false
RNA_WIDE_QUALIFIED_GROUP case=hot_e_boundary shape_m=2049 k=2304 n=768 view_m=2048 exceptional=false bias=false row_offset=1 output_offset=4 actual_auto=false
RNA_WIDE_QUALIFIED_GROUP case=hot_e_boundary shape_m=2049 k=2304 n=768 view_m=1 exceptional=false bias=true row_offset=0 output_offset=1 actual_auto=false
RNA_WIDE_QUALIFIED_GROUP case=hot_e_boundary shape_m=2049 k=2304 n=768 view_m=1 exceptional=false bias=true row_offset=0 output_offset=4 actual_auto=false
RNA_WIDE_QUALIFIED_GROUP case=hot_e_boundary shape_m=2049 k=2304 n=768 view_m=16 exceptional=false bias=true row_offset=0 output_offset=1 actual_auto=false
RNA_WIDE_QUALIFIED_GROUP case=hot_e_boundary shape_m=2049 k=2304 n=768 view_m=16 exceptional=false bias=true row_offset=0 output_offset=4 actual_auto=false
RNA_WIDE_QUALIFIED_GROUP case=hot_e_boundary shape_m=2049 k=2304 n=768 view_m=17 exceptional=false bias=true row_offset=0 output_offset=1 actual_auto=false
RNA_WIDE_QUALIFIED_GROUP case=hot_e_boundary shape_m=2049 k=2304 n=768 view_m=17 exceptional=false bias=true row_offset=0 output_offset=4 actual_auto=false
RNA_WIDE_QUALIFIED_GROUP case=hot_e_boundary shape_m=2049 k=2304 n=768 view_m=2047 exceptional=false bias=true row_offset=0 output_offset=1 actual_auto=false
RNA_WIDE_QUALIFIED_GROUP case=hot_e_boundary shape_m=2049 k=2304 n=768 view_m=2047 exceptional=false bias=true row_offset=0 output_offset=4 actual_auto=false
RNA_WIDE_QUALIFIED_GROUP case=hot_e_boundary shape_m=2049 k=2304 n=768 view_m=2048 exceptional=false bias=true row_offset=0 output_offset=1 actual_auto=false
RNA_WIDE_QUALIFIED_GROUP case=hot_e_boundary shape_m=2049 k=2304 n=768 view_m=2048 exceptional=false bias=true row_offset=0 output_offset=4 actual_auto=false
RNA_WIDE_QUALIFIED_GROUP case=hot_e_boundary shape_m=2049 k=2304 n=768 view_m=2049 exceptional=false bias=true row_offset=0 output_offset=1 actual_auto=false
RNA_WIDE_QUALIFIED_GROUP case=hot_e_boundary shape_m=2049 k=2304 n=768 view_m=2049 exceptional=false bias=true row_offset=0 output_offset=4 actual_auto=false
RNA_WIDE_QUALIFIED_GROUP case=hot_e_boundary shape_m=2049 k=2304 n=768 view_m=2048 exceptional=false bias=true row_offset=1 output_offset=1 actual_auto=false
RNA_WIDE_QUALIFIED_GROUP case=hot_e_boundary shape_m=2049 k=2304 n=768 view_m=2048 exceptional=false bias=true row_offset=1 output_offset=4 actual_auto=false
RNA_WIDE_QUALIFIED_GROUP case=hot_e_boundary shape_m=2049 k=2304 n=768 view_m=1 exceptional=true bias=false row_offset=0 output_offset=1 actual_auto=false
RNA_WIDE_QUALIFIED_GROUP case=hot_e_boundary shape_m=2049 k=2304 n=768 view_m=1 exceptional=true bias=false row_offset=0 output_offset=4 actual_auto=false
RNA_WIDE_QUALIFIED_GROUP case=hot_e_boundary shape_m=2049 k=2304 n=768 view_m=16 exceptional=true bias=false row_offset=0 output_offset=1 actual_auto=false
RNA_WIDE_QUALIFIED_GROUP case=hot_e_boundary shape_m=2049 k=2304 n=768 view_m=16 exceptional=true bias=false row_offset=0 output_offset=4 actual_auto=false
RNA_WIDE_QUALIFIED_GROUP case=hot_e_boundary shape_m=2049 k=2304 n=768 view_m=17 exceptional=true bias=false row_offset=0 output_offset=1 actual_auto=false
RNA_WIDE_QUALIFIED_GROUP case=hot_e_boundary shape_m=2049 k=2304 n=768 view_m=17 exceptional=true bias=false row_offset=0 output_offset=4 actual_auto=false
RNA_WIDE_QUALIFIED_GROUP case=hot_e_boundary shape_m=2049 k=2304 n=768 view_m=2047 exceptional=true bias=false row_offset=0 output_offset=1 actual_auto=false
RNA_WIDE_QUALIFIED_GROUP case=hot_e_boundary shape_m=2049 k=2304 n=768 view_m=2047 exceptional=true bias=false row_offset=0 output_offset=4 actual_auto=false
RNA_WIDE_QUALIFIED_GROUP case=hot_e_boundary shape_m=2049 k=2304 n=768 view_m=2048 exceptional=true bias=false row_offset=0 output_offset=1 actual_auto=false
RNA_WIDE_QUALIFIED_GROUP case=hot_e_boundary shape_m=2049 k=2304 n=768 view_m=2048 exceptional=true bias=false row_offset=0 output_offset=4 actual_auto=false
RNA_WIDE_QUALIFIED_GROUP case=hot_e_boundary shape_m=2049 k=2304 n=768 view_m=2049 exceptional=true bias=false row_offset=0 output_offset=1 actual_auto=false
RNA_WIDE_QUALIFIED_GROUP case=hot_e_boundary shape_m=2049 k=2304 n=768 view_m=2049 exceptional=true bias=false row_offset=0 output_offset=4 actual_auto=false
RNA_WIDE_QUALIFIED_GROUP case=hot_e_boundary shape_m=2049 k=2304 n=768 view_m=2048 exceptional=true bias=false row_offset=1 output_offset=1 actual_auto=false
RNA_WIDE_QUALIFIED_GROUP case=hot_e_boundary shape_m=2049 k=2304 n=768 view_m=2048 exceptional=true bias=false row_offset=1 output_offset=4 actual_auto=false
RNA_WIDE_QUALIFIED_GROUP case=hot_e_boundary shape_m=2049 k=2304 n=768 view_m=1 exceptional=true bias=true row_offset=0 output_offset=1 actual_auto=false
RNA_WIDE_QUALIFIED_GROUP case=hot_e_boundary shape_m=2049 k=2304 n=768 view_m=1 exceptional=true bias=true row_offset=0 output_offset=4 actual_auto=false
RNA_WIDE_QUALIFIED_GROUP case=hot_e_boundary shape_m=2049 k=2304 n=768 view_m=16 exceptional=true bias=true row_offset=0 output_offset=1 actual_auto=false
RNA_WIDE_QUALIFIED_GROUP case=hot_e_boundary shape_m=2049 k=2304 n=768 view_m=16 exceptional=true bias=true row_offset=0 output_offset=4 actual_auto=false
RNA_WIDE_QUALIFIED_GROUP case=hot_e_boundary shape_m=2049 k=2304 n=768 view_m=17 exceptional=true bias=true row_offset=0 output_offset=1 actual_auto=false
RNA_WIDE_QUALIFIED_GROUP case=hot_e_boundary shape_m=2049 k=2304 n=768 view_m=17 exceptional=true bias=true row_offset=0 output_offset=4 actual_auto=false
RNA_WIDE_QUALIFIED_GROUP case=hot_e_boundary shape_m=2049 k=2304 n=768 view_m=2047 exceptional=true bias=true row_offset=0 output_offset=1 actual_auto=false
RNA_WIDE_QUALIFIED_GROUP case=hot_e_boundary shape_m=2049 k=2304 n=768 view_m=2047 exceptional=true bias=true row_offset=0 output_offset=4 actual_auto=false
RNA_WIDE_QUALIFIED_GROUP case=hot_e_boundary shape_m=2049 k=2304 n=768 view_m=2048 exceptional=true bias=true row_offset=0 output_offset=1 actual_auto=false
RNA_WIDE_QUALIFIED_GROUP case=hot_e_boundary shape_m=2049 k=2304 n=768 view_m=2048 exceptional=true bias=true row_offset=0 output_offset=4 actual_auto=false
RNA_WIDE_QUALIFIED_GROUP case=hot_e_boundary shape_m=2049 k=2304 n=768 view_m=2049 exceptional=true bias=true row_offset=0 output_offset=1 actual_auto=false
RNA_WIDE_QUALIFIED_GROUP case=hot_e_boundary shape_m=2049 k=2304 n=768 view_m=2049 exceptional=true bias=true row_offset=0 output_offset=4 actual_auto=false
RNA_WIDE_QUALIFIED_GROUP case=hot_e_boundary shape_m=2049 k=2304 n=768 view_m=2048 exceptional=true bias=true row_offset=1 output_offset=1 actual_auto=false
RNA_WIDE_QUALIFIED_GROUP case=hot_e_boundary shape_m=2049 k=2304 n=768 view_m=2048 exceptional=true bias=true row_offset=1 output_offset=4 actual_auto=false
ok
test fixed_tf32_rna_wide_rejects_unsafe_inputs_and_handles_k0 ... ok

test result: ok. 2 passed; 0 failed; 0 ignored; 0 measured; 6 filtered out; finished in 28.02s

exit_status=0
