warning: associated function `new` is never used
    --> tests/gemm_bi_typed_parity.rs:6368:8
     |
6367 | impl AdaHalfNtS3Fixture {
     | ----------------------- associated function in this implementation
6368 |     fn new(t: &Ctx, dtype: WeightDtype) -> Self {
     |        ^^^
     |
     = note: `#[warn(dead_code)]` (part of `#[warn(unused)]`) on by default

warning: constant `SYMBOL_PREFIX` is never used
 --> tests/support/triad_half_nt_fixed_s3_source.rs:1:11
  |
1 | pub const SYMBOL_PREFIX: &str = "gemm_bi_nt_test_fixed_s3_bxor_";
  |           ^^^^^^^^^^^^^

warning: `mamba-rs` (test "gemm_bi_typed_parity") generated 2 warnings
    Finished `release` profile [optimized] target(s) in 0.08s
     Running tests/gemm_bi_typed_parity.rs (/root/ws5-target-20260909/release/deps/gemm_bi_typed_parity-f94866b9f337039d)

running 1 test
test ada_half_tn_tc64_bk64_s2_regpipe_vec2_ws5_f16_d768_in_discovery_once7 ... GPU quiet gate half-tn-regpipe-vec2-ws5/pre-context: uuid=GPU-d1edd7be-e88d-aed6-047d-622163306f0e gpu_util=0% memory_util=0% used=48MiB sm_clock=1800MHz temperature=40C pstate=P5; quiet_samples=5
{"schema":"MambaBiHalfTnTc64Bk64S2RegpipeVec2WarpSpecializedResourceV1","candidate":"tc64_bk64_s2_regpipe_vec2_warp_specialized_5warp","dtype":"F16","symbol":"gemm_bi_tn_test_tc64_bk64_s2_regpipe_vec2_ws5_f16","source_sha256":"780c37b162e8986f6ff568f70d5a13c4754e168dccf6f74932daaad2fd1a919c","threads":160,"registers":92,"local_bytes":0,"static_shared_bytes":32800,"dynamic_shared_bytes":0,"max_threads":160,"occupancy":3,"required_occupancy":3}
{"schema":"MambaBiHalfTnTc64Bk64S2RegpipeVec2ResourceV1","candidate":"tc64_bk64_s2_regpipe_vec2_epilogue","dtype":"F16","symbol":"gemm_bi_tn_test_tc64_bk64_s2_regpipe_vec2_f16","source_sha256":"5c5f4b289698a88b7f3c6d4e460ea5182cc0ccbb17417d6651eed7ff7f95475a","threads":128,"registers":125,"register_cap":168,"local_bytes":0,"static_shared_bytes":32768,"dynamic_shared_bytes":0,"max_threads":128,"occupancy":3,"required_occupancy":3}
GPU quiet gate half-tn-regpipe-vec2-ws5/cohort: uuid=GPU-d1edd7be-e88d-aed6-047d-622163306f0e gpu_util=0% memory_util=0% used=534MiB sm_clock=1800MHz temperature=41C pstate=P2; quiet_samples=5
{"schema":"MambaBiHalfTnRegpipeVec2SiblingBitsV1","dtype":"F16","cell":"d768_in_proj","path":"eager","repeat":0,"arms":["current_tc64","tc64_bk64_s2_regpipe_vec2_warp_specialized_5warp","tc64_bk64_s2_regpipe_vec2_epilogue"],"words":2359296}
{"schema":"MambaBiHalfTnRegpipeVec2SiblingBitsV1","dtype":"F16","cell":"d768_in_proj","path":"eager","repeat":1,"arms":["current_tc64","tc64_bk64_s2_regpipe_vec2_warp_specialized_5warp","tc64_bk64_s2_regpipe_vec2_epilogue"],"words":2359296}
{"schema":"MambaBiHalfTnRegpipeVec2SiblingBitsV1","dtype":"F16","cell":"d768_in_proj","path":"graph","repeat":0,"arms":["current_tc64","tc64_bk64_s2_regpipe_vec2_warp_specialized_5warp","tc64_bk64_s2_regpipe_vec2_epilogue"],"words":2359296}
{"schema":"MambaBiHalfTnRegpipeVec2SiblingBitsV1","dtype":"F16","cell":"d768_in_proj","path":"graph","repeat":1,"arms":["current_tc64","tc64_bk64_s2_regpipe_vec2_warp_specialized_5warp","tc64_bk64_s2_regpipe_vec2_epilogue"],"words":2359296}
{"schema":"MambaBiHalfTnTc64Bk64S2RegpipeVec2WarpSpecializedScreenV1","candidate":"tc64_bk64_s2_regpipe_vec2_warp_specialized_5warp","dtype":"F16","shape":[2048,768,3072],"comparator":"tc64_bk64_s2_regpipe_vec2_epilogue","path":"eager","order":"ABBA","windows":7,"logical_gemms_per_observation":20,"raw_observations_us":[[101.734399796,87.551999092,87.705600262,100.497603416],[102.041602135,87.654399872,87.598401308,102.451205254],[102.400004864,87.607997656,87.705600262,102.195203304],[102.156794071,87.603199482,87.702399492,102.033603191],[101.892805099,87.551999092,87.603199482,101.375997066],[102.604794502,87.545597553,87.603199482,101.924800873],[101.631999016,87.652802467,87.603199482,100.505602360]],"ratio_direction":"candidate_over_comparator","ratio_p50":1.164768259,"ratio_p95":1.167747646}
{"schema":"MambaBiHalfTnTc64Bk64S2RegpipeVec2WarpSpecializedScreenV1","candidate":"tc64_bk64_s2_regpipe_vec2_warp_specialized_5warp","dtype":"F16","shape":[2048,768,3072],"comparator":"native_half_fast","path":"eager","order":"ABBA","windows":7,"logical_gemms_per_observation":20,"raw_observations_us":[[102.100801468,90.623998642,90.412801504,102.404797077],[100.556802750,90.817600489,90.623998642,102.400004864],[101.427197456,91.494399309,90.009599924,101.631999016],[101.734399796,90.675199032,90.484797955,102.187204361],[101.017594337,90.635198355,89.996802807,101.734399796],[99.993598461,90.828800201,90.623998642,101.724803448],[102.144002914,90.614402294,90.982401371,102.195203304]],"ratio_direction":"candidate_over_comparator","ratio_p50":1.122458882,"ratio_p95":1.129635513}
{"schema":"MambaBiHalfTnTc64Bk64S2RegpipeVec2WarpSpecializedScreenV1","candidate":"tc64_bk64_s2_regpipe_vec2_warp_specialized_5warp","dtype":"F16","shape":[2048,768,3072],"comparator":"tc64_bk64_s2_regpipe_vec2_epilogue","path":"eager","order":"BAAB","windows":7,"logical_gemms_per_observation":20,"raw_observations_us":[[87.603199482,101.580798626,102.543997765,88.422399759],[87.500798702,102.144002914,101.631999016,87.500798702],[87.335997820,102.451205254,101.772797108,87.639999390],[87.551999092,102.707195282,102.655994892,87.500798702],[87.798398733,101.631999016,101.631999016,87.859201431],[87.705600262,101.724803448,101.624000072,87.910401821],[87.398397923,102.403199673,101.683199406,87.910401821]],"ratio_direction":"candidate_over_comparator","ratio_p50":1.164153764,"ratio_p95":1.173150003}
{"schema":"MambaBiHalfTnTc64Bk64S2RegpipeVec2WarpSpecializedScreenV1","candidate":"tc64_bk64_s2_regpipe_vec2_warp_specialized_5warp","dtype":"F16","shape":[2048,768,3072],"comparator":"native_half_fast","path":"eager","order":"BAAB","windows":7,"logical_gemms_per_observation":20,"raw_observations_us":[[90.368002653,102.707195282,101.939201355,90.668797493],[90.776002407,101.060795784,101.318395138,91.025602818],[90.675199032,101.990401745,102.398395538,90.828800201],[90.982401371,101.056003571,101.785600185,90.368002653],[90.009599924,101.987195015,101.942396164,90.931200981],[91.132801771,101.068794727,102.400004864,91.648000479],[90.203201771,100.864005089,102.041602135,91.033601761]],"ratio_direction":"candidate_over_comparator","ratio_p50":1.119560725,"ratio_p95":1.130413245}
{"schema":"MambaBiHalfTnTc64Bk64S2RegpipeVec2WarpSpecializedScreenV1","candidate":"tc64_bk64_s2_regpipe_vec2_warp_specialized_5warp","dtype":"F16","shape":[2048,768,3072],"comparator":"tc64_bk64_s2_regpipe_vec2_epilogue","path":"graph","order":"ABBA","windows":7,"logical_gemms_per_observation":20,"raw_observations_us":[[102.092802525,87.705600262,87.500798702,102.041602135],[100.505602360,87.910401821,87.639999390,100.966405869],[102.459204197,87.449598312,87.803202868,100.964796543],[101.592004299,87.607997656,87.500798702,101.259195805],[100.915205479,87.859201431,87.654399872,100.454401970],[102.348804474,87.705600262,87.603199482,101.222395897],[101.078402996,87.494397163,87.756800652,101.375997066]],"ratio_direction":"candidate_over_comparator","ratio_p50":1.158429527,"ratio_p95":1.165108157}
{"schema":"MambaBiHalfTnTc64Bk64S2RegpipeVec2WarpSpecializedScreenV1","candidate":"tc64_bk64_s2_regpipe_vec2_warp_specialized_5warp","dtype":"F16","shape":[2048,768,3072],"comparator":"native_half_fast","path":"graph","order":"ABBA","windows":7,"logical_gemms_per_observation":20,"raw_observations_us":[[100.769603252,88.012802601,87.500798702,102.092802525],[101.123201847,87.956798077,87.191998959,102.092802525],[101.483201981,87.091201544,87.551999092,102.439999580],[101.672005653,87.352001667,87.551999092,101.366400719],[101.529598236,87.206399441,87.233597040,101.108801365],[101.628804207,88.166397810,87.204802036,101.785600185],[101.630401611,87.752002478,88.063997030,100.761604309]],"ratio_direction":"candidate_over_comparator","ratio_p50":1.160247788,"ratio_p95":1.167656117}
{"schema":"MambaBiHalfTnTc64Bk64S2RegpipeVec2WarpSpecializedScreenV1","candidate":"tc64_bk64_s2_regpipe_vec2_warp_specialized_5warp","dtype":"F16","shape":[2048,768,3072],"comparator":"tc64_bk64_s2_regpipe_vec2_epilogue","path":"graph","order":"BAAB","windows":7,"logical_gemms_per_observation":20,"raw_observations_us":[[87.449598312,100.915205479,100.860798359,87.859201431],[87.710398436,101.110398769,100.249600410,87.603199482],[87.551999092,101.471996307,100.718402863,87.603199482],[87.603199482,101.017594337,101.529598236,87.702399492],[87.867200375,100.300800800,102.758395672,87.705600262],[87.641602755,101.772797108,102.758395672,87.551999092],[87.907201052,100.505602360,101.324796677,87.756800652]],"ratio_direction":"candidate_over_comparator","ratio_p50":1.154349975,"ratio_p95":1.167458118}
{"schema":"MambaBiHalfTnTc64Bk64S2RegpipeVec2WarpSpecializedScreenV1","candidate":"tc64_bk64_s2_regpipe_vec2_warp_specialized_5warp","dtype":"F16","shape":[2048,768,3072],"comparator":"native_half_fast","path":"graph","order":"BAAB","windows":7,"logical_gemms_per_observation":20,"raw_observations_us":[[87.190401554,100.403201580,101.419198513,87.443202734],[87.347197533,101.931202412,101.580798626,88.011199236],[87.603199482,101.375997066,101.631999016,87.449598312],[87.603199482,101.324796677,101.529598236,87.142401934],[87.551999092,101.064002514,102.553594112,87.295997143],[87.142401934,101.631999016,101.465594769,87.808001041],[87.910401821,101.004803181,100.751996040,87.551999092]],"ratio_direction":"candidate_over_comparator","ratio_p50":1.160548937,"ratio_p95":1.164540635}
{"schema":"MambaBiHalfTnRegpipeVec2SiblingDecisionV1","candidate":"tc64_bk64_s2_regpipe_vec2_warp_specialized_5warp","dtype":"F16","cell":"d768_in_proj","shape":[2048,768,3072],"expected_grid":576,"pointer_mod_256":[0, 0, 0, 0, 0],"retained_comparator":"tc64_bk64_s2_regpipe_vec2_epilogue","retained_strata":[[1.164768258728529, 1.1677476456428995], [1.1641537639684787, 1.1731500025230697], [1.158429526800677, 1.1651081573869844], [1.1543499754272128, 1.1674581184678094]],"fast_comparator":"native_half_fast","fast_strata":[[1.1224588823086445, 1.129635512669421], [1.1195607253583035, 1.1304132445547328], [1.1602477882322098, 1.1676561172633684], [1.160548937420907, 1.164540635357001]],"strata_order":["eager/ABBA","eager/BAAB","graph/ABBA","graph/BAAB"],"retained_best_improvement":false,"fast_win":false,"decision":"stop_no_retry","promotion":false}
GPU quiet gate half-tn-regpipe-vec2-ws5/post: uuid=GPU-d1edd7be-e88d-aed6-047d-622163306f0e gpu_util=0% memory_util=0% used=488MiB sm_clock=1800MHz temperature=42C pstate=P2; quiet_samples=5
ok

test result: ok. 1 passed; 0 failed; 0 ignored; 0 measured; 184 filtered out; finished in 27.68s
