command=ssh -o BatchMode=yes -o ConnectTimeout=10 ada 'cd /root/mamba-ada-rna-toolkit-auto-20260906 && sha256sum -c source-manifest-final.sha256 && sha256sum /root/target-ada-rna-auto-cuda128-20260906/release/deps/gemm_bi_fixed_correctness-e745b7cbbfaa93fe /root/target-ada-rna-auto-cuda128-20260906/release/deps/gemm_bi_fixed_performance-e01d837be76567b7 /root/target-ada-rna-auto-cuda130-20260906/release/deps/gemm_bi_fixed_correctness-e9a896bca3cebdf4 /root/target-ada-rna-auto-cuda130-20260906/release/deps/gemm_bi_fixed_performance-28fdf8ce2728ddd5 /root/target-ada-rna-auto-cuda132-20260906/release/deps/gemm_bi_fixed_correctness-7860b14bbe37841d /root/target-ada-rna-auto-cuda132-20260906/release/deps/gemm_bi_fixed_performance-429f558dd590762a && find /root/mamba-kcache-ada-rna-auto-cuda128-20260906 /root/mamba-kcache-ada-rna-auto-cuda130-20260906 /root/mamba-kcache-ada-rna-auto-cuda132-20260906 -maxdepth 1 -type f -name "mamba-kernels-v1-*.bin" -exec sha256sum {} +'
.cargo/config.toml: OK
Cargo.lock: OK
Cargo.toml: OK
LICENSE-APACHE: OK
LICENSE-MIT: OK
README.md: OK
kernels/_typed_prelude.cuh: OK
kernels/activations.cu: OK
kernels/adamw.cu: OK
kernels/conv1d.cu: OK
kernels/elementwise.cu: OK
kernels/gemm_bi_fixed/common.cuh: OK
kernels/gemm_bi_fixed/ffma.cu: OK
kernels/gemm_bi_fixed/matvec.cu: OK
kernels/gemm_bi_fixed/mma16.cu: OK
kernels/gemm_bi_fixed/sm100_tcgen05.cu: OK
kernels/gemm_bi_fixed/sm120_f32_n64_copyplan.cu: OK
kernels/gemm_bi_fixed/sm120_f32_n64_sliced.cu: OK
kernels/gemm_bi_fixed/sm120_f32_postbias.cu: OK
kernels/gemm_bi_fixed/sm120_tma.cu: OK
kernels/gemm_bi_fixed/sm89_f32_n64_copyplan.cu: OK
kernels/gemm_bi_fixed/sm89_half_pipeline.cu: OK
kernels/gemm_bi_fixed/sm90_wgmma.cu: OK
kernels/gemm_bi_fixed/tcw64.cu: OK
kernels/gemm_bi_fixed/tf32.cu: OK
kernels/gemm_bi_fixed/tf32_rna_wide.cu: OK
kernels/gemm_bi_fixed/tf32_sm120.cu: OK
kernels/gemm_bi_fixed/wmma_legacy.cu: OK
kernels/gemm_bi_triad/common.cuh: OK
kernels/gemm_bi_triad/contract.cuh: OK
kernels/gemm_bi_triad/epilogue.cuh: OK
kernels/gemm_bi_triad/mma16.cuh: OK
kernels/gemm_bi_triad/scalar.cu: OK
kernels/gemm_bi_triad/scalar_nn_m64n64.cu: OK
kernels/gemm_bi_triad/scalar_nn_splitk_m32n64.cu: OK
kernels/gemm_bi_triad/scalar_nt_d768_transpose.cu: OK
kernels/gemm_bi_triad/scalar_nt_m2n16.cu: OK
kernels/gemm_bi_triad/scalar_tn_m16n16.cu: OK
kernels/gemm_bi_triad/sm100.cu: OK
kernels/gemm_bi_triad/sm120.cu: OK
kernels/gemm_bi_triad/sm120_exact.cu: OK
kernels/gemm_bi_triad/sm80.cu: OK
kernels/gemm_bi_triad/sm80_streamk.cu: OK
kernels/gemm_bi_triad/sm80_tf32_wide.cu: OK
kernels/gemm_bi_triad/sm80_tn_splitk.cu: OK
kernels/gemm_bi_triad/sm90a.cu: OK
kernels/grad_clip.cu: OK
kernels/loss_scaler.cu: OK
kernels/mamba3_chunked.cu: OK
kernels/mamba3_ops.cu: OK
kernels/mamba3_ssd.cu: OK
kernels/mamba_ssm.cu: OK
kernels/mamba_ssm_parallel.cu: OK
kernels/norms.cu: OK
src/bin/gemm_bi_tf32_qualification.rs: OK
src/bin/generate.rs: OK
src/config.rs: OK
src/dist/bootstrap.rs: OK
src/dist/comm.rs: OK
src/dist/config.rs: OK
src/dist/context.rs: OK
src/dist/error.rs: OK
src/dist/fold.rs: OK
src/dist/mod.rs: OK
src/dist/reducer.rs: OK
src/dist/seed.rs: OK
src/dist/watchdog.rs: OK
src/hf/bf16.rs: OK
src/hf/config_json.rs: OK
src/hf/embed.rs: OK
src/hf/keys.rs: OK
src/hf/load.rs: OK
src/hf/mod.rs: OK
src/lib.rs: OK
src/mamba3_siso/config.rs: OK
src/mamba3_siso/cpu/backward.rs: OK
src/mamba3_siso/cpu/dims.rs: OK
src/mamba3_siso/cpu/flat.rs: OK
src/mamba3_siso/cpu/forward.rs: OK
src/mamba3_siso/cpu/inference.rs: OK
src/mamba3_siso/cpu/mod.rs: OK
src/mamba3_siso/cpu/parallel.rs: OK
src/mamba3_siso/cpu/prefill.rs: OK
src/mamba3_siso/cpu/scratch.rs: OK
src/mamba3_siso/cpu/weights.rs: OK
src/mamba3_siso/gpu/backward.rs: OK
src/mamba3_siso/gpu/backward_mixed.rs: OK
src/mamba3_siso/gpu/forward.rs: OK
src/mamba3_siso/gpu/forward_mixed.rs: OK
src/mamba3_siso/gpu/inference.rs: OK
src/mamba3_siso/gpu/kernels.rs: OK
src/mamba3_siso/gpu/mamba3_gpu.rs: OK
src/mamba3_siso/gpu/mod.rs: OK
src/mamba3_siso/gpu/prefill.rs: OK
src/mamba3_siso/gpu/state.rs: OK
src/mamba3_siso/gpu/trainer.rs: OK
src/mamba3_siso/gpu/training_graph.rs: OK
src/mamba3_siso/gpu/weights.rs: OK
src/mamba3_siso/gpu/weights_mixed_train.rs: OK
src/mamba3_siso/mod.rs: OK
src/mamba3_siso/serialize.rs: OK
src/mamba3_siso/state.rs: OK
src/mamba3_siso/weights.rs: OK
src/mamba_ssm/cpu/backward.rs: OK
src/mamba_ssm/cpu/backward_ops.rs: OK
src/mamba_ssm/cpu/flat.rs: OK
src/mamba_ssm/cpu/forward.rs: OK
src/mamba_ssm/cpu/inference.rs: OK
src/mamba_ssm/cpu/mod.rs: OK
src/mamba_ssm/cpu/parallel.rs: OK
src/mamba_ssm/cpu/prefill.rs: OK
src/mamba_ssm/cpu/scratch.rs: OK
src/mamba_ssm/cpu/target.rs: OK
src/mamba_ssm/cpu/weights.rs: OK
src/mamba_ssm/gpu/adamw.rs: OK
src/mamba_ssm/gpu/backward.rs: OK
src/mamba_ssm/gpu/backward_mixed.rs: OK
src/mamba_ssm/gpu/blas.rs: OK
src/mamba_ssm/gpu/buffers.rs: OK
src/mamba_ssm/gpu/context.rs: OK
src/mamba_ssm/gpu/device.rs: OK
src/mamba_ssm/gpu/diagnostics.rs: OK
src/mamba_ssm/gpu/dtype.rs: OK
src/mamba_ssm/gpu/forward.rs: OK
src/mamba_ssm/gpu/forward_mixed.rs: OK
src/mamba_ssm/gpu/gemm_bi_fixed.rs: OK
src/mamba_ssm/gpu/gemm_bi_triad/contract.rs: OK
src/mamba_ssm/gpu/gemm_bi_triad/dispatch.rs: OK
src/mamba_ssm/gpu/gemm_bi_triad/launch.rs: OK
src/mamba_ssm/gpu/gemm_bi_triad/mod.rs: OK
src/mamba_ssm/gpu/gemm_bi_triad/modules.rs: OK
src/mamba_ssm/gpu/gemm_bi_triad/qualification.rs: OK
src/mamba_ssm/gpu/gemm_bi_triad/scalar_nn_tn_tests.rs: OK
src/mamba_ssm/gpu/gemm_bi_triad/scalar_nt_tests.rs: OK
src/mamba_ssm/gpu/gemm_bi_triad/training_pipeline_tests.rs: OK
src/mamba_ssm/gpu/grad_clip.rs: OK
src/mamba_ssm/gpu/graph_capture.rs: OK
src/mamba_ssm/gpu/inference.rs: OK
src/mamba_ssm/gpu/kernel_identity.rs: OK
src/mamba_ssm/gpu/kernels.rs: OK
src/mamba_ssm/gpu/launch.rs: OK
src/mamba_ssm/gpu/loss_scaler.rs: OK
src/mamba_ssm/gpu/mod.rs: OK
src/mamba_ssm/gpu/prefill.rs: OK
src/mamba_ssm/gpu/trainer.rs: OK
src/mamba_ssm/gpu/training_graph.rs: OK
src/mamba_ssm/gpu/weights.rs: OK
src/mamba_ssm/gpu/weights_mixed_train.rs: OK
src/mamba_ssm/mod.rs: OK
src/module/backbone.rs: OK
src/module/backbone3.rs: OK
src/module/gpu_lm.rs: OK
src/module/gpu_lm3.rs: OK
src/module/lm.rs: OK
src/module/mod.rs: OK
src/module/sample.rs: OK
src/ops/blas.rs: OK
src/ops/dims.rs: OK
src/ops/fast_math.rs: OK
src/ops/mod.rs: OK
src/ops/norms.rs: OK
src/serialize.rs: OK
src/state.rs: OK
src/weights.rs: OK
tests/gemm_bi_fixed_correctness.rs: OK
tests/gemm_bi_fixed_performance.rs: OK
tests/gemm_bi_tf32_cohort_binding.rs: OK
tests/support/fixed_sm89_exact_n64_admission.rs: OK
96721d176a28f0e1a1627f93c7e60f637820f455afa108d25c7cdf98a059b40f  /root/target-ada-rna-auto-cuda128-20260906/release/deps/gemm_bi_fixed_correctness-e745b7cbbfaa93fe
a013bdae3f6da79adfe877854c7a07589ddd269456c27ec64d8519bce531f228  /root/target-ada-rna-auto-cuda128-20260906/release/deps/gemm_bi_fixed_performance-e01d837be76567b7
73afb5ff7364b4ec355fb3041f760f8aaaece64e68552557b1a83c47c9acd868  /root/target-ada-rna-auto-cuda130-20260906/release/deps/gemm_bi_fixed_correctness-e9a896bca3cebdf4
c0cf51e9eb69772df604dfd4f42e7ac92ee82aede726cd3dbe0051af1ae5ebc3  /root/target-ada-rna-auto-cuda130-20260906/release/deps/gemm_bi_fixed_performance-28fdf8ce2728ddd5
fb468ff9ffad5813909d1cec0684402b805291f80e15582b138295868846d495  /root/target-ada-rna-auto-cuda132-20260906/release/deps/gemm_bi_fixed_correctness-7860b14bbe37841d
b8d8cd24b5e44ca27749c1950fb17802477dba432e469ed613c396910e542b38  /root/target-ada-rna-auto-cuda132-20260906/release/deps/gemm_bi_fixed_performance-429f558dd590762a
48a388fc610d110bb884ea3cd0f49eda299c0c7ce0c8e2beb24d34a925198a54  /root/mamba-kcache-ada-rna-auto-cuda128-20260906/mamba-kernels-v1-da5dabeff55570d1fb6ca43a1d4a8aa7a2a9d25efb6436ed7f03c4a28a73d986.bin
c02fb7a0ef6a50cb52dc3fec2e83ebb1eb6b4015a9f200d48d65fd4493d489c9  /root/mamba-kcache-ada-rna-auto-cuda128-20260906/mamba-kernels-v1-73fbec7557a95462a555e39f1b3c94e8d2bcc7047a14f8f3e3fa51a768ec5b9a.bin
22827bf4ea23b939d8ec862b276f39b02c53ac2389345df1c16f62ca293c23fb  /root/mamba-kcache-ada-rna-auto-cuda128-20260906/mamba-kernels-v1-ae8e2e3db0255db26419c8292c70ea945f46076770ddb3522d34443addeaf374.bin
c599a8b8807dd944ae79238241b36f77599cb5cab0511d3ab4f8716bc7545c3c  /root/mamba-kcache-ada-rna-auto-cuda130-20260906/mamba-kernels-v1-ceeda6e9d55cfd166dafd638a9055daf8a1bb044f573c3349e147bff03b8fe7b.bin
32e61498d102e2343b2c3b65ec062af81b1351b1039a2503c0657628b4d3a9c0  /root/mamba-kcache-ada-rna-auto-cuda130-20260906/mamba-kernels-v1-feac83eb41fcc629d0c4bf9be1758d9e92c431728e17c1f46cfcd5c5a9ebc27d.bin
cc518c145df2f13d1a76334dd6b5572a27cfc9d6887b6d72c273f51a39b58549  /root/mamba-kcache-ada-rna-auto-cuda130-20260906/mamba-kernels-v1-4d6815a9cdc06297113b72dc2d9ae9fac46b50a0583c561f358727d4a6f2cf49.bin
5035921fc8e078e5454c9c5392f9e9ee6ca6a3de54c1e08cb54bba432fa37546  /root/mamba-kcache-ada-rna-auto-cuda132-20260906/mamba-kernels-v1-822ebf0dda7dcf9c4f5c5a2213884dde42ab45f5cf238479a81856042c302b7c.bin
5851ebd49595a0b2ef665073289e52f903eec3266deadfc5ad5d9f2096ce6d16  /root/mamba-kcache-ada-rna-auto-cuda132-20260906/mamba-kernels-v1-3809af034718aa08dfdfc1b6baeb407715436dc7db87ef39825b033c2fd72541.bin
220ccfc809011d7738b7447a319ecb0c1b2b12c49b3766ca0315d28fa3d5153f  /root/mamba-kcache-ada-rna-auto-cuda132-20260906/mamba-kernels-v1-4e99acb556ad1f6bb2aafa382f1618db9c9ecf37286fa7da37a62d86399c14ce.bin
exit_code=0
