   Compiling mamba-rs v0.6.9 (/root/mamba-d128-assembly.mD8m3k)
    Finished `release` profile [optimized] target(s) in 41.95s
     Running unittests src/lib.rs (/root/target-ada-finalist-aldmatrix-cuda132-20260910/release/deps/mamba_rs-4cd14b3dbbbe9ca1)

running 14 tests
test mamba_ssm::gpu::context::tests::sm89_exact_f32_d128_routes_use_their_isolated_module_and_private_revision ... ok
test mamba_ssm::gpu::gemm_bi_triad::dispatch::scalar_wave_policy_tests::nt_d128_out_transpose_m64n64_selector_is_an_exact_splitk_cell ... ok
test mamba_ssm::gpu::gemm_bi_triad::dispatch::sm89_exact_f32_d128_admission_tests::actual_auto_admits_exactly_the_three_live_passed_d128_cohorts ... FAILED
test mamba_ssm::gpu::gemm_bi_triad::dispatch::sm89_exact_f32_d128_admission_tests::all_three_candidates_bind_both_forced_symbols ... ok
test mamba_ssm::gpu::gemm_bi_triad::dispatch::sm89_exact_f32_d128_admission_tests::d128_routes_fail_closed_on_every_shape_stride_and_operand_neighbor ... ok
test mamba_ssm::gpu::gemm_bi_triad::dispatch::sm89_exact_f32_d128_admission_tests::each_symbol_and_identity_field_fails_closed_independently ... FAILED
test mamba_ssm::gpu::gemm_bi_triad::dispatch::sm89_exact_f32_d128_admission_tests::forced_route_accepts_nonunit_alpha_while_auto_epilogue_stays_exact ... ok
test mamba_ssm::gpu::gemm_bi_triad::launch::prepared_f32_launch_tests::scalar_nt_d128_out_raw_and_prepared_identity_match ... ok
test mamba_ssm::gpu::gemm_bi_triad::launch::prepared_f32_launch_tests::scalar_nt_d128_out_transpose_plan_has_the_qualified_revision_and_two_exact_nodes ... ok
test mamba_ssm::gpu::gemm_bi_triad::launch::scalar_nt_tests::sm120_scalar_nt_d128_out_production_route_is_exact_and_graph_stable ... ignored, requires an exclusive SM120/170-SM/NVRTC-13.2 CUDA GPU
test mamba_ssm::gpu::gemm_bi_triad::launch::sm89_exact_f32_tn_route_tests::d128_direct_folds_are_one_node_exact_routes_without_scratch ... ok
test mamba_ssm::gpu::gemm_bi_triad::modules::tests::sm89_exact_f32_d128_abi_and_resource_failures_exclude_only_one_symbol ... ok
test mamba_ssm::gpu::gemm_bi_triad::modules::tests::sm89_exact_f32_d128_composition_is_sealed_and_target_exact ... ok
test mamba_ssm::gpu::gemm_bi_triad::modules::tests::sm89_exact_f32_d128_validator_requires_exact_float_alpha_and_instruction_contract ... FAILED

failures:

---- mamba_ssm::gpu::gemm_bi_triad::dispatch::sm89_exact_f32_d128_admission_tests::actual_auto_admits_exactly_the_three_live_passed_d128_cohorts stdout ----

thread 'mamba_ssm::gpu::gemm_bi_triad::dispatch::sm89_exact_f32_d128_admission_tests::actual_auto_admits_exactly_the_three_live_passed_d128_cohorts' (1053584) panicked at src/mamba_ssm/gpu/gemm_bi_triad/dispatch.rs:563:9:
assertion `left == right` failed
  left: []
 right: [Sm89ExactF32D128QualificationIdentity { nvrtc_version: (12, 8), compile_key: [248, 160, 42, 160, 76, 51, 229, 93, 99, 234, 0, 161, 173, 163, 170, 182, 154, 92, 224, 133, 7, 105, 169, 100, 37, 208, 103, 85, 165, 48, 150, 29], artifact_digest: [247, 203, 161, 5, 94, 231, 204, 134, 117, 71, 87, 224, 168, 235, 61, 234, 251, 82, 241, 99, 66, 35, 195, 80, 110, 222, 172, 136, 151, 46, 190, 166], source_digest: [136, 53, 169, 16, 168, 229, 128, 95, 182, 60, 155, 29, 110, 223, 40, 240, 194, 199, 211, 58, 45, 8, 92, 143, 48, 209, 179, 58, 147, 216, 38, 82], header_manifest_digest: [1, 137, 80, 149, 48, 85, 95, 150, 21, 32, 113, 47, 57, 225, 2, 87, 118, 244, 48, 25, 59, 51, 83, 61, 139, 238, 191, 204, 56, 171, 140, 254], nvrtc_library_domain: [38, 176, 163, 160, 32, 68, 255, 203, 193, 105, 63, 216, 62, 146, 97, 190, 255, 166, 146, 164, 251, 207, 227, 172, 94, 157, 140, 135, 152, 11, 177, 85] }, Sm89ExactF32D128QualificationIdentity { nvrtc_version: (13, 0), compile_key: [202, 71, 115, 198, 121, 125, 31, 165, 176, 60, 176, 32, 188, 74, 137, 177, 225, 147, 24, 141, 13, 206, 118, 147, 136, 43, 174, 193, 22, 20, 115, 252], artifact_digest: [43, 172, 22, 36, 110, 7, 189, 187, 237, 242, 204, 184, 91, 148, 21, 108, 81, 96, 30, 67, 200, 42, 97, 21, 145, 106, 114, 38, 26, 70, 153, 187], source_digest: [136, 53, 169, 16, 168, 229, 128, 95, 182, 60, 155, 29, 110, 223, 40, 240, 194, 199, 211, 58, 45, 8, 92, 143, 48, 209, 179, 58, 147, 216, 38, 82], header_manifest_digest: [1, 137, 80, 149, 48, 85, 95, 150, 21, 32, 113, 47, 57, 225, 2, 87, 118, 244, 48, 25, 59, 51, 83, 61, 139, 238, 191, 204, 56, 171, 140, 254], nvrtc_library_domain: [112, 155, 145, 195, 107, 251, 14, 217, 102, 238, 105, 173, 200, 214, 248, 127, 241, 16, 238, 207, 61, 251, 80, 96, 54, 127, 24, 60, 230, 20, 235, 13] }, Sm89ExactF32D128QualificationIdentity { nvrtc_version: (13, 2), compile_key: [225, 128, 209, 134, 194, 53, 243, 82, 220, 122, 61, 226, 118, 239, 162, 241, 244, 66, 72, 81, 217, 89, 16, 146, 254, 95, 235, 216, 189, 36, 21, 187], artifact_digest: [245, 25, 237, 174, 153, 234, 138, 206, 230, 50, 139, 73, 135, 7, 90, 59, 164, 177, 3, 230, 194, 209, 51, 247, 146, 105, 127, 60, 84, 109, 228, 8], source_digest: [136, 53, 169, 16, 168, 229, 128, 95, 182, 60, 155, 29, 110, 223, 40, 240, 194, 199, 211, 58, 45, 8, 92, 143, 48, 209, 179, 58, 147, 216, 38, 82], header_manifest_digest: [1, 137, 80, 149, 48, 85, 95, 150, 21, 32, 113, 47, 57, 225, 2, 87, 118, 244, 48, 25, 59, 51, 83, 61, 139, 238, 191, 204, 56, 171, 140, 254], nvrtc_library_domain: [208, 49, 165, 62, 185, 114, 53, 183, 15, 98, 246, 82, 147, 45, 177, 189, 247, 40, 234, 34, 156, 140, 168, 9, 213, 60, 95, 253, 145, 100, 38, 135] }]
note: run with `RUST_BACKTRACE=1` environment variable to display a backtrace

---- mamba_ssm::gpu::gemm_bi_triad::dispatch::sm89_exact_f32_d128_admission_tests::each_symbol_and_identity_field_fails_closed_independently stdout ----

thread 'mamba_ssm::gpu::gemm_bi_triad::dispatch::sm89_exact_f32_d128_admission_tests::each_symbol_and_identity_field_fails_closed_independently' (1053587) panicked at src/mamba_ssm/gpu/gemm_bi_triad/dispatch.rs:741:13:
assertion `left == right` failed: AUTO sibling exclusion disabled D128InDirectFold
  left: TnSplitM { m_chunk: 16, chunks: 64 }
 right: TnD128InSm89DirectFoldQualified

---- mamba_ssm::gpu::gemm_bi_triad::modules::tests::sm89_exact_f32_d128_validator_requires_exact_float_alpha_and_instruction_contract stdout ----

thread 'mamba_ssm::gpu::gemm_bi_triad::modules::tests::sm89_exact_f32_d128_validator_requires_exact_float_alpha_and_instruction_contract' (1053594) panicked at src/mamba_ssm/gpu/gemm_bi_triad/modules.rs:11443:17:
accepted wmma.mma.sync for gemm_bi_tn_sm89_f32_d128_in_m16n16_f64fold_v1


failures:
    mamba_ssm::gpu::gemm_bi_triad::dispatch::sm89_exact_f32_d128_admission_tests::actual_auto_admits_exactly_the_three_live_passed_d128_cohorts
    mamba_ssm::gpu::gemm_bi_triad::dispatch::sm89_exact_f32_d128_admission_tests::each_symbol_and_identity_field_fails_closed_independently
    mamba_ssm::gpu::gemm_bi_triad::modules::tests::sm89_exact_f32_d128_validator_requires_exact_float_alpha_and_instruction_contract

test result: FAILED. 10 passed; 3 failed; 1 ignored; 0 measured; 758 filtered out; finished in 0.00s

error: test failed, to rerun pass `--lib`
