   Compiling mamba-rs v0.6.9 (/root/mamba-ada-exact-toolkit-auto-20260907)
error[E0432]: unresolved import `serde_json`
    --> tests/gemm_bi_scalar_nn_m64n64_qualification.rs:1686:13
     |
1686 |         use serde_json::json;
     |             ^^^^^^^^^^ use of unresolved module or unlinked crate `serde_json`
     |
     = help: if you wanted to use a crate named `serde_json`, use `cargo add serde_json` to add it to your `Cargo.toml`

error[E0308]: mismatched types
    --> tests/gemm_bi_scalar_nn_m64n64_qualification.rs:1720:13
     |
1717 |         if !ada_live_toolkit_supported(
     |             -------------------------- arguments to this function are incorrect
...
1720 |             compiler.nvrtc_version,
     |             ^^^^^^^^^^^^^^^^^^^^^^ expected `(u32, u32)`, found `(i32, i32)`
     |
     = note: expected tuple `(u32, u32)`
                found tuple `(i32, i32)`
note: function defined here
    --> tests/gemm_bi_scalar_nn_m64n64_qualification.rs:76:4
     |
  76 | fn ada_live_toolkit_supported(cc: (u32, u32), sms: u32, nvrtc: (u32, u32)) -> bool {
     |    ^^^^^^^^^^^^^^^^^^^^^^^^^^                           -----------------

Some errors have detailed explanations: E0308, E0432.
For more information about an error, try `rustc --explain E0308`.
error: could not compile `mamba-rs` (test "gemm_bi_scalar_nn_m64n64_qualification") due to 2 previous errors
