   Compiling mamba-rs v0.6.9 (/root/mamba-model-gemm-guards-final.7dt0nG)
warning: use of deprecated method `mamba_ssm::gpu::context::GpuCtx::set_batch_invariant`: use GpuCtx::set_gemm_mode
    --> src/mamba_ssm/gpu/blas.rs:2892:13
     |
2892 |         ctx.set_batch_invariant(true);
     |             ^^^^^^^^^^^^^^^^^^^
     |
     = note: `#[warn(deprecated)]` on by default

warning: use of deprecated method `mamba_ssm::gpu::context::GpuCtx::set_batch_invariant`: use GpuCtx::set_gemm_mode
    --> src/mamba_ssm/gpu/blas.rs:3219:13
     |
3219 |         ctx.set_batch_invariant(true);
     |             ^^^^^^^^^^^^^^^^^^^

warning: use of deprecated method `mamba_ssm::gpu::context::GpuCtx::set_batch_invariant`: use GpuCtx::set_gemm_mode
     --> src/mamba_ssm/gpu/gemm_bi_triad/launch.rs:13902:13
      |
13902 |         ctx.set_batch_invariant(true);
      |             ^^^^^^^^^^^^^^^^^^^

warning: use of deprecated method `mamba_ssm::gpu::context::GpuCtx::set_batch_invariant`: use GpuCtx::set_gemm_mode
     --> src/mamba_ssm/gpu/gemm_bi_triad/launch.rs:13933:13
      |
13933 |         ctx.set_batch_invariant(true);
      |             ^^^^^^^^^^^^^^^^^^^

warning: use of deprecated method `mamba_ssm::gpu::context::GpuCtx::set_batch_invariant`: use GpuCtx::set_gemm_mode
     --> src/mamba_ssm/gpu/gemm_bi_triad/launch.rs:14012:13
      |
14012 |         ctx.set_batch_invariant(true);
      |             ^^^^^^^^^^^^^^^^^^^

warning: use of deprecated method `mamba_ssm::gpu::context::GpuCtx::set_batch_invariant`: use GpuCtx::set_gemm_mode
     --> src/mamba_ssm/gpu/gemm_bi_triad/launch.rs:14116:13
      |
14116 |         ctx.set_batch_invariant(true);
      |             ^^^^^^^^^^^^^^^^^^^

warning: use of deprecated method `mamba_ssm::gpu::context::GpuCtx::set_batch_invariant`: use GpuCtx::set_gemm_mode
   --> src/mamba_ssm/gpu/gemm_bi_triad/scalar_nt_tests.rs:618:9
    |
618 |     ctx.set_batch_invariant(true);
    |         ^^^^^^^^^^^^^^^^^^^

warning: use of deprecated method `mamba_ssm::gpu::context::GpuCtx::set_batch_invariant`: use GpuCtx::set_gemm_mode
   --> src/mamba_ssm/gpu/gemm_bi_triad/scalar_nt_tests.rs:817:9
    |
817 |     ctx.set_batch_invariant(true);
    |         ^^^^^^^^^^^^^^^^^^^

warning: use of deprecated method `mamba_ssm::gpu::context::GpuCtx::set_batch_invariant`: use GpuCtx::set_gemm_mode
   --> src/mamba_ssm/gpu/gemm_bi_triad/scalar_nt_tests.rs:950:9
    |
950 |     ctx.set_batch_invariant(true);
    |         ^^^^^^^^^^^^^^^^^^^

warning: use of deprecated method `mamba_ssm::gpu::context::GpuCtx::set_batch_invariant`: use GpuCtx::set_gemm_mode
    --> src/mamba_ssm/gpu/gemm_bi_triad/scalar_nt_tests.rs:1082:9
     |
1082 |     ctx.set_batch_invariant(true);
     |         ^^^^^^^^^^^^^^^^^^^

warning: use of deprecated method `mamba_ssm::gpu::context::GpuCtx::set_batch_invariant`: use GpuCtx::set_gemm_mode
    --> src/mamba_ssm/gpu/gemm_bi_triad/scalar_nt_tests.rs:1212:9
     |
1212 |     ctx.set_batch_invariant(true);
     |         ^^^^^^^^^^^^^^^^^^^

warning: use of deprecated method `mamba_ssm::gpu::context::GpuCtx::set_batch_invariant`: use GpuCtx::set_gemm_mode
    --> src/mamba_ssm/gpu/gemm_bi_triad/scalar_nt_tests.rs:1292:9
     |
1292 |     ctx.set_batch_invariant(true);
     |         ^^^^^^^^^^^^^^^^^^^

warning: use of deprecated method `mamba_ssm::gpu::context::GpuCtx::set_batch_invariant`: use GpuCtx::set_gemm_mode
    --> src/mamba_ssm/gpu/gemm_bi_triad/scalar_nt_tests.rs:1328:9
     |
1328 |     ctx.set_batch_invariant(true);
     |         ^^^^^^^^^^^^^^^^^^^

warning: use of deprecated method `mamba_ssm::gpu::context::GpuCtx::set_batch_invariant`: use GpuCtx::set_gemm_mode
    --> src/mamba_ssm/gpu/gemm_bi_triad/scalar_nt_tests.rs:1350:9
     |
1350 |     ctx.set_batch_invariant(true);
     |         ^^^^^^^^^^^^^^^^^^^

warning: use of deprecated method `mamba_ssm::gpu::context::GpuCtx::set_batch_invariant`: use GpuCtx::set_gemm_mode
    --> src/mamba_ssm/gpu/gemm_bi_triad/scalar_nn_tn_tests.rs:1242:9
     |
1242 |     ctx.set_batch_invariant(true);
     |         ^^^^^^^^^^^^^^^^^^^

warning: use of deprecated method `mamba_ssm::gpu::context::GpuCtx::set_fast_gemm`: use GpuCtx::set_gemm_mode
    --> src/mamba_ssm/gpu/gemm_bi_triad/scalar_nn_tn_tests.rs:1245:9
     |
1245 |     ctx.set_fast_gemm(false);
     |         ^^^^^^^^^^^^^

warning: use of deprecated method `mamba_ssm::gpu::context::GpuCtx::set_batch_invariant`: use GpuCtx::set_gemm_mode
    --> src/mamba_ssm/gpu/gemm_bi_triad/qualification.rs:5679:13
     |
5679 |         ctx.set_batch_invariant(true);
     |             ^^^^^^^^^^^^^^^^^^^

warning: use of deprecated method `mamba_ssm::gpu::context::GpuCtx::set_fast_gemm`: use GpuCtx::set_gemm_mode
    --> src/mamba_ssm/gpu/gemm_bi_triad/qualification.rs:5681:13
     |
5681 |         ctx.set_fast_gemm(false);
     |             ^^^^^^^^^^^^^

warning: use of deprecated method `mamba_ssm::gpu::context::GpuCtx::set_batch_invariant`: use GpuCtx::set_gemm_mode
    --> src/mamba_ssm/gpu/gemm_bi_triad/qualification.rs:5726:13
     |
5726 |         ctx.set_batch_invariant(true);
     |             ^^^^^^^^^^^^^^^^^^^

warning: use of deprecated method `mamba_ssm::gpu::context::GpuCtx::set_fast_gemm`: use GpuCtx::set_gemm_mode
    --> src/mamba_ssm/gpu/gemm_bi_triad/qualification.rs:5728:13
     |
5728 |         ctx.set_fast_gemm(false);
     |             ^^^^^^^^^^^^^

warning: use of deprecated method `mamba_ssm::gpu::context::GpuCtx::set_batch_invariant`: use GpuCtx::set_gemm_mode
   --> src/mamba_ssm/gpu/gemm_bi_triad/training_pipeline_tests.rs:712:13
    |
712 |         ctx.set_batch_invariant(true);
    |             ^^^^^^^^^^^^^^^^^^^

warning: use of deprecated method `mamba_ssm::gpu::context::GpuCtx::set_fast_gemm`: use GpuCtx::set_gemm_mode
   --> src/mamba_ssm/gpu/gemm_bi_triad/training_pipeline_tests.rs:715:13
    |
715 |         ctx.set_fast_gemm(false);
    |             ^^^^^^^^^^^^^

warning: use of deprecated method `mamba_ssm::gpu::context::GpuCtx::set_batch_invariant`: use GpuCtx::set_gemm_mode
    --> src/mamba_ssm/gpu/kernel_identity.rs:6641:13
     |
6641 |         ctx.set_batch_invariant(true);
     |             ^^^^^^^^^^^^^^^^^^^

warning: use of deprecated method `mamba_rs::gpu::context::GpuCtx::set_batch_invariant`: use GpuCtx::set_gemm_mode
   --> tests/inference_graph_route.rs:132:15
    |
132 |     f32.ctx().set_batch_invariant(false);
    |               ^^^^^^^^^^^^^^^^^^^
    |
    = note: `#[warn(deprecated)]` on by default

warning: use of deprecated method `mamba_rs::gpu::context::GpuCtx::set_batch_invariant`: use GpuCtx::set_gemm_mode
   --> tests/inference_graph_route.rs:165:17
    |
165 |     mixed.ctx().set_batch_invariant(false);
    |                 ^^^^^^^^^^^^^^^^^^^

warning: use of deprecated method `mamba_rs::gpu::context::GpuCtx::set_batch_invariant`: use GpuCtx::set_gemm_mode
   --> tests/inference_graph_route.rs:196:15
    |
196 |     f32.ctx().set_batch_invariant(false);
    |               ^^^^^^^^^^^^^^^^^^^

warning: use of deprecated method `mamba_rs::gpu::context::GpuCtx::set_batch_invariant`: use GpuCtx::set_gemm_mode
   --> tests/inference_graph_route.rs:229:30
    |
229 |     mixed.engine_ref().ctx().set_batch_invariant(false);
    |                              ^^^^^^^^^^^^^^^^^^^

warning: `mamba-rs` (test "inference_graph_route") generated 4 warnings
warning: use of deprecated method `mamba_rs::gpu::context::GpuCtx::set_batch_invariant`: use GpuCtx::set_gemm_mode
     --> tests/gemm_bi_tf32_contract.rs:13785:9
      |
13785 |     ctx.set_batch_invariant(true);
      |         ^^^^^^^^^^^^^^^^^^^
      |
      = note: `#[warn(deprecated)]` on by default

warning: use of deprecated method `mamba_rs::gpu::context::GpuCtx::set_fast_gemm`: use GpuCtx::set_gemm_mode
     --> tests/gemm_bi_tf32_contract.rs:13787:9
      |
13787 |     ctx.set_fast_gemm(false);
      |         ^^^^^^^^^^^^^

warning: `mamba-rs` (test "gemm_bi_tf32_contract") generated 2 warnings
warning: `mamba-rs` (lib test) generated 23 warnings
    Finished `release` profile [optimized] target(s) in 1m 04s
  Executable unittests src/lib.rs (/root/target-ada-finalist-aldmatrix-cuda132-20260910/release/deps/mamba_rs-f56be242cc5c9d37)
  Executable tests/gemm_bi_tf32_contract.rs (/root/target-ada-finalist-aldmatrix-cuda132-20260910/release/deps/gemm_bi_tf32_contract-aceb65604857f065)
  Executable tests/inference_graph_route.rs (/root/target-ada-finalist-aldmatrix-cuda132-20260910/release/deps/inference_graph_route-fabc2b5f167c1e60)
