
running 1 test
test bench_sgemm_bi_vs_tf32 ... [RL-small d128 F32] B=16 T=64: cuBLAS-TF32 2.442 ms/step | sgemm_bi 3.033 ms/step | ratio 1.24x
[RL-small d128 Bf16] B=16 T=64: cuBLAS-PEDANTIC 2.519 ms/step | sgemm_bi 2.838 ms/step | ratio 1.13x
[RL-small d128 Bf16] B=16 T=64: sgemm_bi+TC 2.353 ms/step | vs cuBLAS-PEDANTIC 0.93x | vs scalar bi 0.83x
[RL-small d128 F16] B=16 T=64: cuBLAS-PEDANTIC 2.146 ms/step | sgemm_bi 2.880 ms/step | ratio 1.34x
[RL-small d128 F16] B=16 T=64: sgemm_bi+TC 2.385 ms/step | vs cuBLAS-PEDANTIC 1.11x | vs scalar bi 0.83x
[d256 F32] B=16 T=128: cuBLAS-TF32 9.872 ms/step | sgemm_bi 12.463 ms/step | ratio 1.26x
[d256 Bf16] B=16 T=128: cuBLAS-PEDANTIC 10.427 ms/step | sgemm_bi 11.531 ms/step | ratio 1.11x
[d256 Bf16] B=16 T=128: sgemm_bi+TC 9.549 ms/step | vs cuBLAS-PEDANTIC 0.92x | vs scalar bi 0.83x
[d256 F16] B=16 T=128: cuBLAS-PEDANTIC 8.840 ms/step | sgemm_bi 11.701 ms/step | ratio 1.32x
[d256 F16] B=16 T=128: sgemm_bi+TC 9.696 ms/step | vs cuBLAS-PEDANTIC 1.10x | vs scalar bi 0.83x
[130m-ish d768 F32] B=8 T=256: cuBLAS-TF32 24.564 ms/step | sgemm_bi 34.780 ms/step | ratio 1.42x
[130m-ish d768 Bf16] B=8 T=256: cuBLAS-PEDANTIC 26.763 ms/step | sgemm_bi 31.707 ms/step | ratio 1.18x
[130m-ish d768 Bf16] B=8 T=256: sgemm_bi+TC 22.187 ms/step | vs cuBLAS-PEDANTIC 0.83x | vs scalar bi 0.70x
[130m-ish d768 F16] B=8 T=256: cuBLAS-PEDANTIC 24.417 ms/step | sgemm_bi 31.921 ms/step | ratio 1.31x
[130m-ish d768 F16] B=8 T=256: sgemm_bi+TC 22.333 ms/step | vs cuBLAS-PEDANTIC 0.91x | vs scalar bi 0.70x
[770m-ish d1536 F32] B=4 T=256: cuBLAS-TF32 14.670 ms/step | sgemm_bi 24.406 ms/step | ratio 1.66x
[770m-ish d1536 Bf16] B=4 T=256: cuBLAS-PEDANTIC 18.036 ms/step | sgemm_bi 22.481 ms/step | ratio 1.25x
[770m-ish d1536 Bf16] B=4 T=256: sgemm_bi+TC 13.060 ms/step | vs cuBLAS-PEDANTIC 0.72x | vs scalar bi 0.58x
[770m-ish d1536 F16] B=4 T=256: cuBLAS-PEDANTIC 16.367 ms/step | sgemm_bi 22.916 ms/step | ratio 1.40x
[770m-ish d1536 F16] B=4 T=256: sgemm_bi+TC 13.408 ms/step | vs cuBLAS-PEDANTIC 0.82x | vs scalar bi 0.59x
ok

test result: ok. 1 passed; 0 failed; 0 ignored; 0 measured; 5 filtered out; finished in 15.04s

