COMMAND ["/usr/local/cuda-13.2/bin/nvcc", "--version"]
COMMAND_EXIT nvcc.log 0
COMMAND ["rustc", "-Vv"]
COMMAND_EXIT rustc.log 0
COMMAND ["cargo", "-V"]
COMMAND_EXIT cargo.log 0
COMMAND ["cargo", "test", "--release", "--features", "cuda,cudarc/cuda-13020", "--lib", "--", "--nocapture", "--test-threads=1"]
COMMAND_EXIT library.log 0
COMMAND ["cargo", "test", "--release", "--features", "cuda,cudarc/cuda-13020", "--test", "gemm_bi_fixed_performance", "toolkit_admission::tests::", "--", "--nocapture", "--test-threads=1"]
COMMAND_EXIT focused.log 0
COMMAND ["cargo", "test", "--release", "--features", "cuda,cudarc/cuda-13020", "--test", "gemm_bi_fixed_performance", "--", "--test-threads=1"]
COMMAND_EXIT performance-nonignored.log 0
COMMAND ["cargo", "test", "--release", "--features", "cuda,cudarc/cuda-13020", "--test", "gemm_bi_fixed_sm89_exact_n64", "--", "--test-threads=1"]
COMMAND_EXIT exact-nonignored.log 0
COMMAND ["cargo", "test", "--release", "--features", "cuda,cudarc/cuda-13020", "--test", "gemm_bi_fixed_sm89_pipeline", "--", "--test-threads=1"]
COMMAND_EXIT half-nonignored.log 0
COMMAND ["cargo", "test", "--release", "--features", "cuda,cudarc/cuda-13020", "--test", "gemm_bi_tf32_cohort_binding", "--", "--test-threads=1"]
COMMAND_EXIT tf32-cohort-nonignored.log 0
BUILD_COMPLETE {"toolkit": "13.2", "feature": "cuda,cudarc/cuda-13020", "cuda": "/usr/local/cuda-13.2", "target": "/root/target-ada-exact-toolkit-auto-final1-cuda132-20260907", "cache": "/root/mamba-kcache-ada-exact-toolkit-auto-final1-cuda132-20260907", "cache_mode": "0o700", "measured_source_sha": "2ac1c93ba3e4682138a0df3341a26921438334382532d6943277268320655285", "binaries": {"/root/target-ada-exact-toolkit-auto-final1-cuda132-20260907/release/deps/gemm_bi_fixed_performance-46090335b71731a6": "4ecefea9345226073e9671017bb14450ebed562be8c5c551a2e6d9de3859868d", "/root/target-ada-exact-toolkit-auto-final1-cuda132-20260907/release/deps/gemm_bi_fixed_sm89_exact_n64-2122cf91196b3e45": "d91d28b2c7b662d3d1833e40bbaacb8e161c6a196bea1f386dd113e4675bcb16", "/root/target-ada-exact-toolkit-auto-final1-cuda132-20260907/release/deps/gemm_bi_fixed_sm89_pipeline-b0f5bf9e4d3ccd0f": "23e1544fb0308f23b1e52c303c90f3223209227b1bde2dd853931ba55922fe95", "/root/target-ada-exact-toolkit-auto-final1-cuda132-20260907/release/deps/gemm_bi_tf32_cohort_binding-0676de5a4f79253f": "aae36c4fced8686c4ca6dcdbe813a4e8fc9611edbd34457d3e5e4c3611f8dbba"}, "tools": {"/usr/local/cuda-13.2/bin/nvcc": "1b32c567e18698a94d78f18e571d7a213cfb461a7422505120e88748d5150136", "/usr/local/cuda-13.2/bin/ptxas": "21fec077bceb3265135cf10aa98937000bd0d01141401c094a15c5916ca9d911"}, "libraries": {"/usr/local/cuda-13.2/targets/x86_64-linux/lib/libnvrtc.so.13.2.51": "b93dae6f3435a5b7b52a689af7f769cc7876fcfd7b01381ca7d6a3814d405c89", "/usr/local/cuda-13.2/targets/x86_64-linux/lib/libnvrtc.so.13": "b93dae6f3435a5b7b52a689af7f769cc7876fcfd7b01381ca7d6a3814d405c89", "/usr/local/cuda-13.2/targets/x86_64-linux/lib/libcublas.so.13.3.0.5": "ccfa1822ae698db26fa1fb3f93b45e7da2232eb3586379d862211f3e267787b0", "/usr/local/cuda-13.2/targets/x86_64-linux/lib/libcublas.so.13": "ccfa1822ae698db26fa1fb3f93b45e7da2232eb3586379d862211f3e267787b0"}, "support_tools": {"/root/evidence-ada-exact-toolkit-auto-20260907/run.py": "b9849a455871fbdf7168b6fc4d212329d60dd9aa15327b0aca4d6b1921316967", "/root/evidence-ada-exact-toolkit-auto-20260907/analyze.py": "d661f6adc280e8cbecf5e812ff298693826cd9eb692bcdc4deff9ec246773c8a", "/root/evidence-ada-exact-toolkit-auto-20260907/remote.py": "a1aadafa46c41543e8665cf5ee59acb502c79c145811dd6166a99d2a627ebe28", "/root/evidence-ada-f32-tf32-toolkit-20260907/analyze.py": "e8bebda48987a699392f7c8bdbdf8f74b61349a2d3aebc20a36bf1e222026182"}}
WRAPPER_COMPLETE
