test_binding_and_exit_closure_reject_foreign_or_failed_attempt (__main__.Task8ValidationTests.test_binding_and_exit_closure_reject_foreign_or_failed_attempt) ... ERROR
test_functional_inventory_uses_fixed_rna_all_three_and_triad_only_132 (__main__.Task8ValidationTests.test_functional_inventory_uses_fixed_rna_all_three_and_triad_only_132) ... ERROR
test_valid_loss_and_mixed_p95_remain_evidence_not_admission (__main__.Task8ValidationTests.test_valid_loss_and_mixed_p95_remain_evidence_not_admission) ... ok
test_valid_post_schema_adapts_shared_task7_arithmetic (__main__.Task8ValidationTests.test_valid_post_schema_adapts_shared_task7_arithmetic) ... ok
test_wrong_epoch_stage_family_toolkit_or_role_rejects (__main__.Task8ValidationTests.test_wrong_epoch_stage_family_toolkit_or_role_rejects) ... ok
test_wrong_old_or_new_auto_physical_contract_rejects (__main__.Task8ValidationTests.test_wrong_old_or_new_auto_physical_contract_rejects) ... ok

======================================================================
ERROR: test_binding_and_exit_closure_reject_foreign_or_failed_attempt (__main__.Task8ValidationTests.test_binding_and_exit_closure_reject_foreign_or_failed_attempt)
----------------------------------------------------------------------
Traceback (most recent call last):
  File "/Users/silvermpx/IdeaProjects/mamba-rs/internal/worktrees/gemm-bi-triad-sm80/internal/perf/ada-exact-toolkit-auto-20260907/test_validation.py", line 157, in test_binding_and_exit_closure_reject_foreign_or_failed_attempt
    analyze.validate_binding(analysis, result, binding)
  File "/Users/silvermpx/IdeaProjects/mamba-rs/internal/worktrees/gemm-bi-triad-sm80/internal/perf/ada-exact-toolkit-auto-20260907/analyze.py", line 164, in validate_binding
    require(
  File "/Users/silvermpx/IdeaProjects/mamba-rs/internal/worktrees/gemm-bi-triad-sm80/internal/perf/ada-f32-tf32-toolkit-20260907/analyze.py", line 25, in require
    raise ValueError(message)
ValueError: binary binding differs

======================================================================
ERROR: test_functional_inventory_uses_fixed_rna_all_three_and_triad_only_132 (__main__.Task8ValidationTests.test_functional_inventory_uses_fixed_rna_all_three_and_triad_only_132)
----------------------------------------------------------------------
Traceback (most recent call last):
  File "/Users/silvermpx/IdeaProjects/mamba-rs/internal/worktrees/gemm-bi-triad-sm80/internal/perf/ada-exact-toolkit-auto-20260907/test_validation.py", line 203, in test_functional_inventory_uses_fixed_rna_all_three_and_triad_only_132
    for _label, stem, test_name in run.functional_checks(toolkit)
                                   ^^^^^^^^^^^^^^^^^^^^^
AttributeError: module 'task8_run' has no attribute 'functional_checks'

----------------------------------------------------------------------
Ran 6 tests in 0.153s

FAILED (errors=2)
