test_binding_and_exit_closure_reject_foreign_or_failed_attempt (__main__.Task8ValidationTests.test_binding_and_exit_closure_reject_foreign_or_failed_attempt) ... ERROR
test_valid_loss_and_mixed_p95_remain_evidence_not_admission (__main__.Task8ValidationTests.test_valid_loss_and_mixed_p95_remain_evidence_not_admission) ... ok
test_valid_post_schema_adapts_shared_task7_arithmetic (__main__.Task8ValidationTests.test_valid_post_schema_adapts_shared_task7_arithmetic) ... ERROR
test_wrong_epoch_stage_family_toolkit_or_role_rejects (__main__.Task8ValidationTests.test_wrong_epoch_stage_family_toolkit_or_role_rejects) ... 
  test_wrong_epoch_stage_family_toolkit_or_role_rejects (__main__.Task8ValidationTests.test_wrong_epoch_stage_family_toolkit_or_role_rejects) (name='epoch') ... ERROR
  test_wrong_epoch_stage_family_toolkit_or_role_rejects (__main__.Task8ValidationTests.test_wrong_epoch_stage_family_toolkit_or_role_rejects) (name='stage') ... ERROR
  test_wrong_epoch_stage_family_toolkit_or_role_rejects (__main__.Task8ValidationTests.test_wrong_epoch_stage_family_toolkit_or_role_rejects) (name='family') ... ERROR
  test_wrong_epoch_stage_family_toolkit_or_role_rejects (__main__.Task8ValidationTests.test_wrong_epoch_stage_family_toolkit_or_role_rejects) (name='toolkit') ... ERROR
  test_wrong_epoch_stage_family_toolkit_or_role_rejects (__main__.Task8ValidationTests.test_wrong_epoch_stage_family_toolkit_or_role_rejects) (name='promotion basis') ... ERROR
  test_wrong_epoch_stage_family_toolkit_or_role_rejects (__main__.Task8ValidationTests.test_wrong_epoch_stage_family_toolkit_or_role_rejects) (name='arm') ... ERROR
  test_wrong_epoch_stage_family_toolkit_or_role_rejects (__main__.Task8ValidationTests.test_wrong_epoch_stage_family_toolkit_or_role_rejects) (name='direction') ... ERROR
test_wrong_old_or_new_auto_physical_contract_rejects (__main__.Task8ValidationTests.test_wrong_old_or_new_auto_physical_contract_rejects) ... 
  test_wrong_old_or_new_auto_physical_contract_rejects (__main__.Task8ValidationTests.test_wrong_old_or_new_auto_physical_contract_rejects) (name='former enum') ... ERROR
  test_wrong_old_or_new_auto_physical_contract_rejects (__main__.Task8ValidationTests.test_wrong_old_or_new_auto_physical_contract_rejects) (name='AUTO enum') ... ERROR
  test_wrong_old_or_new_auto_physical_contract_rejects (__main__.Task8ValidationTests.test_wrong_old_or_new_auto_physical_contract_rejects) (name='AUTO enum gate') ... ERROR
  test_wrong_old_or_new_auto_physical_contract_rejects (__main__.Task8ValidationTests.test_wrong_old_or_new_auto_physical_contract_rejects) (name='AUTO symbol') ... ERROR
  test_wrong_old_or_new_auto_physical_contract_rejects (__main__.Task8ValidationTests.test_wrong_old_or_new_auto_physical_contract_rejects) (name='Legacy symbol') ... ERROR
  test_wrong_old_or_new_auto_physical_contract_rejects (__main__.Task8ValidationTests.test_wrong_old_or_new_auto_physical_contract_rejects) (name='ABI') ... ERROR
  test_wrong_old_or_new_auto_physical_contract_rejects (__main__.Task8ValidationTests.test_wrong_old_or_new_auto_physical_contract_rejects) (name='poison') ... ERROR

======================================================================
ERROR: test_binding_and_exit_closure_reject_foreign_or_failed_attempt (__main__.Task8ValidationTests.test_binding_and_exit_closure_reject_foreign_or_failed_attempt)
----------------------------------------------------------------------
Traceback (most recent call last):
  File "/Users/silvermpx/IdeaProjects/mamba-rs/internal/worktrees/gemm-bi-triad-sm80/internal/perf/ada-exact-toolkit-auto-20260907/test_validation.py", line 131, in test_binding_and_exit_closure_reject_foreign_or_failed_attempt
    analysis = analyze.validate_records(post_records())
                                        ^^^^^^^^^^^^^^
  File "/Users/silvermpx/IdeaProjects/mamba-rs/internal/worktrees/gemm-bi-triad-sm80/internal/perf/ada-exact-toolkit-auto-20260907/test_validation.py", line 31, in post_records
    record["promotion_basis"] = copy.deepcopy(analyze.PROMOTION_BASIS)
                                              ^^^^^^^^^^^^^^^^^^^^^^^
AttributeError: module 'task8_analyze' has no attribute 'PROMOTION_BASIS'

======================================================================
ERROR: test_valid_post_schema_adapts_shared_task7_arithmetic (__main__.Task8ValidationTests.test_valid_post_schema_adapts_shared_task7_arithmetic)
----------------------------------------------------------------------
Traceback (most recent call last):
  File "/Users/silvermpx/IdeaProjects/mamba-rs/internal/worktrees/gemm-bi-triad-sm80/internal/perf/ada-exact-toolkit-auto-20260907/test_validation.py", line 72, in test_valid_post_schema_adapts_shared_task7_arithmetic
    result = analyze.validate_records(post_records())
                                      ^^^^^^^^^^^^^^
  File "/Users/silvermpx/IdeaProjects/mamba-rs/internal/worktrees/gemm-bi-triad-sm80/internal/perf/ada-exact-toolkit-auto-20260907/test_validation.py", line 31, in post_records
    record["promotion_basis"] = copy.deepcopy(analyze.PROMOTION_BASIS)
                                              ^^^^^^^^^^^^^^^^^^^^^^^
AttributeError: module 'task8_analyze' has no attribute 'PROMOTION_BASIS'

======================================================================
ERROR: test_wrong_epoch_stage_family_toolkit_or_role_rejects (__main__.Task8ValidationTests.test_wrong_epoch_stage_family_toolkit_or_role_rejects) (name='epoch')
----------------------------------------------------------------------
Traceback (most recent call last):
  File "/Users/silvermpx/IdeaProjects/mamba-rs/internal/worktrees/gemm-bi-triad-sm80/internal/perf/ada-exact-toolkit-auto-20260907/test_validation.py", line 94, in test_wrong_epoch_stage_family_toolkit_or_role_rejects
    self.assert_rejected(mutation)
  File "/Users/silvermpx/IdeaProjects/mamba-rs/internal/worktrees/gemm-bi-triad-sm80/internal/perf/ada-exact-toolkit-auto-20260907/test_validation.py", line 66, in assert_rejected
    candidate = post_records()
                ^^^^^^^^^^^^^^
  File "/Users/silvermpx/IdeaProjects/mamba-rs/internal/worktrees/gemm-bi-triad-sm80/internal/perf/ada-exact-toolkit-auto-20260907/test_validation.py", line 31, in post_records
    record["promotion_basis"] = copy.deepcopy(analyze.PROMOTION_BASIS)
                                              ^^^^^^^^^^^^^^^^^^^^^^^
AttributeError: module 'task8_analyze' has no attribute 'PROMOTION_BASIS'

======================================================================
ERROR: test_wrong_epoch_stage_family_toolkit_or_role_rejects (__main__.Task8ValidationTests.test_wrong_epoch_stage_family_toolkit_or_role_rejects) (name='stage')
----------------------------------------------------------------------
Traceback (most recent call last):
  File "/Users/silvermpx/IdeaProjects/mamba-rs/internal/worktrees/gemm-bi-triad-sm80/internal/perf/ada-exact-toolkit-auto-20260907/test_validation.py", line 94, in test_wrong_epoch_stage_family_toolkit_or_role_rejects
    self.assert_rejected(mutation)
  File "/Users/silvermpx/IdeaProjects/mamba-rs/internal/worktrees/gemm-bi-triad-sm80/internal/perf/ada-exact-toolkit-auto-20260907/test_validation.py", line 66, in assert_rejected
    candidate = post_records()
                ^^^^^^^^^^^^^^
  File "/Users/silvermpx/IdeaProjects/mamba-rs/internal/worktrees/gemm-bi-triad-sm80/internal/perf/ada-exact-toolkit-auto-20260907/test_validation.py", line 31, in post_records
    record["promotion_basis"] = copy.deepcopy(analyze.PROMOTION_BASIS)
                                              ^^^^^^^^^^^^^^^^^^^^^^^
AttributeError: module 'task8_analyze' has no attribute 'PROMOTION_BASIS'

======================================================================
ERROR: test_wrong_epoch_stage_family_toolkit_or_role_rejects (__main__.Task8ValidationTests.test_wrong_epoch_stage_family_toolkit_or_role_rejects) (name='family')
----------------------------------------------------------------------
Traceback (most recent call last):
  File "/Users/silvermpx/IdeaProjects/mamba-rs/internal/worktrees/gemm-bi-triad-sm80/internal/perf/ada-exact-toolkit-auto-20260907/test_validation.py", line 94, in test_wrong_epoch_stage_family_toolkit_or_role_rejects
    self.assert_rejected(mutation)
  File "/Users/silvermpx/IdeaProjects/mamba-rs/internal/worktrees/gemm-bi-triad-sm80/internal/perf/ada-exact-toolkit-auto-20260907/test_validation.py", line 66, in assert_rejected
    candidate = post_records()
                ^^^^^^^^^^^^^^
  File "/Users/silvermpx/IdeaProjects/mamba-rs/internal/worktrees/gemm-bi-triad-sm80/internal/perf/ada-exact-toolkit-auto-20260907/test_validation.py", line 31, in post_records
    record["promotion_basis"] = copy.deepcopy(analyze.PROMOTION_BASIS)
                                              ^^^^^^^^^^^^^^^^^^^^^^^
AttributeError: module 'task8_analyze' has no attribute 'PROMOTION_BASIS'

======================================================================
ERROR: test_wrong_epoch_stage_family_toolkit_or_role_rejects (__main__.Task8ValidationTests.test_wrong_epoch_stage_family_toolkit_or_role_rejects) (name='toolkit')
----------------------------------------------------------------------
Traceback (most recent call last):
  File "/Users/silvermpx/IdeaProjects/mamba-rs/internal/worktrees/gemm-bi-triad-sm80/internal/perf/ada-exact-toolkit-auto-20260907/test_validation.py", line 94, in test_wrong_epoch_stage_family_toolkit_or_role_rejects
    self.assert_rejected(mutation)
  File "/Users/silvermpx/IdeaProjects/mamba-rs/internal/worktrees/gemm-bi-triad-sm80/internal/perf/ada-exact-toolkit-auto-20260907/test_validation.py", line 66, in assert_rejected
    candidate = post_records()
                ^^^^^^^^^^^^^^
  File "/Users/silvermpx/IdeaProjects/mamba-rs/internal/worktrees/gemm-bi-triad-sm80/internal/perf/ada-exact-toolkit-auto-20260907/test_validation.py", line 31, in post_records
    record["promotion_basis"] = copy.deepcopy(analyze.PROMOTION_BASIS)
                                              ^^^^^^^^^^^^^^^^^^^^^^^
AttributeError: module 'task8_analyze' has no attribute 'PROMOTION_BASIS'

======================================================================
ERROR: test_wrong_epoch_stage_family_toolkit_or_role_rejects (__main__.Task8ValidationTests.test_wrong_epoch_stage_family_toolkit_or_role_rejects) (name='promotion basis')
----------------------------------------------------------------------
Traceback (most recent call last):
  File "/Users/silvermpx/IdeaProjects/mamba-rs/internal/worktrees/gemm-bi-triad-sm80/internal/perf/ada-exact-toolkit-auto-20260907/test_validation.py", line 94, in test_wrong_epoch_stage_family_toolkit_or_role_rejects
    self.assert_rejected(mutation)
  File "/Users/silvermpx/IdeaProjects/mamba-rs/internal/worktrees/gemm-bi-triad-sm80/internal/perf/ada-exact-toolkit-auto-20260907/test_validation.py", line 66, in assert_rejected
    candidate = post_records()
                ^^^^^^^^^^^^^^
  File "/Users/silvermpx/IdeaProjects/mamba-rs/internal/worktrees/gemm-bi-triad-sm80/internal/perf/ada-exact-toolkit-auto-20260907/test_validation.py", line 31, in post_records
    record["promotion_basis"] = copy.deepcopy(analyze.PROMOTION_BASIS)
                                              ^^^^^^^^^^^^^^^^^^^^^^^
AttributeError: module 'task8_analyze' has no attribute 'PROMOTION_BASIS'

======================================================================
ERROR: test_wrong_epoch_stage_family_toolkit_or_role_rejects (__main__.Task8ValidationTests.test_wrong_epoch_stage_family_toolkit_or_role_rejects) (name='arm')
----------------------------------------------------------------------
Traceback (most recent call last):
  File "/Users/silvermpx/IdeaProjects/mamba-rs/internal/worktrees/gemm-bi-triad-sm80/internal/perf/ada-exact-toolkit-auto-20260907/test_validation.py", line 94, in test_wrong_epoch_stage_family_toolkit_or_role_rejects
    self.assert_rejected(mutation)
  File "/Users/silvermpx/IdeaProjects/mamba-rs/internal/worktrees/gemm-bi-triad-sm80/internal/perf/ada-exact-toolkit-auto-20260907/test_validation.py", line 66, in assert_rejected
    candidate = post_records()
                ^^^^^^^^^^^^^^
  File "/Users/silvermpx/IdeaProjects/mamba-rs/internal/worktrees/gemm-bi-triad-sm80/internal/perf/ada-exact-toolkit-auto-20260907/test_validation.py", line 31, in post_records
    record["promotion_basis"] = copy.deepcopy(analyze.PROMOTION_BASIS)
                                              ^^^^^^^^^^^^^^^^^^^^^^^
AttributeError: module 'task8_analyze' has no attribute 'PROMOTION_BASIS'

======================================================================
ERROR: test_wrong_epoch_stage_family_toolkit_or_role_rejects (__main__.Task8ValidationTests.test_wrong_epoch_stage_family_toolkit_or_role_rejects) (name='direction')
----------------------------------------------------------------------
Traceback (most recent call last):
  File "/Users/silvermpx/IdeaProjects/mamba-rs/internal/worktrees/gemm-bi-triad-sm80/internal/perf/ada-exact-toolkit-auto-20260907/test_validation.py", line 94, in test_wrong_epoch_stage_family_toolkit_or_role_rejects
    self.assert_rejected(mutation)
  File "/Users/silvermpx/IdeaProjects/mamba-rs/internal/worktrees/gemm-bi-triad-sm80/internal/perf/ada-exact-toolkit-auto-20260907/test_validation.py", line 66, in assert_rejected
    candidate = post_records()
                ^^^^^^^^^^^^^^
  File "/Users/silvermpx/IdeaProjects/mamba-rs/internal/worktrees/gemm-bi-triad-sm80/internal/perf/ada-exact-toolkit-auto-20260907/test_validation.py", line 31, in post_records
    record["promotion_basis"] = copy.deepcopy(analyze.PROMOTION_BASIS)
                                              ^^^^^^^^^^^^^^^^^^^^^^^
AttributeError: module 'task8_analyze' has no attribute 'PROMOTION_BASIS'

======================================================================
ERROR: test_wrong_old_or_new_auto_physical_contract_rejects (__main__.Task8ValidationTests.test_wrong_old_or_new_auto_physical_contract_rejects) (name='former enum')
----------------------------------------------------------------------
Traceback (most recent call last):
  File "/Users/silvermpx/IdeaProjects/mamba-rs/internal/worktrees/gemm-bi-triad-sm80/internal/perf/ada-exact-toolkit-auto-20260907/test_validation.py", line 122, in test_wrong_old_or_new_auto_physical_contract_rejects
    self.assert_rejected(mutation)
  File "/Users/silvermpx/IdeaProjects/mamba-rs/internal/worktrees/gemm-bi-triad-sm80/internal/perf/ada-exact-toolkit-auto-20260907/test_validation.py", line 66, in assert_rejected
    candidate = post_records()
                ^^^^^^^^^^^^^^
  File "/Users/silvermpx/IdeaProjects/mamba-rs/internal/worktrees/gemm-bi-triad-sm80/internal/perf/ada-exact-toolkit-auto-20260907/test_validation.py", line 31, in post_records
    record["promotion_basis"] = copy.deepcopy(analyze.PROMOTION_BASIS)
                                              ^^^^^^^^^^^^^^^^^^^^^^^
AttributeError: module 'task8_analyze' has no attribute 'PROMOTION_BASIS'

======================================================================
ERROR: test_wrong_old_or_new_auto_physical_contract_rejects (__main__.Task8ValidationTests.test_wrong_old_or_new_auto_physical_contract_rejects) (name='AUTO enum')
----------------------------------------------------------------------
Traceback (most recent call last):
  File "/Users/silvermpx/IdeaProjects/mamba-rs/internal/worktrees/gemm-bi-triad-sm80/internal/perf/ada-exact-toolkit-auto-20260907/test_validation.py", line 122, in test_wrong_old_or_new_auto_physical_contract_rejects
    self.assert_rejected(mutation)
  File "/Users/silvermpx/IdeaProjects/mamba-rs/internal/worktrees/gemm-bi-triad-sm80/internal/perf/ada-exact-toolkit-auto-20260907/test_validation.py", line 66, in assert_rejected
    candidate = post_records()
                ^^^^^^^^^^^^^^
  File "/Users/silvermpx/IdeaProjects/mamba-rs/internal/worktrees/gemm-bi-triad-sm80/internal/perf/ada-exact-toolkit-auto-20260907/test_validation.py", line 31, in post_records
    record["promotion_basis"] = copy.deepcopy(analyze.PROMOTION_BASIS)
                                              ^^^^^^^^^^^^^^^^^^^^^^^
AttributeError: module 'task8_analyze' has no attribute 'PROMOTION_BASIS'

======================================================================
ERROR: test_wrong_old_or_new_auto_physical_contract_rejects (__main__.Task8ValidationTests.test_wrong_old_or_new_auto_physical_contract_rejects) (name='AUTO enum gate')
----------------------------------------------------------------------
Traceback (most recent call last):
  File "/Users/silvermpx/IdeaProjects/mamba-rs/internal/worktrees/gemm-bi-triad-sm80/internal/perf/ada-exact-toolkit-auto-20260907/test_validation.py", line 122, in test_wrong_old_or_new_auto_physical_contract_rejects
    self.assert_rejected(mutation)
  File "/Users/silvermpx/IdeaProjects/mamba-rs/internal/worktrees/gemm-bi-triad-sm80/internal/perf/ada-exact-toolkit-auto-20260907/test_validation.py", line 66, in assert_rejected
    candidate = post_records()
                ^^^^^^^^^^^^^^
  File "/Users/silvermpx/IdeaProjects/mamba-rs/internal/worktrees/gemm-bi-triad-sm80/internal/perf/ada-exact-toolkit-auto-20260907/test_validation.py", line 31, in post_records
    record["promotion_basis"] = copy.deepcopy(analyze.PROMOTION_BASIS)
                                              ^^^^^^^^^^^^^^^^^^^^^^^
AttributeError: module 'task8_analyze' has no attribute 'PROMOTION_BASIS'

======================================================================
ERROR: test_wrong_old_or_new_auto_physical_contract_rejects (__main__.Task8ValidationTests.test_wrong_old_or_new_auto_physical_contract_rejects) (name='AUTO symbol')
----------------------------------------------------------------------
Traceback (most recent call last):
  File "/Users/silvermpx/IdeaProjects/mamba-rs/internal/worktrees/gemm-bi-triad-sm80/internal/perf/ada-exact-toolkit-auto-20260907/test_validation.py", line 122, in test_wrong_old_or_new_auto_physical_contract_rejects
    self.assert_rejected(mutation)
  File "/Users/silvermpx/IdeaProjects/mamba-rs/internal/worktrees/gemm-bi-triad-sm80/internal/perf/ada-exact-toolkit-auto-20260907/test_validation.py", line 66, in assert_rejected
    candidate = post_records()
                ^^^^^^^^^^^^^^
  File "/Users/silvermpx/IdeaProjects/mamba-rs/internal/worktrees/gemm-bi-triad-sm80/internal/perf/ada-exact-toolkit-auto-20260907/test_validation.py", line 31, in post_records
    record["promotion_basis"] = copy.deepcopy(analyze.PROMOTION_BASIS)
                                              ^^^^^^^^^^^^^^^^^^^^^^^
AttributeError: module 'task8_analyze' has no attribute 'PROMOTION_BASIS'

======================================================================
ERROR: test_wrong_old_or_new_auto_physical_contract_rejects (__main__.Task8ValidationTests.test_wrong_old_or_new_auto_physical_contract_rejects) (name='Legacy symbol')
----------------------------------------------------------------------
Traceback (most recent call last):
  File "/Users/silvermpx/IdeaProjects/mamba-rs/internal/worktrees/gemm-bi-triad-sm80/internal/perf/ada-exact-toolkit-auto-20260907/test_validation.py", line 122, in test_wrong_old_or_new_auto_physical_contract_rejects
    self.assert_rejected(mutation)
  File "/Users/silvermpx/IdeaProjects/mamba-rs/internal/worktrees/gemm-bi-triad-sm80/internal/perf/ada-exact-toolkit-auto-20260907/test_validation.py", line 66, in assert_rejected
    candidate = post_records()
                ^^^^^^^^^^^^^^
  File "/Users/silvermpx/IdeaProjects/mamba-rs/internal/worktrees/gemm-bi-triad-sm80/internal/perf/ada-exact-toolkit-auto-20260907/test_validation.py", line 31, in post_records
    record["promotion_basis"] = copy.deepcopy(analyze.PROMOTION_BASIS)
                                              ^^^^^^^^^^^^^^^^^^^^^^^
AttributeError: module 'task8_analyze' has no attribute 'PROMOTION_BASIS'

======================================================================
ERROR: test_wrong_old_or_new_auto_physical_contract_rejects (__main__.Task8ValidationTests.test_wrong_old_or_new_auto_physical_contract_rejects) (name='ABI')
----------------------------------------------------------------------
Traceback (most recent call last):
  File "/Users/silvermpx/IdeaProjects/mamba-rs/internal/worktrees/gemm-bi-triad-sm80/internal/perf/ada-exact-toolkit-auto-20260907/test_validation.py", line 122, in test_wrong_old_or_new_auto_physical_contract_rejects
    self.assert_rejected(mutation)
  File "/Users/silvermpx/IdeaProjects/mamba-rs/internal/worktrees/gemm-bi-triad-sm80/internal/perf/ada-exact-toolkit-auto-20260907/test_validation.py", line 66, in assert_rejected
    candidate = post_records()
                ^^^^^^^^^^^^^^
  File "/Users/silvermpx/IdeaProjects/mamba-rs/internal/worktrees/gemm-bi-triad-sm80/internal/perf/ada-exact-toolkit-auto-20260907/test_validation.py", line 31, in post_records
    record["promotion_basis"] = copy.deepcopy(analyze.PROMOTION_BASIS)
                                              ^^^^^^^^^^^^^^^^^^^^^^^
AttributeError: module 'task8_analyze' has no attribute 'PROMOTION_BASIS'

======================================================================
ERROR: test_wrong_old_or_new_auto_physical_contract_rejects (__main__.Task8ValidationTests.test_wrong_old_or_new_auto_physical_contract_rejects) (name='poison')
----------------------------------------------------------------------
Traceback (most recent call last):
  File "/Users/silvermpx/IdeaProjects/mamba-rs/internal/worktrees/gemm-bi-triad-sm80/internal/perf/ada-exact-toolkit-auto-20260907/test_validation.py", line 122, in test_wrong_old_or_new_auto_physical_contract_rejects
    self.assert_rejected(mutation)
  File "/Users/silvermpx/IdeaProjects/mamba-rs/internal/worktrees/gemm-bi-triad-sm80/internal/perf/ada-exact-toolkit-auto-20260907/test_validation.py", line 66, in assert_rejected
    candidate = post_records()
                ^^^^^^^^^^^^^^
  File "/Users/silvermpx/IdeaProjects/mamba-rs/internal/worktrees/gemm-bi-triad-sm80/internal/perf/ada-exact-toolkit-auto-20260907/test_validation.py", line 31, in post_records
    record["promotion_basis"] = copy.deepcopy(analyze.PROMOTION_BASIS)
                                              ^^^^^^^^^^^^^^^^^^^^^^^
AttributeError: module 'task8_analyze' has no attribute 'PROMOTION_BASIS'

----------------------------------------------------------------------
Ran 5 tests in 0.116s

FAILED (errors=16)
