    Finished `release` profile [optimized] target(s) in 0.07s
     Running tests/gemm_bi_half_nn_n96_s3_d768_in_discovery.rs (/root/half-nn-n96-target-20260909/release/deps/gemm_bi_half_nn_n96_s3_d768_in_discovery-91935f66d015b3e1)

running 1 test
test cuda_suite::ada_f16_nn_fixed_s3_n96_d768_in_scout_once7 ... GPU quiet gate half-nn-n96-s3/pre-context: uuid=GPU-d1edd7be-e88d-aed6-047d-622163306f0e gpu_util=0% memory_util=0% used=48MiB sm_clock=1800MHz temperature=39C pstate=P5; quiet_samples=5
GPU quiet gate half-nn-n96-s3/cohort: uuid=GPU-d1edd7be-e88d-aed6-047d-622163306f0e gpu_util=0% memory_util=0% used=534MiB sm_clock=1800MHz temperature=41C pstate=P2; quiet_samples=5
{"schema":"MambaBiHalfNnN96S3ResourceV1","arm":"fixed_s3_n96","registers":156,"local_bytes":0,"static_shared_bytes":0,"dynamic_shared_bytes":86016,"active_ctas":1,"required_active_ctas":1}
{"schema":"MambaBiHalfNnN96S3ResourceV1","arm":"fixed_sm89_tc128_s3","registers":188,"local_bytes":0,"static_shared_bytes":0,"dynamic_shared_bytes":98304,"active_ctas":1,"required_active_ctas":1}
{"schema":"MambaBiHalfNnN96S3BitsV1","case":"d768_in","shape":[2048,768,3072],"alpha":1,"exceptional":false,"candidate_vs_fixed_s3_exact":true,"eager_graph_repeats":3,"words":1572864}
{"schema":"MambaBiHalfNnN96S3BitsV1","case":"m_tail_negative_alpha","shape":[129,128,64],"alpha":-0.75,"exceptional":false,"candidate_vs_fixed_s3_exact":true,"eager_graph_repeats":3,"words":16512}
{"schema":"MambaBiHalfNnN96S3BitsV1","case":"n_tail","shape":[128,131,64],"alpha":1,"exceptional":false,"candidate_vs_fixed_s3_exact":true,"eager_graph_repeats":3,"words":16768}
{"schema":"MambaBiHalfNnN96S3BitsV1","case":"k_tail","shape":[128,128,69],"alpha":1,"exceptional":false,"candidate_vs_fixed_s3_exact":true,"eager_graph_repeats":3,"words":16384}
{"schema":"MambaBiHalfNnN96S3BitsV1","case":"exceptional_full_tile","shape":[128,128,64],"alpha":1,"exceptional":true,"candidate_vs_fixed_s3_exact":true,"eager_graph_repeats":3,"words":16384}
{"schema":"MambaBiHalfNnN96S3BitsV1","case":"k0","shape":[128,128,0],"alpha":1,"exceptional":false,"candidate_vs_fixed_s3_exact":true,"eager_graph_repeats":3,"words":16384}
{"schema":"MambaBiHalfNnN96S3TimingV1","phase":"scout_once3","comparator":"fixed_sm89_tc128_s3","path":"eager","order":"ABBA","window":0,"operations":20,"raw_us":[61.244797706604004, 70.9119975566864, 70.86079716682434, 61.184000968933105],"ratio":0.8635563608257929}
{"schema":"MambaBiHalfNnN96S3TimingV1","phase":"scout_once3","comparator":"fixed_sm89_tc128_s3","path":"eager","order":"ABBA","window":1,"operations":20,"raw_us":[61.235201358795166, 70.86079716682434, 70.9119975566864, 61.235201358795166],"ratio":0.8638498165775425}
{"schema":"MambaBiHalfNnN96S3TimingV1","phase":"scout_once3","comparator":"fixed_sm89_tc128_s3","path":"eager","order":"ABBA","window":2,"operations":20,"raw_us":[61.235201358795166, 70.9119975566864, 70.96319794654846, 61.235201358795166],"ratio":0.8632263186188731}
{"schema":"MambaBiHalfNnN96S3TimingV1","phase":"scout_once3","comparator":"fixed_sm89_tc128_s3","path":"eager","order":"BAAB","window":0,"operations":20,"raw_us":[70.96319794654846, 61.19199991226196, 61.235201358795166, 70.86079716682434],"ratio":0.8632333419545116}
{"schema":"MambaBiHalfNnN96S3TimingV1","phase":"scout_once3","comparator":"fixed_sm89_tc128_s3","path":"eager","order":"BAAB","window":1,"operations":20,"raw_us":[70.9119975566864, 61.235201358795166, 61.184000968933105, 70.86079716682434],"ratio":0.8634886726079825}
{"schema":"MambaBiHalfNnN96S3TimingV1","phase":"scout_once3","comparator":"fixed_sm89_tc128_s3","path":"eager","order":"BAAB","window":2,"operations":20,"raw_us":[70.92000246047974, 61.235201358795166, 61.235201358795166, 70.9119975566864],"ratio":0.863489217544472}
{"schema":"MambaBiHalfNnN96S3TimingV1","phase":"scout_once3","comparator":"fixed_sm89_tc128_s3","path":"graph","order":"ABBA","window":0,"operations":20,"raw_us":[60.77439785003662, 70.14399766921997, 70.14399766921997, 60.77439785003662],"ratio":0.866423355803474}
{"schema":"MambaBiHalfNnN96S3TimingV1","phase":"scout_once3","comparator":"fixed_sm89_tc128_s3","path":"graph","order":"ABBA","window":1,"operations":20,"raw_us":[60.72319746017456, 70.09279727935791, 70.14399766921997, 60.77439785003662],"ratio":0.8663745870316132}
{"schema":"MambaBiHalfNnN96S3TimingV1","phase":"scout_once3","comparator":"fixed_sm89_tc128_s3","path":"graph","order":"ABBA","window":2,"operations":20,"raw_us":[60.72319746017456, 70.14399766921997, 70.14399766921997, 60.72319746017456],"ratio":0.8656934232138958}
{"schema":"MambaBiHalfNnN96S3TimingV1","phase":"scout_once3","comparator":"fixed_sm89_tc128_s3","path":"graph","order":"BAAB","window":0,"operations":20,"raw_us":[70.14399766921997, 60.77439785003662, 60.77439785003662, 70.09279727935791],"ratio":0.86673968657543}
{"schema":"MambaBiHalfNnN96S3TimingV1","phase":"scout_once3","comparator":"fixed_sm89_tc128_s3","path":"graph","order":"BAAB","window":1,"operations":20,"raw_us":[70.09279727935791, 60.77439785003662, 60.77439785003662, 70.14399766921997],"ratio":0.86673968657543}
{"schema":"MambaBiHalfNnN96S3TimingV1","phase":"scout_once3","comparator":"fixed_sm89_tc128_s3","path":"graph","order":"BAAB","window":2,"operations":20,"raw_us":[70.09279727935791, 60.77439785003662, 60.82559823989868, 70.14399766921997],"ratio":0.8671047861192469}
{"schema":"MambaBiHalfNnN96S3ScoutDecisionV1","shape":[2048,768,3072],"strata":[[0.8635563608257929, 0.8638498165775425], [0.8634886726079825, 0.863489217544472], [0.8663745870316132, 0.866423355803474], [0.86673968657543, 0.8671047861192469]],"strict_p50_p95_lt_0_99":true,"decision":"advance_to_once7"}
{"schema":"MambaBiHalfNnN96S3TimingV1","phase":"retained_once7","comparator":"fixed_sm89_tc128_s3","path":"eager","order":"ABBA","window":0,"operations":20,"raw_us":[61.235201358795166, 70.96319794654846, 70.92000246047974, 61.184000968933105],"ratio":0.8628167533332877}
{"schema":"MambaBiHalfNnN96S3TimingV1","phase":"retained_once7","comparator":"fixed_sm89_tc128_s3","path":"eager","order":"ABBA","window":1,"operations":20,"raw_us":[61.184000968933105, 70.9119975566864, 70.9119975566864, 61.235201358795166],"ratio":0.8631769414609106}
{"schema":"MambaBiHalfNnN96S3TimingV1","phase":"retained_once7","comparator":"fixed_sm89_tc128_s3","path":"eager","order":"ABBA","window":2,"operations":20,"raw_us":[61.184000968933105, 70.9119975566864, 70.9119975566864, 61.184000968933105],"ratio":0.8628159278692322}
{"schema":"MambaBiHalfNnN96S3TimingV1","phase":"retained_once7","comparator":"fixed_sm89_tc128_s3","path":"eager","order":"ABBA","window":3,"operations":20,"raw_us":[61.235201358795166, 70.9119975566864, 70.96319794654846, 61.235201358795166],"ratio":0.8632263186188731}
{"schema":"MambaBiHalfNnN96S3TimingV1","phase":"retained_once7","comparator":"fixed_sm89_tc128_s3","path":"eager","order":"ABBA","window":4,"operations":20,"raw_us":[61.184000968933105, 70.9280014038086, 70.96319794654846, 61.235201358795166],"ratio":0.8627681130910126}
{"schema":"MambaBiHalfNnN96S3TimingV1","phase":"retained_once7","comparator":"fixed_sm89_tc128_s3","path":"eager","order":"ABBA","window":5,"operations":20,"raw_us":[61.28640174865723, 70.86079716682434, 70.9119975566864, 61.235201358795166],"ratio":0.8642109605471024}
{"schema":"MambaBiHalfNnN96S3TimingV1","phase":"retained_once7","comparator":"fixed_sm89_tc128_s3","path":"eager","order":"ABBA","window":6,"operations":20,"raw_us":[61.235201358795166, 70.9119975566864, 70.9119975566864, 61.132800579071045],"ratio":0.8628159278692322}
{"schema":"MambaBiHalfNnN96S3TimingV1","phase":"retained_once7","comparator":"fixed_sm89_tc128_s3","path":"eager","order":"BAAB","window":0,"operations":20,"raw_us":[70.96319794654846, 61.235201358795166, 61.235201358795166, 70.86079716682434],"ratio":0.863537955052589}
{"schema":"MambaBiHalfNnN96S3TimingV1","phase":"retained_once7","comparator":"fixed_sm89_tc128_s3","path":"eager","order":"BAAB","window":1,"operations":20,"raw_us":[70.9119975566864, 61.235201358795166, 61.235201358795166, 70.9119975566864],"ratio":0.863537955052589}
{"schema":"MambaBiHalfNnN96S3TimingV1","phase":"retained_once7","comparator":"fixed_sm89_tc128_s3","path":"eager","order":"BAAB","window":2,"operations":20,"raw_us":[70.9119975566864, 61.235201358795166, 61.132800579071045, 70.9119975566864],"ratio":0.8628159278692322}
{"schema":"MambaBiHalfNnN96S3TimingV1","phase":"retained_once7","comparator":"fixed_sm89_tc128_s3","path":"eager","order":"BAAB","window":3,"operations":20,"raw_us":[70.9231972694397, 61.28640174865723, 61.235201358795166, 70.9119975566864],"ratio":0.8638307527102143}
{"schema":"MambaBiHalfNnN96S3TimingV1","phase":"retained_once7","comparator":"fixed_sm89_tc128_s3","path":"eager","order":"BAAB","window":4,"operations":20,"raw_us":[70.9119975566864, 61.235201358795166, 61.187201738357544, 70.9119975566864],"ratio":0.8631995100637897}
{"schema":"MambaBiHalfNnN96S3TimingV1","phase":"retained_once7","comparator":"fixed_sm89_tc128_s3","path":"eager","order":"BAAB","window":5,"operations":20,"raw_us":[70.9119975566864, 61.235201358795166, 61.235201358795166, 70.9119975566864],"ratio":0.863537955052589}
{"schema":"MambaBiHalfNnN96S3TimingV1","phase":"retained_once7","comparator":"fixed_sm89_tc128_s3","path":"eager","order":"BAAB","window":6,"operations":20,"raw_us":[70.96319794654846, 61.235201358795166, 61.235201358795166, 70.9119975566864],"ratio":0.8632263186188731}
{"schema":"MambaBiHalfNnN96S3TimingV1","phase":"retained_once7","comparator":"fixed_sm89_tc128_s3","path":"graph","order":"ABBA","window":0,"operations":20,"raw_us":[60.77439785003662, 70.14399766921997, 70.14399766921997, 60.77439785003662],"ratio":0.866423355803474}
{"schema":"MambaBiHalfNnN96S3TimingV1","phase":"retained_once7","comparator":"fixed_sm89_tc128_s3","path":"graph","order":"ABBA","window":1,"operations":20,"raw_us":[60.72319746017456, 70.09279727935791, 70.09279727935791, 60.77439785003662],"ratio":0.8666910155260119}
{"schema":"MambaBiHalfNnN96S3TimingV1","phase":"retained_once7","comparator":"fixed_sm89_tc128_s3","path":"graph","order":"ABBA","window":2,"operations":20,"raw_us":[60.77439785003662, 70.19519805908203, 70.14399766921997, 60.77439785003662],"ratio":0.8661072558474173}
{"schema":"MambaBiHalfNnN96S3TimingV1","phase":"retained_once7","comparator":"fixed_sm89_tc128_s3","path":"graph","order":"ABBA","window":3,"operations":20,"raw_us":[60.77439785003662, 70.14399766921997, 70.09279727935791, 60.72319746017456],"ratio":0.8663745870316132}
{"schema":"MambaBiHalfNnN96S3TimingV1","phase":"retained_once7","comparator":"fixed_sm89_tc128_s3","path":"graph","order":"ABBA","window":4,"operations":20,"raw_us":[60.82559823989868, 70.14399766921997, 70.09279727935791, 60.72319746017456],"ratio":0.86673968657543}
{"schema":"MambaBiHalfNnN96S3TimingV1","phase":"retained_once7","comparator":"fixed_sm89_tc128_s3","path":"graph","order":"ABBA","window":5,"operations":20,"raw_us":[60.77439785003662, 70.09279727935791, 70.09279727935791, 60.72319746017456],"ratio":0.8666910155260119}
{"schema":"MambaBiHalfNnN96S3TimingV1","phase":"retained_once7","comparator":"fixed_sm89_tc128_s3","path":"graph","order":"ABBA","window":6,"operations":20,"raw_us":[60.77439785003662, 70.14399766921997, 70.14399766921997, 60.72319746017456],"ratio":0.8660583895086849}
{"schema":"MambaBiHalfNnN96S3TimingV1","phase":"retained_once7","comparator":"fixed_sm89_tc128_s3","path":"graph","order":"BAAB","window":0,"operations":20,"raw_us":[70.09279727935791, 60.72319746017456, 60.77439785003662, 70.14399766921997],"ratio":0.8663745870316132}
{"schema":"MambaBiHalfNnN96S3TimingV1","phase":"retained_once7","comparator":"fixed_sm89_tc128_s3","path":"graph","order":"BAAB","window":1,"operations":20,"raw_us":[70.09279727935791, 60.77439785003662, 60.72319746017456, 70.14399766921997],"ratio":0.8663745870316132}
{"schema":"MambaBiHalfNnN96S3TimingV1","phase":"retained_once7","comparator":"fixed_sm89_tc128_s3","path":"graph","order":"BAAB","window":2,"operations":20,"raw_us":[70.09279727935791, 60.77439785003662, 60.77439785003662, 70.14399766921997],"ratio":0.86673968657543}
{"schema":"MambaBiHalfNnN96S3TimingV1","phase":"retained_once7","comparator":"fixed_sm89_tc128_s3","path":"graph","order":"BAAB","window":3,"operations":20,"raw_us":[70.14399766921997, 60.77439785003662, 60.72319746017456, 70.14399766921997],"ratio":0.8660583895086849}
{"schema":"MambaBiHalfNnN96S3TimingV1","phase":"retained_once7","comparator":"fixed_sm89_tc128_s3","path":"graph","order":"BAAB","window":4,"operations":20,"raw_us":[70.14399766921997, 60.77439785003662, 60.77439785003662, 70.14399766921997],"ratio":0.866423355803474}
{"schema":"MambaBiHalfNnN96S3TimingV1","phase":"retained_once7","comparator":"fixed_sm89_tc128_s3","path":"graph","order":"BAAB","window":5,"operations":20,"raw_us":[70.14399766921997, 60.72319746017456, 60.72319746017456, 70.19519805908203],"ratio":0.86537758956144}
{"schema":"MambaBiHalfNnN96S3TimingV1","phase":"retained_once7","comparator":"fixed_sm89_tc128_s3","path":"graph","order":"BAAB","window":6,"operations":20,"raw_us":[70.14399766921997, 60.72319746017456, 60.77439785003662, 70.09279727935791],"ratio":0.8663745870316132}
{"schema":"MambaBiHalfNnN96S3RetainedDecisionV1","shape":[2048,768,3072],"candidate":"fixed_s3_n96","comparator":"fixed_sm89_tc128_s3","strata":[[0.8628167533332877, 0.8642109605471024], [0.863537955052589, 0.8638307527102143], [0.866423355803474, 0.86673968657543], [0.8663745870316132, 0.86673968657543]],"strict_p50_p95_lt_0_99":true,"decision":"advance_to_fast"}
{"schema":"MambaBiHalfNnN96S3TimingV1","phase":"fast_once7","comparator":"cublas_fast_f16","path":"eager","order":"ABBA","window":0,"operations":20,"raw_us":[61.33760213851929, 60.77439785003662, 60.6719970703125, 61.235201358795166],"ratio":1.0092749445358513}
{"schema":"MambaBiHalfNnN96S3TimingV1","phase":"fast_once7","comparator":"cublas_fast_f16","path":"eager","order":"ABBA","window":1,"operations":20,"raw_us":[61.235201358795166, 60.77439785003662, 60.72319746017456, 61.187201738357544],"ratio":1.0076117373729108}
{"schema":"MambaBiHalfNnN96S3TimingV1","phase":"fast_once7","comparator":"cublas_fast_f16","path":"eager","order":"ABBA","window":2,"operations":20,"raw_us":[61.235201358795166, 61.49280071258545, 60.889601707458496, 61.1952006816864],"ratio":1.0003922101502214}
{"schema":"MambaBiHalfNnN96S3TimingV1","phase":"fast_once7","comparator":"cublas_fast_f16","path":"eager","order":"ABBA","window":3,"operations":20,"raw_us":[61.28640174865723, 60.734397172927856, 60.569602251052856, 61.235201358795166],"ratio":1.010037621918927}
{"schema":"MambaBiHalfNnN96S3TimingV1","phase":"fast_once7","comparator":"cublas_fast_f16","path":"eager","order":"ABBA","window":4,"operations":20,"raw_us":[61.235201358795166, 60.68800091743469, 60.77439785003662, 61.28640174865723],"ratio":1.008720429949756}
{"schema":"MambaBiHalfNnN96S3TimingV1","phase":"fast_once7","comparator":"cublas_fast_f16","path":"eager","order":"ABBA","window":5,"operations":20,"raw_us":[61.33760213851929, 60.77439785003662, 60.77439785003662, 61.235201358795166],"ratio":1.0084246642785997}
{"schema":"MambaBiHalfNnN96S3TimingV1","phase":"fast_once7","comparator":"cublas_fast_f16","path":"eager","order":"ABBA","window":6,"operations":20,"raw_us":[61.235201358795166, 60.569602251052856, 60.77439785003662, 61.235201358795166],"ratio":1.0092827219768796}
{"schema":"MambaBiHalfNnN96S3TimingV1","phase":"fast_once7","comparator":"cublas_fast_f16","path":"eager","order":"BAAB","window":0,"operations":20,"raw_us":[60.579198598861694, 61.235201358795166, 61.235201358795166, 60.77439785003662],"ratio":1.0092029103493632}
{"schema":"MambaBiHalfNnN96S3TimingV1","phase":"fast_once7","comparator":"cublas_fast_f16","path":"eager","order":"BAAB","window":1,"operations":20,"raw_us":[60.48160195350647, 61.28799915313721, 61.28640174865723, 60.6719970703125],"ratio":1.0117272775173285}
{"schema":"MambaBiHalfNnN96S3TimingV1","phase":"fast_once7","comparator":"cublas_fast_f16","path":"eager","order":"BAAB","window":2,"operations":20,"raw_us":[60.72319746017456, 61.28640174865723, 61.24320030212402, 60.6719970703125],"ratio":1.009344748156479}
{"schema":"MambaBiHalfNnN96S3TimingV1","phase":"fast_once7","comparator":"cublas_fast_f16","path":"eager","order":"BAAB","window":3,"operations":20,"raw_us":[60.77439785003662, 61.184000968933105, 61.235201358795166, 60.569602251052856],"ratio":1.0088607778360945}
{"schema":"MambaBiHalfNnN96S3TimingV1","phase":"fast_once7","comparator":"cublas_fast_f16","path":"eager","order":"BAAB","window":4,"operations":20,"raw_us":[60.518401861190796, 61.28640174865723, 61.235201358795166, 60.62080264091492],"ratio":1.0114116533208921}
{"schema":"MambaBiHalfNnN96S3TimingV1","phase":"fast_once7","comparator":"cublas_fast_f16","path":"eager","order":"BAAB","window":5,"operations":20,"raw_us":[60.77439785003662, 61.235201358795166, 61.235201358795166, 60.57119965553284],"ratio":1.0092694356873495}
{"schema":"MambaBiHalfNnN96S3TimingV1","phase":"fast_once7","comparator":"cublas_fast_f16","path":"eager","order":"BAAB","window":6,"operations":20,"raw_us":[60.72319746017456, 61.28640174865723, 61.33760213851929, 60.72319746017456],"ratio":1.0096965329238445}
{"schema":"MambaBiHalfNnN96S3TimingV1","phase":"fast_once7","comparator":"cublas_fast_f16","path":"graph","order":"ABBA","window":0,"operations":20,"raw_us":[60.77439785003662, 60.416001081466675, 60.21119952201843, 60.77439785003662],"ratio":1.0076400272241874}
{"schema":"MambaBiHalfNnN96S3TimingV1","phase":"fast_once7","comparator":"cublas_fast_f16","path":"graph","order":"ABBA","window":1,"operations":20,"raw_us":[60.77439785003662, 60.313600301742554, 60.21119952201843, 60.82559823989868],"ratio":1.008920954589815}
{"schema":"MambaBiHalfNnN96S3TimingV1","phase":"fast_once7","comparator":"cublas_fast_f16","path":"graph","order":"ABBA","window":2,"operations":20,"raw_us":[60.77439785003662, 60.364800691604614, 60.05759835243225, 60.87679862976074],"ratio":1.0102040604199485}
{"schema":"MambaBiHalfNnN96S3TimingV1","phase":"fast_once7","comparator":"cublas_fast_f16","path":"graph","order":"ABBA","window":3,"operations":20,"raw_us":[60.87679862976074, 60.416001081466675, 60.10879874229431, 60.82559823989868],"ratio":1.009770578732513}
{"schema":"MambaBiHalfNnN96S3TimingV1","phase":"fast_once7","comparator":"cublas_fast_f16","path":"graph","order":"ABBA","window":4,"operations":20,"raw_us":[60.82559823989868, 60.467201471328735, 60.26239991188049, 60.77439785003662],"ratio":1.0072094556492681}
{"schema":"MambaBiHalfNnN96S3TimingV1","phase":"fast_once7","comparator":"cublas_fast_f16","path":"graph","order":"ABBA","window":5,"operations":20,"raw_us":[60.6719970703125, 60.417598485946655, 60.10879874229431, 60.77439785003662],"ratio":1.0076331634668043}
{"schema":"MambaBiHalfNnN96S3TimingV1","phase":"fast_once7","comparator":"cublas_fast_f16","path":"graph","order":"ABBA","window":6,"operations":20,"raw_us":[60.77439785003662, 60.518401861190796, 60.313600301742554, 60.82559823989868],"ratio":1.0063558818297687}
{"schema":"MambaBiHalfNnN96S3TimingV1","phase":"fast_once7","comparator":"cublas_fast_f16","path":"graph","order":"BAAB","window":0,"operations":20,"raw_us":[60.313600301742554, 60.82559823989868, 60.82559823989868, 60.416001081466675],"ratio":1.007633547083974}
{"schema":"MambaBiHalfNnN96S3TimingV1","phase":"fast_once7","comparator":"cublas_fast_f16","path":"graph","order":"BAAB","window":1,"operations":20,"raw_us":[60.21119952201843, 60.72319746017456, 60.77439785003662, 60.313600301742554],"ratio":1.008071330447117}
{"schema":"MambaBiHalfNnN96S3TimingV1","phase":"fast_once7","comparator":"cublas_fast_f16","path":"graph","order":"BAAB","window":2,"operations":20,"raw_us":[60.26239991188049, 60.77439785003662, 60.77439785003662, 60.416001081466675],"ratio":1.0072125144148543}
{"schema":"MambaBiHalfNnN96S3TimingV1","phase":"fast_once7","comparator":"cublas_fast_f16","path":"graph","order":"BAAB","window":3,"operations":20,"raw_us":[60.15999913215637, 60.87679862976074, 60.82559823989868, 60.467201471328735],"ratio":1.0089133815656437}
{"schema":"MambaBiHalfNnN96S3TimingV1","phase":"fast_once7","comparator":"cublas_fast_f16","path":"graph","order":"BAAB","window":4,"operations":20,"raw_us":[60.05759835243225, 60.9279990196228, 60.97919940948486, 60.467201471328735],"ratio":1.0114698270179092}
{"schema":"MambaBiHalfNnN96S3TimingV1","phase":"fast_once7","comparator":"cublas_fast_f16","path":"graph","order":"BAAB","window":5,"operations":20,"raw_us":[60.21119952201843, 60.82559823989868, 60.87679862976074, 60.26239991188049],"ratio":1.0101997237696438}
{"schema":"MambaBiHalfNnN96S3TimingV1","phase":"fast_once7","comparator":"cublas_fast_f16","path":"graph","order":"BAAB","window":6,"operations":20,"raw_us":[60.21119952201843, 60.77439785003662, 60.77439785003662, 60.467201471328735],"ratio":1.0072125144148543}
{"schema":"MambaBiHalfNnN96S3FinalDecisionV1","shape":[2048,768,3072],"candidate_source_sha":"efa92dfc2022374bac411b115668a65fe6398500197e6806832daadb0ecc8260","retained_source_sha":"e09931f8fcdad3737257e2e2892f5e896b25d405c83f337e3752adb18096b60b","retained_strata":[[0.8628167533332877, 0.8642109605471024], [0.863537955052589, 0.8638307527102143], [0.866423355803474, 0.86673968657543], [0.8663745870316132, 0.86673968657543]],"fast_strata":[[1.008720429949756, 1.010037621918927], [1.009344748156479, 1.0117272775173285], [1.0076400272241874, 1.0102040604199485], [1.008071330447117, 1.0114698270179092]],"strict_fast_p50_p95_lt_1_0":false,"decision":"retain_incremental_not_fast","promotion":false}
GPU quiet gate half-nn-n96-s3/post: uuid=GPU-d1edd7be-e88d-aed6-047d-622163306f0e gpu_util=0% memory_util=0% used=554MiB sm_clock=1800MHz temperature=41C pstate=P2; quiet_samples=5
ok

test result: ok. 1 passed; 0 failed; 0 ignored; 0 measured; 25 filtered out; finished in 109.78s
