    Finished `release` profile [optimized] target(s) in 0.08s
     Running tests/gemm_bi_sm89_half_selector_qualification.rs (/root/target-ada-finalist-aldmatrix-cuda128-20260910/release/deps/gemm_bi_sm89_half_selector_qualification-ec220e1347055be9)

running 1 test
test sm89_half_actual_auto_qualification ... {"schema":"MambaTriadSm89HalfAutoSymbolV1","symbol":"gemm_bi_nn_sm89_m128n128_bk64_s3_v1_f16","excluded":false,"registers":182,"local_bytes":0,"static_shared_bytes":0,"dynamic_shared_bytes":98304,"threads":256,"active_ctas":1}
{"schema":"MambaTriadSm89HalfAutoSymbolV1","symbol":"gemm_bi_nn_sm89_m128n128_bk64_s3_v1_bf16","excluded":false,"registers":182,"local_bytes":0,"static_shared_bytes":0,"dynamic_shared_bytes":98304,"threads":256,"active_ctas":1}
{"schema":"MambaTriadSm89HalfAutoSymbolV1","symbol":"gemm_bi_tn_sm89_m64n64_bk64_s2_compact_bxor_v1_f16","excluded":false,"registers":123,"local_bytes":0,"static_shared_bytes":32768,"dynamic_shared_bytes":0,"threads":128,"active_ctas":3}
{"schema":"MambaTriadSm89HalfAutoSymbolV1","symbol":"gemm_bi_tn_sm89_m64n64_bk64_s2_compact_bxor_v1_bf16","excluded":false,"registers":123,"local_bytes":0,"static_shared_bytes":32768,"dynamic_shared_bytes":0,"threads":128,"active_ctas":3}
{"schema":"MambaTriadSm89HalfAutoSymbolV1","symbol":"gemm_bi_tn_sm89_m64n64_bk64_s2_regpipe_vec2_v1_f16","excluded":false,"registers":125,"local_bytes":0,"static_shared_bytes":32768,"dynamic_shared_bytes":0,"threads":128,"active_ctas":3}
{"schema":"MambaTriadSm89HalfAutoSymbolV1","symbol":"gemm_bi_tn_sm89_m64n64_bk64_s2_regpipe_vec2_v1_bf16","excluded":false,"registers":125,"local_bytes":0,"static_shared_bytes":32768,"dynamic_shared_bytes":0,"threads":128,"active_ctas":3}
{"schema":"MambaTriadSm89HalfAutoSymbolV1","symbol":"gemm_bi_nt_sm89_m128n128_bk64_s3_bxor_v1_f16","excluded":false,"registers":168,"local_bytes":0,"static_shared_bytes":0,"dynamic_shared_bytes":98304,"threads":256,"active_ctas":1}
{"schema":"MambaTriadSm89HalfAutoSymbolV1","symbol":"gemm_bi_nt_sm89_m128n128_bk64_s3_bxor_v1_bf16","excluded":false,"registers":168,"local_bytes":0,"static_shared_bytes":0,"dynamic_shared_bytes":98304,"threads":256,"active_ctas":1}
{"schema":"MambaTriadSm89HalfAutoSymbolV1","symbol":"gemm_bi_nt_sm89_m96n128_bk64_s3_v1_f16","excluded":false,"registers":114,"local_bytes":0,"static_shared_bytes":0,"dynamic_shared_bytes":86016,"threads":384,"active_ctas":1}
{"schema":"MambaTriadSm89HalfAutoSymbolV1","symbol":"gemm_bi_nt_sm89_m96n128_bk64_s3_v1_bf16","excluded":false,"registers":114,"local_bytes":0,"static_shared_bytes":0,"dynamic_shared_bytes":86016,"threads":384,"active_ctas":1}
{"schema":"MambaTriadSm89HalfActualAutoV1","op":"Nn","dtype":"F16","dims":[2048,768,3072],"symbol":"gemm_bi_nn_sm89_m128n128_bk64_s3_v1_f16","module":"TriadSm89Half","grid":[384,1,1],"block":[256,1,1],"dynamic_shared_bytes":98304,"eager_graph_equal":true,"retained_oracle_bits_equal":true,"inputs_unchanged":true,"guard_allocations":3,"guard_elements":96}
{"schema":"MambaTriadSm89HalfActualAutoV1","op":"Nn","dtype":"Bf16","dims":[2048,768,3072],"symbol":"gemm_bi_nn_sm89_m128n128_bk64_s3_v1_bf16","module":"TriadSm89Half","grid":[384,1,1],"block":[256,1,1],"dynamic_shared_bytes":98304,"eager_graph_equal":true,"retained_oracle_bits_equal":true,"inputs_unchanged":true,"guard_allocations":3,"guard_elements":96}
{"schema":"MambaTriadSm89HalfActualAutoV1","op":"Nn","dtype":"F16","dims":[2048,1536,768],"symbol":"gemm_bi_nn_sm89_m128n128_bk64_s3_v1_f16","module":"TriadSm89Half","grid":[96,1,1],"block":[256,1,1],"dynamic_shared_bytes":98304,"eager_graph_equal":true,"retained_oracle_bits_equal":true,"inputs_unchanged":true,"guard_allocations":3,"guard_elements":96}
{"schema":"MambaTriadSm89HalfActualAutoV1","op":"Nn","dtype":"Bf16","dims":[2048,1536,768],"symbol":"gemm_bi_nn_sm89_m128n128_bk64_s3_v1_bf16","module":"TriadSm89Half","grid":[96,1,1],"block":[256,1,1],"dynamic_shared_bytes":98304,"eager_graph_equal":true,"retained_oracle_bits_equal":true,"inputs_unchanged":true,"guard_allocations":3,"guard_elements":96}
{"schema":"MambaTriadSm89HalfActualAutoV1","op":"Nn","dtype":"F16","dims":[4621,384,1928],"symbol":"gemm_bi_nn_sm89_m128n128_bk64_s3_v1_f16","module":"TriadSm89Half","grid":[592,1,1],"block":[256,1,1],"dynamic_shared_bytes":98304,"eager_graph_equal":true,"retained_oracle_bits_equal":true,"inputs_unchanged":true,"guard_allocations":3,"guard_elements":96}
{"schema":"MambaTriadSm89HalfActualAutoV1","op":"Nn","dtype":"Bf16","dims":[4621,384,1928],"symbol":"gemm_bi_nn_sm89_m128n128_bk64_s3_v1_bf16","module":"TriadSm89Half","grid":[592,1,1],"block":[256,1,1],"dynamic_shared_bytes":98304,"eager_graph_equal":true,"retained_oracle_bits_equal":true,"inputs_unchanged":true,"guard_allocations":3,"guard_elements":96}
{"schema":"MambaTriadSm89HalfActualAutoV1","op":"Tn","dtype":"F16","dims":[2048,768,3072],"symbol":"gemm_bi_tn_sm89_m64n64_bk64_s2_regpipe_vec2_v1_f16","module":"TriadSm89Half","grid":[576,1,1],"block":[128,1,1],"dynamic_shared_bytes":0,"eager_graph_equal":true,"retained_oracle_bits_equal":true,"inputs_unchanged":true,"guard_allocations":3,"guard_elements":96}
{"schema":"MambaTriadSm89HalfActualAutoV1","op":"Tn","dtype":"Bf16","dims":[2048,768,3072],"symbol":"gemm_bi_tn_sm89_m64n64_bk64_s2_regpipe_vec2_v1_bf16","module":"TriadSm89Half","grid":[576,1,1],"block":[128,1,1],"dynamic_shared_bytes":0,"eager_graph_equal":true,"retained_oracle_bits_equal":true,"inputs_unchanged":true,"guard_allocations":3,"guard_elements":96}
{"schema":"MambaTriadSm89HalfActualAutoV1","op":"Tn","dtype":"F16","dims":[2048,1536,768],"symbol":"gemm_bi_tn_sm89_m64n64_bk64_s2_compact_bxor_v1_f16","module":"TriadSm89Half","grid":[288,1,1],"block":[128,1,1],"dynamic_shared_bytes":0,"eager_graph_equal":true,"retained_oracle_bits_equal":true,"inputs_unchanged":true,"guard_allocations":3,"guard_elements":96}
{"schema":"MambaTriadSm89HalfActualAutoV1","op":"Tn","dtype":"Bf16","dims":[2048,1536,768],"symbol":"gemm_bi_tn_sm89_m64n64_bk64_s2_regpipe_vec2_v1_bf16","module":"TriadSm89Half","grid":[288,1,1],"block":[128,1,1],"dynamic_shared_bytes":0,"eager_graph_equal":true,"retained_oracle_bits_equal":true,"inputs_unchanged":true,"guard_allocations":3,"guard_elements":96}
{"schema":"MambaTriadSm89HalfActualAutoV1","op":"Tn","dtype":"F16","dims":[4621,384,1928],"symbol":"gemm_bi_tn_sm89_m64n64_bk64_s2_compact_bxor_v1_f16","module":"TriadSm89Half","grid":[186,1,1],"block":[128,1,1],"dynamic_shared_bytes":0,"eager_graph_equal":true,"retained_oracle_bits_equal":true,"inputs_unchanged":true,"guard_allocations":3,"guard_elements":96}
{"schema":"MambaTriadSm89HalfActualAutoV1","op":"Tn","dtype":"Bf16","dims":[4621,384,1928],"symbol":"gemm_bi_tn_sm89_m64n64_bk64_s2_compact_bxor_v1_bf16","module":"TriadSm89Half","grid":[186,1,1],"block":[128,1,1],"dynamic_shared_bytes":0,"eager_graph_equal":true,"retained_oracle_bits_equal":true,"inputs_unchanged":true,"guard_allocations":3,"guard_elements":96}
{"schema":"MambaTriadSm89HalfActualAutoV1","op":"Nt","dtype":"F16","dims":[2048,768,3072],"symbol":"gemm_bi_nt_sm89_m128n128_bk64_s3_bxor_v1_f16","module":"TriadSm89Half","grid":[96,1,1],"block":[256,1,1],"dynamic_shared_bytes":98304,"eager_graph_equal":true,"retained_oracle_bits_equal":true,"inputs_unchanged":true,"guard_allocations":3,"guard_elements":96}
{"schema":"MambaTriadSm89HalfActualAutoV1","op":"Nt","dtype":"Bf16","dims":[2048,768,3072],"symbol":"gemm_bi_nt_sm89_m128n128_bk64_s3_bxor_v1_bf16","module":"TriadSm89Half","grid":[96,1,1],"block":[256,1,1],"dynamic_shared_bytes":98304,"eager_graph_equal":true,"retained_oracle_bits_equal":true,"inputs_unchanged":true,"guard_allocations":3,"guard_elements":96}
{"schema":"MambaTriadSm89HalfActualAutoV1","op":"Nt","dtype":"F16","dims":[4621,384,1928],"symbol":"gemm_bi_nt_sm89_m128n128_bk64_s3_bxor_v1_f16","module":"TriadSm89Half","grid":[111,1,1],"block":[256,1,1],"dynamic_shared_bytes":98304,"eager_graph_equal":true,"retained_oracle_bits_equal":true,"inputs_unchanged":true,"guard_allocations":3,"guard_elements":96}
{"schema":"MambaTriadSm89HalfActualAutoV1","op":"Nt","dtype":"Bf16","dims":[4621,384,1928],"symbol":"gemm_bi_nt_sm89_m128n128_bk64_s3_bxor_v1_bf16","module":"TriadSm89Half","grid":[111,1,1],"block":[256,1,1],"dynamic_shared_bytes":98304,"eager_graph_equal":true,"retained_oracle_bits_equal":true,"inputs_unchanged":true,"guard_allocations":3,"guard_elements":96}
{"schema":"MambaTriadSm89HalfActualAutoV1","op":"Nt","dtype":"F16","dims":[2048,1536,768],"symbol":"gemm_bi_nt_sm89_m96n128_bk64_s3_v1_f16","module":"TriadSm89Half","grid":[264,1,1],"block":[384,1,1],"dynamic_shared_bytes":86016,"eager_graph_equal":true,"retained_oracle_bits_equal":true,"inputs_unchanged":true,"guard_allocations":3,"guard_elements":96}
{"schema":"MambaTriadSm89HalfActualAutoV1","op":"Nt","dtype":"Bf16","dims":[2048,1536,768],"symbol":"gemm_bi_nt_sm89_m96n128_bk64_s3_v1_bf16","module":"TriadSm89Half","grid":[264,1,1],"block":[384,1,1],"dynamic_shared_bytes":86016,"eager_graph_equal":true,"retained_oracle_bits_equal":true,"inputs_unchanged":true,"guard_allocations":3,"guard_elements":96}
{"schema":"MambaTriadSm89HalfActualAutoIdentityV1","target":"sm_89","cc":[8,9],"sms":142,"nvrtc":[12,8],"compile_key":"9ffffb5c8258724edcd25b3d71662a0abccdee0d451294e6f805256b11129716","artifact_digest":"71c95e1b1c47b186c5a8ff3dcb21a599bafa67a5d7759d5209a707d5eb1144f0","source_digest":"29c4f15377e9a4d78236ecc6b38ce450b8e0be966aa7dff4c8ffdf7bbb277295","invocation_digest":"9ffffb5c8258724edcd25b3d71662a0abccdee0d451294e6f805256b11129716","header_manifest_digest":"2df41c62affdef20b23e9fd8d69362a05f584b879a5fa62d61220a19092a5532","nvrtc_library_domain":"26b0a3a02044ffcbc1693fd83e9261beffa692a4fbcfe3ac5e9d8c87980bb155","driver_build_digest":"d1edc5a5bc3e10a2688e21568dccbde5e280dc39144dd81e853843ca98b2d0e1","symbols":10,"auto_cells":18,"exclusions":0}
ok

test result: ok. 1 passed; 0 failed; 0 ignored; 0 measured; 0 filtered out; finished in 14.89s

