   Compiling mamba-rs v0.6.9 (/root/mamba-ada-exact-toolkit-auto-20260907)
error[E0425]: cannot find function `n96_stage_offsets` in this scope
 --> tests/gemm_bi_fixed_tf32_n96_discovery.rs:8:16
  |
8 |     assert_eq!(n96_stage_offsets(0), (0, 0));
  |                ^^^^^^^^^^^^^^^^^ not found in this scope

error[E0425]: cannot find function `n96_stage_offsets` in this scope
 --> tests/gemm_bi_fixed_tf32_n96_discovery.rs:9:16
  |
9 |     assert_eq!(n96_stage_offsets(1), (16_384, 12_288));
  |                ^^^^^^^^^^^^^^^^^ not found in this scope

error[E0425]: cannot find function `n96_stage_offsets` in this scope
  --> tests/gemm_bi_fixed_tf32_n96_discovery.rs:10:16
   |
10 |     assert_eq!(n96_stage_offsets(2), (32_768, 24_576));
   |                ^^^^^^^^^^^^^^^^^ not found in this scope

error[E0425]: cannot find function `n96_dynamic_shared_bytes` in this scope
  --> tests/gemm_bi_fixed_tf32_n96_discovery.rs:11:16
   |
11 |     assert_eq!(n96_dynamic_shared_bytes(), 86_016);
   |                ^^^^^^^^^^^^^^^^^^^^^^^^ not found in this scope

error[E0425]: cannot find function `n96_a_copy` in this scope
  --> tests/gemm_bi_fixed_tf32_n96_discovery.rs:19:30
   |
19 |             assert!(a.insert(n96_a_copy(thread, slice)));
   |                              ^^^^^^^^^^ not found in this scope

error[E0425]: cannot find function `n96_a_copy` in this scope
  --> tests/gemm_bi_fixed_tf32_n96_discovery.rs:25:16
   |
25 |     assert_eq!(n96_a_copy(7, 0), (0, 28));
   |                ^^^^^^^^^^ not found in this scope

error[E0425]: cannot find function `n96_a_copy` in this scope
  --> tests/gemm_bi_fixed_tf32_n96_discovery.rs:26:16
   |
26 |     assert_eq!(n96_a_copy(8, 0), (1, 0));
   |                ^^^^^^^^^^ not found in this scope

error[E0425]: cannot find function `n96_a_copy` in this scope
  --> tests/gemm_bi_fixed_tf32_n96_discovery.rs:27:16
   |
27 |     assert_eq!(n96_a_copy(255, 3), (127, 28));
   |                ^^^^^^^^^^ not found in this scope

error[E0425]: cannot find function `n96_b_copy` in this scope
  --> tests/gemm_bi_fixed_tf32_n96_discovery.rs:32:30
   |
32 |             assert!(b.insert(n96_b_copy(thread, slice)));
   |                              ^^^^^^^^^^ not found in this scope

error[E0425]: cannot find function `n96_b_copy` in this scope
  --> tests/gemm_bi_fixed_tf32_n96_discovery.rs:38:16
   |
38 |     assert_eq!(n96_b_copy(23, 0), (0, 92));
   |                ^^^^^^^^^^ not found in this scope

error[E0425]: cannot find function `n96_b_copy` in this scope
  --> tests/gemm_bi_fixed_tf32_n96_discovery.rs:39:16
   |
39 |     assert_eq!(n96_b_copy(24, 0), (1, 0));
   |                ^^^^^^^^^^ not found in this scope

error[E0425]: cannot find function `n96_b_copy` in this scope
  --> tests/gemm_bi_fixed_tf32_n96_discovery.rs:40:16
   |
40 |     assert_eq!(n96_b_copy(255, 0), (10, 60));
   |                ^^^^^^^^^^ not found in this scope

error[E0425]: cannot find function `n96_b_copy` in this scope
  --> tests/gemm_bi_fixed_tf32_n96_discovery.rs:41:16
   |
41 |     assert_eq!(n96_b_copy(0, 1), (10, 64));
   |                ^^^^^^^^^^ not found in this scope

error[E0425]: cannot find function `n96_b_copy` in this scope
  --> tests/gemm_bi_fixed_tf32_n96_discovery.rs:42:16
   |
42 |     assert_eq!(n96_b_copy(255, 2), (31, 92));
   |                ^^^^^^^^^^ not found in this scope

error[E0425]: cannot find function `n96_thread_outputs` in this scope
  --> tests/gemm_bi_fixed_tf32_n96_discovery.rs:50:25
   |
50 |             let owned = n96_thread_outputs(warp, lane);
   |                         ^^^^^^^^^^^^^^^^^^ not found in this scope

For more information about this error, try `rustc --explain E0425`.
error: could not compile `mamba-rs` (test "gemm_bi_fixed_tf32_n96_discovery") due to 15 previous errors
