warning: constant `SYMBOL_PREFIX` is never used
 --> tests/support/triad_half_nt_fixed_s3_source.rs:1:11
  |
1 | pub const SYMBOL_PREFIX: &str = "gemm_bi_nt_test_fixed_s3_bxor_";
  |           ^^^^^^^^^^^^^
  |
  = note: `#[warn(dead_code)]` (part of `#[warn(unused)]`) on by default

warning: `mamba-rs` (test "gemm_bi_half_nt_m64n128_s2_d768_out_discovery") generated 1 warning
    Finished `release` profile [optimized] target(s) in 0.07s
     Running tests/gemm_bi_half_nt_m64n128_s2_d768_out_discovery.rs (/root/nt-s2-target-20260909/release/deps/gemm_bi_half_nt_m64n128_s2_d768_out_discovery-705c7d4b9181998b)

running 1 test
test cuda_suite::ada_f16_nt_m64n128_bk64_s2_pingpong_d768_out_once7 ... GPU quiet gate half-nt-m64n128-s2/pre-context: uuid=GPU-d1edd7be-e88d-aed6-047d-622163306f0e gpu_util=0% memory_util=0% used=48MiB sm_clock=1800MHz temperature=39C pstate=P5; quiet_samples=5
GPU quiet gate half-nt-m64n128-s2/cohort: uuid=GPU-d1edd7be-e88d-aed6-047d-622163306f0e gpu_util=0% memory_util=0% used=534MiB sm_clock=1800MHz temperature=41C pstate=P2; quiet_samples=5
{"schema":"MambaBiHalfNtM64N128S2ResourceV1","arm":"m64n128_bk64_s2_pingpong","registers":106,"local_bytes":0,"static_shared_bytes":0,"dynamic_shared_bytes":49152,"active_ctas":2,"required_active_ctas":2}
{"schema":"MambaBiHalfNtM64N128S2ResourceV1","arm":"measured_m64n128_bk64_s3","registers":119,"local_bytes":0,"static_shared_bytes":0,"dynamic_shared_bytes":73728,"active_ctas":1,"required_active_ctas":1}
{"schema":"MambaBiHalfNtM64N128S2BitsV1","case":"d768_out","shape":[2048,1536,768],"alpha":1,"exceptional":false,"candidate_vs_measured_s3_exact":true,"eager_graph_repeats":3,"words":3145728}
{"schema":"MambaBiHalfNtM64N128S2BitsV1","case":"tail_negative_alpha","shape":[67,131,69],"alpha":-0.75,"exceptional":false,"candidate_vs_measured_s3_exact":true,"eager_graph_repeats":3,"words":8777}
{"schema":"MambaBiHalfNtM64N128S2BitsV1","case":"exceptional_full_tile","shape":[64,128,64],"alpha":1,"exceptional":true,"candidate_vs_measured_s3_exact":true,"eager_graph_repeats":3,"words":8192}
{"schema":"MambaBiHalfNtM64N128S2BitsV1","case":"k0","shape":[64,128,0],"alpha":1,"exceptional":false,"candidate_vs_measured_s3_exact":true,"eager_graph_repeats":3,"words":8192}
{"schema":"MambaBiHalfNtM64N128S2TimingV1","comparator":"measured_m64n128_bk64_s3","path":"eager","order":"ABBA","window":0,"operations":20,"raw_us":[41.06239974498749, 39.78239893913269, 39.73119854927063, 41.47199988365173],"ratio":1.037991013306579}
{"schema":"MambaBiHalfNtM64N128S2TimingV1","comparator":"measured_m64n128_bk64_s3","path":"eager","order":"ABBA","window":1,"operations":20,"raw_us":[41.9840008020401, 39.83359932899475, 39.83359932899475, 41.11360013484955],"ratio":1.0430591552946002}
{"schema":"MambaBiHalfNtM64N128S2TimingV1","comparator":"measured_m64n128_bk64_s3","path":"eager","order":"ABBA","window":2,"operations":20,"raw_us":[41.9840008020401, 39.83359932899475, 39.78239893913269, 41.42560064792633],"ratio":1.0476487548276798}
{"schema":"MambaBiHalfNtM64N128S2TimingV1","comparator":"measured_m64n128_bk64_s3","path":"eager","order":"ABBA","window":3,"operations":20,"raw_us":[42.13759899139404, 39.68000113964081, 39.68000113964081, 41.42079949378967],"ratio":1.0529031764783374}
{"schema":"MambaBiHalfNtM64N128S2TimingV1","comparator":"measured_m64n128_bk64_s3","path":"eager","order":"ABBA","window":4,"operations":20,"raw_us":[41.017600893974304, 39.62880074977875, 39.68000113964081, 41.676801443099976],"ratio":1.0426888361316475}
{"schema":"MambaBiHalfNtM64N128S2TimingV1","comparator":"measured_m64n128_bk64_s3","path":"eager","order":"ABBA","window":5,"operations":20,"raw_us":[41.9840008020401, 39.73760008811951, 39.68000113964081, 40.7584011554718],"ratio":1.0418647841076998}
{"schema":"MambaBiHalfNtM64N128S2TimingV1","comparator":"measured_m64n128_bk64_s3","path":"eager","order":"ABBA","window":6,"operations":20,"raw_us":[41.26720130443573, 39.83359932899475, 39.793598651885986, 40.95999896526337],"ratio":1.0326521886333693}
{"schema":"MambaBiHalfNtM64N128S2TimingV1","comparator":"measured_m64n128_bk64_s3","path":"eager","order":"BAAB","window":0,"operations":20,"raw_us":[39.73119854927063, 42.396798729896545, 40.60159921646118, 39.68000113964081],"ratio":1.0451724476081323}
{"schema":"MambaBiHalfNtM64N128S2TimingV1","comparator":"measured_m64n128_bk64_s3","path":"eager","order":"BAAB","window":1,"operations":20,"raw_us":[39.68000113964081, 42.08639860153198, 41.732800006866455, 39.73119854927063],"ratio":1.0555085294864588}
{"schema":"MambaBiHalfNtM64N128S2TimingV1","comparator":"measured_m64n128_bk64_s3","path":"eager","order":"BAAB","window":2,"operations":20,"raw_us":[39.73119854927063, 41.77919924259186, 41.77919924259186, 39.83359932899475],"ratio":1.0501930591595112}
{"schema":"MambaBiHalfNtM64N128S2TimingV1","comparator":"measured_m64n128_bk64_s3","path":"eager","order":"BAAB","window":3,"operations":20,"raw_us":[39.796799421310425, 41.06239974498749, 41.26720130443573, 39.78239893913269],"ratio":1.0345618295439787}
{"schema":"MambaBiHalfNtM64N128S2TimingV1","comparator":"measured_m64n128_bk64_s3","path":"eager","order":"BAAB","window":4,"operations":20,"raw_us":[39.83359932899475, 41.7279988527298, 40.75520038604736, 39.68000113964081],"ratio":1.037347054499349}
{"schema":"MambaBiHalfNtM64N128S2TimingV1","comparator":"measured_m64n128_bk64_s3","path":"eager","order":"BAAB","window":5,"operations":20,"raw_us":[39.78239893913269, 42.08639860153198, 41.93280041217804, 39.68000113964081],"ratio":1.05734534736453}
{"schema":"MambaBiHalfNtM64N128S2TimingV1","comparator":"measured_m64n128_bk64_s3","path":"eager","order":"BAAB","window":6,"operations":20,"raw_us":[39.68000113964081, 41.36959910392761, 41.523200273513794, 39.73119854927063],"ratio":1.0438426783900625}
{"schema":"MambaBiHalfNtM64N128S2TimingV1","comparator":"measured_m64n128_bk64_s3","path":"graph","order":"ABBA","window":0,"operations":20,"raw_us":[40.75520038604736, 38.91200125217438, 38.91200125217438, 41.574400663375854],"ratio":1.0578947162839984}
{"schema":"MambaBiHalfNtM64N128S2TimingV1","comparator":"measured_m64n128_bk64_s3","path":"graph","order":"ABBA","window":1,"operations":20,"raw_us":[40.908798575401306, 38.809600472450256, 38.758400082588196, 41.47199988365173],"ratio":1.062046177155226}
{"schema":"MambaBiHalfNtM64N128S2TimingV1","comparator":"measured_m64n128_bk64_s3","path":"graph","order":"ABBA","window":2,"operations":20,"raw_us":[41.93280041217804, 38.707199692726135, 38.707199692726135, 40.95999896526337],"ratio":1.070767196225495}
{"schema":"MambaBiHalfNtM64N128S2TimingV1","comparator":"measured_m64n128_bk64_s3","path":"graph","order":"ABBA","window":3,"operations":20,"raw_us":[41.93280041217804, 38.707199692726135, 38.707199692726135, 41.36959910392761],"ratio":1.0760582033496968}
{"schema":"MambaBiHalfNtM64N128S2TimingV1","comparator":"measured_m64n128_bk64_s3","path":"graph","order":"ABBA","window":4,"operations":20,"raw_us":[41.574400663375854, 38.86080086231232, 38.91200125217438, 40.29439985752106],"ratio":1.0526662058592235}
{"schema":"MambaBiHalfNtM64N128S2TimingV1","comparator":"measured_m64n128_bk64_s3","path":"graph","order":"ABBA","window":5,"operations":20,"raw_us":[41.676801443099976, 38.86080086231232, 38.91200125217438, 41.676801443099976],"ratio":1.0717577433239187}
{"schema":"MambaBiHalfNtM64N128S2TimingV1","comparator":"measured_m64n128_bk64_s3","path":"graph","order":"ABBA","window":6,"operations":20,"raw_us":[40.95999896526337, 38.86080086231232, 38.758400082588196, 41.31839871406555],"ratio":1.0600263424218426}
{"schema":"MambaBiHalfNtM64N128S2TimingV1","comparator":"measured_m64n128_bk64_s3","path":"graph","order":"BAAB","window":0,"operations":20,"raw_us":[38.809600472450256, 40.34560024738312, 41.47199988365173, 38.86080086231232],"ratio":1.0533948418574237}
{"schema":"MambaBiHalfNtM64N128S2TimingV1","comparator":"measured_m64n128_bk64_s3","path":"graph","order":"BAAB","window":1,"operations":20,"raw_us":[38.86080086231232, 41.625601053237915, 41.93280041217804, 38.86080086231232],"ratio":1.0750988092277316}
{"schema":"MambaBiHalfNtM64N128S2TimingV1","comparator":"measured_m64n128_bk64_s3","path":"graph","order":"BAAB","window":2,"operations":20,"raw_us":[38.86080086231232, 41.93280041217804, 41.77919924259186, 38.86080086231232],"ratio":1.0770750704722973}
{"schema":"MambaBiHalfNtM64N128S2TimingV1","comparator":"measured_m64n128_bk64_s3","path":"graph","order":"BAAB","window":3,"operations":20,"raw_us":[38.809600472450256, 41.26720130443573, 41.574400663375854, 38.809600472450256],"ratio":1.067282334259255}
{"schema":"MambaBiHalfNtM64N128S2TimingV1","comparator":"measured_m64n128_bk64_s3","path":"graph","order":"BAAB","window":4,"operations":20,"raw_us":[38.809600472450256, 40.39680063724518, 41.7279988527298, 38.809600472450256],"ratio":1.058047473952648}
{"schema":"MambaBiHalfNtM64N128S2TimingV1","comparator":"measured_m64n128_bk64_s3","path":"graph","order":"BAAB","window":5,"operations":20,"raw_us":[38.758400082588196, 41.01119935512543, 41.574400663375854, 38.86080086231232],"ratio":1.0639841561513401}
{"schema":"MambaBiHalfNtM64N128S2TimingV1","comparator":"measured_m64n128_bk64_s3","path":"graph","order":"BAAB","window":6,"operations":20,"raw_us":[38.86080086231232, 41.676801443099976, 41.26720130443573, 38.86080086231232],"ratio":1.0671936875595354}
{"schema":"MambaBiHalfNtM64N128S2RetainedDecisionV1","shape":[2048,1536,768],"candidate":"m64n128_bk64_s2_pingpong","comparator":"measured_m64n128_bk64_s3","strata":[[1.0426888361316475, 1.0529031764783374], [1.0451724476081323, 1.05734534736453], [1.062046177155226, 1.0760582033496968], [1.0671936875595354, 1.0770750704722973]],"strict_p50_p95_lt_0_99":false,"decision":"stop_no_fast"}
GPU quiet gate half-nt-m64n128-s2/post: uuid=GPU-d1edd7be-e88d-aed6-047d-622163306f0e gpu_util=0% memory_util=0% used=546MiB sm_clock=1800MHz temperature=41C pstate=P2; quiet_samples=5
ok

test result: ok. 1 passed; 0 failed; 0 ignored; 0 measured; 32 filtered out; finished in 106.77s
