
running 1 test
GPU quiet gate nt-copyplan-siblings-pre-admission/pre: uuid=GPU-d1edd7be-e88d-aed6-047d-622163306f0e gpu_util=0% memory_util=0% used=48MiB sm_clock=1800MHz temperature=46C pstate=P0; quiet_samples=5
test cuda_suite::ada_f32_nt_copyplan_siblings_pre_admission_qualification has been running for over 60 seconds
{"artifacts":"ArtifactSetIdentity { module_count: 8, ordered_digest: [96, 198, 85, 23, 248, 130, 74, 174, 178, 130, 166, 50, 63, 43, 192, 17, 246, 207, 145, 254, 154, 182, 88, 156, 142, 112, 153, 66, 130, 164, 55, 144], fixed: ArtifactIdentity { module_kind: Fixed, artifact_kind: Ptx, compile_key: [32, 216, 101, 217, 14, 134, 177, 94, 27, 101, 123, 212, 165, 71, 238, 175, 157, 180, 30, 154, 231, 134, 134, 91, 70, 117, 123, 250, 210, 53, 79, 94], artifact_digest: [28, 135, 152, 223, 33, 157, 133, 5, 193, 83, 21, 219, 198, 10, 182, 37, 176, 190, 81, 68, 148, 74, 195, 126, 9, 235, 104, 114, 60, 186, 85, 52] }, triad_scalar: ArtifactIdentity { module_kind: TriadScalar, artifact_kind: Ptx, compile_key: [218, 93, 171, 239, 245, 85, 112, 209, 251, 108, 164, 58, 29, 74, 138, 167, 162, 169, 210, 94, 251, 100, 54, 237, 127, 3, 196, 162, 138, 115, 217, 134], artifact_digest: [92, 168, 107, 194, 225, 189, 85, 72, 151, 126, 12, 24, 208, 40, 121, 21, 226, 125, 87, 34, 111, 28, 195, 221, 15, 95, 218, 241, 90, 84, 157, 184] }, triad_sm80: ArtifactIdentity { module_kind: TriadSm80, artifact_kind: Ptx, compile_key: [183, 124, 200, 43, 171, 151, 224, 43, 188, 216, 138, 224, 201, 130, 98, 31, 183, 194, 59, 180, 65, 98, 53, 162, 54, 31, 43, 148, 184, 143, 213, 47], artifact_digest: [182, 33, 78, 28, 44, 79, 121, 42, 106, 118, 91, 225, 249, 77, 81, 41, 74, 253, 10, 235, 71, 79, 144, 231, 6, 72, 80, 88, 192, 209, 9, 71] }, specialized: Some(ArtifactIdentity { module_kind: TriadSm89Finalist, artifact_kind: Ptx, compile_key: [60, 116, 152, 71, 73, 108, 212, 166, 124, 243, 242, 231, 147, 18, 227, 245, 92, 1, 194, 209, 249, 251, 204, 84, 157, 196, 104, 24, 22, 143, 192, 189], artifact_digest: [122, 157, 128, 131, 172, 171, 231, 227, 28, 103, 219, 225, 161, 80, 146, 129, 84, 160, 103, 112, 28, 36, 92, 30, 8, 122, 218, 118, 155, 19, 7, 60] }), sm89_half: Some(ArtifactIdentity { module_kind: TriadSm89Half, artifact_kind: Ptx, compile_key: [159, 255, 251, 92, 130, 88, 114, 78, 220, 210, 91, 61, 113, 102, 42, 10, 188, 205, 238, 13, 69, 18, 148, 230, 248, 5, 37, 107, 17, 18, 151, 22], artifact_digest: [113, 201, 94, 27, 28, 71, 177, 134, 197, 168, 255, 61, 203, 33, 165, 153, 186, 250, 103, 165, 215, 117, 157, 82, 9, 167, 7, 213, 235, 17, 68, 240] }), sm89_exact_f32: Some(ArtifactIdentity { module_kind: TriadSm89ExactF32, artifact_kind: Ptx, compile_key: [70, 67, 148, 65, 182, 101, 140, 173, 142, 197, 11, 159, 116, 94, 215, 15, 37, 0, 92, 177, 95, 59, 132, 54, 53, 110, 140, 169, 61, 167, 250, 162], artifact_digest: [137, 218, 238, 70, 194, 180, 138, 249, 108, 210, 103, 24, 64, 57, 178, 15, 128, 46, 212, 246, 67, 205, 109, 42, 33, 48, 121, 27, 220, 186, 145, 60] }), sm89_exact_f32_d128: Some(ArtifactIdentity { module_kind: TriadSm89ExactF32D128, artifact_kind: Ptx, compile_key: [248, 160, 42, 160, 76, 51, 229, 93, 99, 234, 0, 161, 173, 163, 170, 182, 154, 92, 224, 133, 7, 105, 169, 100, 37, 208, 103, 85, 165, 48, 150, 29], artifact_digest: [247, 203, 161, 5, 94, 231, 204, 134, 117, 71, 87, 224, 168, 235, 61, 234, 251, 82, 241, 99, 66, 35, 195, 80, 110, 222, 172, 136, 151, 46, 190, 166] }), sm89_tf32_joint: Some(ArtifactIdentity { module_kind: TriadSm89Tf32Joint, artifact_kind: Ptx, compile_key: [117, 119, 228, 119, 174, 191, 178, 127, 76, 172, 146, 59, 24, 57, 168, 93, 176, 163, 182, 174, 22, 123, 134, 152, 43, 116, 143, 145, 30, 168, 165, 58], artifact_digest: [71, 199, 110, 2, 89, 1, 173, 133, 67, 13, 93, 193, 133, 52, 143, 79, 183, 221, 52, 196, 63, 165, 79, 67, 57, 197, 71, 138, 211, 38, 195, 168] }) }","fixed_compiler":"CompilerIdentity { source_digest: [212, 2, 182, 3, 173, 77, 27, 130, 60, 249, 195, 214, 50, 186, 82, 35, 3, 223, 115, 222, 65, 105, 18, 146, 133, 179, 136, 88, 112, 253, 219, 189], invocation_digest: [32, 216, 101, 217, 14, 134, 177, 94, 27, 101, 123, 212, 165, 71, 238, 175, 157, 180, 30, 154, 231, 134, 134, 91, 70, 117, 123, 250, 210, 53, 79, 94], header_manifest_digest: [218, 6, 25, 145, 59, 92, 139, 215, 203, 1, 121, 128, 232, 2, 95, 62, 80, 199, 29, 232, 185, 2, 171, 53, 23, 103, 234, 193, 34, 187, 230, 238], target: CudaTarget { bytes: [115, 109, 95, 56, 57, 0, 0, 0, 0, 0, 0, 0, 0, 0, 0, 0], len: 5 }, nvrtc_version: (12, 8), nvrtc_library_domain: [38, 176, 163, 160, 32, 68, 255, 203, 193, 105, 63, 216, 62, 146, 97, 190, 255, 166, 146, 164, 251, 207, 227, 172, 94, 157, 140, 135, 152, 11, 177, 85], nvrtc_library_known: true, output_kind: Ptx, composer_revision: 1, compiler_revision: 3, numeric_abi_revision: 5, schedule_revision: 8 }","production_admission":false,"scalar_compiler":"CompilerIdentity { source_digest: [46, 194, 80, 187, 109, 173, 186, 103, 14, 36, 85, 42, 153, 57, 180, 195, 8, 171, 74, 15, 240, 195, 225, 30, 138, 195, 124, 98, 177, 254, 209, 98], invocation_digest: [218, 93, 171, 239, 245, 85, 112, 209, 251, 108, 164, 58, 29, 74, 138, 167, 162, 169, 210, 94, 251, 100, 54, 237, 127, 3, 196, 162, 138, 115, 217, 134], header_manifest_digest: [44, 148, 40, 137, 0, 51, 35, 230, 249, 225, 48, 218, 59, 163, 27, 198, 52, 146, 222, 76, 152, 54, 15, 166, 85, 141, 79, 191, 226, 8, 18, 174], target: CudaTarget { bytes: [115, 109, 95, 56, 57, 0, 0, 0, 0, 0, 0, 0, 0, 0, 0, 0], len: 5 }, nvrtc_version: (12, 8), nvrtc_library_domain: [38, 176, 163, 160, 32, 68, 255, 203, 193, 105, 63, 216, 62, 146, 97, 190, 255, 166, 146, 164, 251, 207, 227, 172, 94, 157, 140, 135, 152, 11, 177, 85], nvrtc_library_known: true, output_kind: Ptx, composer_revision: 1, compiler_revision: 3, numeric_abi_revision: 5, schedule_revision: 8 }","schema":"MambaBiNtCopyPlanSiblingsPreAdmissionIdentityV1"}
{"arm":"Candidate","cell":"d768_in_proj","nodes":[{"block":[32,16,1],"dynamic_shared":0,"grid":[96,24,1],"symbol":"gemm_bi_transpose_f32_32x16_d768_v1"},{"block":[128,1,1],"dynamic_shared":0,"grid":[384,1,1],"symbol":"gemm_bi_nn_fixed_sm89_f32_n64_copyplan_v1"}],"schema":"MambaBiNtCopyPlanSiblingsGraphV1"}
{"arm":"Auto","cell":"tail","nodes":[{"block":[128,1,1],"dynamic_shared":0,"grid":[6,1,1],"symbol":"gemm_bi_nt_narrow"}],"schema":"MambaBiNtCopyPlanSiblingsGraphV1"}
{"arm":"Auto","cell":"tail","oracle":"generic_exact","path":"eager","repeat":0,"schema":"MambaBiNtCopyPlanSiblingsBitsV1","words":4556}
{"arm":"Auto","cell":"tail","oracle":"generic_exact","path":"eager","repeat":1,"schema":"MambaBiNtCopyPlanSiblingsBitsV1","words":4556}
{"arm":"Auto","cell":"tail","oracle":"generic_exact","path":"graph","repeat":0,"schema":"MambaBiNtCopyPlanSiblingsBitsV1","words":4556}
{"arm":"Auto","cell":"tail","oracle":"generic_exact","path":"graph","repeat":1,"schema":"MambaBiNtCopyPlanSiblingsBitsV1","words":4556}
{"arm":"Candidate","cell":"tail","nodes":[{"block":[32,16,1],"dynamic_shared":0,"grid":[2,3,1],"symbol":"gemm_bi_transpose_f32_32x16_d768_v1"},{"block":[128,1,1],"dynamic_shared":0,"grid":[4,1,1],"symbol":"gemm_bi_nn_fixed_sm89_f32_n64_copyplan_v1"}],"schema":"MambaBiNtCopyPlanSiblingsGraphV1"}
{"arm":"Candidate","cell":"tail","oracle":"generic_exact","path":"eager","repeat":0,"schema":"MambaBiNtCopyPlanSiblingsBitsV1","words":4556}
{"arm":"Candidate","cell":"tail","oracle":"generic_exact","path":"eager","repeat":1,"schema":"MambaBiNtCopyPlanSiblingsBitsV1","words":4556}
{"arm":"Candidate","cell":"tail","oracle":"generic_exact","path":"graph","repeat":0,"schema":"MambaBiNtCopyPlanSiblingsBitsV1","words":4556}
{"arm":"Candidate","cell":"tail","oracle":"generic_exact","path":"graph","repeat":1,"schema":"MambaBiNtCopyPlanSiblingsBitsV1","words":4556}
{"arm":"Fast","cell":"tail","node_count":2,"schema":"MambaBiNtCopyPlanSiblingsGraphV1","timing":"whole_graph","vendor_abi":"opaque"}
{"arm":"Fast","cell":"tail","oracle":"vendor_self","path":"eager","repeat":0,"schema":"MambaBiNtCopyPlanSiblingsBitsV1","words":4556}
{"arm":"Fast","cell":"tail","oracle":"vendor_self","path":"eager","repeat":1,"schema":"MambaBiNtCopyPlanSiblingsBitsV1","words":4556}
{"arm":"Fast","cell":"tail","oracle":"vendor_self","path":"graph","repeat":0,"schema":"MambaBiNtCopyPlanSiblingsBitsV1","words":4556}
{"arm":"Fast","cell":"tail","oracle":"vendor_self","path":"graph","repeat":1,"schema":"MambaBiNtCopyPlanSiblingsBitsV1","words":4556}
{"arm":"Auto","cell":"exceptional","nodes":[{"block":[128,1,1],"dynamic_shared":0,"grid":[6,1,1],"symbol":"gemm_bi_nt_narrow"}],"schema":"MambaBiNtCopyPlanSiblingsGraphV1"}
{"arm":"Auto","cell":"exceptional","oracle":"generic_exact","path":"eager","repeat":0,"schema":"MambaBiNtCopyPlanSiblingsBitsV1","words":4556}
{"arm":"Auto","cell":"exceptional","oracle":"generic_exact","path":"eager","repeat":1,"schema":"MambaBiNtCopyPlanSiblingsBitsV1","words":4556}
{"arm":"Auto","cell":"exceptional","oracle":"generic_exact","path":"graph","repeat":0,"schema":"MambaBiNtCopyPlanSiblingsBitsV1","words":4556}
{"arm":"Auto","cell":"exceptional","oracle":"generic_exact","path":"graph","repeat":1,"schema":"MambaBiNtCopyPlanSiblingsBitsV1","words":4556}
{"arm":"Candidate","cell":"exceptional","nodes":[{"block":[32,16,1],"dynamic_shared":0,"grid":[2,3,1],"symbol":"gemm_bi_transpose_f32_32x16_d768_v1"},{"block":[128,1,1],"dynamic_shared":0,"grid":[4,1,1],"symbol":"gemm_bi_nn_fixed_sm89_f32_n64_copyplan_v1"}],"schema":"MambaBiNtCopyPlanSiblingsGraphV1"}
{"arm":"Candidate","cell":"exceptional","oracle":"generic_exact","path":"eager","repeat":0,"schema":"MambaBiNtCopyPlanSiblingsBitsV1","words":4556}
{"arm":"Candidate","cell":"exceptional","oracle":"generic_exact","path":"eager","repeat":1,"schema":"MambaBiNtCopyPlanSiblingsBitsV1","words":4556}
{"arm":"Candidate","cell":"exceptional","oracle":"generic_exact","path":"graph","repeat":0,"schema":"MambaBiNtCopyPlanSiblingsBitsV1","words":4556}
{"arm":"Candidate","cell":"exceptional","oracle":"generic_exact","path":"graph","repeat":1,"schema":"MambaBiNtCopyPlanSiblingsBitsV1","words":4556}
{"arm":"Fast","cell":"exceptional","node_count":2,"schema":"MambaBiNtCopyPlanSiblingsGraphV1","timing":"whole_graph","vendor_abi":"opaque"}
{"arm":"Fast","cell":"exceptional","oracle":"vendor_self","path":"eager","repeat":0,"schema":"MambaBiNtCopyPlanSiblingsBitsV1","words":4556}
{"arm":"Fast","cell":"exceptional","oracle":"vendor_self","path":"eager","repeat":1,"schema":"MambaBiNtCopyPlanSiblingsBitsV1","words":4556}
{"arm":"Fast","cell":"exceptional","oracle":"vendor_self","path":"graph","repeat":0,"schema":"MambaBiNtCopyPlanSiblingsBitsV1","words":4556}
{"arm":"Fast","cell":"exceptional","oracle":"vendor_self","path":"graph","repeat":1,"schema":"MambaBiNtCopyPlanSiblingsBitsV1","words":4556}
{"arm":"Auto","cell":"zero_reduction","nodes":[{"block":[256,1,1],"dynamic_shared":0,"grid":[18,1,1],"symbol":"gemm_bi_nt_zero_reduction_v1"}],"schema":"MambaBiNtCopyPlanSiblingsGraphV1"}
{"arm":"Auto","cell":"zero_reduction","oracle":"generic_exact","path":"eager","repeat":0,"schema":"MambaBiNtCopyPlanSiblingsBitsV1","words":4556}
{"arm":"Auto","cell":"zero_reduction","oracle":"generic_exact","path":"eager","repeat":1,"schema":"MambaBiNtCopyPlanSiblingsBitsV1","words":4556}
{"arm":"Auto","cell":"zero_reduction","oracle":"generic_exact","path":"graph","repeat":0,"schema":"MambaBiNtCopyPlanSiblingsBitsV1","words":4556}
{"arm":"Auto","cell":"zero_reduction","oracle":"generic_exact","path":"graph","repeat":1,"schema":"MambaBiNtCopyPlanSiblingsBitsV1","words":4556}
{"arm":"Candidate","cell":"zero_reduction","nodes":[{"block":[128,1,1],"dynamic_shared":0,"grid":[4,1,1],"symbol":"gemm_bi_nn_fixed_sm89_f32_n64_copyplan_v1"}],"schema":"MambaBiNtCopyPlanSiblingsGraphV1"}
{"arm":"Candidate","cell":"zero_reduction","oracle":"generic_exact","path":"eager","repeat":0,"schema":"MambaBiNtCopyPlanSiblingsBitsV1","words":4556}
{"arm":"Candidate","cell":"zero_reduction","oracle":"generic_exact","path":"eager","repeat":1,"schema":"MambaBiNtCopyPlanSiblingsBitsV1","words":4556}
{"arm":"Candidate","cell":"zero_reduction","oracle":"generic_exact","path":"graph","repeat":0,"schema":"MambaBiNtCopyPlanSiblingsBitsV1","words":4556}
{"arm":"Candidate","cell":"zero_reduction","oracle":"generic_exact","path":"graph","repeat":1,"schema":"MambaBiNtCopyPlanSiblingsBitsV1","words":4556}
{"arm":"Generic","cell":"nonunit_alpha","nodes":[{"block":[256,1,1],"dynamic_shared":33376,"grid":[1,1,1],"symbol":"gemm_bi_nt"}],"schema":"MambaBiNtCopyPlanSiblingsGraphV1"}
{"arm":"Candidate","cell":"nonunit_alpha","nodes":[{"block":[32,16,1],"dynamic_shared":0,"grid":[2,3,1],"symbol":"gemm_bi_transpose_f32_32x16_d768_v1"},{"block":[128,1,1],"dynamic_shared":0,"grid":[4,1,1],"symbol":"gemm_bi_nn_fixed_sm89_f32_n64_copyplan_v1"}],"schema":"MambaBiNtCopyPlanSiblingsGraphV1"}
{"arm":"Auto","cell":"d768_in_proj","nodes":[{"block":[256,1,1],"dynamic_shared":33376,"grid":[96,1,1],"symbol":"gemm_bi_nt"}],"schema":"MambaBiNtCopyPlanSiblingsGraphV1"}
{"arm":"Auto","cell":"d768_in_proj","oracle":"generic_exact","path":"eager","repeat":0,"schema":"MambaBiNtCopyPlanSiblingsBitsV1","words":1572864}
{"arm":"Auto","cell":"d768_in_proj","oracle":"generic_exact","path":"eager","repeat":1,"schema":"MambaBiNtCopyPlanSiblingsBitsV1","words":1572864}
{"arm":"Auto","cell":"d768_in_proj","oracle":"generic_exact","path":"graph","repeat":0,"schema":"MambaBiNtCopyPlanSiblingsBitsV1","words":1572864}
{"arm":"Auto","cell":"d768_in_proj","oracle":"generic_exact","path":"graph","repeat":1,"schema":"MambaBiNtCopyPlanSiblingsBitsV1","words":1572864}
{"arm":"Candidate","cell":"d768_in_proj","nodes":[{"block":[32,16,1],"dynamic_shared":0,"grid":[96,24,1],"symbol":"gemm_bi_transpose_f32_32x16_d768_v1"},{"block":[128,1,1],"dynamic_shared":0,"grid":[384,1,1],"symbol":"gemm_bi_nn_fixed_sm89_f32_n64_copyplan_v1"}],"schema":"MambaBiNtCopyPlanSiblingsGraphV1"}
{"arm":"Candidate","cell":"d768_in_proj","oracle":"generic_exact","path":"eager","repeat":0,"schema":"MambaBiNtCopyPlanSiblingsBitsV1","words":1572864}
{"arm":"Candidate","cell":"d768_in_proj","oracle":"generic_exact","path":"eager","repeat":1,"schema":"MambaBiNtCopyPlanSiblingsBitsV1","words":1572864}
{"arm":"Candidate","cell":"d768_in_proj","oracle":"generic_exact","path":"graph","repeat":0,"schema":"MambaBiNtCopyPlanSiblingsBitsV1","words":1572864}
{"arm":"Candidate","cell":"d768_in_proj","oracle":"generic_exact","path":"graph","repeat":1,"schema":"MambaBiNtCopyPlanSiblingsBitsV1","words":1572864}
{"arm":"Fast","cell":"d768_in_proj","node_count":1,"schema":"MambaBiNtCopyPlanSiblingsGraphV1","timing":"whole_graph","vendor_abi":"opaque"}
{"arm":"Fast","cell":"d768_in_proj","oracle":"vendor_self","path":"eager","repeat":0,"schema":"MambaBiNtCopyPlanSiblingsBitsV1","words":1572864}
{"arm":"Fast","cell":"d768_in_proj","oracle":"vendor_self","path":"eager","repeat":1,"schema":"MambaBiNtCopyPlanSiblingsBitsV1","words":1572864}
{"arm":"Fast","cell":"d768_in_proj","oracle":"vendor_self","path":"graph","repeat":0,"schema":"MambaBiNtCopyPlanSiblingsBitsV1","words":1572864}
{"arm":"Fast","cell":"d768_in_proj","oracle":"vendor_self","path":"graph","repeat":1,"schema":"MambaBiNtCopyPlanSiblingsBitsV1","words":1572864}
GPU quiet gate nt-copyplan-siblings-pre-admission/timed: uuid=GPU-d1edd7be-e88d-aed6-047d-622163306f0e gpu_util=0% memory_util=0% used=632MiB sm_clock=1800MHz temperature=43C pstate=P2; quiet_samples=5
{"arm":"Candidate","cell":"d768_in_proj","nodes":[{"block":[32,16,1],"dynamic_shared":0,"grid":[96,24,1],"symbol":"gemm_bi_transpose_f32_32x16_d768_v1"},{"block":[128,1,1],"dynamic_shared":0,"grid":[384,1,1],"symbol":"gemm_bi_nn_fixed_sm89_f32_n64_copyplan_v1"}],"schema":"MambaBiNtCopyPlanSiblingsGraphV1"}
{"arm":"Auto","cell":"d768_in_proj","nodes":[{"block":[256,1,1],"dynamic_shared":33376,"grid":[96,1,1],"symbol":"gemm_bi_nt"}],"schema":"MambaBiNtCopyPlanSiblingsGraphV1"}
{"cell":"d768_in_proj","order":"ABBA","path":"eager","phase":"once3","ratio_direction":"candidate_over_prior_actual_auto","ratio_p50":0.335118796050596,"ratio_p95":0.3352399162845157,"raw_observations_us":[[275.21119117736816,822.0159530639648,821.9648361206055,275.91679096221924],[275.1487970352173,822.1183776855469,821.9648361206055,275.8143901824951],[275.3024101257324,822.2208023071289,822.0687866210938,275.45599937438965]],"schema":"MambaBiNtCopyPlanSiblingsPreAdmissionScreenV1","toolkit":"(12, 8)","windows":3}
{"cell":"d768_in_proj","order":"BAAB","path":"eager","phase":"once3","ratio_direction":"candidate_over_prior_actual_auto","ratio_p50":0.33529504119946113,"ratio_p95":0.33536677106241863,"raw_observations_us":[[822.1183776855469,275.763201713562,275.0976085662842,822.1183776855469],[822.0208168029785,275.91679096221924,275.50721168518066,822.2208023071289],[822.1183776855469,276.1728048324585,275.1487970352173,822.1695899963379]],"schema":"MambaBiNtCopyPlanSiblingsPreAdmissionScreenV1","toolkit":"(12, 8)","windows":3}
{"cell":"d768_in_proj","order":"ABBA","path":"graph","phase":"once3","ratio_direction":"candidate_over_prior_actual_auto","ratio_p50":0.33436100166600946,"ratio_p95":0.33521163882081245,"raw_observations_us":[[275.2000093460083,821.7151641845703,821.7599868774414,275.711989402771],[274.6367931365967,821.9648361206055,821.9648361206055,274.3295907974243],[274.89280700683594,822.0671653747559,822.0671653747559,274.8415946960449]],"schema":"MambaBiNtCopyPlanSiblingsPreAdmissionScreenV1","toolkit":"(12, 8)","windows":3}
{"cell":"d768_in_proj","order":"BAAB","path":"graph","phase":"once3","ratio_direction":"candidate_over_prior_actual_auto","ratio_p50":0.33416404623092144,"ratio_p95":0.3343611694714639,"raw_observations_us":[[821.8624114990234,275.0976085662842,274.53439235687256,821.9648361206055],[821.8111991882324,275.0976085662842,274.1247892379761,821.7599868774414],[821.8624114990234,274.48320388793945,274.02238845825195,821.9136238098145]],"schema":"MambaBiNtCopyPlanSiblingsPreAdmissionScreenV1","toolkit":"(12, 8)","windows":3}
{"arm":"Candidate","cell":"d768_in_proj","nodes":[{"block":[32,16,1],"dynamic_shared":0,"grid":[96,24,1],"symbol":"gemm_bi_transpose_f32_32x16_d768_v1"},{"block":[128,1,1],"dynamic_shared":0,"grid":[384,1,1],"symbol":"gemm_bi_nn_fixed_sm89_f32_n64_copyplan_v1"}],"schema":"MambaBiNtCopyPlanSiblingsGraphV1"}
{"arm":"Auto","cell":"d768_in_proj","nodes":[{"block":[256,1,1],"dynamic_shared":33376,"grid":[96,1,1],"symbol":"gemm_bi_nt"}],"schema":"MambaBiNtCopyPlanSiblingsGraphV1"}
{"cell":"d768_in_proj","order":"ABBA","path":"eager","phase":"once7","ratio_direction":"candidate_over_prior_actual_auto","ratio_p50":0.33538325330610813,"ratio_p95":0.3359598885035031,"raw_observations_us":[[275.40481090545654,822.0671653747559,821.8111991882324,275.6095886230469],[275.55840015411377,822.0671653747559,821.9728469848633,275.763201713562],[275.45599937438965,821.9136238098145,821.8111991882324,276.42879486083984],[275.3024101257324,821.9152450561523,822.1695899963379,275.55840015411377],[275.6688117980957,821.9648361206055,822.0671653747559,275.711989402771],[275.45599937438965,821.9136238098145,822.0671653747559,276.1215925216675],[276.0704040527344,822.0159530639648,821.9136238098145,276.2239933013916]],"schema":"MambaBiNtCopyPlanSiblingsPreAdmissionScreenV1","toolkit":"(12, 8)","windows":7}
{"cell":"d768_in_proj","order":"BAAB","path":"eager","phase":"once7","ratio_direction":"candidate_over_prior_actual_auto","ratio_p50":0.33544105596150875,"ratio_p95":0.33590804310300065,"raw_observations_us":[[822.0159530639648,275.82080364227295,275.6608009338379,821.9648361206055],[821.9648361206055,276.01919174194336,275.2000093460083,821.9648361206055],[821.8624114990234,275.763201713562,275.6095886230469,821.8624114990234],[821.8624114990234,275.8143901824951,275.0976085662842,821.9648361206055],[821.8624114990234,276.1215925216675,275.6095886230469,821.9648361206055],[821.9136238098145,275.55840015411377,275.763201713562,822.1183776855469],[821.9136238098145,276.1215925216675,276.0704040527344,821.9648361206055]],"schema":"MambaBiNtCopyPlanSiblingsPreAdmissionScreenV1","toolkit":"(12, 8)","windows":7}
{"cell":"d768_in_proj","order":"ABBA","path":"graph","phase":"once7","ratio_direction":"candidate_over_prior_actual_auto","ratio_p50":0.33455860381104785,"ratio_p95":0.3350984241780898,"raw_observations_us":[[275.0976085662842,821.9136238098145,821.8111991882324,274.6880054473877],[274.5856046676636,821.7599868774414,821.7599868774414,275.3535985946655],[274.94399547576904,821.8111991882324,821.9136238098145,275.86560249328613],[274.48320388793945,821.8111991882324,821.8111991882324,275.1487970352173],[274.7904062271118,821.8111991882324,821.8111991882324,275.0976085662842],[275.40481090545654,821.6575622558594,821.8624114990234,275.2511978149414],[274.2784023284912,822.0671653747559,821.7087745666504,275.04639625549316]],"schema":"MambaBiNtCopyPlanSiblingsPreAdmissionScreenV1","toolkit":"(12, 8)","windows":7}
{"cell":"d768_in_proj","order":"BAAB","path":"graph","phase":"once7","ratio_direction":"candidate_over_prior_actual_auto","ratio_p50":0.3344755653807833,"ratio_p95":0.33490124244036573,"raw_observations_us":[[821.9136238098145,275.3535985946655,274.94399547576904,821.9136238098145],[821.9136238098145,275.04639625549316,274.7904062271118,821.8111991882324],[821.7087745666504,274.94399547576904,274.7904062271118,821.8624114990234],[821.8111991882324,275.91679096221924,274.53439235687256,821.8111991882324],[821.8111991882324,275.04639625549316,274.6367931365967,822.0159530639648],[821.7087745666504,274.99520778656006,274.2784023284912,821.8111991882324],[821.8624114990234,274.7904062271118,274.6367931365967,821.9264030456543]],"schema":"MambaBiNtCopyPlanSiblingsPreAdmissionScreenV1","toolkit":"(12, 8)","windows":7}
{"candidate_symbols":["gemm_bi_transpose_f32_32x16_d768_v1","gemm_bi_nn_fixed_sm89_f32_n64_copyplan_v1"],"cell":"d768_in_proj","decision":"qualified_for_separate_identity_admission_commit","exact_oracle":"generic_exact_f32","once3":[[0.335118796050596,0.3352399162845157],[0.33529504119946113,0.33536677106241863],[0.33436100166600946,0.33521163882081245],[0.33416404623092144,0.3343611694714639]],"once7":[[0.33538325330610813,0.3359598885035031],[0.33544105596150875,0.33590804310300065],[0.33455860381104785,0.3350984241780898],[0.3344755653807833,0.33490124244036573]],"prior_actual_auto_symbol":"gemm_bi_nt","production_admission":false,"schema":"MambaBiNtCopyPlanSiblingsPreAdmissionDecisionV1","shape":[2048,768,3072]}
{"arm":"Auto","cell":"prism","nodes":[{"block":[128,1,1],"dynamic_shared":0,"grid":[222,1,1],"symbol":"gemm_bi_nt_slim"}],"schema":"MambaBiNtCopyPlanSiblingsGraphV1"}
{"arm":"Auto","cell":"prism","oracle":"generic_exact","path":"eager","repeat":0,"schema":"MambaBiNtCopyPlanSiblingsBitsV1","words":1774464}
{"arm":"Auto","cell":"prism","oracle":"generic_exact","path":"eager","repeat":1,"schema":"MambaBiNtCopyPlanSiblingsBitsV1","words":1774464}
{"arm":"Auto","cell":"prism","oracle":"generic_exact","path":"graph","repeat":0,"schema":"MambaBiNtCopyPlanSiblingsBitsV1","words":1774464}
{"arm":"Auto","cell":"prism","oracle":"generic_exact","path":"graph","repeat":1,"schema":"MambaBiNtCopyPlanSiblingsBitsV1","words":1774464}
{"arm":"Candidate","cell":"prism","nodes":[{"block":[32,16,1],"dynamic_shared":0,"grid":[61,12,1],"symbol":"gemm_bi_transpose_f32_32x16_d768_v1"},{"block":[128,1,1],"dynamic_shared":0,"grid":[438,1,1],"symbol":"gemm_bi_nn_fixed_sm89_f32_n64_copyplan_v1"}],"schema":"MambaBiNtCopyPlanSiblingsGraphV1"}
{"arm":"Candidate","cell":"prism","oracle":"generic_exact","path":"eager","repeat":0,"schema":"MambaBiNtCopyPlanSiblingsBitsV1","words":1774464}
{"arm":"Candidate","cell":"prism","oracle":"generic_exact","path":"eager","repeat":1,"schema":"MambaBiNtCopyPlanSiblingsBitsV1","words":1774464}
{"arm":"Candidate","cell":"prism","oracle":"generic_exact","path":"graph","repeat":0,"schema":"MambaBiNtCopyPlanSiblingsBitsV1","words":1774464}
{"arm":"Candidate","cell":"prism","oracle":"generic_exact","path":"graph","repeat":1,"schema":"MambaBiNtCopyPlanSiblingsBitsV1","words":1774464}
{"arm":"Fast","cell":"prism","node_count":1,"schema":"MambaBiNtCopyPlanSiblingsGraphV1","timing":"whole_graph","vendor_abi":"opaque"}
{"arm":"Fast","cell":"prism","oracle":"vendor_self","path":"eager","repeat":0,"schema":"MambaBiNtCopyPlanSiblingsBitsV1","words":1774464}
{"arm":"Fast","cell":"prism","oracle":"vendor_self","path":"eager","repeat":1,"schema":"MambaBiNtCopyPlanSiblingsBitsV1","words":1774464}
{"arm":"Fast","cell":"prism","oracle":"vendor_self","path":"graph","repeat":0,"schema":"MambaBiNtCopyPlanSiblingsBitsV1","words":1774464}
{"arm":"Fast","cell":"prism","oracle":"vendor_self","path":"graph","repeat":1,"schema":"MambaBiNtCopyPlanSiblingsBitsV1","words":1774464}
GPU quiet gate nt-copyplan-siblings-pre-admission/timed: uuid=GPU-d1edd7be-e88d-aed6-047d-622163306f0e gpu_util=0% memory_util=0% used=632MiB sm_clock=1800MHz temperature=45C pstate=P2; quiet_samples=5
{"arm":"Candidate","cell":"prism","nodes":[{"block":[32,16,1],"dynamic_shared":0,"grid":[61,12,1],"symbol":"gemm_bi_transpose_f32_32x16_d768_v1"},{"block":[128,1,1],"dynamic_shared":0,"grid":[438,1,1],"symbol":"gemm_bi_nn_fixed_sm89_f32_n64_copyplan_v1"}],"schema":"MambaBiNtCopyPlanSiblingsGraphV1"}
{"arm":"Auto","cell":"prism","nodes":[{"block":[128,1,1],"dynamic_shared":0,"grid":[222,1,1],"symbol":"gemm_bi_nt_slim"}],"schema":"MambaBiNtCopyPlanSiblingsGraphV1"}
{"cell":"prism","order":"ABBA","path":"eager","phase":"once3","ratio_direction":"candidate_over_prior_actual_auto","ratio_p50":0.7926669922219735,"ratio_p95":0.7928307935919295,"raw_observations_us":[[297.46720790863037,375.09119510650635,375.1823902130127,297.37279415130615],[297.50399589538574,375.11041164398193,375.2863883972168,297.3088026046753],[297.2575902938843,375.1535892486572,375.2063989639282,297.52800464630127]],"schema":"MambaBiNtCopyPlanSiblingsPreAdmissionScreenV1","toolkit":"(12, 8)","windows":3}
{"cell":"prism","order":"BAAB","path":"eager","phase":"once3","ratio_direction":"candidate_over_prior_actual_auto","ratio_p50":0.7928504575864114,"ratio_p95":0.7932826775843337,"raw_observations_us":[[375.1152038574219,297.5503921508789,297.4992036819458,374.99520778656006],[375.1471996307373,297.2464084625244,297.1247911453247,375.0799894332886],[375.16961097717285,297.39038944244385,297.5087881088257,375.16000270843506]],"schema":"MambaBiNtCopyPlanSiblingsPreAdmissionScreenV1","toolkit":"(12, 8)","windows":3}
{"cell":"prism","order":"ABBA","path":"graph","phase":"once3","ratio_direction":"candidate_over_prior_actual_auto","ratio_p50":0.7909782816427673,"ratio_p95":0.791812354756953,"raw_observations_us":[[296.66080474853516,374.89280700683594,375.25761127471924,296.57599925994873],[296.7711925506592,375.0799894332886,375.1807928085327,296.66879177093506],[296.7967987060547,374.9936103820801,375.01440048217773,297.06881046295166]],"schema":"MambaBiNtCopyPlanSiblingsPreAdmissionScreenV1","toolkit":"(12, 8)","windows":3}
{"cell":"prism","order":"BAAB","path":"graph","phase":"once3","ratio_direction":"candidate_over_prior_actual_auto","ratio_p50":0.7912261370298632,"ratio_p95":0.7915103686348794,"raw_observations_us":[[374.9919891357422,296.62559032440186,296.9615936279297,374.9504089355469],[375.1120090484619,296.6639995574951,296.7632055282593,374.8975992202759],[375.3200054168701,296.942400932312,296.43681049346924,374.8239994049072]],"schema":"MambaBiNtCopyPlanSiblingsPreAdmissionScreenV1","toolkit":"(12, 8)","windows":3}
{"arm":"Candidate","cell":"prism","nodes":[{"block":[32,16,1],"dynamic_shared":0,"grid":[61,12,1],"symbol":"gemm_bi_transpose_f32_32x16_d768_v1"},{"block":[128,1,1],"dynamic_shared":0,"grid":[438,1,1],"symbol":"gemm_bi_nn_fixed_sm89_f32_n64_copyplan_v1"}],"schema":"MambaBiNtCopyPlanSiblingsGraphV1"}
{"arm":"Auto","cell":"prism","nodes":[{"block":[128,1,1],"dynamic_shared":0,"grid":[222,1,1],"symbol":"gemm_bi_nt_slim"}],"schema":"MambaBiNtCopyPlanSiblingsGraphV1"}
{"cell":"prism","order":"ABBA","path":"eager","phase":"once7","ratio_direction":"candidate_over_prior_actual_auto","ratio_p50":0.7929327597560853,"ratio_p95":0.7934829578043335,"raw_observations_us":[[297.57440090179443,375.25761127471924,375.16961097717285,297.87681102752686],[297.3328113555908,375.08959770202637,375.26559829711914,297.5536108016968],[297.14879989624023,375.1391887664795,375.2000093460083,297.3583936691284],[297.6815938949585,375.0240087509155,375.1136064529419,297.49600887298584],[297.3936080932617,375.0591993331909,375.1744031906128,297.491192817688],[297.36640453338623,375.1055955886841,375.26400089263916,297.53119945526123],[297.44958877563477,375.17759799957275,375.18720626831055,297.6464033126831]],"schema":"MambaBiNtCopyPlanSiblingsPreAdmissionScreenV1","toolkit":"(12, 8)","windows":7}
{"cell":"prism","order":"BAAB","path":"eager","phase":"once7","ratio_direction":"candidate_over_prior_actual_auto","ratio_p50":0.793019105554664,"ratio_p95":0.7935941017695969,"raw_observations_us":[[375.0976085662842,297.5840091705322,297.59039878845215,375.1728057861328],[375.3407955169678,297.6896047592163,297.4112033843994,375.16000270843506],[375.23040771484375,297.65119552612305,297.54719734191895,375.11680126190186],[375.08161067962646,297.64959812164307,297.63360023498535,375.02880096435547],[375.29759407043457,297.26879596710205,297.3007917404175,375.1535892486572],[375.0704050064087,297.3968029022217,297.49441146850586,375.08959770202637],[375.16160011291504,297.26719856262207,297.3007917404175,375.10080337524414]],"schema":"MambaBiNtCopyPlanSiblingsPreAdmissionScreenV1","toolkit":"(12, 8)","windows":7}
{"cell":"prism","order":"ABBA","path":"graph","phase":"once7","ratio_direction":"candidate_over_prior_actual_auto","ratio_p50":0.7913963374593598,"ratio_p95":0.7920823235891864,"raw_observations_us":[[296.70560359954834,374.9648094177246,375.0511884689331,296.5424060821533],[296.87840938568115,374.9072074890137,375.0240087509155,296.614408493042],[296.94080352783203,374.91040229797363,375.0688076019287,297.02720642089844],[296.87039852142334,374.8528003692627,375.0335931777954,296.72958850860596],[296.5248107910156,374.9743938446045,375.0607967376709,296.64480686187744],[296.9791889190674,374.8192071914673,375.10080337524414,297.0191955566406],[296.40960693359375,374.9743938446045,375.08320808410645,296.6975927352905]],"schema":"MambaBiNtCopyPlanSiblingsPreAdmissionScreenV1","toolkit":"(12, 8)","windows":7}
{"cell":"prism","order":"BAAB","path":"graph","phase":"once7","ratio_direction":"candidate_over_prior_actual_auto","ratio_p50":0.7916408715377787,"ratio_p95":0.7921655161554867,"raw_observations_us":[[374.9488115310669,296.51520252227783,296.67840003967285,374.835205078125],[375.0159978866577,296.7616081237793,296.84159755706787,374.9488115310669],[375.0272035598755,296.9264030456543,297.06718921661377,374.8080015182495],[374.99840259552,296.8976020812988,296.93119525909424,375.08959770202637],[375.0976085662842,297.1407890319824,296.6304063796997,374.95360374450684],[374.9824047088623,297.10559844970703,296.70560359954834,374.9023914337158],[375.03199577331543,297.0047950744629,296.6831922531128,374.96159076690674]],"schema":"MambaBiNtCopyPlanSiblingsPreAdmissionScreenV1","toolkit":"(12, 8)","windows":7}
{"candidate_symbols":["gemm_bi_transpose_f32_32x16_d768_v1","gemm_bi_nn_fixed_sm89_f32_n64_copyplan_v1"],"cell":"prism","decision":"qualified_for_separate_identity_admission_commit","exact_oracle":"generic_exact_f32","once3":[[0.7926669922219735,0.7928307935919295],[0.7928504575864114,0.7932826775843337],[0.7909782816427673,0.791812354756953],[0.7912261370298632,0.7915103686348794]],"once7":[[0.7929327597560853,0.7934829578043335],[0.793019105554664,0.7935941017695969],[0.7913963374593598,0.7920823235891864],[0.7916408715377787,0.7921655161554867]],"prior_actual_auto_symbol":"gemm_bi_nt_slim","production_admission":false,"schema":"MambaBiNtCopyPlanSiblingsPreAdmissionDecisionV1","shape":[4621,384,1928]}
GPU quiet gate nt-copyplan-siblings-pre-admission/post: uuid=GPU-d1edd7be-e88d-aed6-047d-622163306f0e gpu_util=0% memory_util=0% used=488MiB sm_clock=1800MHz temperature=46C pstate=P2; quiet_samples=5
test cuda_suite::ada_f32_nt_copyplan_siblings_pre_admission_qualification ... ok

test result: ok. 1 passed; 0 failed; 0 ignored; 0 measured; 16 filtered out; finished in 149.71s

