   Compiling proc-macro2 v1.0.106
   Compiling unicode-ident v1.0.24
   Compiling quote v1.0.46
   Compiling version_check v0.9.5
   Compiling cfg-if v1.0.4
   Compiling crossbeam-utils v0.8.22
   Compiling serde_core v1.0.228
   Compiling autocfg v1.5.1
   Compiling typenum v1.20.1
   Compiling libc v0.2.186
   Compiling crossbeam-epoch v0.9.20
   Compiling bitflags v2.13.1
   Compiling rustix v1.1.4
   Compiling getrandom v0.4.3
   Compiling zmij v1.0.23
   Compiling crossbeam-deque v0.8.7
   Compiling paste v1.0.15
   Compiling zerocopy v0.8.54
   Compiling libm v0.2.16
   Compiling linux-raw-sys v0.12.1
   Compiling serde_json v1.0.150
   Compiling rayon-core v1.13.0
   Compiling serde v1.0.228
   Compiling foldhash v0.2.0
   Compiling itoa v1.0.18
   Compiling fastrand v2.4.1
   Compiling cudarc v0.19.9
   Compiling memchr v2.8.3
   Compiling allocator-api2 v0.2.21
   Compiling once_cell v1.21.4
   Compiling equivalent v1.0.2
   Compiling pulp-wasm-simd-flag v0.1.1
   Compiling cpufeatures v0.2.17
   Compiling either v1.16.0
   Compiling reborrow v0.5.5
   Compiling libloading v0.9.0
   Compiling raw-cpuid v11.6.0
   Compiling generic-array v0.14.7
   Compiling pulp v0.22.3
   Compiling num-traits v0.2.19
   Compiling syn v2.0.119
   Compiling block-buffer v0.10.4
   Compiling crypto-common v0.1.7
   Compiling digest v0.10.7
   Compiling rayon v1.12.0
   Compiling sha2 v0.10.9
   Compiling tempfile v3.27.0
   Compiling hashbrown v0.16.1
   Compiling bytemuck_derive v1.11.0
   Compiling serde_derive v1.0.228
   Compiling zerocopy-derive v0.8.54
   Compiling bytemuck v1.25.1
   Compiling num-complex v0.4.6
   Compiling safetensors v0.8.0
   Compiling half v2.7.1
   Compiling mamba-rs v0.6.9 (/root/mamba-ada-half-swizzle-force-20260906)
    Finished `test` profile [unoptimized + debuginfo] target(s) in 15.15s
     Running tests/gemm_bi_fixed_sm89_pipeline.rs (/root/target-ada-half-swizzle-force-cuda130-20260906/debug/deps/gemm_bi_fixed_sm89_pipeline-df717c11d55a0214)

running 1 test
test fixed_sm89_half_swizzle_and_pipeline_holders_are_independently_live ... mamba-rs cache trace: Fixed arch=sm_89 key=e96609c91e1e74d22a2aa435f7a723fb6a78e08f1e66c818d6a6930dc5b7e0e6 path=Some("/root/mamba-kcache-ada-half-swizzle-force-cuda130-20260906/mamba-kernels-v1-e96609c91e1e74d22a2aa435f7a723fb6a78e08f1e66c818d6a6930dc5b7e0e6.bin") source_len=688275
mamba-rs cache trace: Fixed miss compiled artifact=45ccedfa2904b03e2eb0d25a331e54ade876158a482ea821e255626c0aea8e59 ptx_len=6608481 publish=true
mamba-rs cache trace: TriadScalar arch=sm_89 key=ceeda6e9d55cfd166dafd638a9055daf8a1bb044f573c3349e147bff03b8fe7b path=Some("/root/mamba-kcache-ada-half-swizzle-force-cuda130-20260906/mamba-kernels-v1-ceeda6e9d55cfd166dafd638a9055daf8a1bb044f573c3349e147bff03b8fe7b.bin") source_len=360564
mamba-rs cache trace: TriadScalar miss compiled artifact=9eeb24718aebc4a11d0edddaed73b4699a8cad8de3cb7d53b6ccc9e6b72f2166 ptx_len=2437178 publish=true
mamba-rs cache trace: TriadSm80 arch=sm_89 key=feac83eb41fcc629d0c4bf9be1758d9e92c431728e17c1f46cfcd5c5a9ebc27d path=Some("/root/mamba-kcache-ada-half-swizzle-force-cuda130-20260906/mamba-kernels-v1-feac83eb41fcc629d0c4bf9be1758d9e92c431728e17c1f46cfcd5c5a9ebc27d.bin") source_len=268383
mamba-rs cache trace: TriadSm80 miss compiled artifact=f86b732bf1983dd9455e4dade8ddc775dac08d02d29b7d780358b0a5f6d52ff1 ptx_len=14018343 publish=true
SWIZZLE_RESOURCE dtype=bf16 local=0 registers=177 static_shared=0 max_threads=256 active_blocks=1 dynamic_shared=69632
SWIZZLE_RESOURCE dtype=f16 local=0 registers=177 static_shared=0 max_threads=256 active_blocks=1 dynamic_shared=69632
ok

test result: ok. 1 passed; 0 failed; 0 ignored; 0 measured; 6 filtered out; finished in 106.17s

EXIT_STATUS=0
