   Compiling proc-macro2 v1.0.106
   Compiling unicode-ident v1.0.24
   Compiling quote v1.0.46
   Compiling version_check v0.9.5
   Compiling cfg-if v1.0.4
   Compiling serde_core v1.0.228
   Compiling crossbeam-utils v0.8.22
   Compiling libc v0.2.186
   Compiling bitflags v2.13.1
   Compiling autocfg v1.5.1
   Compiling typenum v1.20.1
   Compiling crossbeam-epoch v0.9.20
   Compiling rustix v1.1.4
   Compiling crossbeam-deque v0.8.7
   Compiling getrandom v0.4.3
   Compiling zmij v1.0.23
   Compiling serde v1.0.228
   Compiling rayon-core v1.13.0
   Compiling linux-raw-sys v0.12.1
   Compiling paste v1.0.15
   Compiling zerocopy v0.8.54
   Compiling serde_json v1.0.150
   Compiling libm v0.2.16
   Compiling cudarc v0.19.9
   Compiling fastrand v2.4.1
   Compiling itoa v1.0.18
   Compiling memchr v2.8.3
   Compiling once_cell v1.21.4
   Compiling allocator-api2 v0.2.21
   Compiling equivalent v1.0.2
   Compiling foldhash v0.2.0
   Compiling pulp-wasm-simd-flag v0.1.1
   Compiling cpufeatures v0.2.17
   Compiling reborrow v0.5.5
   Compiling either v1.16.0
   Compiling libloading v0.9.0
   Compiling raw-cpuid v11.6.0
   Compiling generic-array v0.14.7
   Compiling pulp v0.22.3
   Compiling num-traits v0.2.19
   Compiling syn v2.0.119
   Compiling block-buffer v0.10.4
   Compiling crypto-common v0.1.7
   Compiling digest v0.10.7
   Compiling rayon v1.12.0
   Compiling sha2 v0.10.9
   Compiling tempfile v3.27.0
   Compiling hashbrown v0.16.1
   Compiling bytemuck_derive v1.11.0
   Compiling zerocopy-derive v0.8.54
   Compiling serde_derive v1.0.228
   Compiling bytemuck v1.25.1
   Compiling num-complex v0.4.6
   Compiling safetensors v0.8.0
   Compiling half v2.7.1
   Compiling mamba-rs v0.6.9 (/root/mamba-ada-half-swizzle-force-20260906)
    Finished `test` profile [unoptimized + debuginfo] target(s) in 15.16s
     Running tests/gemm_bi_fixed_sm89_pipeline.rs (/root/target-ada-half-swizzle-force-cuda132-20260906/debug/deps/gemm_bi_fixed_sm89_pipeline-de65c22002b256d0)

running 1 test
test fixed_sm89_half_swizzle_and_pipeline_holders_are_independently_live ... mamba-rs cache trace: Fixed arch=sm_89 key=58c7853250f2f225830390289de0c1dfce34d81efede704436222e54d53ac991 path=Some("/root/mamba-kcache-ada-half-swizzle-force-cuda132-20260906/mamba-kernels-v1-58c7853250f2f225830390289de0c1dfce34d81efede704436222e54d53ac991.bin") source_len=688275
mamba-rs cache trace: Fixed miss compiled artifact=c213b3c33d94e94e257d30e472cee583b5f3634d8dd5216e91a08b7c286d21c2 ptx_len=6583147 publish=true
mamba-rs cache trace: TriadScalar arch=sm_89 key=822ebf0dda7dcf9c4f5c5a2213884dde42ab45f5cf238479a81856042c302b7c path=Some("/root/mamba-kcache-ada-half-swizzle-force-cuda132-20260906/mamba-kernels-v1-822ebf0dda7dcf9c4f5c5a2213884dde42ab45f5cf238479a81856042c302b7c.bin") source_len=360564
mamba-rs cache trace: TriadScalar miss compiled artifact=7229de42e3562611fe451092c3a92d540e2908920b1fbac49a37cfe81e682096 ptx_len=2395054 publish=true
mamba-rs cache trace: TriadSm80 arch=sm_89 key=3809af034718aa08dfdfc1b6baeb407715436dc7db87ef39825b033c2fd72541 path=Some("/root/mamba-kcache-ada-half-swizzle-force-cuda132-20260906/mamba-kernels-v1-3809af034718aa08dfdfc1b6baeb407715436dc7db87ef39825b033c2fd72541.bin") source_len=268383
mamba-rs cache trace: TriadSm80 miss compiled artifact=c5cbde99978b9656cfbd824d9d13b35c7573554f240ef5e38e8775d013704e0c ptx_len=13437508 publish=true
SWIZZLE_RESOURCE dtype=bf16 local=0 registers=180 static_shared=0 max_threads=256 active_blocks=1 dynamic_shared=69632
SWIZZLE_RESOURCE dtype=f16 local=0 registers=180 static_shared=0 max_threads=256 active_blocks=1 dynamic_shared=69632
ok

test result: ok. 1 passed; 0 failed; 0 ignored; 0 measured; 6 filtered out; finished in 105.84s

EXIT_STATUS=0
