REMOTE_HEAD
SOURCE_IDENTITIES
fatal: not a git repository (or any of the parent directories): .git
1ab11e6729a5b25689dff8b978bf0cdd4676dae9425ac8286bbeb297e57d64a2  kernels/gemm_bi_fixed/sm89_half_swizzle.cu
243e9b0680a3ecd1d34bd325244d221903adab59c35a691295ec334996115410  kernels/gemm_bi_fixed/sm89_half_swizzle_layout.cuh
d0a75854f652219879e61d4eb5e775e5d356ce5ab037085ee6f290557884a953  src/mamba_ssm/gpu/gemm_bi_fixed.rs
a68ff1a3e94644da41e58a979322dfde9f4dcaac737711b4b019f335ecb16520  src/mamba_ssm/gpu/gemm_bi_triad/modules.rs
69deb80998bc35d2f0db31c536f077ead9222956cb99ffd441361e3dbe7faa33  src/mamba_ssm/gpu/kernels.rs
1452a84496c3503235438f0506515b39de2b397bcf714800db309a34251b7249  tests/arch_compile_gates.rs
374ba0dd2908292b92dca32c858b38133051a93ace68370bde2504d8f34a332b  tests/gemm_bi_fixed_performance.rs
1796a24f9717b3faa7b2dd67bf925ece07eb7d2d2f662e15abf27e607dc3f9cd  tests/gemm_bi_fixed_sm89_pipeline.rs
00383b367bbdeb2bfd094dc289779c5aef1d6ec0561629f96dddaa863c1a9454  tests/cuda/gemm_bi_fixed_sm89_swizzle_layout.cpp
4d07e82a2623f19c83ee9c7062935ab7077e7075ccc58fd57861d8a416781050  tests/gemm_bi_fixed_correctness.rs
bd203d2c023f4352b70b59d355e915a46a76eb0576076b3f7ab5466e6e11f427  tests/gemm_bi_tf32_cohort_binding.rs
8ca393c1d2a86c773388141fb112e1714cba3465084484356fb7445f87715f90  tests/gemm_bi_fixed_sm89_exact_n64.rs
TOOLKIT=128
CACHE_MODE=700 CACHE_PATH=/root/mamba-kcache-ada-half-swizzle-force-cuda128-20260906
65f707b4a331dba0d4c543d3d1e78a6999e16268c09e495ff6936bb8c3a7204f  /root/mamba-kcache-ada-half-swizzle-force-cuda128-20260906/mamba-kernels-v1-53c404fc45b06ef3faf5ef8842f166da9fa77df7f2965f64f39c4aae608261af.bin
c02fb7a0ef6a50cb52dc3fec2e83ebb1eb6b4015a9f200d48d65fd4493d489c9  /root/mamba-kcache-ada-half-swizzle-force-cuda128-20260906/mamba-kernels-v1-73fbec7557a95462a555e39f1b3c94e8d2bcc7047a14f8f3e3fa51a768ec5b9a.bin
48a388fc610d110bb884ea3cd0f49eda299c0c7ce0c8e2beb24d34a925198a54  /root/mamba-kcache-ada-half-swizzle-force-cuda128-20260906/mamba-kernels-v1-da5dabeff55570d1fb6ca43a1d4a8aa7a2a9d25efb6436ed7f03c4a28a73d986.bin
ed94ff1943e41f04b82e67f020884c72eaa15549300b3db5e6d6070b87ad03e1  /root/target-ada-half-swizzle-force-cuda128-20260906/release/deps/arch_compile_gates-4d7389f4b5de0e5e
656bab7be787ba87c95a51cbda4bd06e22dd338ca5930e47c1dae33613d73dea  /root/target-ada-half-swizzle-force-cuda128-20260906/release/deps/gemm_bi_fixed_correctness-e745b7cbbfaa93fe
bc4d9eab239140b25f6bb68e425819d220b6c3179646a32e621ac9656b5906b1  /root/target-ada-half-swizzle-force-cuda128-20260906/release/deps/gemm_bi_fixed_performance-e01d837be76567b7
fc6d0bd9bcae309ccc1d7083a084b980cf283e4f760a2bec8884781272b6e6bf  /root/target-ada-half-swizzle-force-cuda128-20260906/release/deps/gemm_bi_fixed_sm89_pipeline-5341067ad5e00e8f
TOOLKIT=130
CACHE_MODE=700 CACHE_PATH=/root/mamba-kcache-ada-half-swizzle-force-cuda130-20260906
c599a8b8807dd944ae79238241b36f77599cb5cab0511d3ab4f8716bc7545c3c  /root/mamba-kcache-ada-half-swizzle-force-cuda130-20260906/mamba-kernels-v1-ceeda6e9d55cfd166dafd638a9055daf8a1bb044f573c3349e147bff03b8fe7b.bin
ff5aa88895b68d2bbc162ba74694c5f01ba905fd346069094c6c9d229f5aa9fe  /root/mamba-kcache-ada-half-swizzle-force-cuda130-20260906/mamba-kernels-v1-e96609c91e1e74d22a2aa435f7a723fb6a78e08f1e66c818d6a6930dc5b7e0e6.bin
32e61498d102e2343b2c3b65ec062af81b1351b1039a2503c0657628b4d3a9c0  /root/mamba-kcache-ada-half-swizzle-force-cuda130-20260906/mamba-kernels-v1-feac83eb41fcc629d0c4bf9be1758d9e92c431728e17c1f46cfcd5c5a9ebc27d.bin
7f19c5d0483755fbc4e1c98294cb3dfb97748f5bdc84a15b6320aee14353a6fc  /root/target-ada-half-swizzle-force-cuda130-20260906/release/deps/arch_compile_gates-6d61c253e4f172dd
643660efa4df228c6c4ac41d0bf93f8d21c04741c7d510e527ec8a3f103d6f44  /root/target-ada-half-swizzle-force-cuda130-20260906/release/deps/gemm_bi_fixed_correctness-e9a896bca3cebdf4
feacff36d23bbff9c2b73f2c9960ae571115033dec121e5888478178233b3fc6  /root/target-ada-half-swizzle-force-cuda130-20260906/release/deps/gemm_bi_fixed_performance-28fdf8ce2728ddd5
7f8c8f36482b89914f9537226cc1bbf11462b9f8359bc4f0e0853afe684384d8  /root/target-ada-half-swizzle-force-cuda130-20260906/release/deps/gemm_bi_fixed_sm89_pipeline-3f9155803636b1e3
TOOLKIT=132
CACHE_MODE=700 CACHE_PATH=/root/mamba-kcache-ada-half-swizzle-force-cuda132-20260906
5851ebd49595a0b2ef665073289e52f903eec3266deadfc5ad5d9f2096ce6d16  /root/mamba-kcache-ada-half-swizzle-force-cuda132-20260906/mamba-kernels-v1-3809af034718aa08dfdfc1b6baeb407715436dc7db87ef39825b033c2fd72541.bin
cacbccb94b0686dab92056056771004181c75f071101c2c8705f419d471a2c4e  /root/mamba-kcache-ada-half-swizzle-force-cuda132-20260906/mamba-kernels-v1-58c7853250f2f225830390289de0c1dfce34d81efede704436222e54d53ac991.bin
5035921fc8e078e5454c9c5392f9e9ee6ca6a3de54c1e08cb54bba432fa37546  /root/mamba-kcache-ada-half-swizzle-force-cuda132-20260906/mamba-kernels-v1-822ebf0dda7dcf9c4f5c5a2213884dde42ab45f5cf238479a81856042c302b7c.bin
7fd0a132a484f56b3911ad6e9331ea24fbe91a5dad5b7a26f64c0eff3f415492  /root/target-ada-half-swizzle-force-cuda132-20260906/release/deps/arch_compile_gates-4a95865368ee0138
ba654076eb44162ebc243fc677216c2e1ea3709b739fdedcd7e3a30288988d66  /root/target-ada-half-swizzle-force-cuda132-20260906/release/deps/gemm_bi_fixed_correctness-7860b14bbe37841d
68731c890219513407c9cd811f2cf3e5459849b407a08af6ae19d4a23b7264f4  /root/target-ada-half-swizzle-force-cuda132-20260906/release/deps/gemm_bi_fixed_performance-429f558dd590762a
48c35e058c542ffd048efca3aba48a2758435405fe775d42b0207ddc126d5792  /root/target-ada-half-swizzle-force-cuda132-20260906/release/deps/gemm_bi_fixed_sm89_exact_n64-3616c64e65c4e549
54fc8a995dc9227a2942afb846415ef5619f5167e49dd845d7f818e371aa0985  /root/target-ada-half-swizzle-force-cuda132-20260906/release/deps/gemm_bi_fixed_sm89_pipeline-dc7ba369e2fa8165
ef485dc4f1aa4a2c0a4da57c32dcfaa1557d54fca4a50593ba3b6fef1fdc0376  /root/target-ada-half-swizzle-force-cuda132-20260906/release/deps/gemm_bi_tf32_cohort_binding-c96a6105c026b3ba
