SANITIZER_TOOL=memcheck
========= COMPUTE-SANITIZER

running 1 test
mamba-rs cache trace: Fixed arch=sm_89 key=e96609c91e1e74d22a2aa435f7a723fb6a78e08f1e66c818d6a6930dc5b7e0e6 path=Some("/root/mamba-kcache-ada-half-swizzle-force-cuda130-20260906/mamba-kernels-v1-e96609c91e1e74d22a2aa435f7a723fb6a78e08f1e66c818d6a6930dc5b7e0e6.bin") source_len=688275
mamba-rs cache trace: Fixed hit artifact=45ccedfa2904b03e2eb0d25a331e54ade876158a482ea821e255626c0aea8e59
mamba-rs cache trace: TriadScalar arch=sm_89 key=ceeda6e9d55cfd166dafd638a9055daf8a1bb044f573c3349e147bff03b8fe7b path=Some("/root/mamba-kcache-ada-half-swizzle-force-cuda130-20260906/mamba-kernels-v1-ceeda6e9d55cfd166dafd638a9055daf8a1bb044f573c3349e147bff03b8fe7b.bin") source_len=360564
mamba-rs cache trace: TriadScalar hit artifact=9eeb24718aebc4a11d0edddaed73b4699a8cad8de3cb7d53b6ccc9e6b72f2166
mamba-rs cache trace: TriadSm80 arch=sm_89 key=feac83eb41fcc629d0c4bf9be1758d9e92c431728e17c1f46cfcd5c5a9ebc27d path=Some("/root/mamba-kcache-ada-half-swizzle-force-cuda130-20260906/mamba-kernels-v1-feac83eb41fcc629d0c4bf9be1758d9e92c431728e17c1f46cfcd5c5a9ebc27d.bin") source_len=268383
mamba-rs cache trace: TriadSm80 hit artifact=f86b732bf1983dd9455e4dade8ddc775dac08d02d29b7d780358b0a5f6d52ff1
test fixed_sm89_half_pipeline_sanitizer_smoke ... ok

test result: ok. 1 passed; 0 failed; 0 ignored; 0 measured; 7 filtered out; finished in 4.16s

========= ERROR SUMMARY: 0 errors
SANITIZER_RESULT=memcheck,0,4s
SANITIZER_TOOL=racecheck
========= COMPUTE-SANITIZER

running 1 test
mamba-rs cache trace: Fixed arch=sm_89 key=e96609c91e1e74d22a2aa435f7a723fb6a78e08f1e66c818d6a6930dc5b7e0e6 path=Some("/root/mamba-kcache-ada-half-swizzle-force-cuda130-20260906/mamba-kernels-v1-e96609c91e1e74d22a2aa435f7a723fb6a78e08f1e66c818d6a6930dc5b7e0e6.bin") source_len=688275
mamba-rs cache trace: Fixed hit artifact=45ccedfa2904b03e2eb0d25a331e54ade876158a482ea821e255626c0aea8e59
mamba-rs cache trace: TriadScalar arch=sm_89 key=ceeda6e9d55cfd166dafd638a9055daf8a1bb044f573c3349e147bff03b8fe7b path=Some("/root/mamba-kcache-ada-half-swizzle-force-cuda130-20260906/mamba-kernels-v1-ceeda6e9d55cfd166dafd638a9055daf8a1bb044f573c3349e147bff03b8fe7b.bin") source_len=360564
mamba-rs cache trace: TriadScalar hit artifact=9eeb24718aebc4a11d0edddaed73b4699a8cad8de3cb7d53b6ccc9e6b72f2166
mamba-rs cache trace: TriadSm80 arch=sm_89 key=feac83eb41fcc629d0c4bf9be1758d9e92c431728e17c1f46cfcd5c5a9ebc27d path=Some("/root/mamba-kcache-ada-half-swizzle-force-cuda130-20260906/mamba-kernels-v1-feac83eb41fcc629d0c4bf9be1758d9e92c431728e17c1f46cfcd5c5a9ebc27d.bin") source_len=268383
mamba-rs cache trace: TriadSm80 hit artifact=f86b732bf1983dd9455e4dade8ddc775dac08d02d29b7d780358b0a5f6d52ff1
test fixed_sm89_half_pipeline_sanitizer_smoke ... ok

test result: ok. 1 passed; 0 failed; 0 ignored; 0 measured; 7 filtered out; finished in 12.17s

========= RACECHECK SUMMARY: 0 hazards displayed (0 errors, 0 warnings)
SANITIZER_RESULT=racecheck,0,12s
SANITIZER_TOOL=initcheck
========= COMPUTE-SANITIZER

running 1 test
mamba-rs cache trace: Fixed arch=sm_89 key=e96609c91e1e74d22a2aa435f7a723fb6a78e08f1e66c818d6a6930dc5b7e0e6 path=Some("/root/mamba-kcache-ada-half-swizzle-force-cuda130-20260906/mamba-kernels-v1-e96609c91e1e74d22a2aa435f7a723fb6a78e08f1e66c818d6a6930dc5b7e0e6.bin") source_len=688275
mamba-rs cache trace: Fixed hit artifact=45ccedfa2904b03e2eb0d25a331e54ade876158a482ea821e255626c0aea8e59
mamba-rs cache trace: TriadScalar arch=sm_89 key=ceeda6e9d55cfd166dafd638a9055daf8a1bb044f573c3349e147bff03b8fe7b path=Some("/root/mamba-kcache-ada-half-swizzle-force-cuda130-20260906/mamba-kernels-v1-ceeda6e9d55cfd166dafd638a9055daf8a1bb044f573c3349e147bff03b8fe7b.bin") source_len=360564
mamba-rs cache trace: TriadScalar hit artifact=9eeb24718aebc4a11d0edddaed73b4699a8cad8de3cb7d53b6ccc9e6b72f2166
mamba-rs cache trace: TriadSm80 arch=sm_89 key=feac83eb41fcc629d0c4bf9be1758d9e92c431728e17c1f46cfcd5c5a9ebc27d path=Some("/root/mamba-kcache-ada-half-swizzle-force-cuda130-20260906/mamba-kernels-v1-feac83eb41fcc629d0c4bf9be1758d9e92c431728e17c1f46cfcd5c5a9ebc27d.bin") source_len=268383
mamba-rs cache trace: TriadSm80 hit artifact=f86b732bf1983dd9455e4dade8ddc775dac08d02d29b7d780358b0a5f6d52ff1
test fixed_sm89_half_pipeline_sanitizer_smoke ... ok

test result: ok. 1 passed; 0 failed; 0 ignored; 0 measured; 7 filtered out; finished in 3.80s

========= ERROR SUMMARY: 0 errors
SANITIZER_RESULT=initcheck,0,4s
SANITIZER_TOOL=synccheck
========= COMPUTE-SANITIZER

running 1 test
mamba-rs cache trace: Fixed arch=sm_89 key=e96609c91e1e74d22a2aa435f7a723fb6a78e08f1e66c818d6a6930dc5b7e0e6 path=Some("/root/mamba-kcache-ada-half-swizzle-force-cuda130-20260906/mamba-kernels-v1-e96609c91e1e74d22a2aa435f7a723fb6a78e08f1e66c818d6a6930dc5b7e0e6.bin") source_len=688275
mamba-rs cache trace: Fixed hit artifact=45ccedfa2904b03e2eb0d25a331e54ade876158a482ea821e255626c0aea8e59
mamba-rs cache trace: TriadScalar arch=sm_89 key=ceeda6e9d55cfd166dafd638a9055daf8a1bb044f573c3349e147bff03b8fe7b path=Some("/root/mamba-kcache-ada-half-swizzle-force-cuda130-20260906/mamba-kernels-v1-ceeda6e9d55cfd166dafd638a9055daf8a1bb044f573c3349e147bff03b8fe7b.bin") source_len=360564
mamba-rs cache trace: TriadScalar hit artifact=9eeb24718aebc4a11d0edddaed73b4699a8cad8de3cb7d53b6ccc9e6b72f2166
mamba-rs cache trace: TriadSm80 arch=sm_89 key=feac83eb41fcc629d0c4bf9be1758d9e92c431728e17c1f46cfcd5c5a9ebc27d path=Some("/root/mamba-kcache-ada-half-swizzle-force-cuda130-20260906/mamba-kernels-v1-feac83eb41fcc629d0c4bf9be1758d9e92c431728e17c1f46cfcd5c5a9ebc27d.bin") source_len=268383
mamba-rs cache trace: TriadSm80 hit artifact=f86b732bf1983dd9455e4dade8ddc775dac08d02d29b7d780358b0a5f6d52ff1
test fixed_sm89_half_pipeline_sanitizer_smoke ... ok

test result: ok. 1 passed; 0 failed; 0 ignored; 0 measured; 7 filtered out; finished in 3.57s

========= ERROR SUMMARY: 0 errors
SANITIZER_RESULT=synccheck,0,4s
EXIT_STATUS=0
