   Compiling mamba-rs v0.6.9 (/root/mamba-ada-half-swizzle-force-20260906)
error[E0425]: cannot find function `load_fixed_sm89_half_swizzle` in module `super::gemm_bi_triad::modules`
    --> src/mamba_ssm/gpu/kernels.rs:682:44
     |
 682 |               super::gemm_bi_triad::modules::load_fixed_sm89_half_swizzle(ctx, &fixed);
     |                                              ^^^^^^^^^^^^^^^^^^^^^^^^^^^^
     |
    ::: src/mamba_ssm/gpu/gemm_bi_triad/modules.rs:1969:1
     |
1969 | / pub(crate) fn load_fixed_sm89_half_pipeline(
1970 | |     ctx: &CudaContext,
1971 | |     module: &CompiledModule,
1972 | | ) -> (Option<HalfKernel>, Option<String>) {
...    |
2052 | | }
     | |_- similarly named function `load_fixed_sm89_half_pipeline` defined here
     |
help: a function with a similar name exists
     |
 682 -             super::gemm_bi_triad::modules::load_fixed_sm89_half_swizzle(ctx, &fixed);
 682 +             super::gemm_bi_triad::modules::load_fixed_sm89_half_pipeline(ctx, &fixed);
     |

For more information about this error, try `rustc --explain E0425`.
error: could not compile `mamba-rs` (lib test) due to 1 previous error
EXIT_STATUS=101
