    Finished `release` profile [optimized] target(s) in 0.07s
     Running tests/gemm_bi_half_tn_regpipe_vec2_sliced_d768_in_discovery.rs (/root/half-tn-sliced-target-20260909/release/deps/gemm_bi_half_tn_regpipe_vec2_sliced_d768_in_discovery-60feb0bb3f389135)

running 1 test
test cuda_suite::ada_f16_tn_regpipe_vec2_sliced_d768_in_scout3_then_once7 ... GPU quiet gate half-tn-regpipe-vec2-sliced/pre-context: uuid=GPU-d1edd7be-e88d-aed6-047d-622163306f0e gpu_util=0% memory_util=0% used=48MiB sm_clock=1800MHz temperature=39C pstate=P5; quiet_samples=5
GPU quiet gate half-tn-regpipe-vec2-sliced/cohort: uuid=GPU-d1edd7be-e88d-aed6-047d-622163306f0e gpu_util=0% memory_util=0% used=534MiB sm_clock=1800MHz temperature=41C pstate=P2; quiet_samples=5
{"schema":"MambaBiHalfTnSlicedResourceV1","arm":"regpipe_vec2_sliced","registers":115,"register_cap":128,"local_bytes":0,"static_shared_bytes":32768,"dynamic_shared_bytes":0,"block_threads":128,"active_ctas":3,"required_active_ctas":3}
{"schema":"MambaBiHalfTnSlicedResourceV1","arm":"retained_regpipe_vec2","registers":125,"register_cap":128,"local_bytes":0,"static_shared_bytes":32768,"dynamic_shared_bytes":0,"block_threads":128,"active_ctas":3,"required_active_ctas":3}
{"schema":"MambaBiHalfTnSlicedBitsV1","case":"d768_in","shape":[2048,768,3072],"alpha_bits":1065353216,"exceptional":false,"candidate_vs_retained_exact":true,"eager_graph_repeats":3,"words":2359296}
{"schema":"MambaBiHalfTnSlicedBitsV1","case":"aligned_tail_negative_alpha","shape":[67,72,72],"alpha_bits":3208642560,"exceptional":false,"candidate_vs_retained_exact":true,"eager_graph_repeats":3,"words":5184}
{"schema":"MambaBiHalfTnSlicedBitsV1","case":"misaligned_tail_negative_alpha","shape":[67,69,71],"alpha_bits":3208642560,"exceptional":false,"candidate_vs_retained_exact":true,"eager_graph_repeats":3,"words":4899}
{"schema":"MambaBiHalfTnSlicedBitsV1","case":"exceptional_full_tile","shape":[64,64,64],"alpha_bits":1065353216,"exceptional":true,"candidate_vs_retained_exact":true,"eager_graph_repeats":3,"words":4096}
{"schema":"MambaBiHalfTnSlicedBitsV1","case":"k0","shape":[0,65,67],"alpha_bits":1065353216,"exceptional":false,"candidate_vs_retained_exact":true,"eager_graph_repeats":3,"words":4355}
{"schema":"MambaBiHalfTnSlicedTimingV1","comparator":"retained_regpipe_vec2","path":"eager","order":"ABBA","windows":3,"window":0,"operations":20,"raw_us":[90.21440148353577, 87.39839792251587, 87.1936023235321, 90.88000059127808],"ratio":1.037243412181556}
{"schema":"MambaBiHalfTnSlicedTimingV1","comparator":"retained_regpipe_vec2","path":"eager","order":"ABBA","windows":3,"window":1,"operations":20,"raw_us":[89.2416000366211, 87.44959831237793, 87.30720281600952, 89.13919925689697],"ratio":1.0207373798429062}
{"schema":"MambaBiHalfTnSlicedTimingV1","comparator":"retained_regpipe_vec2","path":"eager","order":"ABBA","windows":3,"window":2,"operations":20,"raw_us":[89.29280042648315, 87.29599714279175, 87.55199909210205, 89.95839953422546],"ratio":1.0251830379565774}
{"schema":"MambaBiHalfTnSlicedTimingV1","comparator":"retained_regpipe_vec2","path":"eager","order":"BAAB","windows":3,"window":0,"operations":20,"raw_us":[87.09120154380798, 88.37119936943054, 89.29280042648315, 87.39839792251587],"ratio":1.0181924902074322}
{"schema":"MambaBiHalfTnSlicedTimingV1","comparator":"retained_regpipe_vec2","path":"eager","order":"BAAB","windows":3,"window":1,"operations":20,"raw_us":[87.44959831237793, 90.83679914474487, 89.39520120620728, 86.98880076408386],"ratio":1.0332128780427}
{"schema":"MambaBiHalfTnSlicedTimingV1","comparator":"retained_regpipe_vec2","path":"eager","order":"BAAB","windows":3,"window":2,"operations":20,"raw_us":[87.14240193367004, 89.95839953422546, 89.60000276565552, 87.44959831237793],"ratio":1.0284457595241132}
{"schema":"MambaBiHalfTnSlicedTimingV1","comparator":"retained_regpipe_vec2","path":"graph","order":"ABBA","windows":3,"window":0,"operations":20,"raw_us":[89.44640159606934, 87.09120154380798, 86.83519959449768, 89.80479836463928],"ratio":1.0306152417778638}
{"schema":"MambaBiHalfTnSlicedTimingV1","comparator":"retained_regpipe_vec2","path":"graph","order":"ABBA","windows":3,"window":1,"operations":20,"raw_us":[88.98559808731079, 86.78399920463562, 86.73279881477356, 89.95839953422546],"ratio":1.0312776610914638}
{"schema":"MambaBiHalfTnSlicedTimingV1","comparator":"retained_regpipe_vec2","path":"graph","order":"ABBA","windows":3,"window":2,"operations":20,"raw_us":[89.2416000366211, 86.9376003742218, 86.83519959449768, 88.31999897956848],"ratio":1.0218031766084916}
{"schema":"MambaBiHalfTnSlicedTimingV1","comparator":"retained_regpipe_vec2","path":"graph","order":"BAAB","windows":3,"window":0,"operations":20,"raw_us":[86.88639998435974, 88.62720131874084, 90.1632010936737, 86.88639998435974],"ratio":1.0288744984519917}
{"schema":"MambaBiHalfTnSlicedTimingV1","comparator":"retained_regpipe_vec2","path":"graph","order":"BAAB","windows":3,"window":1,"operations":20,"raw_us":[86.63039803504944, 89.85599875450134, 88.6784017086029, 86.88639998435974],"ratio":1.0289170990991536}
{"schema":"MambaBiHalfTnSlicedTimingV1","comparator":"retained_regpipe_vec2","path":"graph","order":"BAAB","windows":3,"window":2,"operations":20,"raw_us":[86.83519959449768, 88.52480053901672, 88.31999897956848, 86.83519959449768],"ratio":1.0182783038699377}
{"schema":"MambaBiHalfTnSlicedScoutDecisionV1","candidate":"regpipe_vec2_sliced","comparator":"retained_regpipe_vec2","windows":3,"threshold":0.99,"strata":[[1.0251830379565774, 1.037243412181556], [1.0284457595241132, 1.0332128780427], [1.0306152417778638, 1.0312776610914638], [1.0288744984519917, 1.0289170990991536]],"pass":false,"decision":"stop_no_retry"}
GPU quiet gate half-tn-regpipe-vec2-sliced/post: uuid=GPU-d1edd7be-e88d-aed6-047d-622163306f0e gpu_util=0% memory_util=0% used=578MiB sm_clock=1800MHz temperature=41C pstate=P2; quiet_samples=5
ok

test result: ok. 1 passed; 0 failed; 0 ignored; 0 measured; 37 filtered out; finished in 103.24s
