   Compiling mamba-rs v0.6.9 (/root/mamba-ada-exact-toolkit-auto-20260907)
warning: struct `FixedCopyPlanQualificationIdentity` is never constructed
    --> src/mamba_ssm/gpu/gemm_bi_triad/dispatch.rs:4854:8
     |
4854 | struct FixedCopyPlanQualificationIdentity {
     |        ^^^^^^^^^^^^^^^^^^^^^^^^^^^^^^^^^^
     |
     = note: `#[warn(dead_code)]` (part of `#[warn(unused)]`) on by default

warning: method `matches` is never used
    --> src/mamba_ssm/gpu/gemm_bi_triad/dispatch.rs:4864:8
     |
4863 | impl FixedCopyPlanQualificationIdentity {
     | --------------------------------------- method in this implementation
4864 |     fn matches(self, facts: ScalarLaunchFacts) -> bool {
     |        ^^^^^^^

warning: constant `FIXED_COPYPLAN_SOURCE_DIGEST` is never used
    --> src/mamba_ssm/gpu/gemm_bi_triad/dispatch.rs:4885:7
     |
4885 | const FIXED_COPYPLAN_SOURCE_DIGEST: [u8; 32] = [
     |       ^^^^^^^^^^^^^^^^^^^^^^^^^^^^

warning: constant `FIXED_COPYPLAN_EVIDENCE_COHORTS` is never used
    --> src/mamba_ssm/gpu/gemm_bi_triad/dispatch.rs:4890:7
     |
4890 | const FIXED_COPYPLAN_EVIDENCE_COHORTS: &[FixedCopyPlanQualificationIdentity] = &[
     |       ^^^^^^^^^^^^^^^^^^^^^^^^^^^^^^^

warning: function `qualified_fixed_copyplan_environment` is never used
    --> src/mamba_ssm/gpu/gemm_bi_triad/dispatch.rs:4953:4
     |
4953 | fn qualified_fixed_copyplan_environment(facts: ScalarLaunchFacts) -> bool {
     |    ^^^^^^^^^^^^^^^^^^^^^^^^^^^^^^^^^^^^

warning: constant `NN_FIXED_COPYPLAN_SM89_CELLS` is never used
    --> src/mamba_ssm/gpu/gemm_bi_triad/dispatch.rs:4962:7
     |
4962 | const NN_FIXED_COPYPLAN_SM89_CELLS: [F32TriadShape; 3] = [
     |       ^^^^^^^^^^^^^^^^^^^^^^^^^^^^

warning: `mamba-rs` (lib) generated 6 warnings
    Finished `release` profile [optimized] target(s) in 45.96s
  Executable tests/gemm_bi_fixed_tf32_n96_discovery.rs (/root/target-ada-exact-toolkit-auto-triad-nt-padded36-two-arm1-cuda132-20260907/release/deps/gemm_bi_fixed_tf32_n96_discovery-77fa7e0a95565ad1)
