   Compiling proc-macro2 v1.0.106
   Compiling unicode-ident v1.0.24
   Compiling quote v1.0.46
   Compiling version_check v0.9.5
   Compiling cfg-if v1.0.4
   Compiling crossbeam-utils v0.8.22
   Compiling serde_core v1.0.228
   Compiling bitflags v2.13.1
   Compiling typenum v1.20.1
   Compiling autocfg v1.5.1
   Compiling libc v0.2.186
   Compiling crossbeam-epoch v0.9.20
   Compiling getrandom v0.4.3
   Compiling zmij v1.0.23
   Compiling rustix v1.1.4
   Compiling crossbeam-deque v0.8.7
   Compiling zerocopy v0.8.54
   Compiling linux-raw-sys v0.12.1
   Compiling serde v1.0.228
   Compiling paste v1.0.15
   Compiling libm v0.2.16
   Compiling rayon-core v1.13.0
   Compiling serde_json v1.0.150
   Compiling foldhash v0.2.0
   Compiling equivalent v1.0.2
   Compiling fastrand v2.4.1
   Compiling itoa v1.0.18
   Compiling once_cell v1.21.4
   Compiling memchr v2.8.3
   Compiling cudarc v0.19.9
   Compiling allocator-api2 v0.2.21
   Compiling either v1.16.0
   Compiling pulp-wasm-simd-flag v0.1.1
   Compiling cpufeatures v0.2.17
   Compiling reborrow v0.5.5
   Compiling libloading v0.9.0
   Compiling raw-cpuid v11.6.0
   Compiling generic-array v0.14.7
   Compiling pulp v0.22.3
   Compiling num-traits v0.2.19
   Compiling syn v2.0.119
   Compiling crypto-common v0.1.7
   Compiling block-buffer v0.10.4
   Compiling digest v0.10.7
   Compiling rayon v1.12.0
   Compiling sha2 v0.10.9
   Compiling tempfile v3.27.0
   Compiling hashbrown v0.16.1
   Compiling bytemuck_derive v1.11.0
   Compiling zerocopy-derive v0.8.54
   Compiling serde_derive v1.0.228
   Compiling bytemuck v1.25.1
   Compiling num-complex v0.4.6
   Compiling safetensors v0.8.0
   Compiling half v2.7.1
   Compiling mamba-rs v0.6.9 (/root/mamba-rs-triad-f16-tn-issue-20260909)
    Finished `release` profile [optimized] target(s) in 42.41s
     Running tests/gemm_bi_half_tn_regpipe_vec2_issue_d768_in_discovery.rs (/root/f16-tn-issue-target-20260909/release/deps/gemm_bi_half_tn_regpipe_vec2_issue_d768_in_discovery-7f2a083ba8c7e630)

running 1 test
test cuda_suite::ada_f16_tn_regpipe_vec2_issue_d768_in_scout3_then_once7 ... GPU quiet gate half-tn-regpipe-vec2-issue/pre-context: uuid=GPU-d1edd7be-e88d-aed6-047d-622163306f0e gpu_util=0% memory_util=0% used=48MiB sm_clock=1800MHz temperature=39C pstate=P5; quiet_samples=5
GPU quiet gate half-tn-regpipe-vec2-issue/cohort: uuid=GPU-d1edd7be-e88d-aed6-047d-622163306f0e gpu_util=0% memory_util=0% used=534MiB sm_clock=1800MHz temperature=41C pstate=P2; quiet_samples=5
{"schema":"MambaBiHalfTnIssueOrderResourceV1","arm":"regpipe_vec2_issue","registers":125,"register_cap":128,"local_bytes":0,"static_shared_bytes":32768,"dynamic_shared_bytes":0,"block_threads":128,"active_ctas":3,"required_active_ctas":3}
{"schema":"MambaBiHalfTnIssueOrderResourceV1","arm":"retained_regpipe_vec2","registers":125,"register_cap":128,"local_bytes":0,"static_shared_bytes":32768,"dynamic_shared_bytes":0,"block_threads":128,"active_ctas":3,"required_active_ctas":3}
{"schema":"MambaBiHalfTnIssueOrderBitsV1","case":"d768_in","shape":[2048,768,3072],"alpha_bits":1065353216,"exceptional":false,"candidate_vs_retained_exact":true,"eager_graph_repeats":3,"words":2359296}
{"schema":"MambaBiHalfTnIssueOrderBitsV1","case":"aligned_tail_negative_alpha","shape":[67,72,72],"alpha_bits":3208642560,"exceptional":false,"candidate_vs_retained_exact":true,"eager_graph_repeats":3,"words":5184}
{"schema":"MambaBiHalfTnIssueOrderBitsV1","case":"misaligned_tail_negative_alpha","shape":[67,69,71],"alpha_bits":3208642560,"exceptional":false,"candidate_vs_retained_exact":true,"eager_graph_repeats":3,"words":4899}
{"schema":"MambaBiHalfTnIssueOrderBitsV1","case":"exceptional_full_tile","shape":[64,64,64],"alpha_bits":1065353216,"exceptional":true,"candidate_vs_retained_exact":true,"eager_graph_repeats":3,"words":4096}
{"schema":"MambaBiHalfTnIssueOrderBitsV1","case":"k0","shape":[0,65,67],"alpha_bits":1065353216,"exceptional":false,"candidate_vs_retained_exact":true,"eager_graph_repeats":3,"words":4355}
{"schema":"MambaBiHalfTnIssueOrderTimingV1","comparator":"retained_regpipe_vec2","path":"eager","order":"ABBA","windows":3,"window":0,"operations":20,"raw_us":[87.1936023235321, 87.44959831237793, 87.04000115394592, 87.29599714279175],"ratio":1}
{"schema":"MambaBiHalfTnIssueOrderTimingV1","comparator":"retained_regpipe_vec2","path":"eager","order":"ABBA","windows":3,"window":1,"operations":20,"raw_us":[87.24480271339417, 87.24480271339417, 87.34719753265381, 87.39839792251587],"ratio":1.0002932573645409}
{"schema":"MambaBiHalfTnIssueOrderTimingV1","comparator":"retained_regpipe_vec2","path":"eager","order":"ABBA","windows":3,"window":2,"operations":20,"raw_us":[87.04000115394592, 87.24480271339417, 87.39839792251587, 87.34719753265381],"ratio":0.9985341430506418}
{"schema":"MambaBiHalfTnIssueOrderTimingV1","comparator":"retained_regpipe_vec2","path":"eager","order":"BAAB","windows":3,"window":0,"operations":20,"raw_us":[87.20319867134094, 87.34719753265381, 87.29919791221619, 87.34719753265381],"ratio":1.0005499800800397}
{"schema":"MambaBiHalfTnIssueOrderTimingV1","comparator":"retained_regpipe_vec2","path":"eager","order":"BAAB","windows":3,"window":1,"operations":20,"raw_us":[87.09920048713684, 87.34719753265381, 87.1936023235321, 87.50079870223999],"ratio":0.999660943107298}
{"schema":"MambaBiHalfTnIssueOrderTimingV1","comparator":"retained_regpipe_vec2","path":"eager","order":"BAAB","windows":3,"window":2,"operations":20,"raw_us":[87.14240193367004, 87.39839792251587, 87.24480271339417, 87.30720281600952],"ratio":1.0011097525070822}
{"schema":"MambaBiHalfTnIssueOrderTimingV1","comparator":"retained_regpipe_vec2","path":"graph","order":"ABBA","windows":3,"window":0,"operations":20,"raw_us":[86.9376003742218, 86.9376003742218, 86.88639998435974, 86.9376003742218],"ratio":1.0002945530522622}
{"schema":"MambaBiHalfTnIssueOrderTimingV1","comparator":"retained_regpipe_vec2","path":"graph","order":"ABBA","windows":3,"window":1,"operations":20,"raw_us":[86.63039803504944, 86.78399920463562, 87.04000115394592, 86.9376003742218],"ratio":0.9985272347386885}
{"schema":"MambaBiHalfTnIssueOrderTimingV1","comparator":"retained_regpipe_vec2","path":"graph","order":"ABBA","windows":3,"window":2,"operations":20,"raw_us":[86.78399920463562, 87.04000115394592, 86.63039803504944, 86.83519959449768],"ratio":0.9997051864330297}
{"schema":"MambaBiHalfTnIssueOrderTimingV1","comparator":"retained_regpipe_vec2","path":"graph","order":"BAAB","windows":3,"window":0,"operations":20,"raw_us":[86.73279881477356, 86.98880076408386, 86.63039803504944, 86.83519959449768],"ratio":1.0002949874996043}
{"schema":"MambaBiHalfTnIssueOrderTimingV1","comparator":"retained_regpipe_vec2","path":"graph","order":"BAAB","windows":3,"window":1,"operations":20,"raw_us":[86.57919764518738, 86.73279881477356, 86.9376003742218, 86.83519959449768],"ratio":1.001476243918528}
{"schema":"MambaBiHalfTnIssueOrderTimingV1","comparator":"retained_regpipe_vec2","path":"graph","order":"BAAB","windows":3,"window":2,"operations":20,"raw_us":[86.9376003742218, 86.83519959449768, 86.6815984249115, 86.78399920463562],"ratio":0.9988210932898113}
{"schema":"MambaBiHalfTnIssueOrderScoutDecisionV1","candidate":"regpipe_vec2_issue","comparator":"retained_regpipe_vec2","windows":3,"threshold":0.99,"strata":[[1.0, 1.0002932573645409], [1.0005499800800397, 1.0011097525070822], [0.9997051864330297, 1.0002945530522622], [1.0002949874996043, 1.001476243918528]],"pass":false,"decision":"stop_no_retry"}
GPU quiet gate half-tn-regpipe-vec2-issue/post: uuid=GPU-d1edd7be-e88d-aed6-047d-622163306f0e gpu_util=0% memory_util=0% used=578MiB sm_clock=1800MHz temperature=41C pstate=P2; quiet_samples=5
ok

test result: ok. 1 passed; 0 failed; 0 ignored; 0 measured; 35 filtered out; finished in 117.80s
