    Finished `release` profile [optimized] target(s) in 0.11s
     Running tests/f32_training_graph_parity.rs (/root/target-sm120-final-sweep-cuda132/release/deps/f32_training_graph_parity-4c90e5a5ba22435d)

running 21 tests
test common::evidence::tests::append_open_does_not_block_or_accept_a_fifo ... ok
test common::evidence::tests::bad_parent_directory_is_an_error ... ok
test common::evidence::tests::concurrent_threads_append_complete_rows ... ok
test common::evidence::tests::device_targets_are_rejected ... ok
test common::evidence::tests::directory_targets_are_rejected ... ok
test common::evidence::tests::fifo_targets_are_rejected_without_opening ... ok
test common::evidence::tests::full_device_is_rejected ... ok
test common::evidence::tests::missing_and_empty_paths_are_inert ... ok
test common::evidence::tests::non_unicode_paths_are_preserved ... ok
test common::evidence::tests::opened_handle_must_be_regular ... ok
test common::evidence::tests::records_append_as_exact_tsv_rows ... ok
test common::evidence::tests::short_writes_are_errors_and_never_retried ... ok
test common::evidence::tests::socket_targets_are_rejected ... ok
test common::gpu_quiet::tests::compute_process_parser_fails_closed ... ok
test common::gpu_quiet::tests::formats_cuda_uuid_for_exact_nvml_selection ... ok
test common::gpu_quiet::tests::idle_resident_telemetry_requires_compute_memory_and_free_fields ... ok
test common::gpu_quiet::tests::live_cuda_ordinal_and_nvml_uuid_are_identical ... ignored, requires CUDA device 0 and nvidia-smi
test common::gpu_quiet::tests::parses_one_exact_gpu_telemetry_row ... ok
test common::gpu_quiet::tests::quiet_sample_rejects_utilization_memory_and_competing_processes ... ok
test m1_f32_training_graph_matches_eager ... M1 f32 graph: max_err norm_f=0.000e0 in_proj=0.000e0
mamba-rs WARNING: GEMM route changed after graph capture; replay will reject it
ok
test m3_f32_training_graph_matches_eager ... M3 f32 graph: max_err norm_f=0.000e0 in_proj=0.000e0
ok

test result: ok. 20 passed; 0 failed; 1 ignored; 0 measured; 0 filtered out; finished in 53.87s

