    Finished `release` profile [optimized] target(s) in 0.12s
     Running tests/gemm_bi_tf32_cohort_binding.rs (/root/target-sm120-final-sweep-cuda128/release/deps/gemm_bi_tf32_cohort_binding-4c27c0876a04f486)

running 1 test
test tf32_cohort_binds_on_this_board ... SM120 current cohort nn_d768_in_proj Nn (2048, 768, 3072) bits=97d0a91d1e8aff58ac2e7dbf2c88dc62603a94fa91dda222b317e2a317f8e835
SM120 current cohort tn_d768_in_proj Tn (2048, 768, 3072) bits=68cb074e217d0c1a8a93f1b35251d56030ac1b5a152887af15895589e2d4f744
SM120 current cohort nt_d768_in_proj Nt (2048, 768, 3072) bits=82d93f906b657ee349ba52811b41cf1a1feb8a70e7ebd03f15bccebb612ee877
SM120 current cohort nn_d768_out_proj Nn (2048, 1536, 768) bits=576b7a491d15a7c9d7de210c525a7a19144a93c085a016fb1ef117c097f89c8b
SM120 current cohort tn_d768_out_proj Tn (2048, 1536, 768) bits=581c94b13f1250522802fc838d2f4687b376ff6828b37196c2a9ee62bf365b31
SM120 current cohort nt_d768_out_proj Nt (2048, 1536, 768) bits=ec280b90bcd45ab6e4eec49cf4f952ea94e006600d74e3e879c6051f097afffc
SM120 current cohort nn_prism_in_proj Nn (4621, 384, 1928) bits=68e9eea937c325363ab504357d75fed0f62093810eddf47f996374aa3a8a5e3e
SM120 current cohort tn_prism_in_proj Tn (4621, 384, 1928) bits=d218720272fca4e8fc93ad696dc5004dcfa831b0d03e1242d9a3a45eecfd7052
SM120 current cohort nt_prism_in_proj Nt (4621, 384, 1928) bits=298c92829bcc9c79020a279736db186bf810e93cc2dff7d25309beb173ca7c7b
SM120 current cohort nn_large_deep Nn (4096, 3072, 1536) bits=4b4681cafc80215ebdc2cc5f264f2d54810aec183aa3639a245724b47effde21
SM120 current cohort tn_large_deep Tn (4096, 3072, 1536) bits=6e16e3a21769658daa62811f2ddcc0233a0f73e48c975b253f266ee40ad59151
SM120 current cohort nt_large_deep Nt (4096, 3072, 1536) bits=ce74413591c137e9c64c67b1f5c6598262d2dee8c5e6653eafd8ac7c82775c15
SM120 current cohort nn_large Nn (2048, 3072, 768) bits=d639fddf9b82bd81393fea62330463499ac153a7d79c13a6c0cf1c59566e2306
SM120 current cohort tn_large Tn (2048, 3072, 768) bits=708e4e563445cf509dfe9056a6ad7c09ba489f369b8d595366d5fee59f459ddb
SM120 current cohort nt_large Nt (2048, 3072, 768) bits=f51e17213dcc20417a85dda543cc3e69fa420847f4783bb32ce82fab6cf3a06f
SM120 current cohort nn_d128_in_proj Nn (1024, 128, 512) bits=27c52a6b2f9b043502b2ded291511d52316e79c5111613c1a97e86277be42b27
SM120 current cohort tn_d128_in_proj Tn (1024, 128, 512) bits=2cc09d16ebcc2c9c45849a5cec032ceab738c3424fbd5355e18b4e8fc7370d07
SM120 current cohort nt_d128_in_proj Nt (1024, 128, 512) bits=9958cd7d98572498e846e1cfe421f83b99090e3867a9980636b7596bbe8d6e16
SM120 current cohort tn_d128_out_proj Tn (1024, 256, 128) bits=b4729e3d05d7d781f3625c83b193fa91eb3e1f3919eb3aa797c2233561eda252
SM120 current cohort nn_batch_in_proj Nn (10400, 384, 1536) bits=5eb04d993698d911692639f04a7d253bd0b95c0c8817d242319a629dbbed5220
SM120 current cohort tn_m8192_k128_n128 Tn (8192, 128, 128) bits=e6be4e2de831d4d8326b2e8bc12e1f18063a895a4e18b12c1cc644f20feb0798
SM120 current cohort nt_split_candidate Nt (128, 8192, 128) bits=5b9c7d1dcd1fe121caa47d32c70498b2c33b25aba0148a352c35842e64cb3fa4
SM120 current cohort nt_batch_in_proj Nt (10400, 384, 1536) bits=7b9df55a0587a57aca26bba7022c827c3524032383a43687faa5ded13ee48409
SM120 current cohort tn_underfill Tn (256, 512, 384) bits=9aa1cf801bae794cd4a812b4d0f08da74b2e313909e6ec5029f5cb1fdb38a372
ok

test result: ok. 1 passed; 0 failed; 0 ignored; 0 measured; 10 filtered out; finished in 16.94s

