internal/perf/ada-half-s3-force-20260907/analyze-artifact.py: OK
internal/perf/ada-half-s3-force-20260907/analyze-artifact.rb: OK
internal/perf/ada-half-s3-force-20260907/archive-cuda128-final.log: OK
internal/perf/ada-half-s3-force-20260907/archive-cuda128-first.log: OK
internal/perf/ada-half-s3-force-20260907/archive-cuda130-final.log: OK
internal/perf/ada-half-s3-force-20260907/archive-cuda132-final.log: OK
internal/perf/ada-half-s3-force-20260907/archive-verification-first.log: OK
internal/perf/ada-half-s3-force-20260907/archive-verification.json: OK
internal/perf/ada-half-s3-force-20260907/body-equivalence.log: OK
internal/perf/ada-half-s3-force-20260907/build-final-cuda130.log: OK
internal/perf/ada-half-s3-force-20260907/build-final-cuda132.log: OK
internal/perf/ada-half-s3-force-20260907/build-first-cuda130.log: OK
internal/perf/ada-half-s3-force-20260907/build-first-cuda132.log: OK
internal/perf/ada-half-s3-force-20260907/cuda128-attempt1/cold.log: OK
internal/perf/ada-half-s3-force-20260907/cuda128-attempt1/compile-sm89.log: OK
internal/perf/ada-half-s3-force-20260907/cuda128-attempt1/force-static.log: OK
internal/perf/ada-half-s3-force-20260907/cuda128-attempt1/half-full.log: OK
internal/perf/ada-half-s3-force-20260907/cuda128-attempt1/identity.log: OK
internal/perf/ada-half-s3-force-20260907/cuda128-attempt1/library.log: OK
internal/perf/ada-half-s3-force-20260907/cuda128-attempt1/retained-exact.log: OK
internal/perf/ada-half-s3-force-20260907/cuda128-attempt1/retained-rna.log: OK
internal/perf/ada-half-s3-force-20260907/cuda128-attempt1/source.log: OK
internal/perf/ada-half-s3-force-20260907/cuda128-attempt1/warm.log: OK
internal/perf/ada-half-s3-force-20260907/cuda128-continuation1/artifact-proof.log: OK
internal/perf/ada-half-s3-force-20260907/cuda128-continuation1/eager-physical.log: OK
internal/perf/ada-half-s3-force-20260907/cuda128-continuation1/fixed.cubin: OK
internal/perf/ada-half-s3-force-20260907/cuda128-continuation1/fixed.ptx: OK
internal/perf/ada-half-s3-force-20260907/cuda128-continuation1/identities-final.log: OK
internal/perf/ada-half-s3-force-20260907/cuda128-continuation1/identity.log: OK
internal/perf/ada-half-s3-force-20260907/cuda128-continuation1/ptxas.log: OK
internal/perf/ada-half-s3-force-20260907/cuda128-continuation1/resources.log: OK
internal/perf/ada-half-s3-force-20260907/cuda128-continuation1/retained-exact.log: OK
internal/perf/ada-half-s3-force-20260907/cuda128-continuation1/sanitizer-binary.log: OK
internal/perf/ada-half-s3-force-20260907/cuda128-continuation1/sanitizer-memcheck.log: OK
internal/perf/ada-half-s3-force-20260907/cuda128-continuation1/sanitizer-racecheck.log: OK
internal/perf/ada-half-s3-force-20260907/cuda128-continuation1/sanitizer-synccheck.log: OK
internal/perf/ada-half-s3-force-20260907/cuda128-continuation1/sass.log: OK
internal/perf/ada-half-s3-force-20260907/cuda128-final-binaries-cache-v2.tar.gz: OK
internal/perf/ada-half-s3-force-20260907/cuda128-final-binaries-cache.tar.gz: OK
internal/perf/ada-half-s3-force-20260907/cuda130-attempt1/artifact-proof.log: OK
internal/perf/ada-half-s3-force-20260907/cuda130-attempt1/cold.log: OK
internal/perf/ada-half-s3-force-20260907/cuda130-attempt1/compile-sm89.log: OK
internal/perf/ada-half-s3-force-20260907/cuda130-attempt1/eager-physical.log: OK
internal/perf/ada-half-s3-force-20260907/cuda130-attempt1/fixed.cubin: OK
internal/perf/ada-half-s3-force-20260907/cuda130-attempt1/fixed.ptx: OK
internal/perf/ada-half-s3-force-20260907/cuda130-attempt1/force-static.log: OK
internal/perf/ada-half-s3-force-20260907/cuda130-attempt1/half-full.log: OK
internal/perf/ada-half-s3-force-20260907/cuda130-attempt1/identities-final.log: OK
internal/perf/ada-half-s3-force-20260907/cuda130-attempt1/identity.log: OK
internal/perf/ada-half-s3-force-20260907/cuda130-attempt1/library.log: OK
internal/perf/ada-half-s3-force-20260907/cuda130-attempt1/ptxas.log: OK
internal/perf/ada-half-s3-force-20260907/cuda130-attempt1/resources.log: OK
internal/perf/ada-half-s3-force-20260907/cuda130-attempt1/retained-exact.log: OK
internal/perf/ada-half-s3-force-20260907/cuda130-attempt1/retained-rna.log: OK
internal/perf/ada-half-s3-force-20260907/cuda130-attempt1/sanitizer-binary.log: OK
internal/perf/ada-half-s3-force-20260907/cuda130-attempt1/sanitizer-memcheck.log: OK
internal/perf/ada-half-s3-force-20260907/cuda130-attempt1/sanitizer-racecheck.log: OK
internal/perf/ada-half-s3-force-20260907/cuda130-attempt1/sanitizer-synccheck.log: OK
internal/perf/ada-half-s3-force-20260907/cuda130-attempt1/sass.log: OK
internal/perf/ada-half-s3-force-20260907/cuda130-attempt1/source.log: OK
internal/perf/ada-half-s3-force-20260907/cuda130-attempt1/warm.log: OK
internal/perf/ada-half-s3-force-20260907/cuda130-final-binaries-cache.tar.gz: OK
internal/perf/ada-half-s3-force-20260907/cuda132-attempt1/artifact-proof.log: OK
internal/perf/ada-half-s3-force-20260907/cuda132-attempt1/cold.log: OK
internal/perf/ada-half-s3-force-20260907/cuda132-attempt1/compile-sm89.log: OK
internal/perf/ada-half-s3-force-20260907/cuda132-attempt1/eager-physical.log: OK
internal/perf/ada-half-s3-force-20260907/cuda132-attempt1/fixed.cubin: OK
internal/perf/ada-half-s3-force-20260907/cuda132-attempt1/fixed.ptx: OK
internal/perf/ada-half-s3-force-20260907/cuda132-attempt1/force-static.log: OK
internal/perf/ada-half-s3-force-20260907/cuda132-attempt1/half-full.log: OK
internal/perf/ada-half-s3-force-20260907/cuda132-attempt1/identities-final.log: OK
internal/perf/ada-half-s3-force-20260907/cuda132-attempt1/identity.log: OK
internal/perf/ada-half-s3-force-20260907/cuda132-attempt1/library.log: OK
internal/perf/ada-half-s3-force-20260907/cuda132-attempt1/ptxas.log: OK
internal/perf/ada-half-s3-force-20260907/cuda132-attempt1/resources.log: OK
internal/perf/ada-half-s3-force-20260907/cuda132-attempt1/retained-bias-cohort.log: OK
internal/perf/ada-half-s3-force-20260907/cuda132-attempt1/retained-cohort.log: OK
internal/perf/ada-half-s3-force-20260907/cuda132-attempt1/retained-exact.log: OK
internal/perf/ada-half-s3-force-20260907/cuda132-attempt1/retained-rna.log: OK
internal/perf/ada-half-s3-force-20260907/cuda132-attempt1/retained-tf32-c.log: OK
internal/perf/ada-half-s3-force-20260907/cuda132-attempt1/sanitizer-binary.log: OK
internal/perf/ada-half-s3-force-20260907/cuda132-attempt1/sanitizer-memcheck.log: OK
internal/perf/ada-half-s3-force-20260907/cuda132-attempt1/sanitizer-racecheck.log: OK
internal/perf/ada-half-s3-force-20260907/cuda132-attempt1/sanitizer-synccheck.log: OK
internal/perf/ada-half-s3-force-20260907/cuda132-attempt1/sass.log: OK
internal/perf/ada-half-s3-force-20260907/cuda132-attempt1/source.log: OK
internal/perf/ada-half-s3-force-20260907/cuda132-attempt1/triad-sm120-generic.log: OK
internal/perf/ada-half-s3-force-20260907/cuda132-attempt1/triad-sm120.log: OK
internal/perf/ada-half-s3-force-20260907/cuda132-attempt1/warm.log: OK
internal/perf/ada-half-s3-force-20260907/cuda132-final-binaries-cache.tar.gz: OK
internal/perf/ada-half-s3-force-20260907/extract-identity.rb: OK
internal/perf/ada-half-s3-force-20260907/final-report.md: OK
internal/perf/ada-half-s3-force-20260907/final-triad-cache-byte-equivalence.log: OK
internal/perf/ada-half-s3-force-20260907/final-v1.diff: OK
internal/perf/ada-half-s3-force-20260907/first-live-cuda128.log: OK
internal/perf/ada-half-s3-force-20260907/first-live-cuda130-132.log: OK
internal/perf/ada-half-s3-force-20260907/green-first.log: OK
internal/perf/ada-half-s3-force-20260907/identity-cuda128.json: OK
internal/perf/ada-half-s3-force-20260907/identity-cuda130.json: OK
internal/perf/ada-half-s3-force-20260907/identity-cuda132.json: OK
internal/perf/ada-half-s3-force-20260907/lane-release.log: OK
internal/perf/ada-half-s3-force-20260907/matrix-cuda128-attempt1.log: OK
internal/perf/ada-half-s3-force-20260907/matrix-cuda128-continuation1.log: OK
internal/perf/ada-half-s3-force-20260907/matrix-cuda130-attempt1.log: OK
internal/perf/ada-half-s3-force-20260907/matrix-cuda132-attempt1.log: OK
internal/perf/ada-half-s3-force-20260907/preflight-final.log: OK
internal/perf/ada-half-s3-force-20260907/red.log: OK
internal/perf/ada-half-s3-force-20260907/reviewfix-k-boundary-green.log: OK
internal/perf/ada-half-s3-force-20260907/reviewfix-k-boundary-red.log: OK
internal/perf/ada-half-s3-force-20260907/run-continuation128.sh: OK
internal/perf/ada-half-s3-force-20260907/run-toolkit-initial.sh: OK
internal/perf/ada-half-s3-force-20260907/run-toolkit.sh: OK
internal/perf/ada-half-s3-force-20260907/source-final-v1.tar.gz: OK
internal/perf/ada-half-s3-force-20260907/source-final-v2.tar.gz: OK
internal/perf/ada-half-s3-force-20260907/source-stable-seven.sha256: OK
internal/perf/ada-half-s3-force-20260907/source-stable-verify.log: OK
internal/perf/ada-half-s3-force-20260907/triad-cache-byte-equivalence.log: OK
internal/perf/ada-half-s3-force-20260907/unchanged-old-cuda-v2.json: OK
internal/perf/ada-half-s3-force-20260907/unchanged-old-cuda.json: OK
internal/perf/ada-half-s3-force-20260907/verify-archives.py: OK
internal/perf/ada-half-s3-force-20260907/wire-tests.rb: OK
internal/perf/ada-half-s3-force-20260907/wire.rb: OK
