2026-09-07T02:31:23Z
COMMAND bash COMMAND -euo COMMAND pipefail COMMAND -c COMMAND hostname\;\ echo\ EXIT_hostname=0\;\ date\ -u\;\ echo\ EXIT_date=0\;\ nvidia-smi\ -q\;\ echo\ EXIT_nvidia_smi=0\;\ nvcc\ --version\;\ echo\ EXIT_nvcc=0\;\ rustc\ -Vv\;\ echo\ EXIT_rustc=0\;\ cargo\ -V\;\ echo\ EXIT_cargo=0\;\ sha256sum\ \"\$CUDA_HOME/bin/ptxas\"\;\ echo\ EXIT_ptxas_hash=0\;\ shopt\ -s\ nullglob\;\ libs=\(\"\$CUDA_HOME\"/targets/x86_64-linux/lib/libnvrtc.so.\*\)\;\ test\ \$\{#libs\[@\]\}\ -ge\ 1\;\ sha256sum\ \"\$\{libs\[@\]\}\"\;\ echo\ EXIT_nvrtc_hashes=0 
EXIT identity 0
EXIT_rustc=0
cargo 1.98.1 (797e8a9bc 2026-08-05)
EXIT_cargo=0
c960a4f238b17d5c5d3c01ad2bbc1ebd2c5aecc459cb4d223bff10b45f9b8fca  /usr/local/cuda-12.8/bin/ptxas
EXIT_ptxas_hash=0
2bb82d1a34b9fefa46aca357299aed66763d4d6613d015d5a591224c00fa7e5a  /usr/local/cuda-12.8/targets/x86_64-linux/lib/libnvrtc.so.12
2bb82d1a34b9fefa46aca357299aed66763d4d6613d015d5a591224c00fa7e5a  /usr/local/cuda-12.8/targets/x86_64-linux/lib/libnvrtc.so.12.8.93
EXIT_nvrtc_hashes=0
2026-09-07T02:31:23Z
COMMAND cargo COMMAND test COMMAND --release COMMAND --features COMMAND cuda\,cudarc/cuda-12080 COMMAND --test COMMAND gemm_bi_fixed_sm89_exact_n64 COMMAND -- COMMAND --include-ignored COMMAND --skip COMMAND fixed_sm89_exact_n64_auto_prefix_view_graph_bits COMMAND --test-threads=1 COMMAND --nocapture 
EXIT retained-exact 0
{"record":"FixedSm89ExactN64ForcePreflightV1","dims_mkn":[17,65,131],"three_incumbents_eager_graph_raw":true,"independent_cpu_reference":true,"public_force":true}
{"record":"FixedSm89ExactN64CorrectnessV1","dtype":"f32","op":"nn","requested":"F32Sm89N64CopyPlan","actual":"gemm_bi_nn_fixed_sm89_f32_n64_copyplan_v1","dims_mkn":[17,65,131],"strides_lda_ldb_ldc":[65,131,131],"storage_rows":34,"row_view":17,"float_offsets_abc":[0,0,3],"bias":true,"alpha_bits":1065353216,"beta_bits":0,"corpus":"Signed","public_force":true,"full_raw_bits":true,"cpu_numeric":true,"eager_repeats":3,"captured_replays":2,"guards":true,"input_immutability":true}
{"record":"FixedSm89ExactN64ForcePreflightV1","dims_mkn":[17,96,136],"three_incumbents_eager_graph_raw":true,"independent_cpu_reference":false,"public_force":true}
{"record":"FixedSm89ExactN64CorrectnessV1","dtype":"f32","op":"nn","requested":"F32Sm89N64CopyPlan","actual":"gemm_bi_nn_fixed_sm89_f32_n64_copyplan_v1","dims_mkn":[17,96,136],"strides_lda_ldb_ldc":[96,136,136],"storage_rows":17,"row_view":0,"float_offsets_abc":[0,0,0],"bias":true,"alpha_bits":1065353216,"beta_bits":0,"corpus":"Mixed","public_force":true,"full_raw_bits":true,"cpu_numeric":false,"eager_repeats":3,"captured_replays":2,"guards":true,"input_immutability":true}
ok

test result: ok. 5 passed; 0 failed; 0 ignored; 0 measured; 1 filtered out; finished in 10.83s

2026-09-07T02:31:35Z
COMMAND env COMMAND MAMBA_FIXED_ADA_VENDOR=1 COMMAND MAMBA_FIXED_VENDOR_EXACT_CC=8.9 COMMAND MAMBA_FIXED_ADA_ROWS=bf16\,f16 COMMAND MAMBA_FIXED_ADA_CELLS=hot_a COMMAND MAMBA_FIXED_ADA_BIAS=0\,1 COMMAND MAMBA_FIXED_ADA_WINDOWS=1 COMMAND MAMBA_FIXED_VENDOR_TILES=Tc128Sm89S3 COMMAND MAMBA_FIXED_VENDOR_PATHS=eager COMMAND cargo COMMAND test COMMAND --release COMMAND --features COMMAND cuda\,cudarc/cuda-12080 COMMAND --test COMMAND gemm_bi_fixed_performance COMMAND fixed_ada_forced_rungs_paired_precision_cublas COMMAND -- COMMAND --ignored COMMAND --exact COMMAND --nocapture 
EXIT eager-physical 0
{"schema":"MambaBiFixedExplicitForcedRungV2","cc":"8.9","sm_count":142,"nvrtc":[12,8],"compiler_target":"CudaTarget { bytes: [115, 109, 95, 56, 57, 0, 0, 0, 0, 0, 0, 0, 0, 0, 0, 0], len: 5 }","fixed_source_digest":"205f58b56429b8e74f3ac1e7ab9f0cf6a9bf193ffeb87b254bd3ab00e6b02ca5","fixed_invocation_digest":"57c3e4f2177104f137d432f19398a4a36799aca4c264634a1ab25d17dbf422ba","fixed_artifact_digest":"60977db33de28d807ac7dd3dafe2d176914f7b7eab589917a47988050712352c","header_manifest_digest":"93da3d651789a26680b5af0ad03008c21ddcef2fa256d5439994b16442cde0ab","nvrtc_library_domain":"26b0a3a02044ffcbc1693fd83e9261beffa692a4fbcfe3ac5e9d8c87980bb155","nvrtc_library_known":true,"row":"f16","cell":"hot_a","m":4621,"k":384,"n":1928,"tuning_table_revision":42,"dtype":"f16","input_dtype":"f16","output_dtype":"f16","auto_tile":"Tc128Sm89Pipeline","forced_tile":"Tc128Sm89S3","op":"nn","path":"eager","graphs":{"auto":{"node_count":1,"non_kernel_nodes":0,"kernels":[{"symbol":"gemm_bi_nn_fixed_sm89_tc128_pipeline_v1_f16","grid":[592,1,1],"block":[256,1,1],"shared_bytes":71680}]},"forced":{"node_count":1,"non_kernel_nodes":0,"kernels":[{"symbol":"gemm_bi_nn_fixed_sm89_tc128_s3_v1_f16","grid":[592,1,1],"block":[256,1,1],"shared_bytes":98304}]},"vendor":null},"graph_replay_bits_equal":false,"raw_storage_bits_equal":true,"vendor_repeat_bits_equal":true,"timing":"cuda_events","alpha":1,"beta":0,"bias":false,"vendor_gemm_beta":0,"vendor_bias_broadcast_timed":false,"vendor_comparator":"CUBLAS_COMPUTE_32F","normalized_error_tolerance":0.0025,"custom_normalized_error_tolerance":0.0025,"vendor_normalized_error_tolerance":0.0025,"vendor_compute":"CUBLAS_COMPUTE_32F","reference_compute":"CUBLAS_COMPUTE_32F_PEDANTIC","reference_output_dtype":"f32","auto_bits_equal":true,"repeat_bits_equal":true,"auto_normalized_error":0.00037455624448934127,"forced_normalized_error":0.00037455624448934127,"vendor_normalized_error":0.00037455624448934127,"order":"vendor_forced_auto","windows":1,"auto_iterations":78,"forced_iterations":83,"vendor_iterations":66,"auto_p50_us":63.921231489915115,"forced_p50_us":59.724721563867774,"vendor_p50_us":75.15054760557233,"forced_over_auto_p50":0.9343487315836613,"forced_over_auto_p95":0.9343487315836613,"forced_over_vendor_p50":0.7947343494731801,"forced_over_vendor_p95":0.7947343494731801,"auto_samples_us":[63.921231489915115],"forced_samples_us":[59.724721563867774],"vendor_samples_us":[75.15054760557233]}
{"schema":"MambaBiFixedExplicitForcedRungV2","cc":"8.9","sm_count":142,"nvrtc":[12,8],"compiler_target":"CudaTarget { bytes: [115, 109, 95, 56, 57, 0, 0, 0, 0, 0, 0, 0, 0, 0, 0, 0], len: 5 }","fixed_source_digest":"205f58b56429b8e74f3ac1e7ab9f0cf6a9bf193ffeb87b254bd3ab00e6b02ca5","fixed_invocation_digest":"57c3e4f2177104f137d432f19398a4a36799aca4c264634a1ab25d17dbf422ba","fixed_artifact_digest":"60977db33de28d807ac7dd3dafe2d176914f7b7eab589917a47988050712352c","header_manifest_digest":"93da3d651789a26680b5af0ad03008c21ddcef2fa256d5439994b16442cde0ab","nvrtc_library_domain":"26b0a3a02044ffcbc1693fd83e9261beffa692a4fbcfe3ac5e9d8c87980bb155","nvrtc_library_known":true,"row":"f16","cell":"hot_a","m":4621,"k":384,"n":1928,"tuning_table_revision":42,"dtype":"f16","input_dtype":"f16","output_dtype":"f16","auto_tile":"Tc128Sm89Pipeline","forced_tile":"Tc128Sm89S3","op":"nn","path":"eager","graphs":{"auto":{"node_count":1,"non_kernel_nodes":0,"kernels":[{"symbol":"gemm_bi_nn_fixed_sm89_tc128_pipeline_v1_f16","grid":[592,1,1],"block":[256,1,1],"shared_bytes":71680}]},"forced":{"node_count":1,"non_kernel_nodes":0,"kernels":[{"symbol":"gemm_bi_nn_fixed_sm89_tc128_s3_v1_f16","grid":[592,1,1],"block":[256,1,1],"shared_bytes":98304}]},"vendor":null},"graph_replay_bits_equal":false,"raw_storage_bits_equal":true,"vendor_repeat_bits_equal":true,"timing":"cuda_events","alpha":1,"beta":0,"bias":true,"vendor_gemm_beta":1,"vendor_bias_broadcast_timed":true,"vendor_comparator":"CUBLAS_COMPUTE_32F","normalized_error_tolerance":0.0025,"custom_normalized_error_tolerance":0.0025,"vendor_normalized_error_tolerance":0.0025,"vendor_compute":"CUBLAS_COMPUTE_32F","reference_compute":"CUBLAS_COMPUTE_32F_PEDANTIC","reference_output_dtype":"f32","auto_bits_equal":true,"repeat_bits_equal":true,"auto_normalized_error":0.0004287406634884601,"forced_normalized_error":0.0004287406634884601,"vendor_normalized_error":0.0004287406634884601,"order":"auto_forced_vendor","windows":1,"auto_iterations":73,"forced_iterations":76,"vendor_iterations":45,"auto_p50_us":68.4256423009585,"forced_p50_us":61.62863028676886,"vendor_p50_us":109.09013748168945,"forced_over_auto_p50":0.9006657184992997,"forced_over_auto_p95":0.9006657184992997,"forced_over_vendor_p50":0.5649331067816565,"forced_over_vendor_p95":0.5649331067816565,"auto_samples_us":[68.4256423009585],"forced_samples_us":[61.62863028676886],"vendor_samples_us":[109.09013748168945]}
{"schema":"MambaBiFixedExplicitForcedRungV2","cc":"8.9","sm_count":142,"nvrtc":[12,8],"compiler_target":"CudaTarget { bytes: [115, 109, 95, 56, 57, 0, 0, 0, 0, 0, 0, 0, 0, 0, 0, 0], len: 5 }","fixed_source_digest":"205f58b56429b8e74f3ac1e7ab9f0cf6a9bf193ffeb87b254bd3ab00e6b02ca5","fixed_invocation_digest":"57c3e4f2177104f137d432f19398a4a36799aca4c264634a1ab25d17dbf422ba","fixed_artifact_digest":"60977db33de28d807ac7dd3dafe2d176914f7b7eab589917a47988050712352c","header_manifest_digest":"93da3d651789a26680b5af0ad03008c21ddcef2fa256d5439994b16442cde0ab","nvrtc_library_domain":"26b0a3a02044ffcbc1693fd83e9261beffa692a4fbcfe3ac5e9d8c87980bb155","nvrtc_library_known":true,"row":"f16","cell":"hot_a","m":4621,"k":384,"n":1928,"tuning_table_revision":42,"dtype":"f16","input_dtype":"f16","output_dtype":"f16","auto_tile":"Tc128Sm89Pipeline","forced_tile":"Tc128Sm89S3","op":"nn","path":"eager","graphs":{"auto":{"node_count":1,"non_kernel_nodes":0,"kernels":[{"symbol":"gemm_bi_nn_fixed_sm89_tc128_pipeline_v1_f16","grid":[592,1,1],"block":[256,1,1],"shared_bytes":71680}]},"forced":{"node_count":1,"non_kernel_nodes":0,"kernels":[{"symbol":"gemm_bi_nn_fixed_sm89_tc128_s3_v1_f16","grid":[592,1,1],"block":[256,1,1],"shared_bytes":98304}]},"vendor":null},"graph_replay_bits_equal":false,"raw_storage_bits_equal":true,"vendor_repeat_bits_equal":true,"timing":"cuda_events","alpha":1,"beta":0,"bias":true,"vendor_gemm_beta":1,"vendor_bias_broadcast_timed":true,"vendor_comparator":"CUBLAS_COMPUTE_32F","normalized_error_tolerance":0.0025,"custom_normalized_error_tolerance":0.0025,"vendor_normalized_error_tolerance":0.0025,"vendor_compute":"CUBLAS_COMPUTE_32F","reference_compute":"CUBLAS_COMPUTE_32F_PEDANTIC","reference_output_dtype":"f32","auto_bits_equal":true,"repeat_bits_equal":true,"auto_normalized_error":0.0004287406634884601,"forced_normalized_error":0.0004287406634884601,"vendor_normalized_error":0.0004287406634884601,"order":"vendor_forced_auto","windows":1,"auto_iterations":73,"forced_iterations":76,"vendor_iterations":45,"auto_p50_us":64.83462738664183,"forced_p50_us":61.08968508870978,"vendor_p50_us":109.04888576931424,"forced_over_auto_p50":0.9422385467629967,"forced_over_auto_p95":0.9422385467629967,"forced_over_vendor_p50":0.5602045785038189,"forced_over_vendor_p95":0.5602045785038189,"auto_samples_us":[64.83462738664183],"forced_samples_us":[61.08968508870978],"vendor_samples_us":[109.04888576931424]}
{"schema":"MambaBiFixedExplicitForcedRungCompleteV2","cc":"8.9","sm_count":142,"nvrtc":[12,8],"compiler_target":"CudaTarget { bytes: [115, 109, 95, 56, 57, 0, 0, 0, 0, 0, 0, 0, 0, 0, 0, 0], len: 5 }","fixed_source_digest":"205f58b56429b8e74f3ac1e7ab9f0cf6a9bf193ffeb87b254bd3ab00e6b02ca5","fixed_invocation_digest":"57c3e4f2177104f137d432f19398a4a36799aca4c264634a1ab25d17dbf422ba","fixed_artifact_digest":"60977db33de28d807ac7dd3dafe2d176914f7b7eab589917a47988050712352c","header_manifest_digest":"93da3d651789a26680b5af0ad03008c21ddcef2fa256d5439994b16442cde0ab","nvrtc_library_domain":"26b0a3a02044ffcbc1693fd83e9261beffa692a4fbcfe3ac5e9d8c87980bb155","nvrtc_library_known":true,"exact_comparators":{"f32_exact":"CUBLAS_COMPUTE_32F_PEDANTIC","f32_exact_fast":"CUBLAS_COMPUTE_32F_FAST_TF32"},"records":8,"rejected":0,"passed":true}
ok

test result: ok. 1 passed; 0 failed; 0 ignored; 0 measured; 110 filtered out; finished in 4.72s

2026-09-07T02:31:39Z
COMMAND sha256sum COMMAND /root/target-ada-half-s3-force-cuda128-20260907/release/deps/gemm_bi_fixed_sm89_pipeline-275dff2d2ec8e1fd 
EXIT sanitizer-binary 0
cb32f0ca802d376a252e26635be0adfe1b52bdc8c34987dac9f8f9c09b1d40b0  /root/target-ada-half-s3-force-cuda128-20260907/release/deps/gemm_bi_fixed_sm89_pipeline-275dff2d2ec8e1fd
2026-09-07T02:31:39Z
COMMAND compute-sanitizer COMMAND --tool COMMAND memcheck COMMAND --report-api-errors COMMAND no COMMAND --error-exitcode COMMAND 99 COMMAND /root/target-ada-half-s3-force-cuda128-20260907/release/deps/gemm_bi_fixed_sm89_pipeline-275dff2d2ec8e1fd COMMAND --ignored COMMAND --exact COMMAND fixed_sm89_half_pipeline_sanitizer_smoke COMMAND --nocapture 
EXIT sanitizer-memcheck 0
========= COMPUTE-SANITIZER

running 1 test
test fixed_sm89_half_pipeline_sanitizer_smoke ... ok

test result: ok. 1 passed; 0 failed; 0 ignored; 0 measured; 10 filtered out; finished in 4.37s

========= ERROR SUMMARY: 0 errors
2026-09-07T02:31:44Z
COMMAND compute-sanitizer COMMAND --tool COMMAND racecheck COMMAND --report-api-errors COMMAND no COMMAND --error-exitcode COMMAND 99 COMMAND /root/target-ada-half-s3-force-cuda128-20260907/release/deps/gemm_bi_fixed_sm89_pipeline-275dff2d2ec8e1fd COMMAND --ignored COMMAND --exact COMMAND fixed_sm89_half_pipeline_sanitizer_smoke COMMAND --nocapture 
EXIT sanitizer-racecheck 0
========= COMPUTE-SANITIZER

running 1 test
test fixed_sm89_half_pipeline_sanitizer_smoke ... ok

test result: ok. 1 passed; 0 failed; 0 ignored; 0 measured; 10 filtered out; finished in 22.06s

========= RACECHECK SUMMARY: 0 hazards displayed (0 errors, 0 warnings)
2026-09-07T02:32:06Z
COMMAND compute-sanitizer COMMAND --tool COMMAND synccheck COMMAND --report-api-errors COMMAND no COMMAND --error-exitcode COMMAND 99 COMMAND /root/target-ada-half-s3-force-cuda128-20260907/release/deps/gemm_bi_fixed_sm89_pipeline-275dff2d2ec8e1fd COMMAND --ignored COMMAND --exact COMMAND fixed_sm89_half_pipeline_sanitizer_smoke COMMAND --nocapture 
EXIT sanitizer-synccheck 0
========= COMPUTE-SANITIZER

running 1 test
test fixed_sm89_half_pipeline_sanitizer_smoke ... ok

test result: ok. 1 passed; 0 failed; 0 ignored; 0 measured; 10 filtered out; finished in 3.75s

========= ERROR SUMMARY: 0 errors
2026-09-07T02:32:10Z
COMMAND ptxas COMMAND -arch=sm_89 COMMAND -O3 COMMAND -v COMMAND /root/evidence-ada-half-s3-force-20260907/cuda128-continuation1/fixed.ptx COMMAND -o COMMAND /root/evidence-ada-half-s3-force-20260907/cuda128-continuation1/fixed.cubin 
EXIT ptxas 0
    512 bytes stack frame, 0 bytes spill stores, 0 bytes spill loads
ptxas info    : Used 39 registers, used 0 barriers, 512 bytes cumulative stack size, 428 bytes cmem[0]
ptxas info    : Compile time = 13.572 ms
ptxas info    : Compiling entry function 'ssm_step_forward' for 'sm_89'
ptxas info    : Function properties for ssm_step_forward
    512 bytes stack frame, 0 bytes spill stores, 0 bytes spill loads
ptxas info    : Used 39 registers, used 0 barriers, 512 bytes cumulative stack size, 428 bytes cmem[0]
ptxas info    : Compile time = 13.536 ms
2026-09-07T02:32:19Z
COMMAND cuobjdump COMMAND --dump-resource-usage COMMAND /root/evidence-ada-half-s3-force-20260907/cuda128-continuation1/fixed.cubin 
EXIT resources 0
 Function ssm_step_forward_f16:
  REG:36 STACK:512 SHARED:0 LOCAL:0 CONSTANT[0]:428 TEXTURE:0 SURFACE:0 SAMPLER:0
 Function ssm_step_forward_bf16:
  REG:36 STACK:512 SHARED:0 LOCAL:0 CONSTANT[0]:428 TEXTURE:0 SURFACE:0 SAMPLER:0
 Function ssm_step_forward_f32:
  REG:39 STACK:512 SHARED:0 LOCAL:0 CONSTANT[0]:428 TEXTURE:0 SURFACE:0 SAMPLER:0
 Function ssm_step_forward:
  REG:39 STACK:512 SHARED:0 LOCAL:0 CONSTANT[0]:428 TEXTURE:0 SURFACE:0 SAMPLER:0
2026-09-07T02:32:19Z
COMMAND cuobjdump COMMAND --dump-sass COMMAND /root/evidence-ada-half-s3-force-20260907/cuda128-continuation1/fixed.cubin 
EXIT sass 0
                                                                                                     /* 0x000fc00000000000 */
        /*1be0*/                   NOP;                                                              /* 0x0000000000007918 */
                                                                                                     /* 0x000fc00000000000 */
        /*1bf0*/                   NOP;                                                              /* 0x0000000000007918 */
                                                                                                     /* 0x000fc00000000000 */
		..........


2026-09-07T02:32:22Z
COMMAND python3 COMMAND analyze-artifact.py COMMAND /root/mamba-kcache-ada-half-s3-force-final-cuda128-attempt1-20260907/mamba-kernels-v1-57c3e4f2177104f137d432f19398a4a36799aca4c264634a1ab25d17dbf422ba.bin COMMAND /root/evidence-ada-half-s3-force-20260907/cuda128-continuation1/fixed.ptx COMMAND /root/evidence-ada-half-s3-force-20260907/cuda128-continuation1/sass.log COMMAND /root/evidence-ada-half-s3-force-20260907/cuda128-continuation1/resources.log COMMAND /root/evidence-ada-half-s3-force-20260907/cuda128-continuation1/ptxas.log COMMAND 188 
EXIT artifact-proof 0
        "mma": 128,
        "matrix_load": 72,
        "async_copy": 24,
        "barrier": 5
      }
    }
  ]
}
2026-09-07T02:32:22Z
COMMAND bash COMMAND -euo COMMAND pipefail COMMAND -c COMMAND find\ src\ kernels\ tests\ -type\ f\ -print0\ \|\ sort\ -z\ \|\ xargs\ -0\ sha256sum\;\ echo\ EXIT_source_hashes=0\;\ sha256sum\ Cargo.toml\ Cargo.lock\;\ echo\ EXIT_build_input_hashes=0\;\ find\ \"\$CARGO_TARGET_DIR/release/deps\"\ -maxdepth\ 1\ -type\ f\ -executable\ -print0\ \|\ sort\ -z\ \|\ xargs\ -0\ sha256sum\;\ echo\ EXIT_binary_hashes=0\;\ find\ \"\$MAMBA_RS_KERNEL_CACHE\"\ -type\ f\ -print0\ \|\ sort\ -z\ \|\ xargs\ -0\ sha256sum\;\ echo\ EXIT_cache_hashes=0 
EXIT identities-final 0
6d6f73ffa6a775bf2963965b5557994030a0f0f6094f00b9fb6c29d1af3a641b  /root/target-ada-half-s3-force-cuda128-20260907/release/deps/libserde_derive-3dea175a1b9768e7.so
2612a517d8dceef0a6fdd773f489ce773c8e695094bb8c71d291bf6395f2514d  /root/target-ada-half-s3-force-cuda128-20260907/release/deps/libzerocopy_derive-96a1c036ccdef7bd.so
fedaed66fe0c6522ed3be530762bbabea79dd9587278fd9346d2d758090b79fd  /root/target-ada-half-s3-force-cuda128-20260907/release/deps/mamba_rs-dff4450b76bb1de5
EXIT_binary_hashes=0
9af16b658fb81643b962b03da53f391d7b99e614d293195def7716d59ece401a  /root/mamba-kcache-ada-half-s3-force-final-cuda128-attempt1-20260907/mamba-kernels-v1-57c3e4f2177104f137d432f19398a4a36799aca4c264634a1ab25d17dbf422ba.bin
c02fb7a0ef6a50cb52dc3fec2e83ebb1eb6b4015a9f200d48d65fd4493d489c9  /root/mamba-kcache-ada-half-s3-force-final-cuda128-attempt1-20260907/mamba-kernels-v1-73fbec7557a95462a555e39f1b3c94e8d2bcc7047a14f8f3e3fa51a768ec5b9a.bin
48a388fc610d110bb884ea3cd0f49eda299c0c7ce0c8e2beb24d34a925198a54  /root/mamba-kcache-ada-half-s3-force-final-cuda128-attempt1-20260907/mamba-kernels-v1-da5dabeff55570d1fb6ca43a1d4a8aa7a2a9d25efb6436ed7f03c4a28a73d986.bin
EXIT_cache_hashes=0
2026-09-07T02:32:23Z
TOOLKIT_COMPLETE 12.8
CONTINUATION128_EXIT=0
