   Compiling proc-macro2 v1.0.106
   Compiling quote v1.0.46
   Compiling unicode-ident v1.0.24
   Compiling version_check v0.9.5
   Compiling cfg-if v1.0.4
   Compiling serde_core v1.0.228
   Compiling crossbeam-utils v0.8.22
   Compiling autocfg v1.5.1
   Compiling bitflags v2.13.1
   Compiling typenum v1.20.1
   Compiling crossbeam-epoch v0.9.20
   Compiling libc v0.2.186
   Compiling rustix v1.1.4
   Compiling crossbeam-deque v0.8.7
   Compiling zmij v1.0.23
   Compiling getrandom v0.4.3
   Compiling rayon-core v1.13.0
   Compiling serde v1.0.228
   Compiling zerocopy v0.8.54
   Compiling libm v0.2.16
   Compiling paste v1.0.15
   Compiling serde_json v1.0.150
   Compiling linux-raw-sys v0.12.1
   Compiling cudarc v0.19.9
   Compiling itoa v1.0.18
   Compiling memchr v2.8.3
   Compiling once_cell v1.21.4
   Compiling fastrand v2.4.1
   Compiling allocator-api2 v0.2.21
   Compiling foldhash v0.2.0
   Compiling equivalent v1.0.2
   Compiling either v1.16.0
   Compiling reborrow v0.5.5
   Compiling cpufeatures v0.2.17
   Compiling pulp-wasm-simd-flag v0.1.1
   Compiling libloading v0.9.0
   Compiling raw-cpuid v11.6.0
   Compiling generic-array v0.14.7
   Compiling pulp v0.22.3
   Compiling num-traits v0.2.19
   Compiling syn v2.0.119
   Compiling block-buffer v0.10.4
   Compiling crypto-common v0.1.7
   Compiling digest v0.10.7
   Compiling sha2 v0.10.9
   Compiling rayon v1.12.0
   Compiling tempfile v3.27.0
   Compiling hashbrown v0.16.1
   Compiling bytemuck_derive v1.11.0
   Compiling zerocopy-derive v0.8.54
   Compiling serde_derive v1.0.228
   Compiling bytemuck v1.25.1
   Compiling num-complex v0.4.6
   Compiling safetensors v0.8.0
   Compiling half v2.7.1
   Compiling mamba-rs v0.6.9 (/root/mamba-ada-half-s3-force-20260907)
    Finished `release` profile [optimized] target(s) in 54.05s
     Running tests/arch_compile_gates.rs (/root/target-ada-half-s3-force-cuda128-20260907/release/deps/arch_compile_gates-67fe0697f472d578)

running 1 test
test fixed_sm89_half_s3_production_source_contract ... FAILED

failures:

failures:
    fixed_sm89_half_s3_production_source_contract

test result: FAILED. 0 passed; 1 failed; 0 ignored; 0 measured; 58 filtered out; finished in 0.00s


thread 'fixed_sm89_half_s3_production_source_contract' (1632470) panicked at tests/arch_compile_gates.rs:22:10:
production S3 source must be available to the Fixed composer: Os { code: 2, kind: NotFound, message: "No such file or directory" }
note: run with `RUST_BACKTRACE=1` environment variable to display a backtrace
error: test failed, to rerun pass `--test arch_compile_gates`
RED_SOURCE_EXIT=101
   Compiling mamba-rs v0.6.9 (/root/mamba-ada-half-s3-force-20260907)
    Finished `release` profile [optimized] target(s) in 10.64s
     Running tests/gemm_bi_fixed_performance.rs (/root/target-ada-half-s3-force-cuda128-20260907/release/deps/gemm_bi_fixed_performance-adf126b1f35855e0)

running 1 test
test fixed_force_registry_contains_selectable_ada_s3 ... FAILED

failures:

failures:
    fixed_force_registry_contains_selectable_ada_s3

test result: FAILED. 0 passed; 1 failed; 0 ignored; 0 measured; 110 filtered out; finished in 0.00s


thread 'fixed_force_registry_contains_selectable_ada_s3' (1632691) panicked at tests/gemm_bi_fixed_performance.rs:10876:5:
the public force universe must include the S3 route
note: run with `RUST_BACKTRACE=1` environment variable to display a backtrace
error: test failed, to rerun pass `--test gemm_bi_fixed_performance`
RED_FORCE_EXIT=101
   Compiling mamba-rs v0.6.9 (/root/mamba-ada-half-s3-force-20260907)
    Finished `release` profile [optimized] target(s) in 52.98s
     Running unittests src/lib.rs (/root/target-ada-half-s3-force-cuda128-20260907/release/deps/mamba_rs-dff4450b76bb1de5)

running 1 test
test mamba_ssm::gpu::gemm_bi_triad::modules::tests::fixed_sm89_half_s3_ptx_inventory_is_required ... FAILED

failures:

failures:
    mamba_ssm::gpu::gemm_bi_triad::modules::tests::fixed_sm89_half_s3_ptx_inventory_is_required

test result: FAILED. 0 passed; 1 failed; 0 ignored; 0 measured; 685 filtered out; finished in 0.01s

RED_ABI_EXIT=101

thread 'mamba_ssm::gpu::gemm_bi_triad::modules::tests::fixed_sm89_half_s3_ptx_inventory_is_required' (1633315) panicked at src/mamba_ssm/gpu/gemm_bi_triad/modules.rs:11437:18:
Ada Fixed must reject an artifact missing both S3 exports: ()
note: run with `RUST_BACKTRACE=1` environment variable to display a backtrace
error: test failed, to rerun pass `--lib`
