   Compiling mamba-rs v0.6.9 (/root/mamba-mode-lease-red.PUUwj1)
warning: use of deprecated method `mamba_ssm::gpu::context::GpuCtx::set_batch_invariant`: use GpuCtx::set_gemm_mode
    --> src/mamba_ssm/gpu/blas.rs:2733:13
     |
2733 |         ctx.set_batch_invariant(true);
     |             ^^^^^^^^^^^^^^^^^^^
     |
     = note: `#[warn(deprecated)]` on by default

warning: use of deprecated method `mamba_ssm::gpu::context::GpuCtx::set_batch_invariant`: use GpuCtx::set_gemm_mode
     --> src/mamba_ssm/gpu/gemm_bi_triad/launch.rs:13698:13
      |
13698 |         ctx.set_batch_invariant(true);
      |             ^^^^^^^^^^^^^^^^^^^

warning: use of deprecated method `mamba_ssm::gpu::context::GpuCtx::set_batch_invariant`: use GpuCtx::set_gemm_mode
     --> src/mamba_ssm/gpu/gemm_bi_triad/launch.rs:13729:13
      |
13729 |         ctx.set_batch_invariant(true);
      |             ^^^^^^^^^^^^^^^^^^^

warning: use of deprecated method `mamba_ssm::gpu::context::GpuCtx::set_batch_invariant`: use GpuCtx::set_gemm_mode
     --> src/mamba_ssm/gpu/gemm_bi_triad/launch.rs:13808:13
      |
13808 |         ctx.set_batch_invariant(true);
      |             ^^^^^^^^^^^^^^^^^^^

warning: use of deprecated method `mamba_ssm::gpu::context::GpuCtx::set_batch_invariant`: use GpuCtx::set_gemm_mode
     --> src/mamba_ssm/gpu/gemm_bi_triad/launch.rs:13912:13
      |
13912 |         ctx.set_batch_invariant(true);
      |             ^^^^^^^^^^^^^^^^^^^

warning: use of deprecated method `mamba_ssm::gpu::context::GpuCtx::set_batch_invariant`: use GpuCtx::set_gemm_mode
   --> src/mamba_ssm/gpu/gemm_bi_triad/scalar_nt_tests.rs:618:9
    |
618 |     ctx.set_batch_invariant(true);
    |         ^^^^^^^^^^^^^^^^^^^

warning: use of deprecated method `mamba_ssm::gpu::context::GpuCtx::set_batch_invariant`: use GpuCtx::set_gemm_mode
   --> src/mamba_ssm/gpu/gemm_bi_triad/scalar_nt_tests.rs:817:9
    |
817 |     ctx.set_batch_invariant(true);
    |         ^^^^^^^^^^^^^^^^^^^

warning: use of deprecated method `mamba_ssm::gpu::context::GpuCtx::set_batch_invariant`: use GpuCtx::set_gemm_mode
   --> src/mamba_ssm/gpu/gemm_bi_triad/scalar_nt_tests.rs:950:9
    |
950 |     ctx.set_batch_invariant(true);
    |         ^^^^^^^^^^^^^^^^^^^

warning: use of deprecated method `mamba_ssm::gpu::context::GpuCtx::set_batch_invariant`: use GpuCtx::set_gemm_mode
    --> src/mamba_ssm/gpu/gemm_bi_triad/scalar_nt_tests.rs:1082:9
     |
1082 |     ctx.set_batch_invariant(true);
     |         ^^^^^^^^^^^^^^^^^^^

warning: use of deprecated method `mamba_ssm::gpu::context::GpuCtx::set_batch_invariant`: use GpuCtx::set_gemm_mode
    --> src/mamba_ssm/gpu/gemm_bi_triad/scalar_nt_tests.rs:1212:9
     |
1212 |     ctx.set_batch_invariant(true);
     |         ^^^^^^^^^^^^^^^^^^^

warning: use of deprecated method `mamba_ssm::gpu::context::GpuCtx::set_batch_invariant`: use GpuCtx::set_gemm_mode
    --> src/mamba_ssm/gpu/gemm_bi_triad/scalar_nt_tests.rs:1292:9
     |
1292 |     ctx.set_batch_invariant(true);
     |         ^^^^^^^^^^^^^^^^^^^

warning: use of deprecated method `mamba_ssm::gpu::context::GpuCtx::set_batch_invariant`: use GpuCtx::set_gemm_mode
    --> src/mamba_ssm/gpu/gemm_bi_triad/scalar_nt_tests.rs:1328:9
     |
1328 |     ctx.set_batch_invariant(true);
     |         ^^^^^^^^^^^^^^^^^^^

warning: use of deprecated method `mamba_ssm::gpu::context::GpuCtx::set_batch_invariant`: use GpuCtx::set_gemm_mode
    --> src/mamba_ssm/gpu/gemm_bi_triad/scalar_nt_tests.rs:1350:9
     |
1350 |     ctx.set_batch_invariant(true);
     |         ^^^^^^^^^^^^^^^^^^^

warning: use of deprecated method `mamba_ssm::gpu::context::GpuCtx::set_batch_invariant`: use GpuCtx::set_gemm_mode
    --> src/mamba_ssm/gpu/gemm_bi_triad/scalar_nn_tn_tests.rs:1242:9
     |
1242 |     ctx.set_batch_invariant(true);
     |         ^^^^^^^^^^^^^^^^^^^

warning: use of deprecated method `mamba_ssm::gpu::context::GpuCtx::set_fast_gemm`: use GpuCtx::set_gemm_mode
    --> src/mamba_ssm/gpu/gemm_bi_triad/scalar_nn_tn_tests.rs:1245:9
     |
1245 |     ctx.set_fast_gemm(false);
     |         ^^^^^^^^^^^^^

warning: use of deprecated method `mamba_ssm::gpu::context::GpuCtx::set_batch_invariant`: use GpuCtx::set_gemm_mode
    --> src/mamba_ssm/gpu/gemm_bi_triad/qualification.rs:5675:13
     |
5675 |         ctx.set_batch_invariant(true);
     |             ^^^^^^^^^^^^^^^^^^^

warning: use of deprecated method `mamba_ssm::gpu::context::GpuCtx::set_fast_gemm`: use GpuCtx::set_gemm_mode
    --> src/mamba_ssm/gpu/gemm_bi_triad/qualification.rs:5677:13
     |
5677 |         ctx.set_fast_gemm(false);
     |             ^^^^^^^^^^^^^

warning: use of deprecated method `mamba_ssm::gpu::context::GpuCtx::set_batch_invariant`: use GpuCtx::set_gemm_mode
    --> src/mamba_ssm/gpu/gemm_bi_triad/qualification.rs:5722:13
     |
5722 |         ctx.set_batch_invariant(true);
     |             ^^^^^^^^^^^^^^^^^^^

warning: use of deprecated method `mamba_ssm::gpu::context::GpuCtx::set_fast_gemm`: use GpuCtx::set_gemm_mode
    --> src/mamba_ssm/gpu/gemm_bi_triad/qualification.rs:5724:13
     |
5724 |         ctx.set_fast_gemm(false);
     |             ^^^^^^^^^^^^^

warning: use of deprecated method `mamba_ssm::gpu::context::GpuCtx::set_batch_invariant`: use GpuCtx::set_gemm_mode
   --> src/mamba_ssm/gpu/gemm_bi_triad/training_pipeline_tests.rs:712:13
    |
712 |         ctx.set_batch_invariant(true);
    |             ^^^^^^^^^^^^^^^^^^^

warning: use of deprecated method `mamba_ssm::gpu::context::GpuCtx::set_fast_gemm`: use GpuCtx::set_gemm_mode
   --> src/mamba_ssm/gpu/gemm_bi_triad/training_pipeline_tests.rs:715:13
    |
715 |         ctx.set_fast_gemm(false);
    |             ^^^^^^^^^^^^^

warning: use of deprecated method `mamba_ssm::gpu::context::GpuCtx::set_batch_invariant`: use GpuCtx::set_gemm_mode
    --> src/mamba_ssm/gpu/kernel_identity.rs:6451:13
     |
6451 |         ctx.set_batch_invariant(true);
     |             ^^^^^^^^^^^^^^^^^^^

warning: `mamba-rs` (lib test) generated 22 warnings
    Finished `release` profile [optimized] target(s) in 54.13s
  Executable unittests src/lib.rs (/root/target-ada-finalist-aldmatrix-cuda132-20260910/release/deps/mamba_rs-4cd14b3dbbbe9ca1)
