   Compiling mamba-rs v0.6.9 (/root/mamba-cohorts-red.M0lEk8)
error[E0432]: unresolved imports `super::SM120_TF32_EVIDENCE_CELLS_DRIVER_595_84_RETAINED`, `super::SM120_TF32_PORTABLE_QUALIFICATION_IDENTITY_CUDA_12_8_DRIVER_595_84`, `super::SM120_TF32_PORTABLE_QUALIFICATION_IDENTITY_CUDA_13_0_DRIVER_595_84`, `super::SM120_TF32_QUALIFICATION_IDENTITY_CUDA_12_8_DRIVER_595_84`, `super::SM120_TF32_QUALIFICATION_IDENTITY_CUDA_13_0_DRIVER_595_84`
     --> src/mamba_ssm/gpu/gemm_bi_triad/dispatch.rs:11682:9
      |
11682 | ...   SM120_TF32_EVIDENCE_CELLS_DRIVER_595_84_RETAINED, SM120_TF32_EVIDENCE...
      |       ^^^^^^^^^^^^^^^^^^^^^^^^^^^^^^^^^^^^^^^^^^^^^^^^ no `SM120_TF32_EVIDENCE_CELLS_DRIVER_595_84_RETAINED` in `mamba_ssm::gpu::gemm_bi_triad::dispatch`
11683 | ...   SM120_TF32_PORTABLE_QUALIFICATION_IDENTITY_CUDA_12_8_DRIVER_595_84,
      |       ^^^^^^^^^^^^^^^^^^^^^^^^^^^^^^^^^^^^^^^^^^^^^^^^^^^^^^^^^^^^^^^^^^ no `SM120_TF32_PORTABLE_QUALIFICATION_IDENTITY_CUDA_12_8_DRIVER_595_84` in `mamba_ssm::gpu::gemm_bi_triad::dispatch`
11684 | ...   SM120_TF32_PORTABLE_QUALIFICATION_IDENTITY_CUDA_13_0_DRIVER_595_84,
      |       ^^^^^^^^^^^^^^^^^^^^^^^^^^^^^^^^^^^^^^^^^^^^^^^^^^^^^^^^^^^^^^^^^^ no `SM120_TF32_PORTABLE_QUALIFICATION_IDENTITY_CUDA_13_0_DRIVER_595_84` in `mamba_ssm::gpu::gemm_bi_triad::dispatch`
11685 | ...   SM120_TF32_QUALIFICATION_IDENTITY_CUDA_12_8_DRIVER_595_84,
      |       ^^^^^^^^^^^^^^^^^^^^^^^^^^^^^^^^^^^^^^^^^^^^^^^^^^^^^^^^^ no `SM120_TF32_QUALIFICATION_IDENTITY_CUDA_12_8_DRIVER_595_84` in `mamba_ssm::gpu::gemm_bi_triad::dispatch`
11686 | ...   SM120_TF32_QUALIFICATION_IDENTITY_CUDA_13_0_DRIVER_595_84, SM120_TF32...
      |       ^^^^^^^^^^^^^^^^^^^^^^^^^^^^^^^^^^^^^^^^^^^^^^^^^^^^^^^^^ no `SM120_TF32_QUALIFICATION_IDENTITY_CUDA_13_0_DRIVER_595_84` in `mamba_ssm::gpu::gemm_bi_triad::dispatch`
      |
help: a similar name exists in the module
      |
11683 -         SM120_TF32_PORTABLE_QUALIFICATION_IDENTITY_CUDA_12_8_DRIVER_595_84,
11683 +         SM120_TF32_PORTABLE_QUALIFICATION_IDENTITY_CUDA_13_2_DRIVER_595_84,
      |
help: a similar name exists in the module
      |
11684 -         SM120_TF32_PORTABLE_QUALIFICATION_IDENTITY_CUDA_13_0_DRIVER_595_84,
11684 +         SM120_TF32_PORTABLE_QUALIFICATION_IDENTITY_CUDA_13_2_DRIVER_595_84,
      |
help: a similar name exists in the module
      |
11685 -         SM120_TF32_QUALIFICATION_IDENTITY_CUDA_12_8_DRIVER_595_84,
11685 +         SM120_TF32_QUALIFICATION_IDENTITY_CUDA_13_2_DRIVER_595_84,
      |
help: a similar name exists in the module
      |
11686 -         SM120_TF32_QUALIFICATION_IDENTITY_CUDA_13_0_DRIVER_595_84, SM120_TF32_RETIRED_COHORTS,
11686 +         SM120_TF32_QUALIFICATION_IDENTITY_CUDA_13_2_DRIVER_595_84, SM120_TF32_RETIRED_COHORTS,
      |

For more information about this error, try `rustc --explain E0432`.
error: could not compile `mamba-rs` (lib test) due to 1 previous error
