ada_half_nn_d768_in_fixed_s3_vs_tc128_discovery_once7: test
ada_half_nn_d768_in_tc64_vs_tc128_discovery_once7: test
ada_half_nn_d768_out_fast_denominator_diagnostic: test
ada_half_nn_fixed_s3_aligned_bf16_d768_in_confirmation_once7: test
ada_half_nn_fixed_s3_aligned_f16_d768_in_confirmation_once7: test
ada_half_nn_fixed_s3_aligned_four_cell_confirmation_once7: test
ada_half_nn_fixed_s3_shape_fast_batch_discovery_once7: test
ada_half_nn_loaded_pipeline_swizzle_f16_d768_in_vs_s3_and_fast_discovery_once7: test
ada_half_nn_m128n64_s2_f16_d768_in_vs_s3_and_fast_discovery_once7: test
ada_half_nn_n64_two_shape_vs_current_and_fast_discovery_once7: test
ada_half_nt_cells_freeze_storage_strides_and_launch_grids: test
ada_half_nt_d768_out_bk32_s3_vs_current_and_fast_discovery_once7: test
ada_half_nt_d768_out_compact_bk64_s2_vs_current_and_fast_discovery_once7: test
ada_half_nt_d768_out_loaded_tc128_vs_current_and_fast_discovery_once7: test
ada_half_nt_fixed_s3_bxor_d768_in_and_prism_vs_current_and_fast_discovery_once7: test
ada_half_nt_fixed_s3_bxor_d768_out_vs_current_and_fast_discovery_once7: test
ada_half_nt_fixed_s3_direct_epilogue_d768_out_vs_retained_and_fast_discovery_once7: test
ada_half_nt_fixed_s3_m64n128_bf16_d768_out_bare_discovery_once7: test
ada_half_nt_fixed_s3_m64n128_f16_d768_out_bare_discovery_once7: test
ada_half_tn_d128_microtiles_vs_current_and_fast_discovery_once7: test
ada_half_tn_fixed_s3_bxor_d768_in_vs_current_and_fast_discovery_once7: test
ada_half_tn_m64n128_bk64_s2_compact_d768_in_discovery_once7: test
ada_half_tn_m64n128_bk64_s2_compact_d768_out_and_prism_discovery_once7: test
ada_half_tn_m64n128_bk64_s2_four_warp_regpipe_vec2_f16_d768_in_discovery_once7: test
ada_half_tn_rect128x64_three_cell_vs_current_and_fast_discovery_once7: test
ada_half_tn_regpipe_vec2_d768_out_and_prism_vs_compact_and_fast_discovery_once7: test
ada_half_tn_tc64_bk32_s4_three_cell_vs_current_and_fast_discovery_once7: test
ada_half_tn_tc64_bk64_s2_compact_three_cell_vs_current_and_fast_discovery_once7: test
ada_half_tn_tc64_bk64_s2_regpipe_d768_in_vs_current_and_fast_discovery_once7: test
ada_half_tn_tc64_bk64_s2_regpipe_vec2_d768_in_vs_current_and_fast_discovery_once7: test
bench_upcast_fallback_tax: test
common::evidence::tests::append_open_does_not_block_or_accept_a_fifo: test
common::evidence::tests::bad_parent_directory_is_an_error: test
common::evidence::tests::concurrent_threads_append_complete_rows: test
common::evidence::tests::device_targets_are_rejected: test
common::evidence::tests::directory_targets_are_rejected: test
common::evidence::tests::fifo_targets_are_rejected_without_opening: test
common::evidence::tests::full_device_is_rejected: test
common::evidence::tests::missing_and_empty_paths_are_inert: test
common::evidence::tests::non_unicode_paths_are_preserved: test
common::evidence::tests::opened_handle_must_be_regular: test
common::evidence::tests::records_append_as_exact_tsv_rows: test
common::evidence::tests::short_writes_are_errors_and_never_retried: test
common::evidence::tests::socket_targets_are_rejected: test
common::gpu_quiet::tests::compute_process_parser_fails_closed: test
common::gpu_quiet::tests::formats_cuda_uuid_for_exact_nvml_selection: test
common::gpu_quiet::tests::live_cuda_ordinal_and_nvml_uuid_are_identical: test
common::gpu_quiet::tests::parses_one_exact_gpu_telemetry_row: test
common::gpu_quiet::tests::quiet_sample_rejects_utilization_memory_and_competing_processes: test
fixed_family_keeps_uncovered_typed_scalar_fallbacks: test
scalar_tn_slim_output_subview_matches_the_aligned_result: test
tc128_output_pointer_formation_is_column_guarded: test
tc128_packed_epilogues_match_scalar_fallback_bytes: test
tc128_tn_odd_width_output_subviews_match_exactly: test
tc_cp_async_misaligned_operands_match_scalar_stage_bytes: test
tc_source_centralizes_async_copy_and_avoids_type_punned_stores: test
tn_rect128x64_source_contract_is_forced_tn_ca_one_bank_bk32_s3: test
triad_half_nn_m128n64_source::parent::tests::each_tile_has_unique_mma_output_owners_and_two_cta_shared_budget: test
triad_half_nn_m128n64_source::parent::tests::emits_four_exact_projection_exports_without_changing_the_compute_body: test
triad_half_nn_m128n64_source::parent::tests::rejects_missing_or_duplicated_source_boundaries: test
triad_half_nn_m128n64_source::tests::four_warps_own_every_m128_n64_output_once: test
triad_half_nn_m128n64_source::tests::malformed_parent_source_is_rejected: test
triad_half_nn_m128n64_source::tests::wrapper_reuses_the_exact_body_with_d768_in_geometry: test
triad_half_nn_n64_source::tests::each_tile_has_unique_mma_output_owners_and_two_cta_shared_budget: test
triad_half_nn_n64_source::tests::emits_four_exact_projection_exports_without_changing_the_compute_body: test
triad_half_nn_n64_source::tests::rejects_missing_or_duplicated_source_boundaries: test
triad_half_nt_compact_source::tests::compact_layout_is_bijective_and_preserves_each_16_byte_copy: test
triad_half_nt_compact_source::tests::ldmatrix_rows_recover_original_values_and_use_distinct_bank_groups: test
triad_half_nt_compact_source::tests::missing_or_duplicated_source_anchor_is_rejected: test
triad_half_nt_compact_source::tests::source_rewrites_only_layout_and_export_preserving_math_and_pipeline: test
triad_half_nt_direct_epilogue_source::fixed_s3::tests::both_operands_have_exact_aligned_copy_ownership: test
triad_half_nt_direct_epilogue_source::fixed_s3::tests::composed_source_is_nt_only_and_keeps_s3_issue_order: test
triad_half_nt_direct_epilogue_source::fixed_s3::tests::eight_warps_own_every_output_once: test
triad_half_nt_direct_epilogue_source::fixed_s3::tests::fragment_coordinates_match_the_current_nt_mma_operands: test
triad_half_nt_direct_epilogue_source::fixed_s3::tests::missing_or_duplicated_anchor_is_rejected: test
triad_half_nt_direct_epilogue_source::tests::only_output_dispatch_and_export_change: test
triad_half_nt_direct_epilogue_source::tests::parent_layout_or_pipeline_drift_is_rejected: test
triad_half_nt_fixed_s3_source::tests::both_operands_have_exact_aligned_copy_ownership: test
triad_half_nt_fixed_s3_source::tests::composed_source_is_nt_only_and_keeps_s3_issue_order: test
triad_half_nt_fixed_s3_source::tests::eight_warps_own_every_output_once: test
triad_half_nt_fixed_s3_source::tests::fragment_coordinates_match_the_current_nt_mma_operands: test
triad_half_nt_fixed_s3_source::tests::missing_or_duplicated_anchor_is_rejected: test
triad_half_nt_m64n128_s3_source::parent::tests::both_operands_have_exact_aligned_copy_ownership: test
triad_half_nt_m64n128_s3_source::parent::tests::composed_source_is_nt_only_and_keeps_s3_issue_order: test
triad_half_nt_m64n128_s3_source::parent::tests::eight_warps_own_every_output_once: test
triad_half_nt_m64n128_s3_source::parent::tests::fragment_coordinates_match_the_current_nt_mma_operands: test
triad_half_nt_m64n128_s3_source::parent::tests::missing_or_duplicated_anchor_is_rejected: test
triad_half_nt_m64n128_s3_source::tests::composed_source_changes_only_the_m64_mapping_around_the_s3_loop: test
triad_half_nt_m64n128_s3_source::tests::eight_warps_own_m64_n128_outputs_and_fragment_addresses: test
triad_half_nt_m64n128_s3_source::tests::missing_or_duplicated_parent_anchor_fails_closed: test
triad_half_nt_m64n128_s3_source::tests::six_vector_copies_cover_the_m64_and_n128_stage_once: test
triad_half_nt_s3_source::tests::adapter_rejects_changed_baseline_and_ambiguous_pipeline: test
triad_half_nt_s3_source::tests::source_has_only_nt_exports_and_bk32_three_stage_ring: test
triad_half_nt_s3_source::tests::three_stage_copy_ring_never_overwrites_the_current_read_stage: test
triad_half_tile_screen::tests::decision_requires_exactly_four_passing_strata: test
triad_half_tile_screen::tests::fixed_s3_arm_has_distinct_identity_and_resource_boundary: test
triad_half_tile_screen::tests::fixed_s3_parameter_bundle_is_exactly_eight_words: test
triad_half_tile_screen::tests::raw_brackets_preserve_direction_and_once7_thresholds: test
triad_half_tn_compact_source::tests::compact_tn_layout_is_bijective_and_preserves_every_vector_chunk: test
triad_half_tn_compact_source::tests::missing_or_duplicated_tn_source_anchor_is_rejected: test
triad_half_tn_compact_source::tests::scalar_tail_staging_uses_disjoint_ring_slots_and_zero_fills_both_operands: test
triad_half_tn_compact_source::tests::source_changes_only_tn_layout_and_exports_while_preserving_math_and_epilogue: test
triad_half_tn_fixed_s3_source::nt_fixed_s3::tests::both_operands_have_exact_aligned_copy_ownership: test
triad_half_tn_fixed_s3_source::nt_fixed_s3::tests::composed_source_is_nt_only_and_keeps_s3_issue_order: test
triad_half_tn_fixed_s3_source::nt_fixed_s3::tests::eight_warps_own_every_output_once: test
triad_half_tn_fixed_s3_source::nt_fixed_s3::tests::fragment_coordinates_match_the_current_nt_mma_operands: test
triad_half_tn_fixed_s3_source::nt_fixed_s3::tests::missing_or_duplicated_anchor_is_rejected: test
triad_half_tn_fixed_s3_source::tests::both_operands_have_exact_aligned_copy_ownership: test
triad_half_tn_fixed_s3_source::tests::composed_source_is_tn_only_and_keeps_s3_order_and_epilogue: test
triad_half_tn_fixed_s3_source::tests::eight_warps_own_each_output_once: test
triad_half_tn_fixed_s3_source::tests::missing_or_duplicated_parent_anchor_is_rejected: test
triad_half_tn_fixed_s3_source::tests::transposed_a_and_b_fragments_match_current_tn_coordinates: test
triad_half_tn_m64n128_regpipe_source::parent::regpipe::compact::tests::compact_tn_layout_is_bijective_and_preserves_every_vector_chunk: test
triad_half_tn_m64n128_regpipe_source::parent::regpipe::compact::tests::missing_or_duplicated_tn_source_anchor_is_rejected: test
triad_half_tn_m64n128_regpipe_source::parent::regpipe::compact::tests::scalar_tail_staging_uses_disjoint_ring_slots_and_zero_fills_both_operands: test
triad_half_tn_m64n128_regpipe_source::parent::regpipe::compact::tests::source_changes_only_tn_layout_and_exports_while_preserving_math_and_epilogue: test
triad_half_tn_m64n128_regpipe_source::parent::regpipe::tests::ambiguous_reduction_loop_does_not_produce_a_partial_pipeline: test
triad_half_tn_m64n128_regpipe_source::parent::regpipe::tests::malformed_source_is_rejected_instead_of_partially_transforming_a_kernel: test
triad_half_tn_m64n128_regpipe_source::parent::regpipe::tests::only_register_lifetimes_change_and_original_loads_and_mma_operands_survive: test
triad_half_tn_m64n128_regpipe_source::parent::regpipe::tests::source_primes_and_alternates_fragment_slots_without_changing_the_tn_epilogue: test
triad_half_tn_m64n128_regpipe_source::parent::tests::malformed_parent_fails_closed: test
triad_half_tn_m64n128_regpipe_source::parent::tests::reduction_pipeline_and_source_outside_epilogue_are_unchanged: test
triad_half_tn_m64n128_regpipe_source::parent::tests::target_epilogue_uses_aligned_pairs_and_scalar_tail: test
triad_half_tn_m64n128_regpipe_source::tests::four_warps_own_every_m64_n128_output_once: test
triad_half_tn_m64n128_regpipe_source::tests::malformed_parent_fails_closed: test
triad_half_tn_m64n128_regpipe_source::tests::source_widens_only_n_ownership_around_the_existing_regpipe_vec2_body: test
triad_half_tn_m64n128_regpipe_source::tests::two_stages_have_exact_aligned_copy_ownership_and_shared_budget: test
triad_half_tn_m64n128_source::tests::eight_warps_own_every_m64n128_output_once: test
triad_half_tn_m64n128_source::tests::missing_or_duplicated_source_anchor_is_rejected: test
triad_half_tn_m64n128_source::tests::rectangular_compact_layouts_are_bijective_and_keep_six_vector_copies_per_thread: test
triad_half_tn_m64n128_source::tests::source_is_exactly_scoped_and_keeps_the_tn_math_and_float_epilogue: test
triad_half_tn_microtile_source::tests::bk32_tiles_preserve_the_tc64_per_output_k16_order: test
triad_half_tn_microtile_source::tests::candidates_have_exact_microtile_ownership_and_symbols: test
triad_half_tn_microtile_source::tests::candidates_keep_bk32_s3_and_tn_numeric_epilogue: test
triad_half_tn_microtile_source::tests::missing_or_duplicate_anchor_fails_closed: test
triad_half_tn_microtile_source::tests::output_ownership_is_exact_for_both_microtiles: test
triad_half_tn_regpipe_source::compact::tests::compact_tn_layout_is_bijective_and_preserves_every_vector_chunk: test
triad_half_tn_regpipe_source::compact::tests::missing_or_duplicated_tn_source_anchor_is_rejected: test
triad_half_tn_regpipe_source::compact::tests::scalar_tail_staging_uses_disjoint_ring_slots_and_zero_fills_both_operands: test
triad_half_tn_regpipe_source::compact::tests::source_changes_only_tn_layout_and_exports_while_preserving_math_and_epilogue: test
triad_half_tn_regpipe_source::tests::ambiguous_reduction_loop_does_not_produce_a_partial_pipeline: test
triad_half_tn_regpipe_source::tests::malformed_source_is_rejected_instead_of_partially_transforming_a_kernel: test
triad_half_tn_regpipe_source::tests::only_register_lifetimes_change_and_original_loads_and_mma_operands_survive: test
triad_half_tn_regpipe_source::tests::source_primes_and_alternates_fragment_slots_without_changing_the_tn_epilogue: test
triad_half_tn_regpipe_vec2_sibling_plan::tests::sibling_screen_covers_both_remaining_large_shapes_and_half_dtypes: test
triad_half_tn_s4_source::tests::adapter_emits_only_the_two_candidate_exports_and_fails_closed: test
triad_half_tn_s4_source::tests::bk32_s4_keeps_tc64_padding_and_k16_association: test
triad_half_tn_s4_source::tests::four_stage_ring_keeps_current_and_pending_slots_distinct: test
triad_half_tn_s4_source::tests::four_warps_own_every_m64n64_output_once: test
triad_half_tn_vec2_epilogue_source::regpipe::compact::tests::compact_tn_layout_is_bijective_and_preserves_every_vector_chunk: test
triad_half_tn_vec2_epilogue_source::regpipe::compact::tests::missing_or_duplicated_tn_source_anchor_is_rejected: test
triad_half_tn_vec2_epilogue_source::regpipe::compact::tests::scalar_tail_staging_uses_disjoint_ring_slots_and_zero_fills_both_operands: test
triad_half_tn_vec2_epilogue_source::regpipe::compact::tests::source_changes_only_tn_layout_and_exports_while_preserving_math_and_epilogue: test
triad_half_tn_vec2_epilogue_source::regpipe::tests::ambiguous_reduction_loop_does_not_produce_a_partial_pipeline: test
triad_half_tn_vec2_epilogue_source::regpipe::tests::malformed_source_is_rejected_instead_of_partially_transforming_a_kernel: test
triad_half_tn_vec2_epilogue_source::regpipe::tests::only_register_lifetimes_change_and_original_loads_and_mma_operands_survive: test
triad_half_tn_vec2_epilogue_source::regpipe::tests::source_primes_and_alternates_fragment_slots_without_changing_the_tn_epilogue: test
triad_half_tn_vec2_epilogue_source::tests::malformed_parent_fails_closed: test
triad_half_tn_vec2_epilogue_source::tests::reduction_pipeline_and_source_outside_epilogue_are_unchanged: test
triad_half_tn_vec2_epilogue_source::tests::target_epilogue_uses_aligned_pairs_and_scalar_tail: test
typed_classifier_input_proj_shapes_bit_match: test
typed_forward_is_batch_invariant_within_bucket: test
typed_full_coverage_bit_match_f32_triad: test
typed_gate_boundary_sweep_bit_match: test
typed_native_api_names_are_distinct_from_full_policy_entries: test
typed_stage2_buckets_bit_match_f32_triad: test

166 tests, 0 benchmarks
