   Compiling mamba-rs v0.6.9 (/root/mamba-context-routing-host-final.LT9yig)
warning: use of deprecated method `mamba_ssm::gpu::context::GpuCtx::set_batch_invariant`: use GpuCtx::set_gemm_mode
    --> src/mamba_ssm/gpu/blas.rs:2744:13
     |
2744 |         ctx.set_batch_invariant(true);
     |             ^^^^^^^^^^^^^^^^^^^
     |
     = note: `#[warn(deprecated)]` on by default

warning: use of deprecated method `mamba_ssm::gpu::context::GpuCtx::set_batch_invariant`: use GpuCtx::set_gemm_mode
     --> src/mamba_ssm/gpu/gemm_bi_triad/launch.rs:13857:13
      |
13857 |         ctx.set_batch_invariant(true);
      |             ^^^^^^^^^^^^^^^^^^^

warning: use of deprecated method `mamba_ssm::gpu::context::GpuCtx::set_batch_invariant`: use GpuCtx::set_gemm_mode
     --> src/mamba_ssm/gpu/gemm_bi_triad/launch.rs:13888:13
      |
13888 |         ctx.set_batch_invariant(true);
      |             ^^^^^^^^^^^^^^^^^^^

warning: use of deprecated method `mamba_ssm::gpu::context::GpuCtx::set_batch_invariant`: use GpuCtx::set_gemm_mode
     --> src/mamba_ssm/gpu/gemm_bi_triad/launch.rs:13967:13
      |
13967 |         ctx.set_batch_invariant(true);
      |             ^^^^^^^^^^^^^^^^^^^

warning: use of deprecated method `mamba_ssm::gpu::context::GpuCtx::set_batch_invariant`: use GpuCtx::set_gemm_mode
     --> src/mamba_ssm/gpu/gemm_bi_triad/launch.rs:14071:13
      |
14071 |         ctx.set_batch_invariant(true);
      |             ^^^^^^^^^^^^^^^^^^^

warning: use of deprecated method `mamba_ssm::gpu::context::GpuCtx::set_batch_invariant`: use GpuCtx::set_gemm_mode
   --> src/mamba_ssm/gpu/gemm_bi_triad/scalar_nt_tests.rs:618:9
    |
618 |     ctx.set_batch_invariant(true);
    |         ^^^^^^^^^^^^^^^^^^^

warning: use of deprecated method `mamba_ssm::gpu::context::GpuCtx::set_batch_invariant`: use GpuCtx::set_gemm_mode
   --> src/mamba_ssm/gpu/gemm_bi_triad/scalar_nt_tests.rs:817:9
    |
817 |     ctx.set_batch_invariant(true);
    |         ^^^^^^^^^^^^^^^^^^^

warning: use of deprecated method `mamba_ssm::gpu::context::GpuCtx::set_batch_invariant`: use GpuCtx::set_gemm_mode
   --> src/mamba_ssm/gpu/gemm_bi_triad/scalar_nt_tests.rs:950:9
    |
950 |     ctx.set_batch_invariant(true);
    |         ^^^^^^^^^^^^^^^^^^^

warning: use of deprecated method `mamba_ssm::gpu::context::GpuCtx::set_batch_invariant`: use GpuCtx::set_gemm_mode
    --> src/mamba_ssm/gpu/gemm_bi_triad/scalar_nt_tests.rs:1082:9
     |
1082 |     ctx.set_batch_invariant(true);
     |         ^^^^^^^^^^^^^^^^^^^

warning: use of deprecated method `mamba_ssm::gpu::context::GpuCtx::set_batch_invariant`: use GpuCtx::set_gemm_mode
    --> src/mamba_ssm/gpu/gemm_bi_triad/scalar_nt_tests.rs:1212:9
     |
1212 |     ctx.set_batch_invariant(true);
     |         ^^^^^^^^^^^^^^^^^^^

warning: use of deprecated method `mamba_ssm::gpu::context::GpuCtx::set_batch_invariant`: use GpuCtx::set_gemm_mode
    --> src/mamba_ssm/gpu/gemm_bi_triad/scalar_nt_tests.rs:1292:9
     |
1292 |     ctx.set_batch_invariant(true);
     |         ^^^^^^^^^^^^^^^^^^^

warning: use of deprecated method `mamba_ssm::gpu::context::GpuCtx::set_batch_invariant`: use GpuCtx::set_gemm_mode
    --> src/mamba_ssm/gpu/gemm_bi_triad/scalar_nt_tests.rs:1328:9
     |
1328 |     ctx.set_batch_invariant(true);
     |         ^^^^^^^^^^^^^^^^^^^

warning: use of deprecated method `mamba_ssm::gpu::context::GpuCtx::set_batch_invariant`: use GpuCtx::set_gemm_mode
    --> src/mamba_ssm/gpu/gemm_bi_triad/scalar_nt_tests.rs:1350:9
     |
1350 |     ctx.set_batch_invariant(true);
     |         ^^^^^^^^^^^^^^^^^^^

warning: use of deprecated method `mamba_ssm::gpu::context::GpuCtx::set_batch_invariant`: use GpuCtx::set_gemm_mode
    --> src/mamba_ssm/gpu/gemm_bi_triad/scalar_nn_tn_tests.rs:1242:9
     |
1242 |     ctx.set_batch_invariant(true);
     |         ^^^^^^^^^^^^^^^^^^^

warning: use of deprecated method `mamba_ssm::gpu::context::GpuCtx::set_fast_gemm`: use GpuCtx::set_gemm_mode
    --> src/mamba_ssm/gpu/gemm_bi_triad/scalar_nn_tn_tests.rs:1245:9
     |
1245 |     ctx.set_fast_gemm(false);
     |         ^^^^^^^^^^^^^

warning: use of deprecated method `mamba_ssm::gpu::context::GpuCtx::set_batch_invariant`: use GpuCtx::set_gemm_mode
    --> src/mamba_ssm/gpu/gemm_bi_triad/qualification.rs:5679:13
     |
5679 |         ctx.set_batch_invariant(true);
     |             ^^^^^^^^^^^^^^^^^^^

warning: use of deprecated method `mamba_ssm::gpu::context::GpuCtx::set_fast_gemm`: use GpuCtx::set_gemm_mode
    --> src/mamba_ssm/gpu/gemm_bi_triad/qualification.rs:5681:13
     |
5681 |         ctx.set_fast_gemm(false);
     |             ^^^^^^^^^^^^^

warning: use of deprecated method `mamba_ssm::gpu::context::GpuCtx::set_batch_invariant`: use GpuCtx::set_gemm_mode
    --> src/mamba_ssm/gpu/gemm_bi_triad/qualification.rs:5726:13
     |
5726 |         ctx.set_batch_invariant(true);
     |             ^^^^^^^^^^^^^^^^^^^

warning: use of deprecated method `mamba_ssm::gpu::context::GpuCtx::set_fast_gemm`: use GpuCtx::set_gemm_mode
    --> src/mamba_ssm/gpu/gemm_bi_triad/qualification.rs:5728:13
     |
5728 |         ctx.set_fast_gemm(false);
     |             ^^^^^^^^^^^^^

warning: use of deprecated method `mamba_ssm::gpu::context::GpuCtx::set_batch_invariant`: use GpuCtx::set_gemm_mode
   --> src/mamba_ssm/gpu/gemm_bi_triad/training_pipeline_tests.rs:712:13
    |
712 |         ctx.set_batch_invariant(true);
    |             ^^^^^^^^^^^^^^^^^^^

warning: use of deprecated method `mamba_ssm::gpu::context::GpuCtx::set_fast_gemm`: use GpuCtx::set_gemm_mode
   --> src/mamba_ssm/gpu/gemm_bi_triad/training_pipeline_tests.rs:715:13
    |
715 |         ctx.set_fast_gemm(false);
    |             ^^^^^^^^^^^^^

warning: use of deprecated method `mamba_ssm::gpu::context::GpuCtx::set_batch_invariant`: use GpuCtx::set_gemm_mode
    --> src/mamba_ssm/gpu/kernel_identity.rs:6451:13
     |
6451 |         ctx.set_batch_invariant(true);
     |             ^^^^^^^^^^^^^^^^^^^

warning: method `ctx` is never used
    --> src/mamba3_siso/gpu/inference.rs:1875:19
     |
1636 | impl GpuMamba3Backbone {
     | ---------------------- method in this implementation
...
1875 |     pub(crate) fn ctx(&self) -> &GpuCtx {
     |                   ^^^
     |
     = note: `#[warn(dead_code)]` (part of `#[warn(unused)]`) on by default

warning: `mamba-rs` (lib test) generated 23 warnings
    Finished `release` profile [optimized] target(s) in 43.06s
  Executable unittests src/lib.rs (/root/target-ada-finalist-aldmatrix-cuda132-20260910/release/deps/mamba_rs-4cd14b3dbbbe9ca1)
