warning: field `active` is never read
   --> tests/gemm_bi_half_tn_regpipe_vec2_bx4_d768_in_discovery.rs:176:9
    |
173 |     struct GuardedHalf {
    |            ----------- field in this struct
...
176 |         active: usize,
    |         ^^^^^^
    |
    = note: `#[warn(dead_code)]` (part of `#[warn(unused)]`) on by default

warning: method `reset` is never used
   --> tests/gemm_bi_half_tn_regpipe_vec2_bx4_d768_in_discovery.rs:197:12
    |
179 |     impl GuardedHalf {
    |     ---------------- method in this implementation
...
197 |         fn reset(&mut self, ctx: &GpuCtx) -> Result<(), String> {
    |            ^^^^^

warning: `mamba-rs` (test "gemm_bi_half_tn_regpipe_vec2_bx4_d768_in_discovery") generated 2 warnings
    Finished `release` profile [optimized] target(s) in 0.07s
     Running tests/gemm_bi_half_tn_regpipe_vec2_bx4_d768_in_discovery.rs (/root/half-tn-bx4-target-20260909/release/deps/gemm_bi_half_tn_regpipe_vec2_bx4_d768_in_discovery-091c49191cd6a8e4)

running 1 test
test cuda_suite::ada_f16_tn_regpipe_vec2_bx4_d768_in_scout3_then_once7 ... GPU quiet gate half-tn-regpipe-vec2-bx4/pre-context: uuid=GPU-d1edd7be-e88d-aed6-047d-622163306f0e gpu_util=0% memory_util=0% used=48MiB sm_clock=1800MHz temperature=39C pstate=P5; quiet_samples=5
GPU quiet gate half-tn-regpipe-vec2-bx4/cohort: uuid=GPU-d1edd7be-e88d-aed6-047d-622163306f0e gpu_util=0% memory_util=0% used=534MiB sm_clock=1800MHz temperature=39C pstate=P2; quiet_samples=5
Error: "regpipe_vec2_bx4 resource reject regs=137/128 local=0 static=32768/32768 max_threads=128/128 active=3/3"
FAILED

failures:

failures:
    cuda_suite::ada_f16_tn_regpipe_vec2_bx4_d768_in_scout3_then_once7

test result: FAILED. 0 passed; 1 failed; 0 ignored; 0 measured; 40 filtered out; finished in 6.84s

error: test failed, to rerun pass `--test gemm_bi_half_tn_regpipe_vec2_bx4_d768_in_discovery`
