    Finished `release` profile [optimized] target(s) in 0.14s
     Running tests/gemm_bi_sm120_tf32_selector_qualification.rs (/root/target-sm120-final-sweep-cuda130/release/deps/gemm_bi_sm120_tf32_selector_qualification-d81eb6d705cb05cc)

running 1 test
test sm120_tf32_projection_selector_qualification ... GPU quiet gate sm120-projection-selector/pre-context: uuid=GPU-a10ad830-a2cf-054d-e0fa-54add30a2cf8 gpu_util=0% memory_util=0% used=4MiB sm_clock=637MHz temperature=41C pstate=P5; quiet_samples=5
mamba-rs WARNING: 1 TF32 route(s) are excluded on this toolkit and decline to the exact family: gemm_bi_nt_sm120_tma_fma_v1_m64n128_bk16_s2 uses 8 bytes of Driver JIT local memory on this toolkit
selector qualification on (12, 0)/170SM
GPU quiet gate sm120-projection-selector/tn_d768_in_proj/pre-cell: uuid=GPU-a10ad830-a2cf-054d-e0fa-54add30a2cf8 gpu_util=0% memory_util=0% used=510MiB sm_clock=2580MHz temperature=41C pstate=P1; quiet_samples=5
GPU quiet gate sm120-selector/tn_d768_in_proj/gemm_bi_tn_sm120_tma_mma_tf32_v1_m64n128_bk32_s3_pair_streamk/eager/calibration: uuid=GPU-a10ad830-a2cf-054d-e0fa-54add30a2cf8 gpu_util=0% memory_util=0% used=742MiB sm_clock=2557MHz temperature=40C pstate=P1; quiet_samples=5
GPU quiet gate sm120-selector/tn_d768_in_proj/gemm_bi_tn_sm120_tma_mma_tf32_v1_m64n128_bk32_s3_pair_streamk/eager/timed: uuid=GPU-a10ad830-a2cf-054d-e0fa-54add30a2cf8 gpu_util=0% memory_util=0% used=742MiB sm_clock=2557MHz temperature=40C pstate=P1; quiet_samples=5
GPU quiet gate sm120-selector/tn_d768_in_proj/gemm_bi_tn_sm120_tma_mma_tf32_v1_m64n128_bk32_s3_pair_streamk/eager/post: uuid=GPU-a10ad830-a2cf-054d-e0fa-54add30a2cf8 gpu_util=0% memory_util=0% used=742MiB sm_clock=2977MHz temperature=42C pstate=P1; quiet_samples=5
GPU quiet gate sm120-selector/tn_d768_in_proj/gemm_bi_tn_sm120_tma_mma_tf32_v1_m64n128_bk32_s3_pair_streamk/graph/calibration: uuid=GPU-a10ad830-a2cf-054d-e0fa-54add30a2cf8 gpu_util=0% memory_util=0% used=742MiB sm_clock=2977MHz temperature=42C pstate=P1; quiet_samples=5
GPU quiet gate sm120-selector/tn_d768_in_proj/gemm_bi_tn_sm120_tma_mma_tf32_v1_m64n128_bk32_s3_pair_streamk/graph/timed: uuid=GPU-a10ad830-a2cf-054d-e0fa-54add30a2cf8 gpu_util=0% memory_util=0% used=742MiB sm_clock=2557MHz temperature=42C pstate=P1; quiet_samples=5
GPU quiet gate sm120-selector/tn_d768_in_proj/gemm_bi_tn_sm120_tma_mma_tf32_v1_m64n128_bk32_s3_pair_streamk/graph/post: uuid=GPU-a10ad830-a2cf-054d-e0fa-54add30a2cf8 gpu_util=0% memory_util=0% used=742MiB sm_clock=2970MHz temperature=43C pstate=P1; quiet_samples=5
GPU quiet gate sm120-projection-selector/tn_d768_in_proj/post-cell: uuid=GPU-a10ad830-a2cf-054d-e0fa-54add30a2cf8 gpu_util=0% memory_util=0% used=512MiB sm_clock=2557MHz temperature=42C pstate=P1; quiet_samples=5
GPU quiet gate sm120-projection-selector/tn_d768_out_proj/pre-cell: uuid=GPU-a10ad830-a2cf-054d-e0fa-54add30a2cf8 gpu_util=0% memory_util=0% used=512MiB sm_clock=2557MHz temperature=42C pstate=P1; quiet_samples=5
GPU quiet gate sm120-selector/tn_d768_out_proj/gemm_bi_tn_sm120_tma_mma_tf32_v1_m64n128_bk32_s3_pair_streamk/eager/calibration: uuid=GPU-a10ad830-a2cf-054d-e0fa-54add30a2cf8 gpu_util=0% memory_util=0% used=742MiB sm_clock=2557MHz temperature=41C pstate=P1; quiet_samples=5
GPU quiet gate sm120-selector/tn_d768_out_proj/gemm_bi_tn_sm120_tma_mma_tf32_v1_m64n128_bk32_s3_pair_streamk/eager/timed: uuid=GPU-a10ad830-a2cf-054d-e0fa-54add30a2cf8 gpu_util=0% memory_util=0% used=742MiB sm_clock=2557MHz temperature=41C pstate=P1; quiet_samples=5
GPU quiet gate sm120-selector/tn_d768_out_proj/gemm_bi_tn_sm120_tma_mma_tf32_v1_m64n128_bk32_s3_pair_streamk/eager/post: uuid=GPU-a10ad830-a2cf-054d-e0fa-54add30a2cf8 gpu_util=0% memory_util=0% used=742MiB sm_clock=2977MHz temperature=43C pstate=P1; quiet_samples=5
GPU quiet gate sm120-selector/tn_d768_out_proj/gemm_bi_tn_sm120_tma_mma_tf32_v1_m64n128_bk32_s3_pair_streamk/graph/calibration: uuid=GPU-a10ad830-a2cf-054d-e0fa-54add30a2cf8 gpu_util=0% memory_util=0% used=742MiB sm_clock=2842MHz temperature=42C pstate=P1; quiet_samples=5
GPU quiet gate sm120-selector/tn_d768_out_proj/gemm_bi_tn_sm120_tma_mma_tf32_v1_m64n128_bk32_s3_pair_streamk/graph/timed: uuid=GPU-a10ad830-a2cf-054d-e0fa-54add30a2cf8 gpu_util=0% memory_util=0% used=742MiB sm_clock=2557MHz temperature=42C pstate=P1; quiet_samples=5
GPU quiet gate sm120-selector/tn_d768_out_proj/gemm_bi_tn_sm120_tma_mma_tf32_v1_m64n128_bk32_s3_pair_streamk/graph/post: uuid=GPU-a10ad830-a2cf-054d-e0fa-54add30a2cf8 gpu_util=0% memory_util=0% used=742MiB sm_clock=2962MHz temperature=43C pstate=P1; quiet_samples=5
GPU quiet gate sm120-projection-selector/tn_d768_out_proj/post-cell: uuid=GPU-a10ad830-a2cf-054d-e0fa-54add30a2cf8 gpu_util=0% memory_util=0% used=512MiB sm_clock=2557MHz temperature=42C pstate=P1; quiet_samples=5
GPU quiet gate sm120-projection-selector/tn_prism_in_proj/pre-cell: uuid=GPU-a10ad830-a2cf-054d-e0fa-54add30a2cf8 gpu_util=0% memory_util=0% used=512MiB sm_clock=2557MHz temperature=42C pstate=P1; quiet_samples=5
GPU quiet gate sm120-selector/tn_prism_in_proj/gemm_bi_tn_sm120_tma_mma_tf32_v1_m64n128_bk32_s3_pair_streamk/eager/calibration: uuid=GPU-a10ad830-a2cf-054d-e0fa-54add30a2cf8 gpu_util=0% memory_util=0% used=774MiB sm_clock=2557MHz temperature=40C pstate=P1; quiet_samples=5
GPU quiet gate sm120-selector/tn_prism_in_proj/gemm_bi_tn_sm120_tma_mma_tf32_v1_m64n128_bk32_s3_pair_streamk/eager/timed: uuid=GPU-a10ad830-a2cf-054d-e0fa-54add30a2cf8 gpu_util=0% memory_util=0% used=774MiB sm_clock=2557MHz temperature=40C pstate=P1; quiet_samples=5
GPU quiet gate sm120-selector/tn_prism_in_proj/gemm_bi_tn_sm120_tma_mma_tf32_v1_m64n128_bk32_s3_pair_streamk/eager/post: uuid=GPU-a10ad830-a2cf-054d-e0fa-54add30a2cf8 gpu_util=0% memory_util=0% used=774MiB sm_clock=2722MHz temperature=42C pstate=P1; quiet_samples=5
GPU quiet gate sm120-selector/tn_prism_in_proj/gemm_bi_tn_sm120_tma_mma_tf32_v1_m64n128_bk32_s3_pair_streamk/graph/calibration: uuid=GPU-a10ad830-a2cf-054d-e0fa-54add30a2cf8 gpu_util=0% memory_util=0% used=774MiB sm_clock=2722MHz temperature=42C pstate=P1; quiet_samples=5
GPU quiet gate sm120-selector/tn_prism_in_proj/gemm_bi_tn_sm120_tma_mma_tf32_v1_m64n128_bk32_s3_pair_streamk/graph/timed: uuid=GPU-a10ad830-a2cf-054d-e0fa-54add30a2cf8 gpu_util=0% memory_util=0% used=774MiB sm_clock=2572MHz temperature=42C pstate=P1; quiet_samples=5
GPU quiet gate sm120-selector/tn_prism_in_proj/gemm_bi_tn_sm120_tma_mma_tf32_v1_m64n128_bk32_s3_pair_streamk/graph/post: uuid=GPU-a10ad830-a2cf-054d-e0fa-54add30a2cf8 gpu_util=0% memory_util=0% used=774MiB sm_clock=2962MHz temperature=43C pstate=P1; quiet_samples=5
GPU quiet gate sm120-projection-selector/tn_prism_in_proj/post-cell: uuid=GPU-a10ad830-a2cf-054d-e0fa-54add30a2cf8 gpu_util=0% memory_util=0% used=512MiB sm_clock=2557MHz temperature=42C pstate=P1; quiet_samples=5
GPU quiet gate sm120-projection-selector/tn_large_deep/pre-cell: uuid=GPU-a10ad830-a2cf-054d-e0fa-54add30a2cf8 gpu_util=0% memory_util=0% used=512MiB sm_clock=2557MHz temperature=42C pstate=P1; quiet_samples=5
GPU quiet gate sm120-selector/tn_large_deep/gemm_bi_tn_sm120_tma_mma_tf32_v1_m64n128_bk32_s3_pair_streamk/eager/calibration: uuid=GPU-a10ad830-a2cf-054d-e0fa-54add30a2cf8 gpu_util=0% memory_util=0% used=870MiB sm_clock=2557MHz temperature=40C pstate=P1; quiet_samples=5
GPU quiet gate sm120-selector/tn_large_deep/gemm_bi_tn_sm120_tma_mma_tf32_v1_m64n128_bk32_s3_pair_streamk/eager/timed: uuid=GPU-a10ad830-a2cf-054d-e0fa-54add30a2cf8 gpu_util=0% memory_util=0% used=870MiB sm_clock=2820MHz temperature=40C pstate=P1; quiet_samples=5
GPU quiet gate sm120-selector/tn_large_deep/gemm_bi_tn_sm120_tma_mma_tf32_v1_m64n128_bk32_s3_pair_streamk/eager/post: uuid=GPU-a10ad830-a2cf-054d-e0fa-54add30a2cf8 gpu_util=0% memory_util=0% used=870MiB sm_clock=2977MHz temperature=42C pstate=P1; quiet_samples=5
GPU quiet gate sm120-selector/tn_large_deep/gemm_bi_tn_sm120_tma_mma_tf32_v1_m64n128_bk32_s3_pair_streamk/graph/calibration: uuid=GPU-a10ad830-a2cf-054d-e0fa-54add30a2cf8 gpu_util=0% memory_util=0% used=870MiB sm_clock=2977MHz temperature=42C pstate=P1; quiet_samples=5
GPU quiet gate sm120-selector/tn_large_deep/gemm_bi_tn_sm120_tma_mma_tf32_v1_m64n128_bk32_s3_pair_streamk/graph/timed: uuid=GPU-a10ad830-a2cf-054d-e0fa-54add30a2cf8 gpu_util=0% memory_util=0% used=870MiB sm_clock=2977MHz temperature=41C pstate=P1; quiet_samples=5
GPU quiet gate sm120-selector/tn_large_deep/gemm_bi_tn_sm120_tma_mma_tf32_v1_m64n128_bk32_s3_pair_streamk/graph/post: uuid=GPU-a10ad830-a2cf-054d-e0fa-54add30a2cf8 gpu_util=0% memory_util=0% used=870MiB sm_clock=2977MHz temperature=43C pstate=P1; quiet_samples=5
GPU quiet gate sm120-projection-selector/tn_large_deep/post-cell: uuid=GPU-a10ad830-a2cf-054d-e0fa-54add30a2cf8 gpu_util=0% memory_util=0% used=512MiB sm_clock=2557MHz temperature=41C pstate=P1; quiet_samples=5
GPU quiet gate sm120-projection-selector/tn_large/pre-cell: uuid=GPU-a10ad830-a2cf-054d-e0fa-54add30a2cf8 gpu_util=0% memory_util=0% used=512MiB sm_clock=2557MHz temperature=41C pstate=P1; quiet_samples=5
GPU quiet gate sm120-selector/tn_large/gemm_bi_tn_sm120_tma_mma_tf32_v1_m64n128_bk32_s3_pair_streamk/eager/calibration: uuid=GPU-a10ad830-a2cf-054d-e0fa-54add30a2cf8 gpu_util=0% memory_util=0% used=742MiB sm_clock=2557MHz temperature=40C pstate=P1; quiet_samples=5
GPU quiet gate sm120-selector/tn_large/gemm_bi_tn_sm120_tma_mma_tf32_v1_m64n128_bk32_s3_pair_streamk/eager/timed: uuid=GPU-a10ad830-a2cf-054d-e0fa-54add30a2cf8 gpu_util=0% memory_util=0% used=742MiB sm_clock=2557MHz temperature=40C pstate=P1; quiet_samples=5
GPU quiet gate sm120-selector/tn_large/gemm_bi_tn_sm120_tma_mma_tf32_v1_m64n128_bk32_s3_pair_streamk/eager/post: uuid=GPU-a10ad830-a2cf-054d-e0fa-54add30a2cf8 gpu_util=0% memory_util=0% used=742MiB sm_clock=2977MHz temperature=42C pstate=P1; quiet_samples=5
GPU quiet gate sm120-selector/tn_large/gemm_bi_tn_sm120_tma_mma_tf32_v1_m64n128_bk32_s3_pair_streamk/graph/calibration: uuid=GPU-a10ad830-a2cf-054d-e0fa-54add30a2cf8 gpu_util=0% memory_util=0% used=742MiB sm_clock=2977MHz temperature=42C pstate=P1; quiet_samples=5
GPU quiet gate sm120-selector/tn_large/gemm_bi_tn_sm120_tma_mma_tf32_v1_m64n128_bk32_s3_pair_streamk/graph/timed: uuid=GPU-a10ad830-a2cf-054d-e0fa-54add30a2cf8 gpu_util=0% memory_util=0% used=742MiB sm_clock=2580MHz temperature=41C pstate=P1; quiet_samples=5
GPU quiet gate sm120-selector/tn_large/gemm_bi_tn_sm120_tma_mma_tf32_v1_m64n128_bk32_s3_pair_streamk/graph/post: uuid=GPU-a10ad830-a2cf-054d-e0fa-54add30a2cf8 gpu_util=0% memory_util=0% used=742MiB sm_clock=2970MHz temperature=43C pstate=P1; quiet_samples=5
GPU quiet gate sm120-projection-selector/tn_large/post-cell: uuid=GPU-a10ad830-a2cf-054d-e0fa-54add30a2cf8 gpu_util=0% memory_util=0% used=512MiB sm_clock=2557MHz temperature=41C pstate=P1; quiet_samples=5
GPU quiet gate sm120-projection-selector/post-suite: uuid=GPU-a10ad830-a2cf-054d-e0fa-54add30a2cf8 gpu_util=0% memory_util=0% used=512MiB sm_clock=2557MHz temperature=41C pstate=P1; quiet_samples=5
{"schema":"MambaBiSm120Tf32SelectorQualificationV1","projection_cells":45,"discovery_windows_per_order":21,"final_windows_per_order":101,"passed":true}
ok

test result: ok. 1 passed; 0 failed; 0 ignored; 0 measured; 34 filtered out; finished in 183.52s

