COMMAND rustfmt --check --edition 2024 --config skip_children=true tests/gemm_bi_fixed_performance.rs
EXIT 0
COMMAND rustfmt --check --edition 2024 tests/support/fixed_sm89_toolkit_admission.rs
EXIT 0
COMMAND git diff --check
EXIT 0
COMMAND env PYTHONDONTWRITEBYTECODE=1 python3 internal/perf/ada-f32-tf32-toolkit-20260907/test_validation.py
test_actual_rust_json_parses_and_abi_is_json_arrays (__main__.Task7ValidationTests.test_actual_rust_json_parses_and_abi_is_json_arrays) ... ok
test_confirm_gate_requires_exact_recomputed_subset_and_identity (__main__.Task7ValidationTests.test_confirm_gate_requires_exact_recomputed_subset_and_identity) ... ok
test_failed_inner_outer_and_binding_closure_reject (__main__.Task7ValidationTests.test_failed_inner_outer_and_binding_closure_reject) ... ok
test_honestly_recomputed_loss_is_valid_and_siblings_survive (__main__.Task7ValidationTests.test_honestly_recomputed_loss_is_valid_and_siblings_survive) ... ok
test_malformed_identity_vendor_and_physical_contracts_reject (__main__.Task7ValidationTests.test_malformed_identity_vendor_and_physical_contracts_reject) ... ok
test_missing_duplicate_foreign_literal_and_raw_records_reject (__main__.Task7ValidationTests.test_missing_duplicate_foreign_literal_and_raw_records_reject) ... ok
test_mixed_p95_is_valid_loss (__main__.Task7ValidationTests.test_mixed_p95_is_valid_loss) ... ok
test_raw_schedule_arithmetic_and_completion_forgery_reject (__main__.Task7ValidationTests.test_raw_schedule_arithmetic_and_completion_forgery_reject) ... ok
test_tf32_analyzer_expects_rna_auto_not_old_portable_bundle (__main__.Task7ValidationTests.test_tf32_analyzer_expects_rna_auto_not_old_portable_bundle) ... ok

----------------------------------------------------------------------
Ran 9 tests in 0.325s

OK
EXIT 0
COMMAND env PYTHONDONTWRITEBYTECODE=1 python3 internal/perf/ada-f32-tf32-toolkit-20260907/analyze.py internal/perf/ada-f32-tf32-toolkit-20260907/cuda128-final5b-exact-screen21 internal/perf/ada-f32-tf32-toolkit-20260907/cuda128-binding-final5b.json
{
  "eligible": [
    "hot_a:0",
    "hot_a:1",
    "hot_b:0",
    "hot_b:1",
    "hot_d:0",
    "hot_d:1",
    "hot_e:0",
    "hot_e:1"
  ],
  "family": "f32_exact_fast",
  "identity": {
    "binary_sha": "0f3f2e617797fcce4e70789cc507cd25704429f98663812013d6df9851321bb5",
    "cc": "8.9",
    "compiler_target": "sm_89",
    "family": "f32_exact_fast",
    "fixed_artifact_digest": "60977db33de28d807ac7dd3dafe2d176914f7b7eab589917a47988050712352c",
    "fixed_invocation_digest": "57c3e4f2177104f137d432f19398a4a36799aca4c264634a1ab25d17dbf422ba",
    "fixed_source_digest": "205f58b56429b8e74f3ac1e7ab9f0cf6a9bf193ffeb87b254bd3ab00e6b02ca5",
    "header_manifest_digest": "93da3d651789a26680b5af0ad03008c21ddcef2fa256d5439994b16442cde0ab",
    "kind": "identity",
    "literal_control": "hot_a:0,hot_a:1,hot_b:0,hot_b:1,hot_d:0,hot_d:1,hot_e:0,hot_e:1",
    "logical_ops": 20,
    "numeric_abi_revision": 5,
    "nvrtc_library_domain": "26b0a3a02044ffcbc1693fd83e9261beffa692a4fbcfe3ac5e9d8c87980bb155",
    "nvrtc_library_known": true,
    "paths": [
      "eager",
      "graph"
    ],
    "schedule_revision": 8,
    "schema": "MambaBiFixedAdaToolkitAdmissionV1",
    "screen_artifact_sha": null,
    "screen_sha": null,
    "sm_count": 142,
    "source_sha": "97f3d43fc315c96238f41f9f39bc15418518b5493e216fb9bc0a8f03a46e5bc7",
    "stage": "screen21",
    "start_parities": [
      0,
      1
    ],
    "toolkit": "12.8",
    "tuning_revision": 43,
    "uuid": "GPU-d1edd7be-e88d-aed6-047d-622163306f0e",
    "vendor_algorithm": "CUBLAS_GEMM_DEFAULT",
    "vendor_atomics": "CUBLAS_ATOMICS_NOT_ALLOWED",
    "vendor_compute": "CUBLAS_COMPUTE_32F_FAST_TF32",
    "vendor_math": "CUBLAS_DEFAULT_MATH",
    "vendor_pointer_mode": "CUBLAS_POINTER_MODE_HOST",
    "warmup_eager": 128,
    "windows": 21
  },
  "jsonl_sha": "d43c360d844065a3691f933b0b743a18e8482d2d36de787ef0ed2392e30e53bf",
  "literals": [
    "hot_a:0",
    "hot_a:1",
    "hot_b:0",
    "hot_b:1",
    "hot_d:0",
    "hot_d:1",
    "hot_e:0",
    "hot_e:1"
  ],
  "own_strata": {
    "hot_a:0": [
      [
        0.841704289531808,
        0.8521073483480862
      ],
      [
        0.8393621725960941,
        0.8604865577040851
      ],
      [
        0.8389520205127196,
        0.8662926752278199
      ],
      [
        0.8423113338438182,
        0.8850178058459882
      ]
    ],
    "hot_a:1": [
      [
        0.8415504706677651,
        0.8872219745656486
      ],
      [
        0.8395267640245848,
        0.8874977397812083
      ],
      [
        0.840639012845239,
        0.8613367995407699
      ],
      [
        0.8392969197792874,
        0.8582279479979396
      ]
    ],
    "hot_b:0": [
      [
        0.8207539790716066,
        0.8498009766662135
      ],
      [
        0.8172528591102742,
        0.8445842972162304
      ],
      [
        0.8342283247297931,
        0.8547024523818055
      ],
      [
        0.834816819859249,
        0.8504766625315691
      ]
    ],
    "hot_b:1": [
      [
        0.8210534726608587,
        0.8543147473202929
      ],
      [
        0.8262084403757733,
        0.8459163291268599
      ],
      [
        0.8247802229183233,
        0.8424116316007472
      ],
      [
        0.8232639540862884,
        0.8426351026497193
      ]
    ],
    "hot_d:0": [
      [
        0.8261861128165804,
        0.8460317462948265
      ],
      [
        0.8259061906519136,
        0.8365254564524133
      ],
      [
        0.8250922121882602,
        0.8356927412403309
      ],
      [
        0.8250970423944228,
        0.8423243042790464
      ]
    ],
    "hot_d:1": [
      [
        0.8245863909083462,
        0.8388080418166024
      ],
      [
        0.8256068392594147,
        0.8490504420904649
      ],
      [
        0.8265615883931847,
        0.8497277173857254
      ],
      [
        0.8256708240334706,
        0.8380078550893034
      ]
    ],
    "hot_e:0": [
      [
        0.813984054882655,
        0.8248133242145888
      ],
      [
        0.8144638917142316,
        0.826512767090678
      ],
      [
        0.8126728620133167,
        0.8207937728832942
      ],
      [
        0.8125972207244362,
        0.8254146599846143
      ]
    ],
    "hot_e:1": [
      [
        0.8127238008499591,
        0.8265487022461219
      ],
      [
        0.813172006688616,
        0.8276127867054385
      ],
      [
        0.8120104376210862,
        0.8271899171390901
      ],
      [
        0.812766567099882,
        0.8309352800602089
      ]
    ]
  },
  "stage": "screen21",
  "toolkit": "12.8",
  "valid": true,
  "windows": 21
}
EXIT 0
COMMAND env PYTHONDONTWRITEBYTECODE=1 python3 internal/perf/ada-f32-tf32-toolkit-20260907/analyze.py internal/perf/ada-f32-tf32-toolkit-20260907/cuda128-final5b-tf32-screen21 internal/perf/ada-f32-tf32-toolkit-20260907/cuda128-binding-final5b.json
{
  "eligible": [],
  "family": "tf32",
  "identity": {
    "binary_sha": "0f3f2e617797fcce4e70789cc507cd25704429f98663812013d6df9851321bb5",
    "cc": "8.9",
    "compiler_target": "sm_89",
    "family": "tf32",
    "fixed_artifact_digest": "60977db33de28d807ac7dd3dafe2d176914f7b7eab589917a47988050712352c",
    "fixed_invocation_digest": "57c3e4f2177104f137d432f19398a4a36799aca4c264634a1ab25d17dbf422ba",
    "fixed_source_digest": "205f58b56429b8e74f3ac1e7ab9f0cf6a9bf193ffeb87b254bd3ab00e6b02ca5",
    "header_manifest_digest": "93da3d651789a26680b5af0ad03008c21ddcef2fa256d5439994b16442cde0ab",
    "kind": "identity",
    "literal_control": "hot_c:0,hot_c:1",
    "logical_ops": 20,
    "numeric_abi_revision": 5,
    "nvrtc_library_domain": "26b0a3a02044ffcbc1693fd83e9261beffa692a4fbcfe3ac5e9d8c87980bb155",
    "nvrtc_library_known": true,
    "paths": [
      "eager",
      "graph"
    ],
    "schedule_revision": 8,
    "schema": "MambaBiFixedAdaToolkitAdmissionV1",
    "screen_artifact_sha": null,
    "screen_sha": null,
    "sm_count": 142,
    "source_sha": "97f3d43fc315c96238f41f9f39bc15418518b5493e216fb9bc0a8f03a46e5bc7",
    "stage": "screen21",
    "start_parities": [
      0,
      1
    ],
    "toolkit": "12.8",
    "tuning_revision": 43,
    "uuid": "GPU-d1edd7be-e88d-aed6-047d-622163306f0e",
    "vendor_algorithm": "CUBLAS_GEMM_DEFAULT",
    "vendor_atomics": "CUBLAS_ATOMICS_NOT_ALLOWED",
    "vendor_compute": "CUBLAS_COMPUTE_32F_FAST_TF32",
    "vendor_math": "CUBLAS_DEFAULT_MATH",
    "vendor_pointer_mode": "CUBLAS_POINTER_MODE_HOST",
    "warmup_eager": 128,
    "windows": 21
  },
  "jsonl_sha": "ce6385b523633841925c14471725d2cebd2a9ded13e54bb778f13d53e135a973",
  "literals": [
    "hot_c:0",
    "hot_c:1"
  ],
  "own_strata": {
    "hot_c:0": [
      [
        1.505704660255949,
        1.510039955228321
      ],
      [
        1.5066360459753654,
        1.5113406227414228
      ],
      [
        1.5142333983797909,
        1.5164580316713088
      ],
      [
        1.513420432196407,
        1.5182279965368723
      ]
    ],
    "hot_c:1": [
      [
        1.504417554763035,
        1.511384369048028
      ],
      [
        1.5068859942321813,
        1.5105376543139193
      ],
      [
        1.5147616587862878,
        1.5175753791391224
      ],
      [
        1.5156034459361705,
        1.5186091444254564
      ]
    ]
  },
  "stage": "screen21",
  "toolkit": "12.8",
  "valid": true,
  "windows": 21
}
EXIT 0
COMMAND env PYTHONDONTWRITEBYTECODE=1 python3 internal/perf/ada-f32-tf32-toolkit-20260907/analyze.py internal/perf/ada-f32-tf32-toolkit-20260907/cuda130-final5b-exact-screen21 internal/perf/ada-f32-tf32-toolkit-20260907/cuda130-binding-final5b.json
{
  "eligible": [
    "hot_a:0",
    "hot_a:1",
    "hot_b:0",
    "hot_b:1",
    "hot_d:0",
    "hot_d:1",
    "hot_e:0",
    "hot_e:1"
  ],
  "family": "f32_exact_fast",
  "identity": {
    "binary_sha": "cf90b10de3cb8afb0a4a68575a1c9db9597750ff3b929dfff85864a423009154",
    "cc": "8.9",
    "compiler_target": "sm_89",
    "family": "f32_exact_fast",
    "fixed_artifact_digest": "d1aa6e33a612d99cd44a1e9c7eebe495c05eeef2212bf2cf4296db55eedb86a9",
    "fixed_invocation_digest": "adee1f8b255bacfce8921820d9397a0a22a0dbaac735759fdcd222a453176155",
    "fixed_source_digest": "205f58b56429b8e74f3ac1e7ab9f0cf6a9bf193ffeb87b254bd3ab00e6b02ca5",
    "header_manifest_digest": "5b0d4c9a293604e0e025a4f57004cdbb7a870a7076bc97d2eaa5c06d7617eb78",
    "kind": "identity",
    "literal_control": "hot_a:0,hot_a:1,hot_b:0,hot_b:1,hot_d:0,hot_d:1,hot_e:0,hot_e:1",
    "logical_ops": 20,
    "numeric_abi_revision": 5,
    "nvrtc_library_domain": "709b91c36bfb0ed966ee69adc8d6f87ff110eecf3dfb5060367f183ce614eb0d",
    "nvrtc_library_known": true,
    "paths": [
      "eager",
      "graph"
    ],
    "schedule_revision": 8,
    "schema": "MambaBiFixedAdaToolkitAdmissionV1",
    "screen_artifact_sha": null,
    "screen_sha": null,
    "sm_count": 142,
    "source_sha": "97f3d43fc315c96238f41f9f39bc15418518b5493e216fb9bc0a8f03a46e5bc7",
    "stage": "screen21",
    "start_parities": [
      0,
      1
    ],
    "toolkit": "13.0",
    "tuning_revision": 43,
    "uuid": "GPU-d1edd7be-e88d-aed6-047d-622163306f0e",
    "vendor_algorithm": "CUBLAS_GEMM_DEFAULT",
    "vendor_atomics": "CUBLAS_ATOMICS_NOT_ALLOWED",
    "vendor_compute": "CUBLAS_COMPUTE_32F_FAST_TF32",
    "vendor_math": "CUBLAS_DEFAULT_MATH",
    "vendor_pointer_mode": "CUBLAS_POINTER_MODE_HOST",
    "warmup_eager": 128,
    "windows": 21
  },
  "jsonl_sha": "cae9db1864bd64700ee3033196eae4c6f8a0abd7a3a1cf09a407889cb7727682",
  "literals": [
    "hot_a:0",
    "hot_a:1",
    "hot_b:0",
    "hot_b:1",
    "hot_d:0",
    "hot_d:1",
    "hot_e:0",
    "hot_e:1"
  ],
  "own_strata": {
    "hot_a:0": [
      [
        0.8422156740283977,
        0.8801204997093609
      ],
      [
        0.8428105292299142,
        0.8740433226017262
      ],
      [
        0.8425601589293527,
        0.8723995787715054
      ],
      [
        0.8421926602825099,
        0.8664244578852208
      ]
    ],
    "hot_a:1": [
      [
        0.8397906575428113,
        0.8639954434613616
      ],
      [
        0.839668114392821,
        0.887652248332181
      ],
      [
        0.8397737160302011,
        0.8821912179066081
      ],
      [
        0.8390299556159089,
        0.8807519752120282
      ]
    ],
    "hot_b:0": [
      [
        0.8287312340975785,
        0.8494916118705821
      ],
      [
        0.8169860198323667,
        0.8463439537443344
      ],
      [
        0.8217020553584703,
        0.8427256028152873
      ],
      [
        0.8228726951804557,
        0.8419469834938343
      ]
    ],
    "hot_b:1": [
      [
        0.81887002700098,
        0.8450838314205814
      ],
      [
        0.8168180214223011,
        0.8394876119033178
      ],
      [
        0.826940435953245,
        0.8395222046002091
      ],
      [
        0.8169836280162973,
        0.84363325627524
      ]
    ],
    "hot_d:0": [
      [
        0.8281075001347781,
        0.8426535091280262
      ],
      [
        0.825713471205596,
        0.8414549330070948
      ],
      [
        0.8261905081587357,
        0.8441480074371874
      ],
      [
        0.8269508240409649,
        0.8388514190739947
      ]
    ],
    "hot_d:1": [
      [
        0.8267653621986526,
        0.8503123822931217
      ],
      [
        0.8275495861649793,
        0.8495343187506451
      ],
      [
        0.8247386467606623,
        0.8473315686457896
      ],
      [
        0.8252228924716579,
        0.8490934549542332
      ]
    ],
    "hot_e:0": [
      [
        0.8119660070180226,
        0.8258391864796543
      ],
      [
        0.8133212552793685,
        0.8251249858637835
      ],
      [
        0.8132405646857163,
        0.8237631076147179
      ],
      [
        0.8127913045694047,
        0.8250856593884509
      ]
    ],
    "hot_e:1": [
      [
        0.8120385881253175,
        0.8256716534546827
      ],
      [
        0.8119853355990327,
        0.829332571654409
      ],
      [
        0.8118833549184024,
        0.8260175132034282
      ],
      [
        0.8111967282881601,
        0.8308645734220366
      ]
    ]
  },
  "stage": "screen21",
  "toolkit": "13.0",
  "valid": true,
  "windows": 21
}
EXIT 0
COMMAND env PYTHONDONTWRITEBYTECODE=1 python3 internal/perf/ada-f32-tf32-toolkit-20260907/analyze.py internal/perf/ada-f32-tf32-toolkit-20260907/cuda130-final5b-tf32-screen21 internal/perf/ada-f32-tf32-toolkit-20260907/cuda130-binding-final5b.json
{
  "eligible": [],
  "family": "tf32",
  "identity": {
    "binary_sha": "cf90b10de3cb8afb0a4a68575a1c9db9597750ff3b929dfff85864a423009154",
    "cc": "8.9",
    "compiler_target": "sm_89",
    "family": "tf32",
    "fixed_artifact_digest": "d1aa6e33a612d99cd44a1e9c7eebe495c05eeef2212bf2cf4296db55eedb86a9",
    "fixed_invocation_digest": "adee1f8b255bacfce8921820d9397a0a22a0dbaac735759fdcd222a453176155",
    "fixed_source_digest": "205f58b56429b8e74f3ac1e7ab9f0cf6a9bf193ffeb87b254bd3ab00e6b02ca5",
    "header_manifest_digest": "5b0d4c9a293604e0e025a4f57004cdbb7a870a7076bc97d2eaa5c06d7617eb78",
    "kind": "identity",
    "literal_control": "hot_c:0,hot_c:1",
    "logical_ops": 20,
    "numeric_abi_revision": 5,
    "nvrtc_library_domain": "709b91c36bfb0ed966ee69adc8d6f87ff110eecf3dfb5060367f183ce614eb0d",
    "nvrtc_library_known": true,
    "paths": [
      "eager",
      "graph"
    ],
    "schedule_revision": 8,
    "schema": "MambaBiFixedAdaToolkitAdmissionV1",
    "screen_artifact_sha": null,
    "screen_sha": null,
    "sm_count": 142,
    "source_sha": "97f3d43fc315c96238f41f9f39bc15418518b5493e216fb9bc0a8f03a46e5bc7",
    "stage": "screen21",
    "start_parities": [
      0,
      1
    ],
    "toolkit": "13.0",
    "tuning_revision": 43,
    "uuid": "GPU-d1edd7be-e88d-aed6-047d-622163306f0e",
    "vendor_algorithm": "CUBLAS_GEMM_DEFAULT",
    "vendor_atomics": "CUBLAS_ATOMICS_NOT_ALLOWED",
    "vendor_compute": "CUBLAS_COMPUTE_32F_FAST_TF32",
    "vendor_math": "CUBLAS_DEFAULT_MATH",
    "vendor_pointer_mode": "CUBLAS_POINTER_MODE_HOST",
    "warmup_eager": 128,
    "windows": 21
  },
  "jsonl_sha": "0c639d97640af56e1826e3752b11ced0fb107ac6592a75faad6fadcc7855425a",
  "literals": [
    "hot_c:0",
    "hot_c:1"
  ],
  "own_strata": {
    "hot_c:0": [
      [
        1.499889052282626,
        1.5026000051799726
      ],
      [
        1.5076675566527449,
        1.5111008625604878
      ],
      [
        1.513533993167006,
        1.5175141401371885
      ],
      [
        1.511985581045938,
        1.5183390790852394
      ]
    ],
    "hot_c:1": [
      [
        1.5065209477637682,
        1.5105850494103947
      ],
      [
        1.5083301607741515,
        1.5107112962463274
      ],
      [
        1.515373981138902,
        1.5182464780291403
      ],
      [
        1.515109340504685,
        1.5185663191560712
      ]
    ]
  },
  "stage": "screen21",
  "toolkit": "13.0",
  "valid": true,
  "windows": 21
}
EXIT 0
COMMAND env PYTHONDONTWRITEBYTECODE=1 python3 internal/perf/ada-f32-tf32-toolkit-20260907/analyze.py internal/perf/ada-f32-tf32-toolkit-20260907/cuda128-final5b-exact-confirm101 internal/perf/ada-f32-tf32-toolkit-20260907/cuda128-binding-final5b.json internal/perf/ada-f32-tf32-toolkit-20260907/cuda128-final5b-exact-screen21/records.jsonl
{
  "eligible": [
    "hot_a:0",
    "hot_a:1",
    "hot_b:0",
    "hot_b:1",
    "hot_d:0",
    "hot_d:1",
    "hot_e:0",
    "hot_e:1"
  ],
  "family": "f32_exact_fast",
  "identity": {
    "binary_sha": "0f3f2e617797fcce4e70789cc507cd25704429f98663812013d6df9851321bb5",
    "cc": "8.9",
    "compiler_target": "sm_89",
    "family": "f32_exact_fast",
    "fixed_artifact_digest": "60977db33de28d807ac7dd3dafe2d176914f7b7eab589917a47988050712352c",
    "fixed_invocation_digest": "57c3e4f2177104f137d432f19398a4a36799aca4c264634a1ab25d17dbf422ba",
    "fixed_source_digest": "205f58b56429b8e74f3ac1e7ab9f0cf6a9bf193ffeb87b254bd3ab00e6b02ca5",
    "header_manifest_digest": "93da3d651789a26680b5af0ad03008c21ddcef2fa256d5439994b16442cde0ab",
    "kind": "identity",
    "literal_control": "hot_a:0,hot_a:1,hot_b:0,hot_b:1,hot_d:0,hot_d:1,hot_e:0,hot_e:1",
    "logical_ops": 20,
    "numeric_abi_revision": 5,
    "nvrtc_library_domain": "26b0a3a02044ffcbc1693fd83e9261beffa692a4fbcfe3ac5e9d8c87980bb155",
    "nvrtc_library_known": true,
    "paths": [
      "eager",
      "graph"
    ],
    "schedule_revision": 8,
    "schema": "MambaBiFixedAdaToolkitAdmissionV1",
    "screen_artifact_sha": "60977db33de28d807ac7dd3dafe2d176914f7b7eab589917a47988050712352c",
    "screen_sha": "d43c360d844065a3691f933b0b743a18e8482d2d36de787ef0ed2392e30e53bf",
    "sm_count": 142,
    "source_sha": "97f3d43fc315c96238f41f9f39bc15418518b5493e216fb9bc0a8f03a46e5bc7",
    "stage": "confirm101",
    "start_parities": [
      0,
      1
    ],
    "toolkit": "12.8",
    "tuning_revision": 43,
    "uuid": "GPU-d1edd7be-e88d-aed6-047d-622163306f0e",
    "vendor_algorithm": "CUBLAS_GEMM_DEFAULT",
    "vendor_atomics": "CUBLAS_ATOMICS_NOT_ALLOWED",
    "vendor_compute": "CUBLAS_COMPUTE_32F_FAST_TF32",
    "vendor_math": "CUBLAS_DEFAULT_MATH",
    "vendor_pointer_mode": "CUBLAS_POINTER_MODE_HOST",
    "warmup_eager": 128,
    "windows": 101
  },
  "jsonl_sha": "eb3b0abee0e336c7c93f9c5eddec698dae8a3fc1d8363ca337047b835758ad96",
  "literals": [
    "hot_a:0",
    "hot_a:1",
    "hot_b:0",
    "hot_b:1",
    "hot_d:0",
    "hot_d:1",
    "hot_e:0",
    "hot_e:1"
  ],
  "own_strata": {
    "hot_a:0": [
      [
        0.8420903658949966,
        0.8790511383389241
      ],
      [
        0.843006918636843,
        0.8792165573607607
      ],
      [
        0.842806662290187,
        0.8790434667516809
      ],
      [
        0.8425591183017563,
        0.8789302038417276
      ]
    ],
    "hot_a:1": [
      [
        0.8406296516264988,
        0.8791106241429636
      ],
      [
        0.8424938846592122,
        0.8811593651147931
      ],
      [
        0.8424321149443177,
        0.8914551141254627
      ],
      [
        0.8412083103511986,
        0.8850423736832863
      ]
    ],
    "hot_b:0": [
      [
        0.8125909432172514,
        0.83887521631103
      ],
      [
        0.8168886888126476,
        0.8455459573195818
      ],
      [
        0.8171215371350001,
        0.8488950210236954
      ],
      [
        0.8179590060538644,
        0.8457989183411712
      ]
    ],
    "hot_b:1": [
      [
        0.8173416766267299,
        0.8402823341564765
      ],
      [
        0.8156489428986442,
        0.8371101512778104
      ],
      [
        0.8142991379048669,
        0.8382598738358659
      ],
      [
        0.8169018473920109,
        0.8373303905691464
      ]
    ],
    "hot_d:0": [
      [
        0.8271722703179758,
        0.84629281190484
      ],
      [
        0.8273665106678155,
        0.841248576529721
      ],
      [
        0.8264750293423101,
        0.8442498701089488
      ],
      [
        0.8269268953909005,
        0.8437753589743328
      ]
    ],
    "hot_d:1": [
      [
        0.8281568930914623,
        0.8539025658441188
      ],
      [
        0.8277758790977473,
        0.8547045849448487
      ],
      [
        0.8268226760014896,
        0.8495794149336864
      ],
      [
        0.8274787146587667,
        0.8545606266037393
      ]
    ],
    "hot_e:0": [
      [
        0.8140613733525384,
        0.8289239511067957
      ],
      [
        0.8128179033734807,
        0.8244345719125543
      ],
      [
        0.8146154381166165,
        0.8282387420581767
      ],
      [
        0.81389305895747,
        0.8285800188622761
      ]
    ],
    "hot_e:1": [
      [
        0.815332469167513,
        0.83991573609522
      ],
      [
        0.8142202291665918,
        0.8313032550788071
      ],
      [
        0.8143583772894398,
        0.8365454549209576
      ],
      [
        0.8134842587795416,
        0.8344955360282225
      ]
    ]
  },
  "stage": "confirm101",
  "toolkit": "12.8",
  "valid": true,
  "windows": 101
}
EXIT 0
COMMAND env PYTHONDONTWRITEBYTECODE=1 python3 internal/perf/ada-f32-tf32-toolkit-20260907/analyze.py internal/perf/ada-f32-tf32-toolkit-20260907/cuda130-final5b-exact-confirm101 internal/perf/ada-f32-tf32-toolkit-20260907/cuda130-binding-final5b.json internal/perf/ada-f32-tf32-toolkit-20260907/cuda130-final5b-exact-screen21/records.jsonl
{
  "eligible": [
    "hot_a:0",
    "hot_a:1",
    "hot_b:0",
    "hot_b:1",
    "hot_d:0",
    "hot_d:1",
    "hot_e:0",
    "hot_e:1"
  ],
  "family": "f32_exact_fast",
  "identity": {
    "binary_sha": "cf90b10de3cb8afb0a4a68575a1c9db9597750ff3b929dfff85864a423009154",
    "cc": "8.9",
    "compiler_target": "sm_89",
    "family": "f32_exact_fast",
    "fixed_artifact_digest": "d1aa6e33a612d99cd44a1e9c7eebe495c05eeef2212bf2cf4296db55eedb86a9",
    "fixed_invocation_digest": "adee1f8b255bacfce8921820d9397a0a22a0dbaac735759fdcd222a453176155",
    "fixed_source_digest": "205f58b56429b8e74f3ac1e7ab9f0cf6a9bf193ffeb87b254bd3ab00e6b02ca5",
    "header_manifest_digest": "5b0d4c9a293604e0e025a4f57004cdbb7a870a7076bc97d2eaa5c06d7617eb78",
    "kind": "identity",
    "literal_control": "hot_a:0,hot_a:1,hot_b:0,hot_b:1,hot_d:0,hot_d:1,hot_e:0,hot_e:1",
    "logical_ops": 20,
    "numeric_abi_revision": 5,
    "nvrtc_library_domain": "709b91c36bfb0ed966ee69adc8d6f87ff110eecf3dfb5060367f183ce614eb0d",
    "nvrtc_library_known": true,
    "paths": [
      "eager",
      "graph"
    ],
    "schedule_revision": 8,
    "schema": "MambaBiFixedAdaToolkitAdmissionV1",
    "screen_artifact_sha": "d1aa6e33a612d99cd44a1e9c7eebe495c05eeef2212bf2cf4296db55eedb86a9",
    "screen_sha": "cae9db1864bd64700ee3033196eae4c6f8a0abd7a3a1cf09a407889cb7727682",
    "sm_count": 142,
    "source_sha": "97f3d43fc315c96238f41f9f39bc15418518b5493e216fb9bc0a8f03a46e5bc7",
    "stage": "confirm101",
    "start_parities": [
      0,
      1
    ],
    "toolkit": "13.0",
    "tuning_revision": 43,
    "uuid": "GPU-d1edd7be-e88d-aed6-047d-622163306f0e",
    "vendor_algorithm": "CUBLAS_GEMM_DEFAULT",
    "vendor_atomics": "CUBLAS_ATOMICS_NOT_ALLOWED",
    "vendor_compute": "CUBLAS_COMPUTE_32F_FAST_TF32",
    "vendor_math": "CUBLAS_DEFAULT_MATH",
    "vendor_pointer_mode": "CUBLAS_POINTER_MODE_HOST",
    "warmup_eager": 128,
    "windows": 101
  },
  "jsonl_sha": "0b27351512f3265b156a29aaf7fadcaf4a84870cac06e1c1b36ce3e358f20711",
  "literals": [
    "hot_a:0",
    "hot_a:1",
    "hot_b:0",
    "hot_b:1",
    "hot_d:0",
    "hot_d:1",
    "hot_e:0",
    "hot_e:1"
  ],
  "own_strata": {
    "hot_a:0": [
      [
        0.8422433087990985,
        0.8747009806273952
      ],
      [
        0.8425527552377003,
        0.8770763236829618
      ],
      [
        0.8444542613511921,
        0.8755117498411242
      ],
      [
        0.8445888215290256,
        0.8753892405705431
      ]
    ],
    "hot_a:1": [
      [
        0.8406432334293995,
        0.8874840865843119
      ],
      [
        0.8415105195069312,
        0.8819880677229004
      ],
      [
        0.8428347729893909,
        0.8886922016860447
      ],
      [
        0.8422389203518985,
        0.8889768444135295
      ]
    ],
    "hot_b:0": [
      [
        0.8269294912012457,
        0.8451072560936377
      ],
      [
        0.8158326512126164,
        0.8457394688268552
      ],
      [
        0.8168522866739014,
        0.844058351581308
      ],
      [
        0.8158244628115284,
        0.8432914493902846
      ]
    ],
    "hot_b:1": [
      [
        0.81215293734903,
        0.8430097227066273
      ],
      [
        0.8148902942068927,
        0.8386432282329769
      ],
      [
        0.8122768611690908,
        0.8366076093206277
      ],
      [
        0.815470744616455,
        0.8374155197067443
      ]
    ],
    "hot_d:0": [
      [
        0.8269403870465207,
        0.8452316652574001
      ],
      [
        0.8269778071152083,
        0.8456728427253021
      ],
      [
        0.8268425116608714,
        0.844805852983362
      ],
      [
        0.8258712612785367,
        0.8423060059435645
      ]
    ],
    "hot_d:1": [
      [
        0.8273400798789107,
        0.8540852417767456
      ],
      [
        0.8291385725588909,
        0.8568658670572983
      ],
      [
        0.8278818060849301,
        0.8537261429405872
      ],
      [
        0.8272133201472426,
        0.848097937751575
      ]
    ],
    "hot_e:0": [
      [
        0.8130707366734522,
        0.8306327857145993
      ],
      [
        0.8136624961090216,
        0.8285416192821771
      ],
      [
        0.8138389888266134,
        0.8274792784402499
      ],
      [
        0.8143241865218225,
        0.8286269227508642
      ]
    ],
    "hot_e:1": [
      [
        0.8152268094973366,
        0.8365457901869159
      ],
      [
        0.813677440618332,
        0.8348972436884771
      ],
      [
        0.815081177785432,
        0.8334392764576763
      ],
      [
        0.8142823762920036,
        0.8362059878875213
      ]
    ]
  },
  "stage": "confirm101",
  "toolkit": "13.0",
  "valid": true,
  "windows": 101
}
EXIT 0
FINAL_EXIT 0
