test_actual_rust_json_parses_and_abi_is_json_arrays (__main__.Task7ValidationTests.test_actual_rust_json_parses_and_abi_is_json_arrays) ... ok
test_confirm_gate_requires_exact_recomputed_subset_and_identity (__main__.Task7ValidationTests.test_confirm_gate_requires_exact_recomputed_subset_and_identity) ... ok
test_failed_inner_outer_and_binding_closure_reject (__main__.Task7ValidationTests.test_failed_inner_outer_and_binding_closure_reject) ... ok
test_honestly_recomputed_loss_is_valid_and_siblings_survive (__main__.Task7ValidationTests.test_honestly_recomputed_loss_is_valid_and_siblings_survive) ... ok
test_malformed_identity_vendor_and_physical_contracts_reject (__main__.Task7ValidationTests.test_malformed_identity_vendor_and_physical_contracts_reject) ... 
  test_malformed_identity_vendor_and_physical_contracts_reject (__main__.Task7ValidationTests.test_malformed_identity_vendor_and_physical_contracts_reject) (name='missing numeric ABI') ... FAIL
  test_malformed_identity_vendor_and_physical_contracts_reject (__main__.Task7ValidationTests.test_malformed_identity_vendor_and_physical_contracts_reject) (name='wrong numeric ABI') ... FAIL
  test_malformed_identity_vendor_and_physical_contracts_reject (__main__.Task7ValidationTests.test_malformed_identity_vendor_and_physical_contracts_reject) (name='missing schedule revision') ... FAIL
  test_malformed_identity_vendor_and_physical_contracts_reject (__main__.Task7ValidationTests.test_malformed_identity_vendor_and_physical_contracts_reject) (name='wrong schedule revision') ... FAIL
test_missing_duplicate_foreign_literal_and_raw_records_reject (__main__.Task7ValidationTests.test_missing_duplicate_foreign_literal_and_raw_records_reject) ... ok
test_mixed_p95_is_valid_loss (__main__.Task7ValidationTests.test_mixed_p95_is_valid_loss) ... ok
test_raw_schedule_arithmetic_and_completion_forgery_reject (__main__.Task7ValidationTests.test_raw_schedule_arithmetic_and_completion_forgery_reject) ... ok
test_tf32_analyzer_expects_rna_auto_not_old_portable_bundle (__main__.Task7ValidationTests.test_tf32_analyzer_expects_rna_auto_not_old_portable_bundle) ... ok

======================================================================
FAIL: test_malformed_identity_vendor_and_physical_contracts_reject (__main__.Task7ValidationTests.test_malformed_identity_vendor_and_physical_contracts_reject) (name='missing numeric ABI')
----------------------------------------------------------------------
Traceback (most recent call last):
  File "/Users/silvermpx/IdeaProjects/mamba-rs/internal/worktrees/gemm-bi-triad-sm80/internal/perf/ada-f32-tf32-toolkit-20260907/test_validation.py", line 156, in test_malformed_identity_vendor_and_physical_contracts_reject
    self.assert_rejected(mutation)
  File "/Users/silvermpx/IdeaProjects/mamba-rs/internal/worktrees/gemm-bi-triad-sm80/internal/perf/ada-f32-tf32-toolkit-20260907/test_validation.py", line 88, in assert_rejected
    with self.assertRaises(ValueError):
         ^^^^^^^^^^^^^^^^^^^^^^^^^^^^^
AssertionError: ValueError not raised

======================================================================
FAIL: test_malformed_identity_vendor_and_physical_contracts_reject (__main__.Task7ValidationTests.test_malformed_identity_vendor_and_physical_contracts_reject) (name='wrong numeric ABI')
----------------------------------------------------------------------
Traceback (most recent call last):
  File "/Users/silvermpx/IdeaProjects/mamba-rs/internal/worktrees/gemm-bi-triad-sm80/internal/perf/ada-f32-tf32-toolkit-20260907/test_validation.py", line 156, in test_malformed_identity_vendor_and_physical_contracts_reject
    self.assert_rejected(mutation)
  File "/Users/silvermpx/IdeaProjects/mamba-rs/internal/worktrees/gemm-bi-triad-sm80/internal/perf/ada-f32-tf32-toolkit-20260907/test_validation.py", line 88, in assert_rejected
    with self.assertRaises(ValueError):
         ^^^^^^^^^^^^^^^^^^^^^^^^^^^^^
AssertionError: ValueError not raised

======================================================================
FAIL: test_malformed_identity_vendor_and_physical_contracts_reject (__main__.Task7ValidationTests.test_malformed_identity_vendor_and_physical_contracts_reject) (name='missing schedule revision')
----------------------------------------------------------------------
Traceback (most recent call last):
  File "/Users/silvermpx/IdeaProjects/mamba-rs/internal/worktrees/gemm-bi-triad-sm80/internal/perf/ada-f32-tf32-toolkit-20260907/test_validation.py", line 156, in test_malformed_identity_vendor_and_physical_contracts_reject
    self.assert_rejected(mutation)
  File "/Users/silvermpx/IdeaProjects/mamba-rs/internal/worktrees/gemm-bi-triad-sm80/internal/perf/ada-f32-tf32-toolkit-20260907/test_validation.py", line 88, in assert_rejected
    with self.assertRaises(ValueError):
         ^^^^^^^^^^^^^^^^^^^^^^^^^^^^^
AssertionError: ValueError not raised

======================================================================
FAIL: test_malformed_identity_vendor_and_physical_contracts_reject (__main__.Task7ValidationTests.test_malformed_identity_vendor_and_physical_contracts_reject) (name='wrong schedule revision')
----------------------------------------------------------------------
Traceback (most recent call last):
  File "/Users/silvermpx/IdeaProjects/mamba-rs/internal/worktrees/gemm-bi-triad-sm80/internal/perf/ada-f32-tf32-toolkit-20260907/test_validation.py", line 156, in test_malformed_identity_vendor_and_physical_contracts_reject
    self.assert_rejected(mutation)
  File "/Users/silvermpx/IdeaProjects/mamba-rs/internal/worktrees/gemm-bi-triad-sm80/internal/perf/ada-f32-tf32-toolkit-20260907/test_validation.py", line 88, in assert_rejected
    with self.assertRaises(ValueError):
         ^^^^^^^^^^^^^^^^^^^^^^^^^^^^^
AssertionError: ValueError not raised

----------------------------------------------------------------------
Ran 9 tests in 0.335s

FAILED (failures=4)
