building_edge_inventory_does_not_change_the_canonical_contract: test
canonical_inventory_count_order_and_digest_are_frozen: test
common::evidence::tests::append_open_does_not_block_or_accept_a_fifo: test
common::evidence::tests::bad_parent_directory_is_an_error: test
common::evidence::tests::concurrent_threads_append_complete_rows: test
common::evidence::tests::device_targets_are_rejected: test
common::evidence::tests::directory_targets_are_rejected: test
common::evidence::tests::fifo_targets_are_rejected_without_opening: test
common::evidence::tests::full_device_is_rejected: test
common::evidence::tests::missing_and_empty_paths_are_inert: test
common::evidence::tests::non_unicode_paths_are_preserved: test
common::evidence::tests::opened_handle_must_be_regular: test
common::evidence::tests::records_append_as_exact_tsv_rows: test
common::evidence::tests::short_writes_are_errors_and_never_retried: test
common::evidence::tests::socket_targets_are_rejected: test
common::gpu_quiet::tests::compute_process_parser_fails_closed: test
common::gpu_quiet::tests::formats_cuda_uuid_for_exact_nvml_selection: test
common::gpu_quiet::tests::live_cuda_ordinal_and_nvml_uuid_are_identical: test
common::gpu_quiet::tests::parses_one_exact_gpu_telemetry_row: test
common::gpu_quiet::tests::quiet_sample_rejects_utilization_memory_and_competing_processes: test
cublas_denominator_cell_selection_is_exact_and_preserves_order: test
cublas_denominator_geometry_matches_row_major_nn_tn_nt: test
cublas_denominator_inventory_is_full_unique_and_ordered: test
cublas_denominator_modes_pin_the_requested_speed_ceiling: test
cublas_denominator_output_dtype_matches_the_training_contract: test
edge_frozen_iteration_manifest_is_independent_strict_and_ordered: test
edge_inventory_count_membership_order_and_digest_are_frozen: test
edge_inventory_rejects_count_order_route_and_stride_label_mutations: test
edge_runner_mapping_selection_and_call_scope_are_explicit: test
every_cell_has_physical_evidence: test
every_tf32_candidate_covers_projection_and_prism_shapes: test
f32_policy_comparison_uses_matching_production_call_scopes: test
fixed_full_mantissa::tests::corpus_is_repeatable_prefix_stable_and_seed_sensitive: test
fixed_full_mantissa::tests::edge_prefix_preserves_signed_zero_subnormals_and_tf32_ties: test
fixed_full_mantissa::tests::finite_random_tail_exercises_all_low_tf32_rounding_bits: test
fixed_full_mantissa::tests::seeded_tail_retains_frozen_w4_generator_bits: test
frozen_iteration_manifest_is_strict_and_round_trips: test
gemm_bi_cublas_performance_denominators: test
gemm_bi_deterministic_performance_edges: test
gemm_bi_deterministic_performance_matrix: test
gemm_bi_sm120_tf32_forced_hot_performance: test
gemm_bi_sm120_tf32_forced_nn_nt_hot_performance: test
gemm_bi_tf32_nn_route_tournament: test
gemm_bi_tn_narrow_two_launch_paired_fast_cublas: test
inventory_includes_cached_f32_and_forced_production_cells: test
path_order_and_variant_inputs_are_strict: test
performance_cell_keys_pin_the_contiguous_stride_class: test
qualification_cell_selection_composes_with_stable_shards: test
qualification_cell_selection_preserves_canonical_order_and_default_inventory: test
qualification_cell_selection_rejects_ambiguous_or_noncanonical_inputs: test
sample_and_release_guards_reject_invalid_evidence: test
sm120_tf32_hot_suite_totals_follow_the_exact_route_inventory: test
sm89_nt_finalist_once21::gemm_bi_sm89_nt_finalist_current_fast_once21: test
tf32_logical_route_survives_physical_symbol_rename: test
tf32_tournament_comparison_schedule_is_complete: test
tf32_tournament_dense_semantic_rejects_missing_partitions: test
tf32_tournament_record_count_is_exact: test
tf32_tournament_route_contract_is_exact: test
tn_narrow_cublas_pair_inventory_and_measurement_modes_are_exact: test
tn_narrow_cublas_pair_semantic_math_and_ratios_are_explicit: test
unsupported_padded_inventory_is_emitted_once_across_shards: test
unsupported_padded_inventory_rejects_membership_order_and_layout_mutations: test
unsupported_padded_tn_nt_descriptors_are_explicit_and_untimed: test

63 tests, 0 benchmarks
