{"schema":"MambaBiHalfTnFullTileStageCompileV1","candidate_source_sha":"16661d49ce157334673ea9d601e2b4211f0c899e86d2e7681cd42992de3d54ff","retained_source_sha":"9412e655faafe8b0f91c8d593a8cda0cafdb6320c04285cd9b396cfdcf36874f","candidate_ptx_sha":"ed54533079db55b5ee73cf9dcb774bb9c38dd810fc9f3120f176b757d898cace","retained_ptx_sha":"2d75e845ff58760f073898cd309a97d4c68e0a2e32d0eb39778868d10ef85e4c","candidate_cubin_sha":"941b7dbc4a0b98301200f54dbb6b24d6206e31062621864ab1058ada08f62d5c","retained_cubin_sha":"8712e90afb71706cd3d6440d44931e151e335e4c86900e18ee5137306e79756b","candidate_sass_sha":"8244e6820946a4d957b1a9976e289f3037ca0e89c9b196384bea66958a1c42a5","retained_sass_sha":"4942f0b14da97ea82a4cc40d5352d681abfaec5b3b06a79190a32d5cc77ed785","candidate_registers":118,"retained_registers":125,"static_shared_bytes":32768,"hmma":32,"ldsm":24,"candidate_ldgsts":48,"retained_ldgsts":24,"sass_text_ratio":1.1964912280701754}
{"schema":"MambaBiHalfTnFullTileStageResourceV1","arm":"full_tile_stage","registers":118,"register_cap":128,"local_bytes":0,"static_shared_bytes":32768,"dynamic_shared_bytes":0,"block_threads":128,"active_ctas":3,"required_active_ctas":3}
{"schema":"MambaBiHalfTnFullTileStageResourceV1","arm":"retained_regpipe_vec2","registers":125,"register_cap":128,"local_bytes":0,"static_shared_bytes":32768,"dynamic_shared_bytes":0,"block_threads":128,"active_ctas":3,"required_active_ctas":3}
{"schema":"MambaBiHalfTnFullTileStageBitsV1","case":"d768_in","shape":[2048,768,3072],"alpha_bits":1065353216,"exceptional":false,"candidate_vs_retained_exact":true,"eager_graph_repeats":3,"words":2359296}
{"schema":"MambaBiHalfTnFullTileStageBitsV1","case":"aligned_tail_negative_alpha","shape":[67,72,72],"alpha_bits":3208642560,"exceptional":false,"candidate_vs_retained_exact":true,"eager_graph_repeats":3,"words":5184}
{"schema":"MambaBiHalfTnFullTileStageBitsV1","case":"misaligned_tail_negative_alpha","shape":[67,69,71],"alpha_bits":3208642560,"exceptional":false,"candidate_vs_retained_exact":true,"eager_graph_repeats":3,"words":4899}
{"schema":"MambaBiHalfTnFullTileStageBitsV1","case":"exceptional_full_tile","shape":[64,64,64],"alpha_bits":1065353216,"exceptional":true,"candidate_vs_retained_exact":true,"eager_graph_repeats":3,"words":4096}
{"schema":"MambaBiHalfTnFullTileStageBitsV1","case":"k0","shape":[0,65,67],"alpha_bits":1065353216,"exceptional":false,"candidate_vs_retained_exact":true,"eager_graph_repeats":3,"words":4355}
{"schema":"MambaBiHalfTnFullTileStageTimingV1","comparator":"retained_regpipe_vec2","path":"eager","order":"ABBA","windows":3,"window":0,"operations":20,"raw_us":[87.04000115394592,87.70560026168823,87.1936023235321,87.15519905090332],"ratio":0.9959748108055092}
{"schema":"MambaBiHalfTnFullTileStageTimingV1","comparator":"retained_regpipe_vec2","path":"eager","order":"ABBA","windows":3,"window":1,"operations":20,"raw_us":[86.88639998435974,87.34719753265381,87.25759983062744,86.98880076408386],"ratio":0.995821440041423}
{"schema":"MambaBiHalfTnFullTileStageTimingV1","comparator":"retained_regpipe_vec2","path":"eager","order":"ABBA","windows":3,"window":2,"operations":20,"raw_us":[86.83519959449768,87.34719753265381,87.34719753265381,86.98880076408386],"ratio":0.9950176151535904}
{"schema":"MambaBiHalfTnFullTileStageTimingV1","comparator":"retained_regpipe_vec2","path":"eager","order":"BAAB","windows":3,"window":0,"operations":20,"raw_us":[87.1936023235321,86.9376003742218,86.88639998435974,87.50079870223999],"ratio":0.9950175812042074}
{"schema":"MambaBiHalfTnFullTileStageTimingV1","comparator":"retained_regpipe_vec2","path":"eager","order":"BAAB","windows":3,"window":1,"operations":20,"raw_us":[87.14240193367004,87.04000115394592,86.88639998435974,87.44959831237793],"ratio":0.9961876884003603}
{"schema":"MambaBiHalfTnFullTileStageTimingV1","comparator":"retained_regpipe_vec2","path":"eager","order":"BAAB","windows":3,"window":2,"operations":20,"raw_us":[87.34719753265381,87.14240193367004,86.98880076408386,87.34719753265381],"ratio":0.9967761280071799}
{"schema":"MambaBiHalfTnFullTileStageTimingV1","comparator":"retained_regpipe_vec2","path":"graph","order":"ABBA","windows":3,"window":0,"operations":20,"raw_us":[86.32320165634155,86.78399920463562,87.04000115394592,86.11840009689331],"ratio":0.9920471361693729}
{"schema":"MambaBiHalfTnFullTileStageTimingV1","comparator":"retained_regpipe_vec2","path":"graph","order":"ABBA","windows":3,"window":1,"operations":20,"raw_us":[86.06719970703125,86.78399920463562,86.83519959449768,86.27200126647949],"ratio":0.9926275559703311}
{"schema":"MambaBiHalfTnFullTileStageTimingV1","comparator":"retained_regpipe_vec2","path":"graph","order":"ABBA","windows":3,"window":2,"operations":20,"raw_us":[86.16960048675537,87.04000115394592,87.1936023235321,86.27200126647949],"ratio":0.9897149476996565}
{"schema":"MambaBiHalfTnFullTileStageTimingV1","comparator":"retained_regpipe_vec2","path":"graph","order":"BAAB","windows":3,"window":0,"operations":20,"raw_us":[86.63039803504944,86.11840009689331,86.22080087661743,86.73279881477356],"ratio":0.9940933491368453}
{"schema":"MambaBiHalfTnFullTileStageTimingV1","comparator":"retained_regpipe_vec2","path":"graph","order":"BAAB","windows":3,"window":1,"operations":20,"raw_us":[86.78399920463562,86.42560243606567,86.37440204620361,86.88639998435974],"ratio":0.994988238002615}
{"schema":"MambaBiHalfTnFullTileStageTimingV1","comparator":"retained_regpipe_vec2","path":"graph","order":"BAAB","windows":3,"window":2,"operations":20,"raw_us":[86.83519959449768,86.22080087661743,85.91359853744507,86.9376003742218],"ratio":0.9905715937422203}
{"schema":"MambaBiHalfTnFullTileStageScoutDecisionV1","candidate":"full_tile_stage","comparator":"retained_regpipe_vec2","windows":3,"threshold":0.99,"strata":[[0.995821440041423,0.9959748108055092],[0.9961876884003603,0.9967761280071799],[0.9920471361693729,0.9926275559703311],[0.9940933491368453,0.994988238002615]],"pass":false,"decision":"stop_no_retry"}
test result: ok. 1 passed; 0 failed; 0 ignored; 0 measured; 39 filtered out; finished in 102.08s
