
running 58 tests
test mamba_ssm::gpu::gemm_bi_inference::pair_store_schedule_tests::pair_store_loaded_resources_preserve_three_cta_residency ... ignored, requires a CC12.0 CUDA device
test mamba_ssm::gpu::gemm_bi_inference::pair_store_schedule_tests::pair_store_odd_ldc_and_misaligned_output_match_incumbent_bits ... ignored, requires a CC12.0 CUDA device
test mamba_ssm::gpu::gemm_bi_inference::pair_store_schedule_tests::pair_store_schedule_is_exactly_the_qualified_cc120_170sm_cells ... ok
test mamba_ssm::gpu::gemm_bi_inference::sm120_exact_n64_auto_tests::fixed_sm120_bc1_postbias_auto_promotes_only_confirmed_tiles ... ok
test mamba_ssm::gpu::gemm_bi_inference::sm120_exact_n64_auto_tests::fixed_sm120_copyplan_t256_force_gate_keeps_hot_rows_and_bias_contract ... ok
test mamba_ssm::gpu::gemm_bi_inference::sm120_exact_n64_auto_tests::fixed_sm120_exact_n64_auto_admits_the_six_qualified_rows ... ok
test mamba_ssm::gpu::gemm_bi_inference::sm120_exact_n64_auto_tests::fixed_sm120_exact_n64_auto_declines_unmeasured_shape_alignment_and_dtype ... ok
test mamba_ssm::gpu::gemm_bi_inference::sm120_exact_n64_auto_tests::fixed_sm120_exact_n64_auto_declines_unqualified_identity_or_policy ... ok
test mamba_ssm::gpu::gemm_bi_inference::sm120_exact_n64_auto_tests::fixed_sm120_force_physical_gate_is_independent_of_nvrtc_and_sm_cohort ... ok
test mamba_ssm::gpu::gemm_bi_inference::sm120_exact_n64_auto_tests::fixed_sm120_nobias_force_gate_accepts_only_qualified_unbiased_hot_rows ... ok
test mamba_ssm::gpu::gemm_bi_inference::sm120_exact_n64_auto_tests::fixed_sm120_sliced_auto_is_withdrawn_and_copyplan_retained ... ok
test mamba_ssm::gpu::gemm_bi_inference::sm120_exact_n64_auto_tests::fixed_sm120_tma_fma_a0_gate_is_exact_and_cohort_bound ... ok
test mamba_ssm::gpu::gemm_bi_inference::sm120_exact_n64_auto_tests::fixed_sm120_tma_fma_a1_auto_prefers_t256_and_retains_control_fallback ... ok
test mamba_ssm::gpu::gemm_bi_inference::sm120_exact_n64_auto_tests::fixed_sm120_tma_fma_a1_postbias_gate_is_exact_and_cohort_bound ... ok
test mamba_ssm::gpu::gemm_bi_inference::sm120_exact_n64_auto_tests::fixed_sm120_tma_fma_b0_gate_is_exact_and_cohort_bound ... ok
test mamba_ssm::gpu::gemm_bi_inference::sm120_exact_n64_auto_tests::fixed_sm120_tma_fma_force_declines_identity_neighbors_and_operand_drift ... ok
test mamba_ssm::gpu::gemm_bi_inference::sm120_exact_n64_auto_tests::fixed_sm120_tma_fma_force_gate_admits_only_unbiased_hot_rows ... ok
test mamba_ssm::gpu::gemm_bi_inference::sm120_exact_n64_auto_tests::fixed_sm120_tma_fma_force_gate_separates_bias_arithmetic_variants ... ok
test mamba_ssm::gpu::gemm_bi_inference::sm89_exact_n64_auto_tests::fixed_sm89_exact_n64_auto_admits_only_eight_measured_positive_rows ... ok
test mamba_ssm::gpu::gemm_bi_inference::sm89_exact_n64_auto_tests::fixed_sm89_exact_n64_auto_declines_adjacent_unmeasured_and_thin_shapes ... ok
test mamba_ssm::gpu::gemm_bi_inference::sm89_exact_n64_auto_tests::fixed_sm89_exact_n64_auto_declines_invalid_alignment_null_bias_and_dtype ... ok
test mamba_ssm::gpu::gemm_bi_inference::sm89_exact_n64_auto_tests::fixed_sm89_exact_n64_auto_declines_unknown_device_toolchain_holder_and_policy ... ok
test mamba_ssm::gpu::gemm_bi_inference::sm89_exact_n64_auto_tests::fixed_sm89_exact_n64_auto_keeps_old_cc12_exact_selector_cells ... ok
test mamba_ssm::gpu::gemm_bi_inference::sm89_exact_n64_auto_tests::fixed_sm89_exact_n64_auto_routes_a_and_d_copyplan_winners ... ok
test mamba_ssm::gpu::gemm_bi_inference::sm89_exact_n64_auto_tests::fixed_sm89_exact_n64_auto_routes_all_twenty_four_qualified_toolkit_literals ... ok
test mamba_ssm::gpu::gemm_bi_inference::sm89_exact_n64_request_tests::fixed_sm89_exact_n64_empty_and_k0_requests_do_not_require_inputs ... ok
test mamba_ssm::gpu::gemm_bi_inference::sm89_exact_n64_request_tests::fixed_sm89_exact_n64_forward_bundle_has_exact_m_n_k_and_stride_words ... ok
test mamba_ssm::gpu::gemm_bi_inference::sm89_exact_n64_request_tests::fixed_sm89_exact_n64_operand_and_arch_guards_are_fail_closed ... ok
test mamba_ssm::gpu::gemm_bi_inference::sm89_exact_n64_request_tests::fixed_sm89_exact_n64_operand_byte_endpoints_cannot_wrap ... ok
test mamba_ssm::gpu::gemm_bi_inference::sm89_exact_n64_request_tests::fixed_sm89_exact_n64_signed_padding_and_grid_boundaries ... ok
test mamba_ssm::gpu::gemm_bi_inference::sm89_half_s3_rejects_overflow_in_unconditional_refill_index ... ok
test mamba_ssm::gpu::gemm_bi_inference::sm89_pipeline_auto_tests::sm89_half_auto_v43_declines_every_common_gate_failure ... ok
test mamba_ssm::gpu::gemm_bi_inference::sm89_pipeline_auto_tests::sm89_half_auto_v43_matches_all_literal_cells_and_availability_states ... ok
test mamba_ssm::gpu::gemm_bi_inference::sm89_pipeline_auto_tests::sm89_half_auto_v43_promotes_only_measured_cuda132_b0_no_bias_cells ... ok
test mamba_ssm::gpu::gemm_bi_inference::sm89_pipeline_auto_tests::sm89_half_auto_v45_declines_unmeasured_or_unavailable_finalist_rows ... ok
test mamba_ssm::gpu::gemm_bi_inference::sm89_pipeline_auto_tests::sm89_half_auto_v45_promotes_only_measured_cuda132_f16_n64_cells ... ok
test mamba_ssm::gpu::gemm_bi_inference::sm89_rna_auto_tests::fixed_sm89_rna_auto_exact_cells_and_independent_declines ... ok
test mamba_ssm::gpu::gemm_bi_inference::sm89_rna_auto_tests::fixed_sm89_rna_n96_auto_v45_is_exactly_e0_all_three_toolkits ... ok
test mamba_ssm::gpu::gemm_bi_inference::tests::exact_f32_selector_keeps_cc121_a_and_b_on_legacy ... ok
test mamba_ssm::gpu::gemm_bi_inference::tests::exact_f32_selector_promotes_only_measured_cc120_170_sm_points ... ok
test mamba_ssm::gpu::gemm_bi_inference::tests::mixed_f32_output_selector_follows_sm120_wave_balance ... ok
test mamba_ssm::gpu::gemm_bi_inference::tests::selector_keeps_unmeasured_architectures_on_two_thin_waves ... ok
test mamba_ssm::gpu::gemm_bi_inference::tests::selector_uses_live_sm_count_for_wide_wave_efficiency ... ok
test mamba_ssm::gpu::gemm_bi_inference::tests::selector_uses_measured_sm89_thin_wave_boundary ... ok
test mamba_ssm::gpu::gemm_bi_inference::tests::sm120_half_deep_selector_matches_measured_170_sm_anchors ... ok
test mamba_ssm::gpu::gemm_bi_inference::tests::sm120_half_exact_overlay_promotes_only_qualified_full_context_cells ... ok
test mamba_ssm::gpu::gemm_bi_inference::tests::sm120_half_forced_tile_inventory_is_complete ... ok
test mamba_ssm::gpu::gemm_bi_inference::tests::sm120_half_selector_matches_measured_regions ... ok
test mamba_ssm::gpu::gemm_bi_inference::tests::sm120_half_shallow_selector_matches_measured_170_sm_wave_keys ... ok
test mamba_ssm::gpu::gemm_bi_inference::tests::sm120_map_caches_retain_all_live_graph_entries ... ok
test mamba_ssm::gpu::gemm_bi_inference::tests::sm120_mixed_f32_output_selector_retains_measured_winners ... ok
test mamba_ssm::gpu::gemm_bi_inference::tests::sm120_postbias_bk16_maps_are_isolated_from_tf32_bk32_maps ... ok
test mamba_ssm::gpu::gemm_bi_inference::tests::sm120_tf32_selector_promotes_confirmed_a_bias_rows ... ok
test mamba_ssm::gpu::gemm_bi_inference::tests::sm120_tf32_selector_promotes_only_the_qualified_cuda_132_b_and_d_cells ... ok
test mamba_ssm::gpu::gemm_bi_inference::tests::sm120_uses_fragment_reuse_for_deep_square_tiles ... ok
test mamba_ssm::gpu::gemm_bi_inference::tests::sm89_tf32_selector_promotes_only_confirmed_c_bias_rows ... ok
test mamba_ssm::gpu::gemm_bi_inference::tests::tc16_compact_xor_layout_is_bijective_and_bank_distinct ... ok
test mamba_ssm::gpu::gemm_bi_inference::tests::tf32_selector_keeps_portable_and_thin_fallbacks ... ok

test result: ok. 56 passed; 0 failed; 2 ignored; 0 measured; 721 filtered out; finished in 0.00s

