DEVICE ordinal 0 (the old tree exposes no identity accessor)
CONTEXT family=triad dtype=f32 arm=det batch_invariant=true family=Triad tensor_cores=false fast_gemm=false tf32=true
CONTEXT family=triad dtype=f32 arm=fast batch_invariant=false family=Triad tensor_cores=false fast_gemm=true tf32=true
CONTEXT family=triad dtype=f32 arm=pedantic batch_invariant=false family=Triad tensor_cores=false fast_gemm=false tf32=false
CHECK family=triad cell=d128_in_proj op=nn dtype=f32 arm=det rel_l2_vs_pedantic=2.159e-7
CHECK family=triad cell=d128_in_proj op=nn dtype=f32 arm=fast rel_l2_vs_pedantic=2.797e-4
CHECK family=triad cell=d128_in_proj op=nn dtype=f32 arm=pedantic rel_l2_vs_pedantic=0.000e0
TIMING family=triad cell=d128_in_proj op=nn dtype=f32 m=1024 k=128 n=512 arm=det iters=239 windows=21 p05_us=16.431 p50_us=16.448 p95_us=16.461
TIMING family=triad cell=d128_in_proj op=nn dtype=f32 m=1024 k=128 n=512 arm=fast iters=625 windows=21 p05_us=5.682 p50_us=5.687 p95_us=5.692
TIMING family=triad cell=d128_in_proj op=nn dtype=f32 m=1024 k=128 n=512 arm=pedantic iters=381 windows=21 p05_us=9.974 p50_us=9.982 p95_us=9.989
CHECK family=triad cell=d128_in_proj op=tn dtype=f32 arm=det rel_l2_vs_pedantic=1.701e-7
CHECK family=triad cell=d128_in_proj op=tn dtype=f32 arm=fast rel_l2_vs_pedantic=2.823e-4
CHECK family=triad cell=d128_in_proj op=tn dtype=f32 arm=pedantic rel_l2_vs_pedantic=0.000e0
TIMING family=triad cell=d128_in_proj op=tn dtype=f32 m=1024 k=128 n=512 arm=det iters=37 windows=21 p05_us=106.053 p50_us=106.192 p95_us=106.385
TIMING family=triad cell=d128_in_proj op=tn dtype=f32 m=1024 k=128 n=512 arm=fast iters=372 windows=21 p05_us=9.956 p50_us=9.962 p95_us=9.976
TIMING family=triad cell=d128_in_proj op=tn dtype=f32 m=1024 k=128 n=512 arm=pedantic iters=303 windows=21 p05_us=12.684 p50_us=12.700 p95_us=12.714
CHECK family=triad cell=d128_in_proj op=nt dtype=f32 arm=det rel_l2_vs_pedantic=2.397e-7
CHECK family=triad cell=d128_in_proj op=nt dtype=f32 arm=fast rel_l2_vs_pedantic=2.953e-4
CHECK family=triad cell=d128_in_proj op=nt dtype=f32 arm=pedantic rel_l2_vs_pedantic=0.000e0
TIMING family=triad cell=d128_in_proj op=nt dtype=f32 m=1024 k=128 n=512 arm=det iters=220 windows=21 p05_us=17.869 p50_us=17.884 p95_us=17.911
TIMING family=triad cell=d128_in_proj op=nt dtype=f32 m=1024 k=128 n=512 arm=fast iters=406 windows=21 p05_us=9.337 p50_us=9.342 p95_us=9.345
TIMING family=triad cell=d128_in_proj op=nt dtype=f32 m=1024 k=128 n=512 arm=pedantic iters=279 windows=21 p05_us=13.825 p50_us=13.829 p95_us=13.832
CHECK family=triad cell=d128_out_proj op=nn dtype=f32 arm=det rel_l2_vs_pedantic=1.849e-7
CHECK family=triad cell=d128_out_proj op=nn dtype=f32 arm=fast rel_l2_vs_pedantic=2.807e-4
CHECK family=triad cell=d128_out_proj op=nn dtype=f32 arm=pedantic rel_l2_vs_pedantic=0.000e0
TIMING family=triad cell=d128_out_proj op=nn dtype=f32 m=1024 k=256 n=128 arm=det iters=363 windows=21 p05_us=10.725 p50_us=10.728 p95_us=10.742
TIMING family=triad cell=d128_out_proj op=nn dtype=f32 m=1024 k=256 n=128 arm=fast iters=550 windows=21 p05_us=6.786 p50_us=6.788 p95_us=6.790
TIMING family=triad cell=d128_out_proj op=nn dtype=f32 m=1024 k=256 n=128 arm=pedantic iters=440 windows=21 p05_us=8.599 p50_us=8.600 p95_us=8.604
CHECK family=triad cell=d128_out_proj op=tn dtype=f32 arm=det rel_l2_vs_pedantic=1.945e-7
CHECK family=triad cell=d128_out_proj op=tn dtype=f32 arm=fast rel_l2_vs_pedantic=2.782e-4
CHECK family=triad cell=d128_out_proj op=tn dtype=f32 arm=pedantic rel_l2_vs_pedantic=0.000e0
TIMING family=triad cell=d128_out_proj op=tn dtype=f32 m=1024 k=256 n=128 arm=det iters=73 windows=21 p05_us=54.427 p50_us=54.524 p95_us=54.668
TIMING family=triad cell=d128_out_proj op=tn dtype=f32 m=1024 k=256 n=128 arm=fast iters=386 windows=21 p05_us=9.747 p50_us=9.752 p95_us=9.757
TIMING family=triad cell=d128_out_proj op=tn dtype=f32 m=1024 k=256 n=128 arm=pedantic iters=362 windows=21 p05_us=10.466 p50_us=10.475 p95_us=10.488
CHECK family=triad cell=d128_out_proj op=nt dtype=f32 arm=det rel_l2_vs_pedantic=1.495e-7
CHECK family=triad cell=d128_out_proj op=nt dtype=f32 arm=fast rel_l2_vs_pedantic=2.974e-4
CHECK family=triad cell=d128_out_proj op=nt dtype=f32 arm=pedantic rel_l2_vs_pedantic=0.000e0
TIMING family=triad cell=d128_out_proj op=nt dtype=f32 m=1024 k=256 n=128 arm=det iters=289 windows=21 p05_us=13.291 p50_us=13.298 p95_us=13.308
TIMING family=triad cell=d128_out_proj op=nt dtype=f32 m=1024 k=256 n=128 arm=fast iters=727 windows=21 p05_us=5.028 p50_us=5.034 p95_us=5.079
TIMING family=triad cell=d128_out_proj op=nt dtype=f32 m=1024 k=256 n=128 arm=pedantic iters=466 windows=21 p05_us=8.080 p50_us=8.084 p95_us=8.089
CHECK family=triad cell=underfill op=nn dtype=f32 arm=det rel_l2_vs_pedantic=1.935e-7
CHECK family=triad cell=underfill op=nn dtype=f32 arm=fast rel_l2_vs_pedantic=2.802e-4
CHECK family=triad cell=underfill op=nn dtype=f32 arm=pedantic rel_l2_vs_pedantic=0.000e0
TIMING family=triad cell=underfill op=nn dtype=f32 m=256 k=512 n=384 arm=det iters=300 windows=21 p05_us=13.100 p50_us=13.104 p95_us=13.121
TIMING family=triad cell=underfill op=nn dtype=f32 m=256 k=512 n=384 arm=fast iters=373 windows=21 p05_us=10.053 p50_us=10.056 p95_us=10.059
TIMING family=triad cell=underfill op=nn dtype=f32 m=256 k=512 n=384 arm=pedantic iters=310 windows=21 p05_us=12.288 p50_us=12.321 p95_us=12.351
CHECK family=triad cell=underfill op=tn dtype=f32 arm=det rel_l2_vs_pedantic=1.649e-7
CHECK family=triad cell=underfill op=tn dtype=f32 arm=fast rel_l2_vs_pedantic=2.810e-4
CHECK family=triad cell=underfill op=tn dtype=f32 arm=pedantic rel_l2_vs_pedantic=0.000e0
TIMING family=triad cell=underfill op=tn dtype=f32 m=256 k=512 n=384 arm=det iters=48 windows=21 p05_us=84.139 p50_us=84.224 p95_us=84.303
TIMING family=triad cell=underfill op=tn dtype=f32 m=256 k=512 n=384 arm=fast iters=473 windows=21 p05_us=7.836 p50_us=7.843 p95_us=7.850
TIMING family=triad cell=underfill op=tn dtype=f32 m=256 k=512 n=384 arm=pedantic iters=396 windows=21 p05_us=9.552 p50_us=9.557 p95_us=9.563
CHECK family=triad cell=underfill op=nt dtype=f32 arm=det rel_l2_vs_pedantic=1.763e-7
CHECK family=triad cell=underfill op=nt dtype=f32 arm=fast rel_l2_vs_pedantic=2.956e-4
CHECK family=triad cell=underfill op=nt dtype=f32 arm=pedantic rel_l2_vs_pedantic=0.000e0
TIMING family=triad cell=underfill op=nt dtype=f32 m=256 k=512 n=384 arm=det iters=246 windows=21 p05_us=16.063 p50_us=16.068 p95_us=16.080
TIMING family=triad cell=underfill op=nt dtype=f32 m=256 k=512 n=384 arm=fast iters=471 windows=21 p05_us=8.029 p50_us=8.033 p95_us=8.042
TIMING family=triad cell=underfill op=nt dtype=f32 m=256 k=512 n=384 arm=pedantic iters=326 windows=21 p05_us=11.829 p50_us=11.836 p95_us=11.839
CHECK family=triad cell=d768_in_proj op=nn dtype=f32 arm=det rel_l2_vs_pedantic=5.101e-7
CHECK family=triad cell=d768_in_proj op=nn dtype=f32 arm=fast rel_l2_vs_pedantic=2.805e-4
CHECK family=triad cell=d768_in_proj op=nn dtype=f32 arm=pedantic rel_l2_vs_pedantic=0.000e0
TIMING family=triad cell=d768_in_proj op=nn dtype=f32 m=2048 k=768 n=3072 arm=det iters=13 windows=21 p05_us=330.907 p50_us=341.543 p95_us=347.136
TIMING family=triad cell=d768_in_proj op=nn dtype=f32 m=2048 k=768 n=3072 arm=fast iters=39 windows=21 p05_us=102.527 p50_us=109.515 p95_us=111.353
TIMING family=triad cell=d768_in_proj op=nn dtype=f32 m=2048 k=768 n=3072 arm=pedantic iters=14 windows=21 p05_us=294.905 p50_us=319.794 p95_us=325.056
CHECK family=triad cell=d768_in_proj op=tn dtype=f32 arm=det rel_l2_vs_pedantic=5.919e-7
CHECK family=triad cell=d768_in_proj op=tn dtype=f32 arm=fast rel_l2_vs_pedantic=2.804e-4
CHECK family=triad cell=d768_in_proj op=tn dtype=f32 arm=pedantic rel_l2_vs_pedantic=0.000e0
TIMING family=triad cell=d768_in_proj op=tn dtype=f32 m=2048 k=768 n=3072 arm=det iters=8 windows=21 p05_us=528.492 p50_us=530.560 p95_us=534.144
TIMING family=triad cell=d768_in_proj op=tn dtype=f32 m=2048 k=768 n=3072 arm=fast iters=30 windows=21 p05_us=133.018 p50_us=133.120 p95_us=133.291
TIMING family=triad cell=d768_in_proj op=tn dtype=f32 m=2048 k=768 n=3072 arm=pedantic iters=15 windows=21 p05_us=266.991 p50_us=267.940 p95_us=268.151
CHECK family=triad cell=d768_in_proj op=nt dtype=f32 arm=det rel_l2_vs_pedantic=1.037e-6
CHECK family=triad cell=d768_in_proj op=nt dtype=f32 arm=fast rel_l2_vs_pedantic=2.952e-4
CHECK family=triad cell=d768_in_proj op=nt dtype=f32 arm=pedantic rel_l2_vs_pedantic=0.000e0
TIMING family=triad cell=d768_in_proj op=nt dtype=f32 m=2048 k=768 n=3072 arm=det iters=8 windows=21 p05_us=823.404 p50_us=826.368 p95_us=939.008
TIMING family=triad cell=d768_in_proj op=nt dtype=f32 m=2048 k=768 n=3072 arm=fast iters=34 windows=21 p05_us=117.128 p50_us=120.047 p95_us=133.361
TIMING family=triad cell=d768_in_proj op=nt dtype=f32 m=2048 k=768 n=3072 arm=pedantic iters=13 windows=21 p05_us=306.255 p50_us=313.895 p95_us=324.844
CHECK family=triad cell=d768_out_proj op=nn dtype=f32 arm=det rel_l2_vs_pedantic=7.360e-7
CHECK family=triad cell=d768_out_proj op=nn dtype=f32 arm=fast rel_l2_vs_pedantic=2.801e-4
CHECK family=triad cell=d768_out_proj op=nn dtype=f32 arm=pedantic rel_l2_vs_pedantic=0.000e0
TIMING family=triad cell=d768_out_proj op=nn dtype=f32 m=2048 k=1536 n=768 arm=det iters=18 windows=21 p05_us=218.510 p50_us=218.571 p95_us=233.244
TIMING family=triad cell=d768_out_proj op=nn dtype=f32 m=2048 k=1536 n=768 arm=fast iters=63 windows=21 p05_us=62.838 p50_us=62.854 p95_us=67.649
TIMING family=triad cell=d768_out_proj op=nn dtype=f32 m=2048 k=1536 n=768 arm=pedantic iters=27 windows=21 p05_us=145.863 p50_us=148.290 p95_us=153.486
CHECK family=triad cell=d768_out_proj op=tn dtype=f32 arm=det rel_l2_vs_pedantic=4.510e-7
CHECK family=triad cell=d768_out_proj op=tn dtype=f32 arm=fast rel_l2_vs_pedantic=2.801e-4
CHECK family=triad cell=d768_out_proj op=tn dtype=f32 arm=pedantic rel_l2_vs_pedantic=0.000e0
TIMING family=triad cell=d768_out_proj op=tn dtype=f32 m=2048 k=1536 n=768 arm=det iters=13 windows=21 p05_us=302.789 p50_us=303.655 p95_us=306.334
TIMING family=triad cell=d768_out_proj op=tn dtype=f32 m=2048 k=1536 n=768 arm=fast iters=48 windows=21 p05_us=82.280 p50_us=82.304 p95_us=82.389
TIMING family=triad cell=d768_out_proj op=tn dtype=f32 m=2048 k=1536 n=768 arm=pedantic iters=29 windows=21 p05_us=137.667 p50_us=137.950 p95_us=138.275
CHECK family=triad cell=d768_out_proj op=nt dtype=f32 arm=det rel_l2_vs_pedantic=4.733e-7
CHECK family=triad cell=d768_out_proj op=nt dtype=f32 arm=fast rel_l2_vs_pedantic=2.963e-4
CHECK family=triad cell=d768_out_proj op=nt dtype=f32 arm=pedantic rel_l2_vs_pedantic=0.000e0
TIMING family=triad cell=d768_out_proj op=nt dtype=f32 m=2048 k=1536 n=768 arm=det iters=11 windows=21 p05_us=364.244 p50_us=365.030 p95_us=389.772
TIMING family=triad cell=d768_out_proj op=nt dtype=f32 m=2048 k=1536 n=768 arm=fast iters=59 windows=21 p05_us=66.751 p50_us=67.306 p95_us=72.287
TIMING family=triad cell=d768_out_proj op=nt dtype=f32 m=2048 k=1536 n=768 arm=pedantic iters=25 windows=21 p05_us=161.628 p50_us=162.701 p95_us=167.357
CHECK family=triad cell=large_deep op=nn dtype=f32 arm=det rel_l2_vs_pedantic=1.036e-6
CHECK family=triad cell=large_deep op=nn dtype=f32 arm=fast rel_l2_vs_pedantic=2.798e-4
CHECK family=triad cell=large_deep op=nn dtype=f32 arm=pedantic rel_l2_vs_pedantic=0.000e0
TIMING family=triad cell=large_deep op=nn dtype=f32 m=4096 k=3072 n=1536 arm=det iters=8 windows=21 p05_us=1422.848 p50_us=1426.048 p95_us=1440.380
TIMING family=triad cell=large_deep op=nn dtype=f32 m=4096 k=3072 n=1536 arm=fast iters=11 windows=21 p05_us=437.155 p50_us=441.530 p95_us=441.897
TIMING family=triad cell=large_deep op=nn dtype=f32 m=4096 k=3072 n=1536 arm=pedantic iters=8 windows=21 p05_us=1115.392 p50_us=1126.656 p95_us=1134.336
CHECK family=triad cell=large_deep op=tn dtype=f32 arm=det rel_l2_vs_pedantic=1.200e-6
CHECK family=triad cell=large_deep op=tn dtype=f32 arm=fast rel_l2_vs_pedantic=2.796e-4
CHECK family=triad cell=large_deep op=tn dtype=f32 arm=pedantic rel_l2_vs_pedantic=0.000e0
TIMING family=triad cell=large_deep op=tn dtype=f32 m=4096 k=3072 n=1536 arm=det iters=8 windows=21 p05_us=1415.808 p50_us=1433.472 p95_us=1503.232
TIMING family=triad cell=large_deep op=tn dtype=f32 m=4096 k=3072 n=1536 arm=fast iters=8 windows=21 p05_us=483.708 p50_us=495.968 p95_us=521.216
TIMING family=triad cell=large_deep op=tn dtype=f32 m=4096 k=3072 n=1536 arm=pedantic iters=8 windows=21 p05_us=955.116 p50_us=971.224 p95_us=976.032
CHECK family=triad cell=large_deep op=nt dtype=f32 arm=det rel_l2_vs_pedantic=0.000e0
CHECK family=triad cell=large_deep op=nt dtype=f32 arm=fast rel_l2_vs_pedantic=2.959e-4
CHECK family=triad cell=large_deep op=nt dtype=f32 arm=pedantic rel_l2_vs_pedantic=0.000e0
TIMING family=triad cell=large_deep op=nt dtype=f32 m=4096 k=3072 n=1536 arm=det iters=8 windows=21 p05_us=2425.600 p50_us=2608.768 p95_us=3207.924
TIMING family=triad cell=large_deep op=nt dtype=f32 m=4096 k=3072 n=1536 arm=fast iters=11 windows=21 p05_us=363.124 p50_us=395.636 p95_us=518.420
TIMING family=triad cell=large_deep op=nt dtype=f32 m=4096 k=3072 n=1536 arm=pedantic iters=8 windows=21 p05_us=1116.416 p50_us=1132.672 p95_us=1172.224
CHECK family=triad cell=prism_in_proj op=nn dtype=f32 arm=det rel_l2_vs_pedantic=0.000e0
CHECK family=triad cell=prism_in_proj op=nn dtype=f32 arm=fast rel_l2_vs_pedantic=2.808e-4
CHECK family=triad cell=prism_in_proj op=nn dtype=f32 arm=pedantic rel_l2_vs_pedantic=0.000e0
TIMING family=triad cell=prism_in_proj op=nn dtype=f32 m=4621 k=384 n=1928 arm=det iters=14 windows=21 p05_us=280.722 p50_us=308.297 p95_us=322.121
TIMING family=triad cell=prism_in_proj op=nn dtype=f32 m=4621 k=384 n=1928 arm=fast iters=39 windows=21 p05_us=103.188 p50_us=115.765 p95_us=120.569
TIMING family=triad cell=prism_in_proj op=nn dtype=f32 m=4621 k=384 n=1928 arm=pedantic iters=18 windows=21 p05_us=222.492 p50_us=236.601 p95_us=246.155
CHECK family=triad cell=prism_in_proj op=tn dtype=f32 arm=det rel_l2_vs_pedantic=5.555e-7
CHECK family=triad cell=prism_in_proj op=tn dtype=f32 arm=fast rel_l2_vs_pedantic=2.795e-4
CHECK family=triad cell=prism_in_proj op=tn dtype=f32 arm=pedantic rel_l2_vs_pedantic=0.000e0
TIMING family=triad cell=prism_in_proj op=tn dtype=f32 m=4621 k=384 n=1928 arm=det iters=10 windows=21 p05_us=385.626 p50_us=393.136 p95_us=414.797
TIMING family=triad cell=prism_in_proj op=tn dtype=f32 m=4621 k=384 n=1928 arm=fast iters=40 windows=21 p05_us=99.789 p50_us=103.219 p95_us=110.585
TIMING family=triad cell=prism_in_proj op=tn dtype=f32 m=4621 k=384 n=1928 arm=pedantic iters=21 windows=21 p05_us=189.781 p50_us=200.655 p95_us=203.397
CHECK family=triad cell=prism_in_proj op=nt dtype=f32 arm=det rel_l2_vs_pedantic=7.505e-7
CHECK family=triad cell=prism_in_proj op=nt dtype=f32 arm=fast rel_l2_vs_pedantic=2.958e-4
CHECK family=triad cell=prism_in_proj op=nt dtype=f32 arm=pedantic rel_l2_vs_pedantic=0.000e0
TIMING family=triad cell=prism_in_proj op=nt dtype=f32 m=4621 k=384 n=1928 arm=det iters=8 windows=21 p05_us=470.648 p50_us=475.264 p95_us=508.412
TIMING family=triad cell=prism_in_proj op=nt dtype=f32 m=4621 k=384 n=1928 arm=fast iters=51 windows=21 p05_us=77.501 p50_us=78.248 p95_us=82.763
TIMING family=triad cell=prism_in_proj op=nt dtype=f32 m=4621 k=384 n=1928 arm=pedantic iters=16 windows=21 p05_us=253.376 p50_us=258.380 p95_us=267.200
CONTEXT family=triad dtype=bf16 arm=det batch_invariant=true family=Triad tensor_cores=true fast_gemm=false tf32=true
CONTEXT family=triad dtype=bf16 arm=fast batch_invariant=false family=Triad tensor_cores=false fast_gemm=true tf32=true
CONTEXT family=triad dtype=bf16 arm=pedantic batch_invariant=false family=Triad tensor_cores=false fast_gemm=false tf32=false
CHECK family=triad cell=d128_in_proj op=nn dtype=bf16 arm=det rel_l2_vs_pedantic=3.047e-5
CHECK family=triad cell=d128_in_proj op=nn dtype=bf16 arm=fast rel_l2_vs_pedantic=3.047e-5
CHECK family=triad cell=d128_in_proj op=nn dtype=bf16 arm=pedantic rel_l2_vs_pedantic=0.000e0
TIMING family=triad cell=d128_in_proj op=nn dtype=bf16 m=1024 k=128 n=512 arm=det iters=512 windows=21 p05_us=7.385 p50_us=7.390 p95_us=7.396
TIMING family=triad cell=d128_in_proj op=nn dtype=bf16 m=1024 k=128 n=512 arm=fast iters=744 windows=21 p05_us=4.802 p50_us=4.810 p95_us=4.818
TIMING family=triad cell=d128_in_proj op=nn dtype=bf16 m=1024 k=128 n=512 arm=pedantic iters=363 windows=21 p05_us=10.384 p50_us=10.406 p95_us=10.415
CHECK family=triad cell=d128_in_proj op=tn dtype=bf16 arm=det rel_l2_vs_pedantic=8.773e-7
CHECK family=triad cell=d128_in_proj op=tn dtype=bf16 arm=fast rel_l2_vs_pedantic=2.331e-7
CHECK family=triad cell=d128_in_proj op=tn dtype=bf16 arm=pedantic rel_l2_vs_pedantic=0.000e0
TIMING family=triad cell=d128_in_proj op=tn dtype=bf16 m=1024 k=128 n=512 arm=det iters=207 windows=21 p05_us=18.170 p50_us=18.174 p95_us=18.175
TIMING family=triad cell=d128_in_proj op=tn dtype=bf16 m=1024 k=128 n=512 arm=fast iters=473 windows=21 p05_us=7.880 p50_us=7.898 p95_us=7.902
TIMING family=triad cell=d128_in_proj op=tn dtype=bf16 m=1024 k=128 n=512 arm=pedantic iters=79 windows=21 p05_us=50.461 p50_us=50.474 p95_us=50.487
CHECK family=triad cell=d128_in_proj op=nt dtype=bf16 arm=det rel_l2_vs_pedantic=4.170e-5
CHECK family=triad cell=d128_in_proj op=nt dtype=bf16 arm=fast rel_l2_vs_pedantic=4.170e-5
CHECK family=triad cell=d128_in_proj op=nt dtype=bf16 arm=pedantic rel_l2_vs_pedantic=0.000e0
TIMING family=triad cell=d128_in_proj op=nt dtype=bf16 m=1024 k=128 n=512 arm=det iters=417 windows=21 p05_us=9.307 p50_us=9.314 p95_us=9.317
TIMING family=triad cell=d128_in_proj op=nt dtype=bf16 m=1024 k=128 n=512 arm=fast iters=489 windows=21 p05_us=7.625 p50_us=7.629 p95_us=7.633
TIMING family=triad cell=d128_in_proj op=nt dtype=bf16 m=1024 k=128 n=512 arm=pedantic iters=113 windows=21 p05_us=35.052 p50_us=35.068 p95_us=35.079
CHECK family=triad cell=d128_out_proj op=nn dtype=bf16 arm=det rel_l2_vs_pedantic=2.699e-5
CHECK family=triad cell=d128_out_proj op=nn dtype=bf16 arm=fast rel_l2_vs_pedantic=2.699e-5
CHECK family=triad cell=d128_out_proj op=nn dtype=bf16 arm=pedantic rel_l2_vs_pedantic=0.000e0
TIMING family=triad cell=d128_out_proj op=nn dtype=bf16 m=1024 k=256 n=128 arm=det iters=579 windows=21 p05_us=6.577 p50_us=6.577 p95_us=6.581
TIMING family=triad cell=d128_out_proj op=nn dtype=bf16 m=1024 k=256 n=128 arm=fast iters=626 windows=21 p05_us=5.442 p50_us=5.446 p95_us=5.450
TIMING family=triad cell=d128_out_proj op=nn dtype=bf16 m=1024 k=256 n=128 arm=pedantic iters=265 windows=21 p05_us=14.630 p50_us=14.634 p95_us=14.637
CHECK family=triad cell=d128_out_proj op=tn dtype=bf16 arm=det rel_l2_vs_pedantic=8.822e-7
CHECK family=triad cell=d128_out_proj op=tn dtype=bf16 arm=fast rel_l2_vs_pedantic=2.346e-7
CHECK family=triad cell=d128_out_proj op=tn dtype=bf16 arm=pedantic rel_l2_vs_pedantic=0.000e0
TIMING family=triad cell=d128_out_proj op=tn dtype=bf16 m=1024 k=256 n=128 arm=det iters=219 windows=21 p05_us=18.118 p50_us=18.127 p95_us=18.133
TIMING family=triad cell=d128_out_proj op=tn dtype=bf16 m=1024 k=256 n=128 arm=fast iters=521 windows=21 p05_us=7.181 p50_us=7.186 p95_us=7.199
TIMING family=triad cell=d128_out_proj op=tn dtype=bf16 m=1024 k=256 n=128 arm=pedantic iters=79 windows=21 p05_us=50.461 p50_us=50.463 p95_us=50.487
CHECK family=triad cell=d128_out_proj op=nt dtype=bf16 arm=det rel_l2_vs_pedantic=2.745e-5
CHECK family=triad cell=d128_out_proj op=nt dtype=bf16 arm=fast rel_l2_vs_pedantic=2.745e-5
CHECK family=triad cell=d128_out_proj op=nt dtype=bf16 arm=pedantic rel_l2_vs_pedantic=0.000e0
TIMING family=triad cell=d128_out_proj op=nt dtype=bf16 m=1024 k=256 n=128 arm=det iters=727 windows=21 p05_us=5.333 p50_us=5.336 p95_us=5.340
TIMING family=triad cell=d128_out_proj op=nt dtype=bf16 m=1024 k=256 n=128 arm=fast iters=745 windows=21 p05_us=4.672 p50_us=4.677 p95_us=4.716
TIMING family=triad cell=d128_out_proj op=nt dtype=bf16 m=1024 k=256 n=128 arm=pedantic iters=326 windows=21 p05_us=11.666 p50_us=11.672 p95_us=11.679
CHECK family=triad cell=underfill op=nn dtype=bf16 arm=det rel_l2_vs_pedantic=2.344e-5
CHECK family=triad cell=underfill op=nn dtype=bf16 arm=fast rel_l2_vs_pedantic=2.641e-3
CHECK family=triad cell=underfill op=nn dtype=bf16 arm=pedantic rel_l2_vs_pedantic=0.000e0
TIMING family=triad cell=underfill op=nn dtype=bf16 m=256 k=512 n=384 arm=det iters=381 windows=21 p05_us=10.305 p50_us=10.312 p95_us=10.318
TIMING family=triad cell=underfill op=nn dtype=bf16 m=256 k=512 n=384 arm=fast iters=505 windows=21 p05_us=7.342 p50_us=7.348 p95_us=7.405
TIMING family=triad cell=underfill op=nn dtype=bf16 m=256 k=512 n=384 arm=pedantic iters=151 windows=21 p05_us=25.926 p50_us=25.938 p95_us=25.946
CHECK family=triad cell=underfill op=tn dtype=bf16 arm=det rel_l2_vs_pedantic=2.049e-7
CHECK family=triad cell=underfill op=tn dtype=bf16 arm=fast rel_l2_vs_pedantic=2.049e-7
CHECK family=triad cell=underfill op=tn dtype=bf16 arm=pedantic rel_l2_vs_pedantic=0.000e0
TIMING family=triad cell=underfill op=tn dtype=bf16 m=256 k=512 n=384 arm=det iters=440 windows=21 p05_us=8.860 p50_us=8.865 p95_us=8.869
TIMING family=triad cell=underfill op=tn dtype=bf16 m=256 k=512 n=384 arm=fast iters=665 windows=21 p05_us=5.533 p50_us=5.537 p95_us=5.541
TIMING family=triad cell=underfill op=tn dtype=bf16 m=256 k=512 n=384 arm=pedantic iters=228 windows=21 p05_us=16.985 p50_us=16.990 p95_us=16.994
CHECK family=triad cell=underfill op=nt dtype=bf16 arm=det rel_l2_vs_pedantic=3.605e-5
CHECK family=triad cell=underfill op=nt dtype=bf16 arm=fast rel_l2_vs_pedantic=3.605e-5
CHECK family=triad cell=underfill op=nt dtype=bf16 arm=pedantic rel_l2_vs_pedantic=0.000e0
TIMING family=triad cell=underfill op=nt dtype=bf16 m=256 k=512 n=384 arm=det iters=497 windows=21 p05_us=7.842 p50_us=7.842 p95_us=7.844
TIMING family=triad cell=underfill op=nt dtype=bf16 m=256 k=512 n=384 arm=fast iters=568 windows=21 p05_us=6.533 p50_us=6.540 p95_us=6.544
TIMING family=triad cell=underfill op=nt dtype=bf16 m=256 k=512 n=384 arm=pedantic iters=143 windows=21 p05_us=27.290 p50_us=27.297 p95_us=27.304
CHECK family=triad cell=d768_in_proj op=nn dtype=bf16 arm=det rel_l2_vs_pedantic=5.318e-5
CHECK family=triad cell=d768_in_proj op=nn dtype=bf16 arm=fast rel_l2_vs_pedantic=5.318e-5
CHECK family=triad cell=d768_in_proj op=nn dtype=bf16 arm=pedantic rel_l2_vs_pedantic=0.000e0
TIMING family=triad cell=d768_in_proj op=nn dtype=bf16 m=2048 k=768 n=3072 arm=det iters=44 windows=21 p05_us=92.556 p50_us=95.744 p95_us=97.927
TIMING family=triad cell=d768_in_proj op=nn dtype=bf16 m=2048 k=768 n=3072 arm=fast iters=50 windows=21 p05_us=79.345 p50_us=80.261 p95_us=80.852
TIMING family=triad cell=d768_in_proj op=nn dtype=bf16 m=2048 k=768 n=3072 arm=pedantic iters=12 windows=21 p05_us=336.389 p50_us=360.003 p95_us=369.757
CHECK family=triad cell=d768_in_proj op=tn dtype=bf16 arm=det rel_l2_vs_pedantic=1.970e-6
CHECK family=triad cell=d768_in_proj op=tn dtype=bf16 arm=fast rel_l2_vs_pedantic=9.138e-7
CHECK family=triad cell=d768_in_proj op=tn dtype=bf16 arm=pedantic rel_l2_vs_pedantic=0.000e0
TIMING family=triad cell=d768_in_proj op=tn dtype=bf16 m=2048 k=768 n=3072 arm=det iters=28 windows=21 p05_us=145.079 p50_us=145.296 p95_us=145.408
TIMING family=triad cell=d768_in_proj op=tn dtype=bf16 m=2048 k=768 n=3072 arm=fast iters=45 windows=21 p05_us=87.450 p50_us=88.132 p95_us=88.428
TIMING family=triad cell=d768_in_proj op=tn dtype=bf16 m=2048 k=768 n=3072 arm=pedantic iters=11 windows=21 p05_us=354.118 p50_us=354.211 p95_us=354.397
CHECK family=triad cell=d768_in_proj op=nt dtype=bf16 arm=det rel_l2_vs_pedantic=1.226e-4
CHECK family=triad cell=d768_in_proj op=nt dtype=bf16 arm=fast rel_l2_vs_pedantic=2.150e-3
CHECK family=triad cell=d768_in_proj op=nt dtype=bf16 arm=pedantic rel_l2_vs_pedantic=0.000e0
TIMING family=triad cell=d768_in_proj op=nt dtype=bf16 m=2048 k=768 n=3072 arm=det iters=38 windows=21 p05_us=104.071 p50_us=104.179 p95_us=104.389
TIMING family=triad cell=d768_in_proj op=nt dtype=bf16 m=2048 k=768 n=3072 arm=fast iters=50 windows=21 p05_us=78.766 p50_us=79.032 p95_us=79.110
TIMING family=triad cell=d768_in_proj op=nt dtype=bf16 m=2048 k=768 n=3072 arm=pedantic iters=11 windows=21 p05_us=358.586 p50_us=358.865 p95_us=359.052
CHECK family=triad cell=d768_out_proj op=nn dtype=bf16 arm=det rel_l2_vs_pedantic=8.136e-5
CHECK family=triad cell=d768_out_proj op=nn dtype=bf16 arm=fast rel_l2_vs_pedantic=8.136e-5
CHECK family=triad cell=d768_out_proj op=nn dtype=bf16 arm=pedantic rel_l2_vs_pedantic=0.000e0
TIMING family=triad cell=d768_out_proj op=nn dtype=bf16 m=2048 k=1536 n=768 arm=det iters=73 windows=21 p05_us=55.516 p50_us=55.548 p95_us=55.594
TIMING family=triad cell=d768_out_proj op=nn dtype=bf16 m=2048 k=1536 n=768 arm=fast iters=83 windows=21 p05_us=47.757 p50_us=47.807 p95_us=47.968
TIMING family=triad cell=d768_out_proj op=nn dtype=bf16 m=2048 k=1536 n=768 arm=pedantic iters=21 windows=21 p05_us=188.562 p50_us=188.707 p95_us=188.805
CHECK family=triad cell=d768_out_proj op=tn dtype=bf16 arm=det rel_l2_vs_pedantic=1.970e-6
CHECK family=triad cell=d768_out_proj op=tn dtype=bf16 arm=fast rel_l2_vs_pedantic=6.197e-7
CHECK family=triad cell=d768_out_proj op=tn dtype=bf16 arm=pedantic rel_l2_vs_pedantic=0.000e0
TIMING family=triad cell=d768_out_proj op=tn dtype=bf16 m=2048 k=1536 n=768 arm=det iters=55 windows=21 p05_us=74.378 p50_us=74.491 p95_us=74.640
TIMING family=triad cell=d768_out_proj op=tn dtype=bf16 m=2048 k=1536 n=768 arm=fast iters=79 windows=21 p05_us=50.267 p50_us=50.448 p95_us=50.617
TIMING family=triad cell=d768_out_proj op=tn dtype=bf16 m=2048 k=1536 n=768 arm=pedantic iters=19 windows=21 p05_us=213.307 p50_us=213.423 p95_us=213.477
CHECK family=triad cell=d768_out_proj op=nt dtype=bf16 arm=det rel_l2_vs_pedantic=6.323e-5
CHECK family=triad cell=d768_out_proj op=nt dtype=bf16 arm=fast rel_l2_vs_pedantic=3.875e-5
CHECK family=triad cell=d768_out_proj op=nt dtype=bf16 arm=pedantic rel_l2_vs_pedantic=0.000e0
TIMING family=triad cell=d768_out_proj op=nt dtype=bf16 m=2048 k=1536 n=768 arm=det iters=66 windows=21 p05_us=60.261 p50_us=60.320 p95_us=60.354
TIMING family=triad cell=d768_out_proj op=nt dtype=bf16 m=2048 k=1536 n=768 arm=fast iters=97 windows=21 p05_us=39.809 p50_us=40.123 p95_us=40.350
TIMING family=triad cell=d768_out_proj op=nt dtype=bf16 m=2048 k=1536 n=768 arm=pedantic iters=22 windows=21 p05_us=180.317 p50_us=180.410 p95_us=180.503
CHECK family=triad cell=large_deep op=nn dtype=bf16 arm=det rel_l2_vs_pedantic=1.291e-4
CHECK family=triad cell=large_deep op=nn dtype=bf16 arm=fast rel_l2_vs_pedantic=2.147e-3
CHECK family=triad cell=large_deep op=nn dtype=bf16 arm=pedantic rel_l2_vs_pedantic=0.000e0
TIMING family=triad cell=large_deep op=nn dtype=bf16 m=4096 k=3072 n=1536 arm=det iters=13 windows=21 p05_us=303.892 p50_us=367.458 p95_us=378.250
TIMING family=triad cell=large_deep op=nn dtype=bf16 m=4096 k=3072 n=1536 arm=fast iters=17 windows=21 p05_us=233.111 p50_us=255.339 p95_us=263.831
TIMING family=triad cell=large_deep op=nn dtype=bf16 m=4096 k=3072 n=1536 arm=pedantic iters=8 windows=21 p05_us=1313.920 p50_us=1590.144 p95_us=1657.460
CHECK family=triad cell=large_deep op=tn dtype=bf16 arm=det rel_l2_vs_pedantic=4.451e-6
CHECK family=triad cell=large_deep op=tn dtype=bf16 arm=fast rel_l2_vs_pedantic=2.012e-6
CHECK family=triad cell=large_deep op=tn dtype=bf16 arm=pedantic rel_l2_vs_pedantic=0.000e0
TIMING family=triad cell=large_deep op=tn dtype=bf16 m=4096 k=3072 n=1536 arm=det iters=10 windows=21 p05_us=422.195 p50_us=440.013 p95_us=476.160
TIMING family=triad cell=large_deep op=tn dtype=bf16 m=4096 k=3072 n=1536 arm=fast iters=13 windows=21 p05_us=303.813 p50_us=305.388 p95_us=314.762
TIMING family=triad cell=large_deep op=tn dtype=bf16 m=4096 k=3072 n=1536 arm=pedantic iters=8 windows=21 p05_us=1275.648 p50_us=1309.280 p95_us=1395.068
CHECK family=triad cell=large_deep op=nt dtype=bf16 arm=det rel_l2_vs_pedantic=8.454e-5
CHECK family=triad cell=large_deep op=nt dtype=bf16 arm=fast rel_l2_vs_pedantic=5.675e-5
CHECK family=triad cell=large_deep op=nt dtype=bf16 arm=pedantic rel_l2_vs_pedantic=0.000e0
TIMING family=triad cell=large_deep op=nt dtype=bf16 m=4096 k=3072 n=1536 arm=det iters=12 windows=21 p05_us=387.840 p50_us=407.296 p95_us=428.715
TIMING family=triad cell=large_deep op=nt dtype=bf16 m=4096 k=3072 n=1536 arm=fast iters=17 windows=21 p05_us=249.928 p50_us=261.361 p95_us=273.528
TIMING family=triad cell=large_deep op=nt dtype=bf16 m=4096 k=3072 n=1536 arm=pedantic iters=8 windows=21 p05_us=1495.168 p50_us=1551.232 p95_us=1609.456
CHECK family=triad cell=prism_in_proj op=nn dtype=bf16 arm=det rel_l2_vs_pedantic=3.619e-5
CHECK family=triad cell=prism_in_proj op=nn dtype=bf16 arm=fast rel_l2_vs_pedantic=3.619e-5
CHECK family=triad cell=prism_in_proj op=nn dtype=bf16 arm=pedantic rel_l2_vs_pedantic=0.000e0
TIMING family=triad cell=prism_in_proj op=nn dtype=bf16 m=4621 k=384 n=1928 arm=det iters=49 windows=21 p05_us=81.692 p50_us=81.938 p95_us=85.076
TIMING family=triad cell=prism_in_proj op=nn dtype=bf16 m=4621 k=384 n=1928 arm=fast iters=53 windows=21 p05_us=75.467 p50_us=75.579 p95_us=76.452
TIMING family=triad cell=prism_in_proj op=nn dtype=bf16 m=4621 k=384 n=1928 arm=pedantic iters=16 windows=21 p05_us=254.400 p50_us=256.576 p95_us=269.312
CHECK family=triad cell=prism_in_proj op=tn dtype=bf16 arm=det rel_l2_vs_pedantic=5.120e-6
CHECK family=triad cell=prism_in_proj op=tn dtype=bf16 arm=fast rel_l2_vs_pedantic=8.276e-7
CHECK family=triad cell=prism_in_proj op=tn dtype=bf16 arm=pedantic rel_l2_vs_pedantic=0.000e0
TIMING family=triad cell=prism_in_proj op=tn dtype=bf16 m=4621 k=384 n=1928 arm=det iters=49 windows=21 p05_us=81.228 p50_us=81.314 p95_us=81.437
TIMING family=triad cell=prism_in_proj op=tn dtype=bf16 m=4621 k=384 n=1928 arm=fast iters=73 windows=21 p05_us=54.202 p50_us=54.300 p95_us=54.370
TIMING family=triad cell=prism_in_proj op=tn dtype=bf16 m=4621 k=384 n=1928 arm=pedantic iters=12 windows=21 p05_us=333.909 p50_us=334.080 p95_us=334.237
CHECK family=triad cell=prism_in_proj op=nt dtype=bf16 arm=det rel_l2_vs_pedantic=9.235e-5
CHECK family=triad cell=prism_in_proj op=nt dtype=bf16 arm=fast rel_l2_vs_pedantic=2.649e-3
CHECK family=triad cell=prism_in_proj op=nt dtype=bf16 arm=pedantic rel_l2_vs_pedantic=0.000e0
TIMING family=triad cell=prism_in_proj op=nt dtype=bf16 m=4621 k=384 n=1928 arm=det iters=53 windows=21 p05_us=74.670 p50_us=74.752 p95_us=74.847
TIMING family=triad cell=prism_in_proj op=nt dtype=bf16 m=4621 k=384 n=1928 arm=fast iters=65 windows=21 p05_us=60.605 p50_us=60.731 p95_us=60.810
TIMING family=triad cell=prism_in_proj op=nt dtype=bf16 m=4621 k=384 n=1928 arm=pedantic iters=13 windows=21 p05_us=296.706 p50_us=296.960 p95_us=297.214
CONTEXT family=triad dtype=f16 arm=det batch_invariant=true family=Triad tensor_cores=true fast_gemm=false tf32=true
CONTEXT family=triad dtype=f16 arm=fast batch_invariant=false family=Triad tensor_cores=false fast_gemm=true tf32=true
CONTEXT family=triad dtype=f16 arm=pedantic batch_invariant=false family=Triad tensor_cores=false fast_gemm=false tf32=false
CHECK family=triad cell=d128_in_proj op=nn dtype=f16 arm=det rel_l2_vs_pedantic=1.472e-5
CHECK family=triad cell=d128_in_proj op=nn dtype=f16 arm=fast rel_l2_vs_pedantic=1.472e-5
CHECK family=triad cell=d128_in_proj op=nn dtype=f16 arm=pedantic rel_l2_vs_pedantic=0.000e0
TIMING family=triad cell=d128_in_proj op=nn dtype=f16 m=1024 k=128 n=512 arm=det iters=512 windows=21 p05_us=7.372 p50_us=7.378 p95_us=7.384
TIMING family=triad cell=d128_in_proj op=nn dtype=f16 m=1024 k=128 n=512 arm=fast iters=681 windows=21 p05_us=5.303 p50_us=5.309 p95_us=5.315
TIMING family=triad cell=d128_in_proj op=nn dtype=f16 m=1024 k=128 n=512 arm=pedantic iters=401 windows=21 p05_us=9.512 p50_us=9.520 p95_us=9.530
CHECK family=triad cell=d128_in_proj op=tn dtype=f16 arm=det rel_l2_vs_pedantic=1.729e-6
CHECK family=triad cell=d128_in_proj op=tn dtype=f16 arm=fast rel_l2_vs_pedantic=2.989e-7
CHECK family=triad cell=d128_in_proj op=tn dtype=f16 arm=pedantic rel_l2_vs_pedantic=0.000e0
TIMING family=triad cell=d128_in_proj op=tn dtype=f16 m=1024 k=128 n=512 arm=det iters=216 windows=21 p05_us=18.143 p50_us=18.151 p95_us=18.157
TIMING family=triad cell=d128_in_proj op=tn dtype=f16 m=1024 k=128 n=512 arm=fast iters=479 windows=21 p05_us=7.835 p50_us=7.844 p95_us=7.859
TIMING family=triad cell=d128_in_proj op=tn dtype=f16 m=1024 k=128 n=512 arm=pedantic iters=316 windows=21 p05_us=12.220 p50_us=12.245 p95_us=12.259
CHECK family=triad cell=d128_in_proj op=nt dtype=f16 arm=det rel_l2_vs_pedantic=3.810e-4
CHECK family=triad cell=d128_in_proj op=nt dtype=f16 arm=fast rel_l2_vs_pedantic=3.810e-4
CHECK family=triad cell=d128_in_proj op=nt dtype=f16 arm=pedantic rel_l2_vs_pedantic=0.000e0
TIMING family=triad cell=d128_in_proj op=nt dtype=f16 m=1024 k=128 n=512 arm=det iters=417 windows=21 p05_us=9.402 p50_us=9.405 p95_us=9.405
TIMING family=triad cell=d128_in_proj op=nt dtype=f16 m=1024 k=128 n=512 arm=fast iters=625 windows=21 p05_us=5.839 p50_us=5.846 p95_us=5.849
TIMING family=triad cell=d128_in_proj op=nt dtype=f16 m=1024 k=128 n=512 arm=pedantic iters=304 windows=21 p05_us=12.608 p50_us=12.617 p95_us=12.631
CHECK family=triad cell=d128_out_proj op=nn dtype=f16 arm=det rel_l2_vs_pedantic=3.331e-4
CHECK family=triad cell=d128_out_proj op=nn dtype=f16 arm=fast rel_l2_vs_pedantic=3.331e-4
CHECK family=triad cell=d128_out_proj op=nn dtype=f16 arm=pedantic rel_l2_vs_pedantic=0.000e0
TIMING family=triad cell=d128_out_proj op=nn dtype=f16 m=1024 k=256 n=128 arm=det iters=569 windows=21 p05_us=6.535 p50_us=6.536 p95_us=6.536
TIMING family=triad cell=d128_out_proj op=nn dtype=f16 m=1024 k=256 n=128 arm=fast iters=744 windows=21 p05_us=4.783 p50_us=4.786 p95_us=4.794
TIMING family=triad cell=d128_out_proj op=nn dtype=f16 m=1024 k=256 n=128 arm=pedantic iters=402 windows=21 p05_us=9.369 p50_us=9.379 p95_us=9.402
CHECK family=triad cell=d128_out_proj op=tn dtype=f16 arm=det rel_l2_vs_pedantic=1.724e-6
CHECK family=triad cell=d128_out_proj op=tn dtype=f16 arm=fast rel_l2_vs_pedantic=3.034e-7
CHECK family=triad cell=d128_out_proj op=tn dtype=f16 arm=pedantic rel_l2_vs_pedantic=0.000e0
TIMING family=triad cell=d128_out_proj op=tn dtype=f16 m=1024 k=256 n=128 arm=det iters=220 windows=21 p05_us=18.050 p50_us=18.050 p95_us=18.059
TIMING family=triad cell=d128_out_proj op=tn dtype=f16 m=1024 k=256 n=128 arm=fast iters=496 windows=21 p05_us=7.383 p50_us=7.393 p95_us=7.405
TIMING family=triad cell=d128_out_proj op=tn dtype=f16 m=1024 k=256 n=128 arm=pedantic iters=386 windows=21 p05_us=9.888 p50_us=9.893 p95_us=9.898
CHECK family=triad cell=d128_out_proj op=nt dtype=f16 arm=det rel_l2_vs_pedantic=1.399e-5
CHECK family=triad cell=d128_out_proj op=nt dtype=f16 arm=fast rel_l2_vs_pedantic=1.399e-5
CHECK family=triad cell=d128_out_proj op=nt dtype=f16 arm=pedantic rel_l2_vs_pedantic=0.000e0
TIMING family=triad cell=d128_out_proj op=nt dtype=f16 m=1024 k=256 n=128 arm=det iters=722 windows=21 p05_us=5.327 p50_us=5.349 p95_us=5.392
TIMING family=triad cell=d128_out_proj op=nt dtype=f16 m=1024 k=256 n=128 arm=fast iters=801 windows=21 p05_us=4.483 p50_us=4.486 p95_us=4.490
TIMING family=triad cell=d128_out_proj op=nt dtype=f16 m=1024 k=256 n=128 arm=pedantic iters=513 windows=21 p05_us=7.262 p50_us=7.267 p95_us=7.270
CHECK family=triad cell=underfill op=nn dtype=f16 arm=det rel_l2_vs_pedantic=3.289e-4
CHECK family=triad cell=underfill op=nn dtype=f16 arm=fast rel_l2_vs_pedantic=3.289e-4
CHECK family=triad cell=underfill op=nn dtype=f16 arm=pedantic rel_l2_vs_pedantic=0.000e0
TIMING family=triad cell=underfill op=nn dtype=f16 m=256 k=512 n=384 arm=det iters=381 windows=21 p05_us=10.296 p50_us=10.299 p95_us=10.302
TIMING family=triad cell=underfill op=nn dtype=f16 m=256 k=512 n=384 arm=fast iters=638 windows=21 p05_us=5.735 p50_us=5.739 p95_us=5.741
TIMING family=triad cell=underfill op=nn dtype=f16 m=256 k=512 n=384 arm=pedantic iters=332 windows=21 p05_us=11.569 p50_us=11.588 p95_us=11.597
CHECK family=triad cell=underfill op=tn dtype=f16 arm=det rel_l2_vs_pedantic=4.940e-7
CHECK family=triad cell=underfill op=tn dtype=f16 arm=fast rel_l2_vs_pedantic=4.940e-7
CHECK family=triad cell=underfill op=tn dtype=f16 arm=pedantic rel_l2_vs_pedantic=0.000e0
TIMING family=triad cell=underfill op=tn dtype=f16 m=256 k=512 n=384 arm=det iters=442 windows=21 p05_us=8.866 p50_us=8.873 p95_us=8.887
TIMING family=triad cell=underfill op=tn dtype=f16 m=256 k=512 n=384 arm=fast iters=651 windows=21 p05_us=5.563 p50_us=5.568 p95_us=5.571
TIMING family=triad cell=underfill op=tn dtype=f16 m=256 k=512 n=384 arm=pedantic iters=359 windows=21 p05_us=10.602 p50_us=10.614 p95_us=10.622
CHECK family=triad cell=underfill op=nt dtype=f16 arm=det rel_l2_vs_pedantic=2.048e-5
CHECK family=triad cell=underfill op=nt dtype=f16 arm=fast rel_l2_vs_pedantic=2.048e-5
CHECK family=triad cell=underfill op=nt dtype=f16 arm=pedantic rel_l2_vs_pedantic=0.000e0
TIMING family=triad cell=underfill op=nt dtype=f16 m=256 k=512 n=384 arm=det iters=490 windows=21 p05_us=7.819 p50_us=7.824 p95_us=7.830
TIMING family=triad cell=underfill op=nt dtype=f16 m=256 k=512 n=384 arm=fast iters=690 windows=21 p05_us=5.261 p50_us=5.268 p95_us=5.279
TIMING family=triad cell=underfill op=nt dtype=f16 m=256 k=512 n=384 arm=pedantic iters=336 windows=21 p05_us=11.328 p50_us=11.334 p95_us=11.342
CHECK family=triad cell=d768_in_proj op=nn dtype=f16 arm=det rel_l2_vs_pedantic=3.711e-4
CHECK family=triad cell=d768_in_proj op=nn dtype=f16 arm=fast rel_l2_vs_pedantic=3.711e-4
CHECK family=triad cell=d768_in_proj op=nn dtype=f16 arm=pedantic rel_l2_vs_pedantic=0.000e0
TIMING family=triad cell=d768_in_proj op=nn dtype=f16 m=2048 k=768 n=3072 arm=det iters=44 windows=21 p05_us=92.110 p50_us=112.477 p95_us=115.731
TIMING family=triad cell=d768_in_proj op=nn dtype=f16 m=2048 k=768 n=3072 arm=fast iters=64 windows=21 p05_us=61.584 p50_us=70.848 p95_us=78.528
TIMING family=triad cell=d768_in_proj op=nn dtype=f16 m=2048 k=768 n=3072 arm=pedantic iters=15 windows=21 p05_us=260.506 p50_us=331.708 p95_us=370.756
CHECK family=triad cell=d768_in_proj op=tn dtype=f16 arm=det rel_l2_vs_pedantic=3.376e-6
CHECK family=triad cell=d768_in_proj op=tn dtype=f16 arm=fast rel_l2_vs_pedantic=1.749e-6
CHECK family=triad cell=d768_in_proj op=tn dtype=f16 arm=pedantic rel_l2_vs_pedantic=0.000e0
TIMING family=triad cell=d768_in_proj op=tn dtype=f16 m=2048 k=768 n=3072 arm=det iters=28 windows=21 p05_us=141.129 p50_us=141.495 p95_us=148.553
TIMING family=triad cell=d768_in_proj op=tn dtype=f16 m=2048 k=768 n=3072 arm=fast iters=45 windows=21 p05_us=88.838 p50_us=89.613 p95_us=90.363
TIMING family=triad cell=d768_in_proj op=tn dtype=f16 m=2048 k=768 n=3072 arm=pedantic iters=14 windows=21 p05_us=276.560 p50_us=276.773 p95_us=290.969
CHECK family=triad cell=d768_in_proj op=nt dtype=f16 arm=det rel_l2_vs_pedantic=5.314e-4
CHECK family=triad cell=d768_in_proj op=nt dtype=f16 arm=fast rel_l2_vs_pedantic=5.518e-4
CHECK family=triad cell=d768_in_proj op=nt dtype=f16 arm=pedantic rel_l2_vs_pedantic=0.000e0
TIMING family=triad cell=d768_in_proj op=nt dtype=f16 m=2048 k=768 n=3072 arm=det iters=38 windows=21 p05_us=105.876 p50_us=114.763 p95_us=125.305
TIMING family=triad cell=d768_in_proj op=nt dtype=f16 m=2048 k=768 n=3072 arm=fast iters=52 windows=21 p05_us=71.266 p50_us=71.936 p95_us=76.426
TIMING family=triad cell=d768_in_proj op=nt dtype=f16 m=2048 k=768 n=3072 arm=pedantic iters=14 windows=21 p05_us=276.919 p50_us=297.179 p95_us=325.778
CHECK family=triad cell=d768_out_proj op=nn dtype=f16 arm=det rel_l2_vs_pedantic=4.594e-4
CHECK family=triad cell=d768_out_proj op=nn dtype=f16 arm=fast rel_l2_vs_pedantic=4.594e-4
CHECK family=triad cell=d768_out_proj op=nn dtype=f16 arm=pedantic rel_l2_vs_pedantic=0.000e0
TIMING family=triad cell=d768_out_proj op=nn dtype=f16 m=2048 k=1536 n=768 arm=det iters=72 windows=21 p05_us=55.223 p50_us=56.206 p95_us=58.776
TIMING family=triad cell=d768_out_proj op=nn dtype=f16 m=2048 k=1536 n=768 arm=fast iters=85 windows=21 p05_us=46.743 p50_us=46.875 p95_us=47.310
TIMING family=triad cell=d768_out_proj op=nn dtype=f16 m=2048 k=1536 n=768 arm=pedantic iters=26 windows=21 p05_us=151.670 p50_us=153.479 p95_us=158.169
CHECK family=triad cell=d768_out_proj op=tn dtype=f16 arm=det rel_l2_vs_pedantic=3.371e-6
CHECK family=triad cell=d768_out_proj op=tn dtype=f16 arm=fast rel_l2_vs_pedantic=1.197e-6
CHECK family=triad cell=d768_out_proj op=tn dtype=f16 arm=pedantic rel_l2_vs_pedantic=0.000e0
TIMING family=triad cell=d768_out_proj op=tn dtype=f16 m=2048 k=1536 n=768 arm=det iters=55 windows=21 p05_us=74.324 p50_us=74.506 p95_us=74.715
TIMING family=triad cell=d768_out_proj op=tn dtype=f16 m=2048 k=1536 n=768 arm=fast iters=79 windows=21 p05_us=50.059 p50_us=50.293 p95_us=50.474
TIMING family=triad cell=d768_out_proj op=tn dtype=f16 m=2048 k=1536 n=768 arm=pedantic iters=27 windows=21 p05_us=145.787 p50_us=146.318 p95_us=146.957
CHECK family=triad cell=d768_out_proj op=nt dtype=f16 arm=det rel_l2_vs_pedantic=2.790e-4
CHECK family=triad cell=d768_out_proj op=nt dtype=f16 arm=fast rel_l2_vs_pedantic=2.790e-4
CHECK family=triad cell=d768_out_proj op=nt dtype=f16 arm=pedantic rel_l2_vs_pedantic=0.000e0
TIMING family=triad cell=d768_out_proj op=nt dtype=f16 m=2048 k=1536 n=768 arm=det iters=66 windows=21 p05_us=60.323 p50_us=60.402 p95_us=61.968
TIMING family=triad cell=d768_out_proj op=nt dtype=f16 m=2048 k=1536 n=768 arm=fast iters=97 windows=21 p05_us=37.877 p50_us=39.429 p95_us=40.200
TIMING family=triad cell=d768_out_proj op=nt dtype=f16 m=2048 k=1536 n=768 arm=pedantic iters=26 windows=21 p05_us=148.873 p50_us=149.740 p95_us=151.434
CHECK family=triad cell=large_deep op=nn dtype=f16 arm=det rel_l2_vs_pedantic=3.710e-4
CHECK family=triad cell=large_deep op=nn dtype=f16 arm=fast rel_l2_vs_pedantic=3.713e-4
CHECK family=triad cell=large_deep op=nn dtype=f16 arm=pedantic rel_l2_vs_pedantic=0.000e0
TIMING family=triad cell=large_deep op=nn dtype=f16 m=4096 k=3072 n=1536 arm=det iters=13 windows=21 p05_us=365.726 p50_us=380.770 p95_us=388.726
TIMING family=triad cell=large_deep op=nn dtype=f16 m=4096 k=3072 n=1536 arm=fast iters=17 windows=21 p05_us=257.385 p50_us=265.577 p95_us=270.396
TIMING family=triad cell=large_deep op=nn dtype=f16 m=4096 k=3072 n=1536 arm=pedantic iters=8 windows=21 p05_us=1073.280 p50_us=1210.496 p95_us=1227.356
CHECK family=triad cell=large_deep op=tn dtype=f16 arm=det rel_l2_vs_pedantic=6.634e-6
CHECK family=triad cell=large_deep op=tn dtype=f16 arm=fast rel_l2_vs_pedantic=1.243e-6
CHECK family=triad cell=large_deep op=tn dtype=f16 arm=pedantic rel_l2_vs_pedantic=0.000e0
TIMING family=triad cell=large_deep op=tn dtype=f16 m=4096 k=3072 n=1536 arm=det iters=10 windows=21 p05_us=491.318 p50_us=530.637 p95_us=540.774
TIMING family=triad cell=large_deep op=tn dtype=f16 m=4096 k=3072 n=1536 arm=fast iters=16 windows=21 p05_us=266.880 p50_us=274.612 p95_us=297.078
TIMING family=triad cell=large_deep op=tn dtype=f16 m=4096 k=3072 n=1536 arm=pedantic iters=8 windows=21 p05_us=997.376 p50_us=1205.504 p95_us=1274.880
CHECK family=triad cell=large_deep op=nt dtype=f16 arm=det rel_l2_vs_pedantic=4.076e-5
CHECK family=triad cell=large_deep op=nt dtype=f16 arm=fast rel_l2_vs_pedantic=2.964e-5
CHECK family=triad cell=large_deep op=nt dtype=f16 arm=pedantic rel_l2_vs_pedantic=0.000e0
TIMING family=triad cell=large_deep op=nt dtype=f16 m=4096 k=3072 n=1536 arm=det iters=12 windows=21 p05_us=424.277 p50_us=443.136 p95_us=453.035
TIMING family=triad cell=large_deep op=nt dtype=f16 m=4096 k=3072 n=1536 arm=fast iters=16 windows=21 p05_us=273.856 p50_us=283.006 p95_us=292.928
TIMING family=triad cell=large_deep op=nt dtype=f16 m=4096 k=3072 n=1536 arm=pedantic iters=8 windows=21 p05_us=1235.200 p50_us=1369.472 p95_us=1441.024
CHECK family=triad cell=prism_in_proj op=nn dtype=f16 arm=det rel_l2_vs_pedantic=2.070e-5
CHECK family=triad cell=prism_in_proj op=nn dtype=f16 arm=fast rel_l2_vs_pedantic=2.070e-5
CHECK family=triad cell=prism_in_proj op=nn dtype=f16 arm=pedantic rel_l2_vs_pedantic=0.000e0
TIMING family=triad cell=prism_in_proj op=nn dtype=f16 m=4621 k=384 n=1928 arm=det iters=48 windows=21 p05_us=82.432 p50_us=95.381 p95_us=102.074
TIMING family=triad cell=prism_in_proj op=nn dtype=f16 m=4621 k=384 n=1928 arm=fast iters=54 windows=21 p05_us=73.368 p50_us=76.824 p95_us=83.076
TIMING family=triad cell=prism_in_proj op=nn dtype=f16 m=4621 k=384 n=1928 arm=pedantic iters=20 windows=21 p05_us=202.138 p50_us=228.147 p95_us=253.184
CHECK family=triad cell=prism_in_proj op=tn dtype=f16 arm=det rel_l2_vs_pedantic=7.490e-6
CHECK family=triad cell=prism_in_proj op=tn dtype=f16 arm=fast rel_l2_vs_pedantic=1.480e-6
CHECK family=triad cell=prism_in_proj op=tn dtype=f16 arm=pedantic rel_l2_vs_pedantic=0.000e0
TIMING family=triad cell=prism_in_proj op=tn dtype=f16 m=4621 k=384 n=1928 arm=det iters=49 windows=21 p05_us=81.418 p50_us=91.429 p95_us=93.853
TIMING family=triad cell=prism_in_proj op=tn dtype=f16 m=4621 k=384 n=1928 arm=fast iters=72 windows=21 p05_us=54.443 p50_us=57.527 p95_us=58.967
TIMING family=triad cell=prism_in_proj op=tn dtype=f16 m=4621 k=384 n=1928 arm=pedantic iters=20 windows=21 p05_us=200.243 p50_us=226.816 p95_us=235.110
CHECK family=triad cell=prism_in_proj op=nt dtype=f16 arm=det rel_l2_vs_pedantic=5.335e-4
CHECK family=triad cell=prism_in_proj op=nt dtype=f16 arm=fast rel_l2_vs_pedantic=6.469e-4
CHECK family=triad cell=prism_in_proj op=nt dtype=f16 arm=pedantic rel_l2_vs_pedantic=0.000e0
TIMING family=triad cell=prism_in_proj op=nt dtype=f16 m=4621 k=384 n=1928 arm=det iters=53 windows=21 p05_us=75.365 p50_us=78.498 p95_us=81.070
TIMING family=triad cell=prism_in_proj op=nt dtype=f16 m=4621 k=384 n=1928 arm=fast iters=41 windows=21 p05_us=95.929 p50_us=96.656 p95_us=97.332
TIMING family=triad cell=prism_in_proj op=nt dtype=f16 m=4621 k=384 n=1928 arm=pedantic iters=19 windows=21 p05_us=212.291 p50_us=221.561 p95_us=230.021
CONTEXT family=inference dtype=f32 arm=det batch_invariant=true family=Fixed tensor_cores=false fast_gemm=false tf32=true
CONTEXT family=inference dtype=f32 arm=fast batch_invariant=false family=Triad tensor_cores=false fast_gemm=true tf32=true
CONTEXT family=inference dtype=f32 arm=pedantic batch_invariant=false family=Triad tensor_cores=false fast_gemm=false tf32=false
CHECK family=inference cell=hot_a op=nn dtype=f32 arm=det rel_l2_vs_pedantic=0.000e0
CHECK family=inference cell=hot_a op=nn dtype=f32 arm=fast rel_l2_vs_pedantic=2.808e-4
CHECK family=inference cell=hot_a op=nn dtype=f32 arm=pedantic rel_l2_vs_pedantic=0.000e0
TIMING family=inference cell=hot_a op=nn dtype=f32 m=4621 k=384 n=1928 arm=det iters=14 windows=21 p05_us=277.650 p50_us=330.526 p95_us=340.846
TIMING family=inference cell=hot_a op=nn dtype=f32 m=4621 k=384 n=1928 arm=fast iters=39 windows=21 p05_us=102.944 p50_us=120.933 p95_us=124.875
TIMING family=inference cell=hot_a op=nn dtype=f32 m=4621 k=384 n=1928 arm=pedantic iters=18 windows=21 p05_us=223.061 p50_us=247.394 p95_us=253.212
CHECK family=inference cell=hot_b op=nn dtype=f32 arm=det rel_l2_vs_pedantic=5.096e-7
CHECK family=inference cell=hot_b op=nn dtype=f32 arm=fast rel_l2_vs_pedantic=2.806e-4
CHECK family=inference cell=hot_b op=nn dtype=f32 arm=pedantic rel_l2_vs_pedantic=0.000e0
TIMING family=inference cell=hot_b op=nn dtype=f32 m=4621 k=768 n=2304 arm=det iters=8 windows=21 p05_us=808.192 p50_us=859.136 p95_us=904.576
TIMING family=inference cell=hot_b op=nn dtype=f32 m=4621 k=768 n=2304 arm=fast iters=21 windows=21 p05_us=192.073 p50_us=260.622 p95_us=273.513
TIMING family=inference cell=hot_b op=nn dtype=f32 m=4621 k=768 n=2304 arm=pedantic iters=8 windows=21 p05_us=502.876 p50_us=588.544 p95_us=610.048
CHECK family=inference cell=hot_c op=nn dtype=f32 arm=det rel_l2_vs_pedantic=8.224e-7
CHECK family=inference cell=hot_c op=nn dtype=f32 arm=fast rel_l2_vs_pedantic=2.802e-4
CHECK family=inference cell=hot_c op=nn dtype=f32 arm=pedantic rel_l2_vs_pedantic=0.000e0
TIMING family=inference cell=hot_c op=nn dtype=f32 m=4621 k=1928 n=384 arm=det iters=12 windows=21 p05_us=338.176 p50_us=392.277 p95_us=417.861
TIMING family=inference cell=hot_c op=nn dtype=f32 m=4621 k=1928 n=384 arm=fast iters=51 windows=21 p05_us=77.904 p50_us=90.132 p95_us=96.497
TIMING family=inference cell=hot_c op=nn dtype=f32 m=4621 k=1928 n=384 arm=pedantic iters=21 windows=21 p05_us=194.267 p50_us=219.416 p95_us=234.252
CHECK family=inference cell=hot_d op=nn dtype=f32 arm=det rel_l2_vs_pedantic=5.096e-7
CHECK family=inference cell=hot_d op=nn dtype=f32 arm=fast rel_l2_vs_pedantic=2.803e-4
CHECK family=inference cell=hot_d op=nn dtype=f32 arm=pedantic rel_l2_vs_pedantic=0.000e0
TIMING family=inference cell=hot_d op=nn dtype=f32 m=2048 k=768 n=2304 arm=det iters=13 windows=21 p05_us=298.511 p50_us=298.614 p95_us=298.772
TIMING family=inference cell=hot_d op=nn dtype=f32 m=2048 k=768 n=2304 arm=fast iters=40 windows=21 p05_us=99.507 p50_us=99.558 p95_us=99.605
TIMING family=inference cell=hot_d op=nn dtype=f32 m=2048 k=768 n=2304 arm=pedantic iters=17 windows=21 p05_us=240.459 p50_us=240.587 p95_us=240.700
CHECK family=inference cell=hot_e op=nn dtype=f32 arm=det rel_l2_vs_pedantic=8.992e-7
CHECK family=inference cell=hot_e op=nn dtype=f32 arm=fast rel_l2_vs_pedantic=2.799e-4
CHECK family=inference cell=hot_e op=nn dtype=f32 arm=pedantic rel_l2_vs_pedantic=0.000e0
TIMING family=inference cell=hot_e op=nn dtype=f32 m=2048 k=2304 n=768 arm=det iters=13 windows=21 p05_us=308.775 p50_us=354.619 p95_us=371.948
TIMING family=inference cell=hot_e op=nn dtype=f32 m=2048 k=2304 n=768 arm=fast iters=44 windows=21 p05_us=91.252 p50_us=105.984 p95_us=109.708
TIMING family=inference cell=hot_e op=nn dtype=f32 m=2048 k=2304 n=768 arm=pedantic iters=19 windows=21 p05_us=209.327 p50_us=239.010 p95_us=243.874
CONTEXT family=inference dtype=bf16 arm=det batch_invariant=true family=Fixed tensor_cores=true fast_gemm=false tf32=true
CONTEXT family=inference dtype=bf16 arm=fast batch_invariant=false family=Triad tensor_cores=false fast_gemm=true tf32=true
CONTEXT family=inference dtype=bf16 arm=pedantic batch_invariant=false family=Triad tensor_cores=false fast_gemm=false tf32=false
CHECK family=inference cell=hot_a op=nn dtype=bf16 arm=det rel_l2_vs_pedantic=3.619e-5
CHECK family=inference cell=hot_a op=nn dtype=bf16 arm=fast rel_l2_vs_pedantic=3.619e-5
CHECK family=inference cell=hot_a op=nn dtype=bf16 arm=pedantic rel_l2_vs_pedantic=0.000e0
TIMING family=inference cell=hot_a op=nn dtype=bf16 m=4621 k=384 n=1928 arm=det iters=48 windows=21 p05_us=83.025 p50_us=83.541 p95_us=88.233
TIMING family=inference cell=hot_a op=nn dtype=bf16 m=4621 k=384 n=1928 arm=fast iters=52 windows=21 p05_us=76.521 p50_us=76.761 p95_us=78.060
TIMING family=inference cell=hot_a op=nn dtype=bf16 m=4621 k=384 n=1928 arm=pedantic iters=16 windows=21 p05_us=254.524 p50_us=254.848 p95_us=272.000
CHECK family=inference cell=hot_b op=nn dtype=bf16 arm=det rel_l2_vs_pedantic=5.733e-5
CHECK family=inference cell=hot_b op=nn dtype=bf16 arm=fast rel_l2_vs_pedantic=5.733e-5
CHECK family=inference cell=hot_b op=nn dtype=bf16 arm=pedantic rel_l2_vs_pedantic=0.000e0
TIMING family=inference cell=hot_b op=nn dtype=bf16 m=4621 k=768 n=2304 arm=det iters=27 windows=21 p05_us=149.694 p50_us=183.789 p95_us=188.638
TIMING family=inference cell=hot_b op=nn dtype=bf16 m=4621 k=768 n=2304 arm=fast iters=44 windows=21 p05_us=90.880 p50_us=103.913 p95_us=107.148
TIMING family=inference cell=hot_b op=nn dtype=bf16 m=4621 k=768 n=2304 arm=pedantic iters=8 windows=21 p05_us=572.544 p50_us=722.176 p95_us=745.584
CHECK family=inference cell=hot_c op=nn dtype=bf16 arm=det rel_l2_vs_pedantic=9.382e-5
CHECK family=inference cell=hot_c op=nn dtype=bf16 arm=fast rel_l2_vs_pedantic=2.154e-3
CHECK family=inference cell=hot_c op=nn dtype=bf16 arm=pedantic rel_l2_vs_pedantic=0.000e0
TIMING family=inference cell=hot_c op=nn dtype=bf16 m=4621 k=1928 n=384 arm=det iters=57 windows=21 p05_us=69.576 p50_us=69.614 p95_us=69.650
TIMING family=inference cell=hot_c op=nn dtype=bf16 m=4621 k=1928 n=384 arm=fast iters=53 windows=21 p05_us=76.259 p50_us=76.433 p95_us=76.529
TIMING family=inference cell=hot_c op=nn dtype=bf16 m=4621 k=1928 n=384 arm=pedantic iters=13 windows=21 p05_us=297.977 p50_us=298.063 p95_us=298.220
CHECK family=inference cell=hot_d op=nn dtype=bf16 arm=det rel_l2_vs_pedantic=5.826e-5
CHECK family=inference cell=hot_d op=nn dtype=bf16 arm=fast rel_l2_vs_pedantic=5.826e-5
CHECK family=inference cell=hot_d op=nn dtype=bf16 arm=pedantic rel_l2_vs_pedantic=0.000e0
TIMING family=inference cell=hot_d op=nn dtype=bf16 m=2048 k=768 n=2304 arm=det iters=45 windows=21 p05_us=87.768 p50_us=87.859 p95_us=90.362
TIMING family=inference cell=hot_d op=nn dtype=bf16 m=2048 k=768 n=2304 arm=fast iters=66 windows=21 p05_us=59.952 p50_us=60.121 p95_us=60.666
TIMING family=inference cell=hot_d op=nn dtype=bf16 m=2048 k=768 n=2304 arm=pedantic iters=15 windows=21 p05_us=275.046 p50_us=275.183 p95_us=284.585
CHECK family=inference cell=hot_e op=nn dtype=bf16 arm=det rel_l2_vs_pedantic=1.014e-4
CHECK family=inference cell=hot_e op=nn dtype=bf16 arm=fast rel_l2_vs_pedantic=1.014e-4
CHECK family=inference cell=hot_e op=nn dtype=bf16 arm=pedantic rel_l2_vs_pedantic=0.000e0
TIMING family=inference cell=hot_e op=nn dtype=bf16 m=2048 k=2304 n=768 arm=det iters=51 windows=21 p05_us=78.532 p50_us=78.566 p95_us=78.570
TIMING family=inference cell=hot_e op=nn dtype=bf16 m=2048 k=2304 n=768 arm=fast iters=58 windows=21 p05_us=68.926 p50_us=69.014 p95_us=69.067
TIMING family=inference cell=hot_e op=nn dtype=bf16 m=2048 k=2304 n=768 arm=pedantic iters=14 windows=21 p05_us=280.487 p50_us=280.647 p95_us=280.795
CONTEXT family=inference dtype=f16 arm=det batch_invariant=true family=Fixed tensor_cores=true fast_gemm=false tf32=true
CONTEXT family=inference dtype=f16 arm=fast batch_invariant=false family=Triad tensor_cores=false fast_gemm=true tf32=true
CONTEXT family=inference dtype=f16 arm=pedantic batch_invariant=false family=Triad tensor_cores=false fast_gemm=false tf32=false
CHECK family=inference cell=hot_a op=nn dtype=f16 arm=det rel_l2_vs_pedantic=2.070e-5
CHECK family=inference cell=hot_a op=nn dtype=f16 arm=fast rel_l2_vs_pedantic=2.070e-5
CHECK family=inference cell=hot_a op=nn dtype=f16 arm=pedantic rel_l2_vs_pedantic=0.000e0
TIMING family=inference cell=hot_a op=nn dtype=f16 m=4621 k=384 n=1928 arm=det iters=48 windows=21 p05_us=83.051 p50_us=97.088 p95_us=103.829
TIMING family=inference cell=hot_a op=nn dtype=f16 m=4621 k=384 n=1928 arm=fast iters=53 windows=21 p05_us=74.925 p50_us=80.933 p95_us=87.001
TIMING family=inference cell=hot_a op=nn dtype=f16 m=4621 k=384 n=1928 arm=pedantic iters=20 windows=21 p05_us=202.395 p50_us=234.794 p95_us=255.898
CHECK family=inference cell=hot_b op=nn dtype=f16 arm=det rel_l2_vs_pedantic=3.301e-4
CHECK family=inference cell=hot_b op=nn dtype=f16 arm=fast rel_l2_vs_pedantic=3.301e-4
CHECK family=inference cell=hot_b op=nn dtype=f16 arm=pedantic rel_l2_vs_pedantic=0.000e0
TIMING family=inference cell=hot_b op=nn dtype=f16 m=4621 k=768 n=2304 arm=det iters=27 windows=21 p05_us=190.199 p50_us=214.766 p95_us=225.353
TIMING family=inference cell=hot_b op=nn dtype=f16 m=4621 k=768 n=2304 arm=fast iters=38 windows=21 p05_us=104.525 p50_us=128.458 p95_us=138.341
TIMING family=inference cell=hot_b op=nn dtype=f16 m=4621 k=768 n=2304 arm=pedantic iters=9 windows=21 p05_us=455.012 p50_us=639.545 p95_us=699.392
CHECK family=inference cell=hot_c op=nn dtype=f16 arm=det rel_l2_vs_pedantic=4.593e-4
CHECK family=inference cell=hot_c op=nn dtype=f16 arm=fast rel_l2_vs_pedantic=4.829e-4
CHECK family=inference cell=hot_c op=nn dtype=f16 arm=pedantic rel_l2_vs_pedantic=0.000e0
TIMING family=inference cell=hot_c op=nn dtype=f16 m=4621 k=1928 n=384 arm=det iters=57 windows=21 p05_us=69.613 p50_us=77.181 p95_us=80.569
TIMING family=inference cell=hot_c op=nn dtype=f16 m=4621 k=1928 n=384 arm=fast iters=52 windows=21 p05_us=76.254 p50_us=79.946 p95_us=82.274
TIMING family=inference cell=hot_c op=nn dtype=f16 m=4621 k=1928 n=384 arm=pedantic iters=19 windows=21 p05_us=200.756 p50_us=227.274 p95_us=238.107
CHECK family=inference cell=hot_d op=nn dtype=f16 arm=det rel_l2_vs_pedantic=3.299e-4
CHECK family=inference cell=hot_d op=nn dtype=f16 arm=fast rel_l2_vs_pedantic=3.299e-4
CHECK family=inference cell=hot_d op=nn dtype=f16 arm=pedantic rel_l2_vs_pedantic=0.000e0
TIMING family=inference cell=hot_d op=nn dtype=f16 m=2048 k=768 n=2304 arm=det iters=45 windows=21 p05_us=87.791 p50_us=97.734 p95_us=102.468
TIMING family=inference cell=hot_d op=nn dtype=f16 m=2048 k=768 n=2304 arm=fast iters=66 windows=21 p05_us=59.857 p50_us=62.185 p95_us=64.617
TIMING family=inference cell=hot_d op=nn dtype=f16 m=2048 k=768 n=2304 arm=pedantic iters=19 windows=21 p05_us=208.675 p50_us=233.310 p95_us=250.237
CHECK family=inference cell=hot_e op=nn dtype=f16 arm=det rel_l2_vs_pedantic=5.276e-4
CHECK family=inference cell=hot_e op=nn dtype=f16 arm=fast rel_l2_vs_pedantic=5.480e-4
CHECK family=inference cell=hot_e op=nn dtype=f16 arm=pedantic rel_l2_vs_pedantic=0.000e0
TIMING family=inference cell=hot_e op=nn dtype=f16 m=2048 k=2304 n=768 arm=det iters=51 windows=21 p05_us=78.527 p50_us=82.402 p95_us=85.213
TIMING family=inference cell=hot_e op=nn dtype=f16 m=2048 k=2304 n=768 arm=fast iters=64 windows=21 p05_us=59.808 p50_us=63.341 p95_us=63.757
TIMING family=inference cell=hot_e op=nn dtype=f16 m=2048 k=2304 n=768 arm=pedantic iters=20 windows=21 p05_us=204.390 p50_us=214.938 p95_us=232.038
DONE
