DEVICE DeviceIdentity { compute_capability: (8, 9), multiprocessor_count: 142, target: CudaTarget { bytes: [115, 109, 95, 56, 57, 0, 0, 0, 0, 0, 0, 0, 0, 0, 0, 0], len: 5 }, driver: DriverIdentity { api_version: 13020, build_sources: 7, build_digest: [209, 237, 197, 165, 188, 62, 16, 162, 104, 142, 33, 86, 141, 204, 189, 229, 226, 128, 220, 57, 20, 77, 216, 30, 133, 56, 67, 202, 152, 178, 208, 225] } }
CONTEXT family=triad dtype=f32 arm=det batch_invariant=true family=Triad tensor_cores=false fast_gemm=false tf32=false
CONTEXT family=triad dtype=f32 arm=fast batch_invariant=false family=Triad tensor_cores=true fast_gemm=true tf32=true
CONTEXT family=triad dtype=f32 arm=pedantic batch_invariant=false family=Triad tensor_cores=true fast_gemm=false tf32=false
CHECK family=triad cell=d128_in_proj op=nn dtype=f32 arm=det rel_l2_vs_pedantic=2.159e-7
CHECK family=triad cell=d128_in_proj op=nn dtype=f32 arm=fast rel_l2_vs_pedantic=2.797e-4
CHECK family=triad cell=d128_in_proj op=nn dtype=f32 arm=pedantic rel_l2_vs_pedantic=0.000e0
TIMING family=triad cell=d128_in_proj op=nn dtype=f32 m=1024 k=128 n=512 arm=det iters=248 windows=21 p05_us=15.782 p50_us=15.799 p95_us=15.815
TIMING family=triad cell=d128_in_proj op=nn dtype=f32 m=1024 k=128 n=512 arm=fast iters=613 windows=21 p05_us=5.650 p50_us=5.656 p95_us=5.661
TIMING family=triad cell=d128_in_proj op=nn dtype=f32 m=1024 k=128 n=512 arm=pedantic iters=373 windows=21 p05_us=9.943 p50_us=9.946 p95_us=9.957
CHECK family=triad cell=d128_in_proj op=tn dtype=f32 arm=det rel_l2_vs_pedantic=1.701e-7
CHECK family=triad cell=d128_in_proj op=tn dtype=f32 arm=fast rel_l2_vs_pedantic=2.823e-4
CHECK family=triad cell=d128_in_proj op=tn dtype=f32 arm=pedantic rel_l2_vs_pedantic=0.000e0
TIMING family=triad cell=d128_in_proj op=tn dtype=f32 m=1024 k=128 n=512 arm=det iters=112 windows=21 p05_us=35.392 p50_us=35.401 p95_us=35.410
TIMING family=triad cell=d128_in_proj op=tn dtype=f32 m=1024 k=128 n=512 arm=fast iters=381 windows=21 p05_us=9.966 p50_us=9.976 p95_us=9.990
TIMING family=triad cell=d128_in_proj op=tn dtype=f32 m=1024 k=128 n=512 arm=pedantic iters=303 windows=21 p05_us=12.673 p50_us=12.690 p95_us=12.714
CHECK family=triad cell=d128_in_proj op=nt dtype=f32 arm=det rel_l2_vs_pedantic=2.397e-7
CHECK family=triad cell=d128_in_proj op=nt dtype=f32 arm=fast rel_l2_vs_pedantic=2.953e-4
CHECK family=triad cell=d128_in_proj op=nt dtype=f32 arm=pedantic rel_l2_vs_pedantic=0.000e0
TIMING family=triad cell=d128_in_proj op=nt dtype=f32 m=1024 k=128 n=512 arm=det iters=227 windows=21 p05_us=17.155 p50_us=17.169 p95_us=17.191
TIMING family=triad cell=d128_in_proj op=nt dtype=f32 m=1024 k=128 n=512 arm=fast iters=406 windows=21 p05_us=9.294 p50_us=9.302 p95_us=9.311
TIMING family=triad cell=d128_in_proj op=nt dtype=f32 m=1024 k=128 n=512 arm=pedantic iters=282 windows=21 p05_us=13.718 p50_us=13.730 p95_us=13.744
CHECK family=triad cell=d128_out_proj op=nn dtype=f32 arm=det rel_l2_vs_pedantic=1.849e-7
CHECK family=triad cell=d128_out_proj op=nn dtype=f32 arm=fast rel_l2_vs_pedantic=2.807e-4
CHECK family=triad cell=d128_out_proj op=nn dtype=f32 arm=pedantic rel_l2_vs_pedantic=0.000e0
TIMING family=triad cell=d128_out_proj op=nn dtype=f32 m=1024 k=256 n=128 arm=det iters=381 windows=21 p05_us=10.159 p50_us=10.167 p95_us=10.175
TIMING family=triad cell=d128_out_proj op=nn dtype=f32 m=1024 k=256 n=128 arm=fast iters=548 windows=21 p05_us=6.757 p50_us=6.764 p95_us=6.768
TIMING family=triad cell=d128_out_proj op=nn dtype=f32 m=1024 k=256 n=128 arm=pedantic iters=434 windows=21 p05_us=8.685 p50_us=8.690 p95_us=8.692
CHECK family=triad cell=d128_out_proj op=tn dtype=f32 arm=det rel_l2_vs_pedantic=1.945e-7
CHECK family=triad cell=d128_out_proj op=tn dtype=f32 arm=fast rel_l2_vs_pedantic=2.782e-4
CHECK family=triad cell=d128_out_proj op=tn dtype=f32 arm=pedantic rel_l2_vs_pedantic=0.000e0
TIMING family=triad cell=d128_out_proj op=tn dtype=f32 m=1024 k=256 n=128 arm=det iters=143 windows=21 p05_us=27.526 p50_us=27.533 p95_us=27.541
TIMING family=triad cell=d128_out_proj op=tn dtype=f32 m=1024 k=256 n=128 arm=fast iters=387 windows=21 p05_us=9.695 p50_us=9.708 p95_us=9.717
TIMING family=triad cell=d128_out_proj op=tn dtype=f32 m=1024 k=256 n=128 arm=pedantic iters=364 windows=21 p05_us=10.487 p50_us=10.490 p95_us=10.496
CHECK family=triad cell=d128_out_proj op=nt dtype=f32 arm=det rel_l2_vs_pedantic=1.495e-7
CHECK family=triad cell=d128_out_proj op=nt dtype=f32 arm=fast rel_l2_vs_pedantic=2.974e-4
CHECK family=triad cell=d128_out_proj op=nt dtype=f32 arm=pedantic rel_l2_vs_pedantic=0.000e0
TIMING family=triad cell=d128_out_proj op=nt dtype=f32 m=1024 k=256 n=128 arm=det iters=306 windows=21 p05_us=12.824 p50_us=12.837 p95_us=12.847
TIMING family=triad cell=d128_out_proj op=nt dtype=f32 m=1024 k=256 n=128 arm=fast iters=711 windows=21 p05_us=5.012 p50_us=5.018 p95_us=5.023
TIMING family=triad cell=d128_out_proj op=nt dtype=f32 m=1024 k=256 n=128 arm=pedantic iters=460 windows=21 p05_us=8.165 p50_us=8.168 p95_us=8.170
CHECK family=triad cell=underfill op=nn dtype=f32 arm=det rel_l2_vs_pedantic=1.935e-7
CHECK family=triad cell=underfill op=nn dtype=f32 arm=fast rel_l2_vs_pedantic=2.802e-4
CHECK family=triad cell=underfill op=nn dtype=f32 arm=pedantic rel_l2_vs_pedantic=0.000e0
TIMING family=triad cell=underfill op=nn dtype=f32 m=256 k=512 n=384 arm=det iters=309 windows=21 p05_us=12.666 p50_us=12.669 p95_us=12.676
TIMING family=triad cell=underfill op=nn dtype=f32 m=256 k=512 n=384 arm=fast iters=377 windows=21 p05_us=9.982 p50_us=9.985 p95_us=9.990
TIMING family=triad cell=underfill op=nn dtype=f32 m=256 k=512 n=384 arm=pedantic iters=316 windows=21 p05_us=12.175 p50_us=12.178 p95_us=12.184
CHECK family=triad cell=underfill op=tn dtype=f32 arm=det rel_l2_vs_pedantic=1.649e-7
CHECK family=triad cell=underfill op=tn dtype=f32 arm=fast rel_l2_vs_pedantic=2.810e-4
CHECK family=triad cell=underfill op=tn dtype=f32 arm=pedantic rel_l2_vs_pedantic=0.000e0
TIMING family=triad cell=underfill op=tn dtype=f32 m=256 k=512 n=384 arm=det iters=49 windows=21 p05_us=80.457 p50_us=80.666 p95_us=80.792
TIMING family=triad cell=underfill op=tn dtype=f32 m=256 k=512 n=384 arm=fast iters=481 windows=21 p05_us=7.822 p50_us=7.826 p95_us=7.834
TIMING family=triad cell=underfill op=tn dtype=f32 m=256 k=512 n=384 arm=pedantic iters=401 windows=21 p05_us=9.537 p50_us=9.543 p95_us=9.551
CHECK family=triad cell=underfill op=nt dtype=f32 arm=det rel_l2_vs_pedantic=1.763e-7
CHECK family=triad cell=underfill op=nt dtype=f32 arm=fast rel_l2_vs_pedantic=2.956e-4
CHECK family=triad cell=underfill op=nt dtype=f32 arm=pedantic rel_l2_vs_pedantic=0.000e0
TIMING family=triad cell=underfill op=nt dtype=f32 m=256 k=512 n=384 arm=det iters=252 windows=21 p05_us=15.685 p50_us=15.693 p95_us=15.701
TIMING family=triad cell=underfill op=nt dtype=f32 m=256 k=512 n=384 arm=fast iters=473 windows=21 p05_us=7.982 p50_us=7.984 p95_us=7.986
TIMING family=triad cell=underfill op=nt dtype=f32 m=256 k=512 n=384 arm=pedantic iters=328 windows=21 p05_us=11.748 p50_us=11.758 p95_us=11.783
CHECK family=triad cell=d768_in_proj op=nn dtype=f32 arm=det rel_l2_vs_pedantic=5.101e-7
CHECK family=triad cell=d768_in_proj op=nn dtype=f32 arm=fast rel_l2_vs_pedantic=2.805e-4
CHECK family=triad cell=d768_in_proj op=nn dtype=f32 arm=pedantic rel_l2_vs_pedantic=0.000e0
TIMING family=triad cell=d768_in_proj op=nn dtype=f32 m=2048 k=768 n=3072 arm=det iters=16 windows=21 p05_us=247.534 p50_us=295.104 p95_us=317.878
TIMING family=triad cell=d768_in_proj op=nn dtype=f32 m=2048 k=768 n=3072 arm=fast iters=39 windows=21 p05_us=102.194 p50_us=120.753 p95_us=129.654
TIMING family=triad cell=d768_in_proj op=nn dtype=f32 m=2048 k=768 n=3072 arm=pedantic iters=14 windows=21 p05_us=295.570 p50_us=350.939 p95_us=367.982
CHECK family=triad cell=d768_in_proj op=tn dtype=f32 arm=det rel_l2_vs_pedantic=5.919e-7
CHECK family=triad cell=d768_in_proj op=tn dtype=f32 arm=fast rel_l2_vs_pedantic=2.804e-4
CHECK family=triad cell=d768_in_proj op=tn dtype=f32 arm=pedantic rel_l2_vs_pedantic=0.000e0
TIMING family=triad cell=d768_in_proj op=tn dtype=f32 m=2048 k=768 n=3072 arm=det iters=13 windows=21 p05_us=317.440 p50_us=325.002 p95_us=331.934
TIMING family=triad cell=d768_in_proj op=tn dtype=f32 m=2048 k=768 n=3072 arm=fast iters=30 windows=21 p05_us=133.598 p50_us=137.351 p95_us=139.674
TIMING family=triad cell=d768_in_proj op=tn dtype=f32 m=2048 k=768 n=3072 arm=pedantic iters=15 windows=21 p05_us=268.348 p50_us=276.207 p95_us=282.556
CHECK family=triad cell=d768_in_proj op=nt dtype=f32 arm=det rel_l2_vs_pedantic=1.037e-6
CHECK family=triad cell=d768_in_proj op=nt dtype=f32 arm=fast rel_l2_vs_pedantic=2.952e-4
CHECK family=triad cell=d768_in_proj op=nt dtype=f32 arm=pedantic rel_l2_vs_pedantic=0.000e0
TIMING family=triad cell=d768_in_proj op=nt dtype=f32 m=2048 k=768 n=3072 arm=det iters=14 windows=21 p05_us=325.559 p50_us=364.976 p95_us=373.166
TIMING family=triad cell=d768_in_proj op=nt dtype=f32 m=2048 k=768 n=3072 arm=fast iters=34 windows=21 p05_us=127.754 p50_us=156.943 p95_us=160.557
TIMING family=triad cell=d768_in_proj op=nt dtype=f32 m=2048 k=768 n=3072 arm=pedantic iters=13 windows=21 p05_us=313.108 p50_us=363.047 p95_us=371.791
CHECK family=triad cell=d768_out_proj op=nn dtype=f32 arm=det rel_l2_vs_pedantic=7.360e-7
CHECK family=triad cell=d768_out_proj op=nn dtype=f32 arm=fast rel_l2_vs_pedantic=2.801e-4
CHECK family=triad cell=d768_out_proj op=nn dtype=f32 arm=pedantic rel_l2_vs_pedantic=0.000e0
TIMING family=triad cell=d768_out_proj op=nn dtype=f32 m=2048 k=1536 n=768 arm=det iters=29 windows=21 p05_us=136.298 p50_us=167.724 p95_us=169.596
TIMING family=triad cell=d768_out_proj op=nn dtype=f32 m=2048 k=1536 n=768 arm=fast iters=63 windows=21 p05_us=62.968 p50_us=77.028 p95_us=78.572
TIMING family=triad cell=d768_out_proj op=nn dtype=f32 m=2048 k=1536 n=768 arm=pedantic iters=27 windows=21 p05_us=144.993 p50_us=173.653 p95_us=175.863
CHECK family=triad cell=d768_out_proj op=tn dtype=f32 arm=det rel_l2_vs_pedantic=4.510e-7
CHECK family=triad cell=d768_out_proj op=tn dtype=f32 arm=fast rel_l2_vs_pedantic=2.801e-4
CHECK family=triad cell=d768_out_proj op=tn dtype=f32 arm=pedantic rel_l2_vs_pedantic=0.000e0
TIMING family=triad cell=d768_out_proj op=tn dtype=f32 m=2048 k=1536 n=768 arm=det iters=21 windows=21 p05_us=192.654 p50_us=199.547 p95_us=205.422
TIMING family=triad cell=d768_out_proj op=tn dtype=f32 m=2048 k=1536 n=768 arm=fast iters=48 windows=21 p05_us=82.283 p50_us=85.756 p95_us=88.149
TIMING family=triad cell=d768_out_proj op=tn dtype=f32 m=2048 k=1536 n=768 arm=pedantic iters=29 windows=21 p05_us=137.533 p50_us=143.112 p95_us=145.792
CHECK family=triad cell=d768_out_proj op=nt dtype=f32 arm=det rel_l2_vs_pedantic=4.733e-7
CHECK family=triad cell=d768_out_proj op=nt dtype=f32 arm=fast rel_l2_vs_pedantic=2.963e-4
CHECK family=triad cell=d768_out_proj op=nt dtype=f32 arm=pedantic rel_l2_vs_pedantic=0.000e0
TIMING family=triad cell=d768_out_proj op=nt dtype=f32 m=2048 k=1536 n=768 arm=det iters=28 windows=21 p05_us=144.896 p50_us=180.809 p95_us=186.778
TIMING family=triad cell=d768_out_proj op=nt dtype=f32 m=2048 k=1536 n=768 arm=fast iters=59 windows=21 p05_us=66.786 p50_us=85.842 p95_us=88.079
TIMING family=triad cell=d768_out_proj op=nt dtype=f32 m=2048 k=1536 n=768 arm=pedantic iters=25 windows=21 p05_us=161.792 p50_us=188.580 p95_us=192.837
CHECK family=triad cell=large_deep op=nn dtype=f32 arm=det rel_l2_vs_pedantic=1.036e-6
CHECK family=triad cell=large_deep op=nn dtype=f32 arm=fast rel_l2_vs_pedantic=2.798e-4
CHECK family=triad cell=large_deep op=nn dtype=f32 arm=pedantic rel_l2_vs_pedantic=0.000e0
TIMING family=triad cell=large_deep op=nn dtype=f32 m=4096 k=3072 n=1536 arm=det iters=8 windows=21 p05_us=1335.168 p50_us=1630.368 p95_us=1658.624
TIMING family=triad cell=large_deep op=nn dtype=f32 m=4096 k=3072 n=1536 arm=fast iters=11 windows=21 p05_us=361.100 p50_us=425.519 p95_us=438.179
TIMING family=triad cell=large_deep op=nn dtype=f32 m=4096 k=3072 n=1536 arm=pedantic iters=8 windows=21 p05_us=907.648 p50_us=1072.896 p95_us=1100.416
CHECK family=triad cell=large_deep op=tn dtype=f32 arm=det rel_l2_vs_pedantic=1.200e-6
CHECK family=triad cell=large_deep op=tn dtype=f32 arm=fast rel_l2_vs_pedantic=2.796e-4
CHECK family=triad cell=large_deep op=tn dtype=f32 arm=pedantic rel_l2_vs_pedantic=0.000e0
TIMING family=triad cell=large_deep op=tn dtype=f32 m=4096 k=3072 n=1536 arm=det iters=8 windows=21 p05_us=1338.496 p50_us=1407.616 p95_us=1511.424
TIMING family=triad cell=large_deep op=tn dtype=f32 m=4096 k=3072 n=1536 arm=fast iters=8 windows=21 p05_us=478.324 p50_us=493.300 p95_us=521.216
TIMING family=triad cell=large_deep op=tn dtype=f32 m=4096 k=3072 n=1536 arm=pedantic iters=8 windows=21 p05_us=932.480 p50_us=964.704 p95_us=985.216
CHECK family=triad cell=large_deep op=nt dtype=f32 arm=det rel_l2_vs_pedantic=0.000e0
CHECK family=triad cell=large_deep op=nt dtype=f32 arm=fast rel_l2_vs_pedantic=2.959e-4
CHECK family=triad cell=large_deep op=nt dtype=f32 arm=pedantic rel_l2_vs_pedantic=0.000e0
TIMING family=triad cell=large_deep op=nt dtype=f32 m=4096 k=3072 n=1536 arm=det iters=8 windows=21 p05_us=2248.320 p50_us=2341.376 p95_us=2693.504
TIMING family=triad cell=large_deep op=nt dtype=f32 m=4096 k=3072 n=1536 arm=fast iters=11 windows=21 p05_us=431.569 p50_us=468.154 p95_us=537.135
TIMING family=triad cell=large_deep op=nt dtype=f32 m=4096 k=3072 n=1536 arm=pedantic iters=8 windows=21 p05_us=1190.928 p50_us=1222.400 p95_us=1395.456
CHECK family=triad cell=prism_in_proj op=nn dtype=f32 arm=det rel_l2_vs_pedantic=0.000e0
CHECK family=triad cell=prism_in_proj op=nn dtype=f32 arm=fast rel_l2_vs_pedantic=2.808e-4
CHECK family=triad cell=prism_in_proj op=nn dtype=f32 arm=pedantic rel_l2_vs_pedantic=0.000e0
TIMING family=triad cell=prism_in_proj op=nn dtype=f32 m=4621 k=384 n=1928 arm=det iters=21 windows=21 p05_us=186.758 p50_us=247.077 p95_us=252.977
TIMING family=triad cell=prism_in_proj op=nn dtype=f32 m=4621 k=384 n=1928 arm=fast iters=39 windows=21 p05_us=102.867 p50_us=132.411 p95_us=138.345
TIMING family=triad cell=prism_in_proj op=nn dtype=f32 m=4621 k=384 n=1928 arm=pedantic iters=18 windows=21 p05_us=223.812 p50_us=266.980 p95_us=279.211
CHECK family=triad cell=prism_in_proj op=tn dtype=f32 arm=det rel_l2_vs_pedantic=5.555e-7
CHECK family=triad cell=prism_in_proj op=tn dtype=f32 arm=fast rel_l2_vs_pedantic=2.795e-4
CHECK family=triad cell=prism_in_proj op=tn dtype=f32 arm=pedantic rel_l2_vs_pedantic=0.000e0
TIMING family=triad cell=prism_in_proj op=tn dtype=f32 m=4621 k=384 n=1928 arm=det iters=17 windows=21 p05_us=242.688 p50_us=289.018 p95_us=292.081
TIMING family=triad cell=prism_in_proj op=tn dtype=f32 m=4621 k=384 n=1928 arm=fast iters=40 windows=21 p05_us=100.962 p50_us=122.726 p95_us=124.006
TIMING family=triad cell=prism_in_proj op=tn dtype=f32 m=4621 k=384 n=1928 arm=pedantic iters=21 windows=21 p05_us=192.853 p50_us=233.423 p95_us=235.276
CHECK family=triad cell=prism_in_proj op=nt dtype=f32 arm=det rel_l2_vs_pedantic=7.505e-7
CHECK family=triad cell=prism_in_proj op=nt dtype=f32 arm=fast rel_l2_vs_pedantic=2.958e-4
CHECK family=triad cell=prism_in_proj op=nt dtype=f32 arm=pedantic rel_l2_vs_pedantic=0.000e0
TIMING family=triad cell=prism_in_proj op=nt dtype=f32 m=4621 k=384 n=1928 arm=det iters=13 windows=21 p05_us=339.810 p50_us=347.530 p95_us=353.595
TIMING family=triad cell=prism_in_proj op=nt dtype=f32 m=4621 k=384 n=1928 arm=fast iters=52 windows=21 p05_us=77.115 p50_us=88.930 p95_us=92.002
TIMING family=triad cell=prism_in_proj op=nt dtype=f32 m=4621 k=384 n=1928 arm=pedantic iters=16 windows=21 p05_us=255.488 p50_us=282.432 p95_us=288.448
CONTEXT family=triad dtype=bf16 arm=det batch_invariant=true family=Triad tensor_cores=true fast_gemm=false tf32=false
CONTEXT family=triad dtype=bf16 arm=fast batch_invariant=false family=Triad tensor_cores=true fast_gemm=true tf32=true
CONTEXT family=triad dtype=bf16 arm=pedantic batch_invariant=false family=Triad tensor_cores=true fast_gemm=false tf32=false
CHECK family=triad cell=d128_in_proj op=nn dtype=bf16 arm=det rel_l2_vs_pedantic=3.047e-5
CHECK family=triad cell=d128_in_proj op=nn dtype=bf16 arm=fast rel_l2_vs_pedantic=3.047e-5
CHECK family=triad cell=d128_in_proj op=nn dtype=bf16 arm=pedantic rel_l2_vs_pedantic=0.000e0
TIMING family=triad cell=d128_in_proj op=nn dtype=bf16 m=1024 k=128 n=512 arm=det iters=641 windows=21 p05_us=5.753 p50_us=5.756 p95_us=5.759
TIMING family=triad cell=d128_in_proj op=nn dtype=bf16 m=1024 k=128 n=512 arm=fast iters=744 windows=21 p05_us=4.801 p50_us=4.808 p95_us=4.813
TIMING family=triad cell=d128_in_proj op=nn dtype=bf16 m=1024 k=128 n=512 arm=pedantic iters=368 windows=21 p05_us=10.435 p50_us=10.443 p95_us=10.451
CHECK family=triad cell=d128_in_proj op=tn dtype=bf16 arm=det rel_l2_vs_pedantic=8.773e-7
CHECK family=triad cell=d128_in_proj op=tn dtype=bf16 arm=fast rel_l2_vs_pedantic=2.331e-7
CHECK family=triad cell=d128_in_proj op=tn dtype=bf16 arm=pedantic rel_l2_vs_pedantic=0.000e0
TIMING family=triad cell=d128_in_proj op=tn dtype=bf16 m=1024 k=128 n=512 arm=det iters=214 windows=21 p05_us=18.351 p50_us=18.351 p95_us=18.355
TIMING family=triad cell=d128_in_proj op=tn dtype=bf16 m=1024 k=128 n=512 arm=fast iters=475 windows=21 p05_us=7.913 p50_us=7.918 p95_us=7.929
TIMING family=triad cell=d128_in_proj op=tn dtype=bf16 m=1024 k=128 n=512 arm=pedantic iters=79 windows=21 p05_us=50.448 p50_us=50.461 p95_us=50.474
CHECK family=triad cell=d128_in_proj op=nt dtype=bf16 arm=det rel_l2_vs_pedantic=4.170e-5
CHECK family=triad cell=d128_in_proj op=nt dtype=bf16 arm=fast rel_l2_vs_pedantic=4.170e-5
CHECK family=triad cell=d128_in_proj op=nt dtype=bf16 arm=pedantic rel_l2_vs_pedantic=0.000e0
TIMING family=triad cell=d128_in_proj op=nt dtype=bf16 m=1024 k=128 n=512 arm=det iters=417 windows=21 p05_us=9.314 p50_us=9.319 p95_us=9.322
TIMING family=triad cell=d128_in_proj op=nt dtype=bf16 m=1024 k=128 n=512 arm=fast iters=490 windows=21 p05_us=7.638 p50_us=7.642 p95_us=7.646
TIMING family=triad cell=d128_in_proj op=nt dtype=bf16 m=1024 k=128 n=512 arm=pedantic iters=112 windows=21 p05_us=35.145 p50_us=35.154 p95_us=35.163
CHECK family=triad cell=d128_out_proj op=nn dtype=bf16 arm=det rel_l2_vs_pedantic=2.699e-5
CHECK family=triad cell=d128_out_proj op=nn dtype=bf16 arm=fast rel_l2_vs_pedantic=2.699e-5
CHECK family=triad cell=d128_out_proj op=nn dtype=bf16 arm=pedantic rel_l2_vs_pedantic=0.000e0
TIMING family=triad cell=d128_out_proj op=nn dtype=bf16 m=1024 k=256 n=128 arm=det iters=568 windows=21 p05_us=6.589 p50_us=6.591 p95_us=6.595
TIMING family=triad cell=d128_out_proj op=nn dtype=bf16 m=1024 k=256 n=128 arm=fast iters=665 windows=21 p05_us=5.379 p50_us=5.382 p95_us=5.385
TIMING family=triad cell=d128_out_proj op=nn dtype=bf16 m=1024 k=256 n=128 arm=pedantic iters=263 windows=21 p05_us=14.632 p50_us=14.636 p95_us=14.636
CHECK family=triad cell=d128_out_proj op=tn dtype=bf16 arm=det rel_l2_vs_pedantic=8.822e-7
CHECK family=triad cell=d128_out_proj op=tn dtype=bf16 arm=fast rel_l2_vs_pedantic=2.346e-7
CHECK family=triad cell=d128_out_proj op=tn dtype=bf16 arm=pedantic rel_l2_vs_pedantic=0.000e0
TIMING family=triad cell=d128_out_proj op=tn dtype=bf16 m=1024 k=256 n=128 arm=det iters=217 windows=21 p05_us=18.172 p50_us=18.177 p95_us=18.181
TIMING family=triad cell=d128_out_proj op=tn dtype=bf16 m=1024 k=256 n=128 arm=fast iters=513 windows=21 p05_us=7.178 p50_us=7.190 p95_us=7.200
TIMING family=triad cell=d128_out_proj op=tn dtype=bf16 m=1024 k=256 n=128 arm=pedantic iters=78 windows=21 p05_us=50.478 p50_us=50.488 p95_us=50.491
CHECK family=triad cell=d128_out_proj op=nt dtype=bf16 arm=det rel_l2_vs_pedantic=2.745e-5
CHECK family=triad cell=d128_out_proj op=nt dtype=bf16 arm=fast rel_l2_vs_pedantic=2.745e-5
CHECK family=triad cell=d128_out_proj op=nt dtype=bf16 arm=pedantic rel_l2_vs_pedantic=0.000e0
TIMING family=triad cell=d128_out_proj op=nt dtype=bf16 m=1024 k=256 n=128 arm=det iters=727 windows=21 p05_us=5.333 p50_us=5.335 p95_us=5.342
TIMING family=triad cell=d128_out_proj op=nt dtype=bf16 m=1024 k=256 n=128 arm=fast iters=781 windows=21 p05_us=4.661 p50_us=4.665 p95_us=4.741
TIMING family=triad cell=d128_out_proj op=nt dtype=bf16 m=1024 k=256 n=128 arm=pedantic iters=329 windows=21 p05_us=11.662 p50_us=11.669 p95_us=11.679
CHECK family=triad cell=underfill op=nn dtype=bf16 arm=det rel_l2_vs_pedantic=2.344e-5
CHECK family=triad cell=underfill op=nn dtype=bf16 arm=fast rel_l2_vs_pedantic=2.641e-3
CHECK family=triad cell=underfill op=nn dtype=bf16 arm=pedantic rel_l2_vs_pedantic=0.000e0
TIMING family=triad cell=underfill op=nn dtype=bf16 m=256 k=512 n=384 arm=det iters=579 windows=21 p05_us=6.620 p50_us=6.622 p95_us=6.624
TIMING family=triad cell=underfill op=nn dtype=bf16 m=256 k=512 n=384 arm=fast iters=504 windows=21 p05_us=7.351 p50_us=7.357 p95_us=7.365
TIMING family=triad cell=underfill op=nn dtype=bf16 m=256 k=512 n=384 arm=pedantic iters=152 windows=21 p05_us=25.930 p50_us=25.943 p95_us=25.950
CHECK family=triad cell=underfill op=tn dtype=bf16 arm=det rel_l2_vs_pedantic=2.049e-7
CHECK family=triad cell=underfill op=tn dtype=bf16 arm=fast rel_l2_vs_pedantic=2.049e-7
CHECK family=triad cell=underfill op=tn dtype=bf16 arm=pedantic rel_l2_vs_pedantic=0.000e0
TIMING family=triad cell=underfill op=tn dtype=bf16 m=256 k=512 n=384 arm=det iters=434 windows=21 p05_us=8.916 p50_us=8.921 p95_us=8.923
TIMING family=triad cell=underfill op=tn dtype=bf16 m=256 k=512 n=384 arm=fast iters=651 windows=21 p05_us=5.521 p50_us=5.527 p95_us=5.557
TIMING family=triad cell=underfill op=tn dtype=bf16 m=256 k=512 n=384 arm=pedantic iters=230 windows=21 p05_us=16.958 p50_us=16.971 p95_us=16.976
CHECK family=triad cell=underfill op=nt dtype=bf16 arm=det rel_l2_vs_pedantic=3.605e-5
CHECK family=triad cell=underfill op=nt dtype=bf16 arm=fast rel_l2_vs_pedantic=3.605e-5
CHECK family=triad cell=underfill op=nt dtype=bf16 arm=pedantic rel_l2_vs_pedantic=0.000e0
TIMING family=triad cell=underfill op=nt dtype=bf16 m=256 k=512 n=384 arm=det iters=496 windows=21 p05_us=7.843 p50_us=7.843 p95_us=7.845
TIMING family=triad cell=underfill op=nt dtype=bf16 m=256 k=512 n=384 arm=fast iters=569 windows=21 p05_us=6.527 p50_us=6.533 p95_us=6.538
TIMING family=triad cell=underfill op=nt dtype=bf16 m=256 k=512 n=384 arm=pedantic iters=144 windows=21 p05_us=27.384 p50_us=27.392 p95_us=27.406
CHECK family=triad cell=d768_in_proj op=nn dtype=bf16 arm=det rel_l2_vs_pedantic=5.318e-5
CHECK family=triad cell=d768_in_proj op=nn dtype=bf16 arm=fast rel_l2_vs_pedantic=5.318e-5
CHECK family=triad cell=d768_in_proj op=nn dtype=bf16 arm=pedantic rel_l2_vs_pedantic=0.000e0
TIMING family=triad cell=d768_in_proj op=nn dtype=bf16 m=2048 k=768 n=3072 arm=det iters=64 windows=21 p05_us=62.176 p50_us=72.224 p95_us=73.371
TIMING family=triad cell=d768_in_proj op=nn dtype=bf16 m=2048 k=768 n=3072 arm=fast iters=51 windows=21 p05_us=77.804 p50_us=82.402 p95_us=83.827
TIMING family=triad cell=d768_in_proj op=nn dtype=bf16 m=2048 k=768 n=3072 arm=pedantic iters=12 windows=21 p05_us=336.384 p50_us=394.667 p95_us=406.333
CHECK family=triad cell=d768_in_proj op=tn dtype=bf16 arm=det rel_l2_vs_pedantic=1.970e-6
CHECK family=triad cell=d768_in_proj op=tn dtype=bf16 arm=fast rel_l2_vs_pedantic=9.138e-7
CHECK family=triad cell=d768_in_proj op=tn dtype=bf16 arm=pedantic rel_l2_vs_pedantic=0.000e0
TIMING family=triad cell=d768_in_proj op=tn dtype=bf16 m=2048 k=768 n=3072 arm=det iters=46 windows=21 p05_us=87.574 p50_us=91.803 p95_us=92.984
TIMING family=triad cell=d768_in_proj op=tn dtype=bf16 m=2048 k=768 n=3072 arm=fast iters=44 windows=21 p05_us=90.415 p50_us=92.719 p95_us=93.736
TIMING family=triad cell=d768_in_proj op=tn dtype=bf16 m=2048 k=768 n=3072 arm=pedantic iters=11 windows=21 p05_us=354.211 p50_us=393.204 p95_us=400.477
CHECK family=triad cell=d768_in_proj op=nt dtype=bf16 arm=det rel_l2_vs_pedantic=1.226e-4
CHECK family=triad cell=d768_in_proj op=nt dtype=bf16 arm=fast rel_l2_vs_pedantic=2.150e-3
CHECK family=triad cell=d768_in_proj op=nt dtype=bf16 arm=pedantic rel_l2_vs_pedantic=0.000e0
TIMING family=triad cell=d768_in_proj op=nt dtype=bf16 m=2048 k=768 n=3072 arm=det iters=56 windows=21 p05_us=71.040 p50_us=71.077 p95_us=72.210
TIMING family=triad cell=d768_in_proj op=nt dtype=bf16 m=2048 k=768 n=3072 arm=fast iters=51 windows=21 p05_us=75.595 p50_us=77.059 p95_us=77.583
TIMING family=triad cell=d768_in_proj op=nt dtype=bf16 m=2048 k=768 n=3072 arm=pedantic iters=11 windows=21 p05_us=358.679 p50_us=359.075 p95_us=364.916
CHECK family=triad cell=d768_out_proj op=nn dtype=bf16 arm=det rel_l2_vs_pedantic=8.136e-5
CHECK family=triad cell=d768_out_proj op=nn dtype=bf16 arm=fast rel_l2_vs_pedantic=8.136e-5
CHECK family=triad cell=d768_out_proj op=nn dtype=bf16 arm=pedantic rel_l2_vs_pedantic=0.000e0
TIMING family=triad cell=d768_out_proj op=nn dtype=bf16 m=2048 k=1536 n=768 arm=det iters=104 windows=21 p05_us=37.927 p50_us=37.947 p95_us=37.967
TIMING family=triad cell=d768_out_proj op=nn dtype=bf16 m=2048 k=1536 n=768 arm=fast iters=84 windows=21 p05_us=47.372 p50_us=47.409 p95_us=47.458
TIMING family=triad cell=d768_out_proj op=nn dtype=bf16 m=2048 k=1536 n=768 arm=pedantic iters=21 windows=21 p05_us=188.660 p50_us=188.757 p95_us=188.904
CHECK family=triad cell=d768_out_proj op=tn dtype=bf16 arm=det rel_l2_vs_pedantic=1.970e-6
CHECK family=triad cell=d768_out_proj op=tn dtype=bf16 arm=fast rel_l2_vs_pedantic=6.197e-7
CHECK family=triad cell=d768_out_proj op=tn dtype=bf16 arm=pedantic rel_l2_vs_pedantic=0.000e0
TIMING family=triad cell=d768_out_proj op=tn dtype=bf16 m=2048 k=1536 n=768 arm=det iters=72 windows=21 p05_us=55.140 p50_us=55.196 p95_us=55.306
TIMING family=triad cell=d768_out_proj op=tn dtype=bf16 m=2048 k=1536 n=768 arm=fast iters=78 windows=21 p05_us=50.176 p50_us=50.322 p95_us=50.544
TIMING family=triad cell=d768_out_proj op=tn dtype=bf16 m=2048 k=1536 n=768 arm=pedantic iters=19 windows=21 p05_us=213.309 p50_us=213.408 p95_us=213.531
CHECK family=triad cell=d768_out_proj op=nt dtype=bf16 arm=det rel_l2_vs_pedantic=6.323e-5
CHECK family=triad cell=d768_out_proj op=nt dtype=bf16 arm=fast rel_l2_vs_pedantic=3.875e-5
CHECK family=triad cell=d768_out_proj op=nt dtype=bf16 arm=pedantic rel_l2_vs_pedantic=0.000e0
TIMING family=triad cell=d768_out_proj op=nt dtype=bf16 m=2048 k=1536 n=768 arm=det iters=108 windows=21 p05_us=36.542 p50_us=41.216 p95_us=42.079
TIMING family=triad cell=d768_out_proj op=nt dtype=bf16 m=2048 k=1536 n=768 arm=fast iters=98 windows=21 p05_us=38.608 p50_us=39.372 p95_us=39.905
TIMING family=triad cell=d768_out_proj op=nt dtype=bf16 m=2048 k=1536 n=768 arm=pedantic iters=22 windows=21 p05_us=180.410 p50_us=204.753 p95_us=208.608
CHECK family=triad cell=large_deep op=nn dtype=bf16 arm=det rel_l2_vs_pedantic=1.291e-4
CHECK family=triad cell=large_deep op=nn dtype=bf16 arm=fast rel_l2_vs_pedantic=2.147e-3
CHECK family=triad cell=large_deep op=nn dtype=bf16 arm=pedantic rel_l2_vs_pedantic=0.000e0
TIMING family=triad cell=large_deep op=nn dtype=bf16 m=4096 k=3072 n=1536 arm=det iters=13 windows=21 p05_us=369.349 p50_us=376.815 p95_us=392.901
TIMING family=triad cell=large_deep op=nn dtype=bf16 m=4096 k=3072 n=1536 arm=fast iters=17 windows=21 p05_us=258.526 p50_us=263.349 p95_us=271.407
TIMING family=triad cell=large_deep op=nn dtype=bf16 m=4096 k=3072 n=1536 arm=pedantic iters=8 windows=21 p05_us=1605.728 p50_us=1629.432 p95_us=1674.624
CHECK family=triad cell=large_deep op=tn dtype=bf16 arm=det rel_l2_vs_pedantic=4.451e-6
CHECK family=triad cell=large_deep op=tn dtype=bf16 arm=fast rel_l2_vs_pedantic=2.012e-6
CHECK family=triad cell=large_deep op=tn dtype=bf16 arm=pedantic rel_l2_vs_pedantic=0.000e0
TIMING family=triad cell=large_deep op=tn dtype=bf16 m=4096 k=3072 n=1536 arm=det iters=11 windows=21 p05_us=371.619 p50_us=391.523 p95_us=401.780
TIMING family=triad cell=large_deep op=tn dtype=bf16 m=4096 k=3072 n=1536 arm=fast iters=13 windows=21 p05_us=313.561 p50_us=328.310 p95_us=334.927
TIMING family=triad cell=large_deep op=tn dtype=bf16 m=4096 k=3072 n=1536 arm=pedantic iters=8 windows=21 p05_us=1423.360 p50_us=1510.272 p95_us=1520.128
CHECK family=triad cell=large_deep op=nt dtype=bf16 arm=det rel_l2_vs_pedantic=8.454e-5
CHECK family=triad cell=large_deep op=nt dtype=bf16 arm=fast rel_l2_vs_pedantic=5.675e-5
CHECK family=triad cell=large_deep op=nt dtype=bf16 arm=pedantic rel_l2_vs_pedantic=0.000e0
TIMING family=triad cell=large_deep op=nt dtype=bf16 m=4096 k=3072 n=1536 arm=det iters=13 windows=21 p05_us=388.096 p50_us=404.007 p95_us=425.275
TIMING family=triad cell=large_deep op=nt dtype=bf16 m=4096 k=3072 n=1536 arm=fast iters=17 windows=21 p05_us=255.149 p50_us=265.397 p95_us=275.878
TIMING family=triad cell=large_deep op=nt dtype=bf16 m=4096 k=3072 n=1536 arm=pedantic iters=8 windows=21 p05_us=1526.636 p50_us=1581.824 p95_us=1627.496
CHECK family=triad cell=prism_in_proj op=nn dtype=bf16 arm=det rel_l2_vs_pedantic=3.619e-5
CHECK family=triad cell=prism_in_proj op=nn dtype=bf16 arm=fast rel_l2_vs_pedantic=3.619e-5
CHECK family=triad cell=prism_in_proj op=nn dtype=bf16 arm=pedantic rel_l2_vs_pedantic=0.000e0
TIMING family=triad cell=prism_in_proj op=nn dtype=bf16 m=4621 k=384 n=1928 arm=det iters=67 windows=21 p05_us=59.835 p50_us=66.481 p95_us=67.660
TIMING family=triad cell=prism_in_proj op=nn dtype=bf16 m=4621 k=384 n=1928 arm=fast iters=53 windows=21 p05_us=74.269 p50_us=76.240 p95_us=76.607
TIMING family=triad cell=prism_in_proj op=nn dtype=bf16 m=4621 k=384 n=1928 arm=pedantic iters=16 windows=21 p05_us=254.784 p50_us=286.720 p95_us=289.536
CHECK family=triad cell=prism_in_proj op=tn dtype=bf16 arm=det rel_l2_vs_pedantic=5.120e-6
CHECK family=triad cell=prism_in_proj op=tn dtype=bf16 arm=fast rel_l2_vs_pedantic=8.276e-7
CHECK family=triad cell=prism_in_proj op=tn dtype=bf16 arm=pedantic rel_l2_vs_pedantic=0.000e0
TIMING family=triad cell=prism_in_proj op=tn dtype=bf16 m=4621 k=384 n=1928 arm=det iters=51 windows=21 p05_us=77.503 p50_us=77.658 p95_us=77.804
TIMING family=triad cell=prism_in_proj op=tn dtype=bf16 m=4621 k=384 n=1928 arm=fast iters=72 windows=21 p05_us=54.656 p50_us=54.756 p95_us=54.812
TIMING family=triad cell=prism_in_proj op=tn dtype=bf16 m=4621 k=384 n=1928 arm=pedantic iters=12 windows=21 p05_us=333.909 p50_us=334.080 p95_us=334.251
CHECK family=triad cell=prism_in_proj op=nt dtype=bf16 arm=det rel_l2_vs_pedantic=9.235e-5
CHECK family=triad cell=prism_in_proj op=nt dtype=bf16 arm=fast rel_l2_vs_pedantic=2.649e-3
CHECK family=triad cell=prism_in_proj op=nt dtype=bf16 arm=pedantic rel_l2_vs_pedantic=0.000e0
TIMING family=triad cell=prism_in_proj op=nt dtype=bf16 m=4621 k=384 n=1928 arm=det iters=80 windows=21 p05_us=49.549 p50_us=51.286 p95_us=54.387
TIMING family=triad cell=prism_in_proj op=nt dtype=bf16 m=4621 k=384 n=1928 arm=fast iters=65 windows=21 p05_us=60.620 p50_us=60.826 p95_us=61.676
TIMING family=triad cell=prism_in_proj op=nt dtype=bf16 m=4621 k=384 n=1928 arm=pedantic iters=13 windows=21 p05_us=296.881 p50_us=314.919 p95_us=331.712
CONTEXT family=triad dtype=f16 arm=det batch_invariant=true family=Triad tensor_cores=true fast_gemm=false tf32=false
CONTEXT family=triad dtype=f16 arm=fast batch_invariant=false family=Triad tensor_cores=true fast_gemm=true tf32=true
CONTEXT family=triad dtype=f16 arm=pedantic batch_invariant=false family=Triad tensor_cores=true fast_gemm=false tf32=false
CHECK family=triad cell=d128_in_proj op=nn dtype=f16 arm=det rel_l2_vs_pedantic=1.472e-5
CHECK family=triad cell=d128_in_proj op=nn dtype=f16 arm=fast rel_l2_vs_pedantic=1.472e-5
CHECK family=triad cell=d128_in_proj op=nn dtype=f16 arm=pedantic rel_l2_vs_pedantic=0.000e0
TIMING family=triad cell=d128_in_proj op=nn dtype=f16 m=1024 k=128 n=512 arm=det iters=651 windows=21 p05_us=5.717 p50_us=5.721 p95_us=5.724
TIMING family=triad cell=d128_in_proj op=nn dtype=f16 m=1024 k=128 n=512 arm=fast iters=694 windows=21 p05_us=5.303 p50_us=5.309 p95_us=5.313
TIMING family=triad cell=d128_in_proj op=nn dtype=f16 m=1024 k=128 n=512 arm=pedantic iters=401 windows=21 p05_us=9.520 p50_us=9.526 p95_us=9.535
CHECK family=triad cell=d128_in_proj op=tn dtype=f16 arm=det rel_l2_vs_pedantic=1.729e-6
CHECK family=triad cell=d128_in_proj op=tn dtype=f16 arm=fast rel_l2_vs_pedantic=2.989e-7
CHECK family=triad cell=d128_in_proj op=tn dtype=f16 arm=pedantic rel_l2_vs_pedantic=0.000e0
TIMING family=triad cell=d128_in_proj op=tn dtype=f16 m=1024 k=128 n=512 arm=det iters=213 windows=21 p05_us=18.351 p50_us=18.360 p95_us=18.365
TIMING family=triad cell=d128_in_proj op=tn dtype=f16 m=1024 k=128 n=512 arm=fast iters=474 windows=21 p05_us=7.876 p50_us=7.894 p95_us=7.905
TIMING family=triad cell=d128_in_proj op=tn dtype=f16 m=1024 k=128 n=512 arm=pedantic iters=316 windows=21 p05_us=12.223 p50_us=12.236 p95_us=12.256
CHECK family=triad cell=d128_in_proj op=nt dtype=f16 arm=det rel_l2_vs_pedantic=3.810e-4
CHECK family=triad cell=d128_in_proj op=nt dtype=f16 arm=fast rel_l2_vs_pedantic=3.810e-4
CHECK family=triad cell=d128_in_proj op=nt dtype=f16 arm=pedantic rel_l2_vs_pedantic=0.000e0
TIMING family=triad cell=d128_in_proj op=nt dtype=f16 m=1024 k=128 n=512 arm=det iters=411 windows=21 p05_us=9.393 p50_us=9.396 p95_us=9.406
TIMING family=triad cell=d128_in_proj op=nt dtype=f16 m=1024 k=128 n=512 arm=fast iters=625 windows=21 p05_us=5.849 p50_us=5.852 p95_us=5.857
TIMING family=triad cell=d128_in_proj op=nt dtype=f16 m=1024 k=128 n=512 arm=pedantic iters=306 windows=21 p05_us=12.623 p50_us=12.639 p95_us=12.653
CHECK family=triad cell=d128_out_proj op=nn dtype=f16 arm=det rel_l2_vs_pedantic=3.331e-4
CHECK family=triad cell=d128_out_proj op=nn dtype=f16 arm=fast rel_l2_vs_pedantic=3.331e-4
CHECK family=triad cell=d128_out_proj op=nn dtype=f16 arm=pedantic rel_l2_vs_pedantic=0.000e0
TIMING family=triad cell=d128_out_proj op=nn dtype=f16 m=1024 k=256 n=128 arm=det iters=568 windows=21 p05_us=6.627 p50_us=6.631 p95_us=6.638
TIMING family=triad cell=d128_out_proj op=nn dtype=f16 m=1024 k=256 n=128 arm=fast iters=744 windows=21 p05_us=4.786 p50_us=4.790 p95_us=4.840
TIMING family=triad cell=d128_out_proj op=nn dtype=f16 m=1024 k=256 n=128 arm=pedantic iters=406 windows=21 p05_us=9.377 p50_us=9.395 p95_us=9.410
CHECK family=triad cell=d128_out_proj op=tn dtype=f16 arm=det rel_l2_vs_pedantic=1.724e-6
CHECK family=triad cell=d128_out_proj op=tn dtype=f16 arm=fast rel_l2_vs_pedantic=3.034e-7
CHECK family=triad cell=d128_out_proj op=tn dtype=f16 arm=pedantic rel_l2_vs_pedantic=0.000e0
TIMING family=triad cell=d128_out_proj op=tn dtype=f16 m=1024 k=256 n=128 arm=det iters=217 windows=21 p05_us=18.224 p50_us=18.229 p95_us=18.232
TIMING family=triad cell=d128_out_proj op=tn dtype=f16 m=1024 k=256 n=128 arm=fast iters=512 windows=21 p05_us=7.376 p50_us=7.392 p95_us=7.407
TIMING family=triad cell=d128_out_proj op=tn dtype=f16 m=1024 k=256 n=128 arm=pedantic iters=391 windows=21 p05_us=9.892 p50_us=9.894 p95_us=9.897
CHECK family=triad cell=d128_out_proj op=nt dtype=f16 arm=det rel_l2_vs_pedantic=1.399e-5
CHECK family=triad cell=d128_out_proj op=nt dtype=f16 arm=fast rel_l2_vs_pedantic=1.399e-5
CHECK family=triad cell=d128_out_proj op=nt dtype=f16 arm=pedantic rel_l2_vs_pedantic=0.000e0
TIMING family=triad cell=d128_out_proj op=nt dtype=f16 m=1024 k=256 n=128 arm=det iters=727 windows=21 p05_us=5.328 p50_us=5.337 p95_us=5.345
TIMING family=triad cell=d128_out_proj op=nt dtype=f16 m=1024 k=256 n=128 arm=fast iters=801 windows=21 p05_us=4.482 p50_us=4.486 p95_us=4.491
TIMING family=triad cell=d128_out_proj op=nt dtype=f16 m=1024 k=256 n=128 arm=pedantic iters=521 windows=21 p05_us=7.245 p50_us=7.250 p95_us=7.256
CHECK family=triad cell=underfill op=nn dtype=f16 arm=det rel_l2_vs_pedantic=3.289e-4
CHECK family=triad cell=underfill op=nn dtype=f16 arm=fast rel_l2_vs_pedantic=3.289e-4
CHECK family=triad cell=underfill op=nn dtype=f16 arm=pedantic rel_l2_vs_pedantic=0.000e0
TIMING family=triad cell=underfill op=nn dtype=f16 m=256 k=512 n=384 arm=det iters=579 windows=21 p05_us=6.600 p50_us=6.604 p95_us=6.609
TIMING family=triad cell=underfill op=nn dtype=f16 m=256 k=512 n=384 arm=fast iters=638 windows=21 p05_us=5.727 p50_us=5.731 p95_us=5.736
TIMING family=triad cell=underfill op=nn dtype=f16 m=256 k=512 n=384 arm=pedantic iters=332 windows=21 p05_us=11.542 p50_us=11.548 p95_us=11.560
CHECK family=triad cell=underfill op=tn dtype=f16 arm=det rel_l2_vs_pedantic=4.940e-7
CHECK family=triad cell=underfill op=tn dtype=f16 arm=fast rel_l2_vs_pedantic=4.940e-7
CHECK family=triad cell=underfill op=tn dtype=f16 arm=pedantic rel_l2_vs_pedantic=0.000e0
TIMING family=triad cell=underfill op=tn dtype=f16 m=256 k=512 n=384 arm=det iters=440 windows=21 p05_us=8.869 p50_us=8.872 p95_us=8.874
TIMING family=triad cell=underfill op=tn dtype=f16 m=256 k=512 n=384 arm=fast iters=653 windows=21 p05_us=5.561 p50_us=5.565 p95_us=5.568
TIMING family=triad cell=underfill op=tn dtype=f16 m=256 k=512 n=384 arm=pedantic iters=359 windows=21 p05_us=10.686 p50_us=10.691 p95_us=10.694
CHECK family=triad cell=underfill op=nt dtype=f16 arm=det rel_l2_vs_pedantic=2.048e-5
CHECK family=triad cell=underfill op=nt dtype=f16 arm=fast rel_l2_vs_pedantic=2.048e-5
CHECK family=triad cell=underfill op=nt dtype=f16 arm=pedantic rel_l2_vs_pedantic=0.000e0
TIMING family=triad cell=underfill op=nt dtype=f16 m=256 k=512 n=384 arm=det iters=496 windows=21 p05_us=7.827 p50_us=7.831 p95_us=7.839
TIMING family=triad cell=underfill op=nt dtype=f16 m=256 k=512 n=384 arm=fast iters=679 windows=21 p05_us=5.298 p50_us=5.305 p95_us=5.312
TIMING family=triad cell=underfill op=nt dtype=f16 m=256 k=512 n=384 arm=pedantic iters=336 windows=21 p05_us=11.328 p50_us=11.331 p95_us=11.337
CHECK family=triad cell=d768_in_proj op=nn dtype=f16 arm=det rel_l2_vs_pedantic=3.711e-4
CHECK family=triad cell=d768_in_proj op=nn dtype=f16 arm=fast rel_l2_vs_pedantic=3.711e-4
CHECK family=triad cell=d768_in_proj op=nn dtype=f16 arm=pedantic rel_l2_vs_pedantic=0.000e0
TIMING family=triad cell=d768_in_proj op=nn dtype=f16 m=2048 k=768 n=3072 arm=det iters=64 windows=21 p05_us=62.240 p50_us=84.416 p95_us=87.024
TIMING family=triad cell=d768_in_proj op=nn dtype=f16 m=2048 k=768 n=3072 arm=fast iters=64 windows=21 p05_us=61.312 p50_us=76.977 p95_us=78.684
TIMING family=triad cell=d768_in_proj op=nn dtype=f16 m=2048 k=768 n=3072 arm=pedantic iters=15 windows=21 p05_us=260.710 p50_us=362.223 p95_us=383.179
CHECK family=triad cell=d768_in_proj op=tn dtype=f16 arm=det rel_l2_vs_pedantic=3.376e-6
CHECK family=triad cell=d768_in_proj op=tn dtype=f16 arm=fast rel_l2_vs_pedantic=1.749e-6
CHECK family=triad cell=d768_in_proj op=tn dtype=f16 arm=pedantic rel_l2_vs_pedantic=0.000e0
TIMING family=triad cell=d768_in_proj op=tn dtype=f16 m=2048 k=768 n=3072 arm=det iters=46 windows=21 p05_us=86.617 p50_us=103.534 p95_us=105.802
TIMING family=triad cell=d768_in_proj op=tn dtype=f16 m=2048 k=768 n=3072 arm=fast iters=44 windows=21 p05_us=90.252 p50_us=100.911 p95_us=103.423
TIMING family=triad cell=d768_in_proj op=tn dtype=f16 m=2048 k=768 n=3072 arm=pedantic iters=14 windows=21 p05_us=276.699 p50_us=352.037 p95_us=359.719
CHECK family=triad cell=d768_in_proj op=nt dtype=f16 arm=det rel_l2_vs_pedantic=5.314e-4
CHECK family=triad cell=d768_in_proj op=nt dtype=f16 arm=fast rel_l2_vs_pedantic=5.518e-4
CHECK family=triad cell=d768_in_proj op=nt dtype=f16 arm=pedantic rel_l2_vs_pedantic=0.000e0
TIMING family=triad cell=d768_in_proj op=nt dtype=f16 m=2048 k=768 n=3072 arm=det iters=56 windows=21 p05_us=71.091 p50_us=85.833 p95_us=91.447
TIMING family=triad cell=d768_in_proj op=nt dtype=f16 m=2048 k=768 n=3072 arm=fast iters=50 windows=21 p05_us=76.001 p50_us=77.229 p95_us=82.964
TIMING family=triad cell=d768_in_proj op=nt dtype=f16 m=2048 k=768 n=3072 arm=pedantic iters=14 windows=21 p05_us=278.674 p50_us=339.163 p95_us=357.669
CHECK family=triad cell=d768_out_proj op=nn dtype=f16 arm=det rel_l2_vs_pedantic=4.594e-4
CHECK family=triad cell=d768_out_proj op=nn dtype=f16 arm=fast rel_l2_vs_pedantic=4.594e-4
CHECK family=triad cell=d768_out_proj op=nn dtype=f16 arm=pedantic rel_l2_vs_pedantic=0.000e0
TIMING family=triad cell=d768_out_proj op=nn dtype=f16 m=2048 k=1536 n=768 arm=det iters=104 windows=21 p05_us=37.957 p50_us=41.086 p95_us=43.294
TIMING family=triad cell=d768_out_proj op=nn dtype=f16 m=2048 k=1536 n=768 arm=fast iters=83 windows=21 p05_us=47.672 p50_us=48.335 p95_us=50.139
TIMING family=triad cell=d768_out_proj op=nn dtype=f16 m=2048 k=1536 n=768 arm=pedantic iters=26 windows=21 p05_us=152.098 p50_us=163.794 p95_us=171.552
CHECK family=triad cell=d768_out_proj op=tn dtype=f16 arm=det rel_l2_vs_pedantic=3.371e-6
CHECK family=triad cell=d768_out_proj op=tn dtype=f16 arm=fast rel_l2_vs_pedantic=1.197e-6
CHECK family=triad cell=d768_out_proj op=tn dtype=f16 arm=pedantic rel_l2_vs_pedantic=0.000e0
TIMING family=triad cell=d768_out_proj op=tn dtype=f16 m=2048 k=1536 n=768 arm=det iters=71 windows=21 p05_us=56.032 p50_us=58.409 p95_us=58.833
TIMING family=triad cell=d768_out_proj op=tn dtype=f16 m=2048 k=1536 n=768 arm=fast iters=78 windows=21 p05_us=50.229 p50_us=51.515 p95_us=51.909
TIMING family=triad cell=d768_out_proj op=tn dtype=f16 m=2048 k=1536 n=768 arm=pedantic iters=27 windows=21 p05_us=147.342 p50_us=157.810 p95_us=160.730
CHECK family=triad cell=d768_out_proj op=nt dtype=f16 arm=det rel_l2_vs_pedantic=2.790e-4
CHECK family=triad cell=d768_out_proj op=nt dtype=f16 arm=fast rel_l2_vs_pedantic=2.790e-4
CHECK family=triad cell=d768_out_proj op=nt dtype=f16 arm=pedantic rel_l2_vs_pedantic=0.000e0
TIMING family=triad cell=d768_out_proj op=nt dtype=f16 m=2048 k=1536 n=768 arm=det iters=108 windows=21 p05_us=36.541 p50_us=43.330 p95_us=44.686
TIMING family=triad cell=d768_out_proj op=nt dtype=f16 m=2048 k=1536 n=768 arm=fast iters=102 windows=21 p05_us=38.892 p50_us=41.452 p95_us=43.076
TIMING family=triad cell=d768_out_proj op=nt dtype=f16 m=2048 k=1536 n=768 arm=pedantic iters=26 windows=21 p05_us=150.715 p50_us=177.861 p95_us=183.966
CHECK family=triad cell=large_deep op=nn dtype=f16 arm=det rel_l2_vs_pedantic=3.710e-4
CHECK family=triad cell=large_deep op=nn dtype=f16 arm=fast rel_l2_vs_pedantic=3.713e-4
CHECK family=triad cell=large_deep op=nn dtype=f16 arm=pedantic rel_l2_vs_pedantic=0.000e0
TIMING family=triad cell=large_deep op=nn dtype=f16 m=4096 k=3072 n=1536 arm=det iters=13 windows=21 p05_us=376.689 p50_us=382.267 p95_us=388.805
TIMING family=triad cell=large_deep op=nn dtype=f16 m=4096 k=3072 n=1536 arm=fast iters=17 windows=21 p05_us=240.941 p50_us=267.857 p95_us=275.998
TIMING family=triad cell=large_deep op=nn dtype=f16 m=4096 k=3072 n=1536 arm=pedantic iters=8 windows=21 p05_us=1065.088 p50_us=1235.580 p95_us=1264.000
CHECK family=triad cell=large_deep op=tn dtype=f16 arm=det rel_l2_vs_pedantic=6.634e-6
CHECK family=triad cell=large_deep op=tn dtype=f16 arm=fast rel_l2_vs_pedantic=1.243e-6
CHECK family=triad cell=large_deep op=tn dtype=f16 arm=pedantic rel_l2_vs_pedantic=0.000e0
TIMING family=triad cell=large_deep op=tn dtype=f16 m=4096 k=3072 n=1536 arm=det iters=11 windows=21 p05_us=395.171 p50_us=445.719 p95_us=456.890
TIMING family=triad cell=large_deep op=tn dtype=f16 m=4096 k=3072 n=1536 arm=fast iters=16 windows=21 p05_us=280.374 p50_us=313.520 p95_us=328.576
TIMING family=triad cell=large_deep op=tn dtype=f16 m=4096 k=3072 n=1536 arm=pedantic iters=8 windows=21 p05_us=1230.976 p50_us=1390.208 p95_us=1458.432
CHECK family=triad cell=large_deep op=nt dtype=f16 arm=det rel_l2_vs_pedantic=4.076e-5
CHECK family=triad cell=large_deep op=nt dtype=f16 arm=fast rel_l2_vs_pedantic=2.964e-5
CHECK family=triad cell=large_deep op=nt dtype=f16 arm=pedantic rel_l2_vs_pedantic=0.000e0
TIMING family=triad cell=large_deep op=nt dtype=f16 m=4096 k=3072 n=1536 arm=det iters=13 windows=21 p05_us=435.751 p50_us=446.865 p95_us=467.330
TIMING family=triad cell=large_deep op=nt dtype=f16 m=4096 k=3072 n=1536 arm=fast iters=16 windows=21 p05_us=283.200 p50_us=296.242 p95_us=303.424
TIMING family=triad cell=large_deep op=nt dtype=f16 m=4096 k=3072 n=1536 arm=pedantic iters=8 windows=21 p05_us=1362.444 p50_us=1427.580 p95_us=1481.856
CHECK family=triad cell=prism_in_proj op=nn dtype=f16 arm=det rel_l2_vs_pedantic=2.070e-5
CHECK family=triad cell=prism_in_proj op=nn dtype=f16 arm=fast rel_l2_vs_pedantic=2.070e-5
CHECK family=triad cell=prism_in_proj op=nn dtype=f16 arm=pedantic rel_l2_vs_pedantic=0.000e0
TIMING family=triad cell=prism_in_proj op=nn dtype=f16 m=4621 k=384 n=1928 arm=det iters=66 windows=21 p05_us=59.869 p50_us=75.043 p95_us=77.638
TIMING family=triad cell=prism_in_proj op=nn dtype=f16 m=4621 k=384 n=1928 arm=fast iters=54 windows=21 p05_us=74.088 p50_us=81.465 p95_us=85.750
TIMING family=triad cell=prism_in_proj op=nn dtype=f16 m=4621 k=384 n=1928 arm=pedantic iters=20 windows=21 p05_us=201.882 p50_us=248.211 p95_us=266.955
CHECK family=triad cell=prism_in_proj op=tn dtype=f16 arm=det rel_l2_vs_pedantic=7.490e-6
CHECK family=triad cell=prism_in_proj op=tn dtype=f16 arm=fast rel_l2_vs_pedantic=1.480e-6
CHECK family=triad cell=prism_in_proj op=tn dtype=f16 arm=pedantic rel_l2_vs_pedantic=0.000e0
TIMING family=triad cell=prism_in_proj op=tn dtype=f16 m=4621 k=384 n=1928 arm=det iters=51 windows=21 p05_us=77.557 p50_us=89.731 p95_us=91.152
TIMING family=triad cell=prism_in_proj op=tn dtype=f16 m=4621 k=384 n=1928 arm=fast iters=73 windows=21 p05_us=53.977 p50_us=58.929 p95_us=60.037
TIMING family=triad cell=prism_in_proj op=tn dtype=f16 m=4621 k=384 n=1928 arm=pedantic iters=20 windows=21 p05_us=200.285 p50_us=233.368 p95_us=239.770
CHECK family=triad cell=prism_in_proj op=nt dtype=f16 arm=det rel_l2_vs_pedantic=5.335e-4
CHECK family=triad cell=prism_in_proj op=nt dtype=f16 arm=fast rel_l2_vs_pedantic=6.469e-4
CHECK family=triad cell=prism_in_proj op=nt dtype=f16 arm=pedantic rel_l2_vs_pedantic=0.000e0
TIMING family=triad cell=prism_in_proj op=nt dtype=f16 m=4621 k=384 n=1928 arm=det iters=81 windows=21 p05_us=50.807 p50_us=58.368 p95_us=61.390
TIMING family=triad cell=prism_in_proj op=nt dtype=f16 m=4621 k=384 n=1928 arm=fast iters=41 windows=21 p05_us=96.328 p50_us=98.909 p95_us=100.352
TIMING family=triad cell=prism_in_proj op=nt dtype=f16 m=4621 k=384 n=1928 arm=pedantic iters=19 windows=21 p05_us=213.261 p50_us=250.124 p95_us=262.786
CONTEXT family=inference dtype=f32 arm=det batch_invariant=true family=Inference tensor_cores=false fast_gemm=false tf32=false
CONTEXT family=inference dtype=f32 arm=fast batch_invariant=false family=Triad tensor_cores=true fast_gemm=true tf32=true
CONTEXT family=inference dtype=f32 arm=pedantic batch_invariant=false family=Triad tensor_cores=true fast_gemm=false tf32=false
CHECK family=inference cell=hot_a op=nn dtype=f32 arm=det rel_l2_vs_pedantic=0.000e0
CHECK family=inference cell=hot_a op=nn dtype=f32 arm=fast rel_l2_vs_pedantic=2.808e-4
CHECK family=inference cell=hot_a op=nn dtype=f32 arm=pedantic rel_l2_vs_pedantic=0.000e0
TIMING family=inference cell=hot_a op=nn dtype=f32 m=4621 k=384 n=1928 arm=det iters=21 windows=21 p05_us=201.533 p50_us=241.762 p95_us=247.320
TIMING family=inference cell=hot_a op=nn dtype=f32 m=4621 k=384 n=1928 arm=fast iters=39 windows=21 p05_us=103.056 p50_us=132.490 p95_us=135.457
TIMING family=inference cell=hot_a op=nn dtype=f32 m=4621 k=384 n=1928 arm=pedantic iters=18 windows=21 p05_us=223.915 p50_us=269.141 p95_us=273.067
CHECK family=inference cell=hot_b op=nn dtype=f32 arm=det rel_l2_vs_pedantic=5.096e-7
CHECK family=inference cell=hot_b op=nn dtype=f32 arm=fast rel_l2_vs_pedantic=2.806e-4
CHECK family=inference cell=hot_b op=nn dtype=f32 arm=pedantic rel_l2_vs_pedantic=0.000e0
TIMING family=inference cell=hot_b op=nn dtype=f32 m=4621 k=768 n=2304 arm=det iters=9 windows=21 p05_us=567.211 p50_us=599.723 p95_us=639.886
TIMING family=inference cell=hot_b op=nn dtype=f32 m=4621 k=768 n=2304 arm=fast iters=21 windows=21 p05_us=256.088 p50_us=280.430 p95_us=287.208
TIMING family=inference cell=hot_b op=nn dtype=f32 m=4621 k=768 n=2304 arm=pedantic iters=8 windows=21 p05_us=548.096 p50_us=627.712 p95_us=650.112
CHECK family=inference cell=hot_c op=nn dtype=f32 arm=det rel_l2_vs_pedantic=8.224e-7
CHECK family=inference cell=hot_c op=nn dtype=f32 arm=fast rel_l2_vs_pedantic=2.802e-4
CHECK family=inference cell=hot_c op=nn dtype=f32 arm=pedantic rel_l2_vs_pedantic=0.000e0
TIMING family=inference cell=hot_c op=nn dtype=f32 m=4621 k=1928 n=384 arm=det iters=14 windows=21 p05_us=285.477 p50_us=342.601 p95_us=358.107
TIMING family=inference cell=hot_c op=nn dtype=f32 m=4621 k=1928 n=384 arm=fast iters=51 windows=21 p05_us=77.901 p50_us=95.573 p95_us=98.441
TIMING family=inference cell=hot_c op=nn dtype=f32 m=4621 k=1928 n=384 arm=pedantic iters=21 windows=21 p05_us=194.840 p50_us=236.105 p95_us=239.323
CHECK family=inference cell=hot_d op=nn dtype=f32 arm=det rel_l2_vs_pedantic=5.096e-7
CHECK family=inference cell=hot_d op=nn dtype=f32 arm=fast rel_l2_vs_pedantic=2.803e-4
CHECK family=inference cell=hot_d op=nn dtype=f32 arm=pedantic rel_l2_vs_pedantic=0.000e0
TIMING family=inference cell=hot_d op=nn dtype=f32 m=2048 k=768 n=2304 arm=det iters=19 windows=21 p05_us=205.007 p50_us=216.920 p95_us=221.777
TIMING family=inference cell=hot_d op=nn dtype=f32 m=2048 k=768 n=2304 arm=fast iters=40 windows=21 p05_us=99.328 p50_us=103.322 p95_us=109.363
TIMING family=inference cell=hot_d op=nn dtype=f32 m=2048 k=768 n=2304 arm=pedantic iters=17 windows=21 p05_us=240.520 p50_us=254.012 p95_us=264.868
CHECK family=inference cell=hot_e op=nn dtype=f32 arm=det rel_l2_vs_pedantic=8.992e-7
CHECK family=inference cell=hot_e op=nn dtype=f32 arm=fast rel_l2_vs_pedantic=2.799e-4
CHECK family=inference cell=hot_e op=nn dtype=f32 arm=pedantic rel_l2_vs_pedantic=0.000e0
TIMING family=inference cell=hot_e op=nn dtype=f32 m=2048 k=2304 n=768 arm=det iters=20 windows=21 p05_us=202.896 p50_us=249.341 p95_us=254.362
TIMING family=inference cell=hot_e op=nn dtype=f32 m=2048 k=2304 n=768 arm=fast iters=44 windows=21 p05_us=91.136 p50_us=113.152 p95_us=115.428
TIMING family=inference cell=hot_e op=nn dtype=f32 m=2048 k=2304 n=768 arm=pedantic iters=19 windows=21 p05_us=209.920 p50_us=253.844 p95_us=259.180
CONTEXT family=inference dtype=bf16 arm=det batch_invariant=true family=Inference tensor_cores=true fast_gemm=false tf32=false
CONTEXT family=inference dtype=bf16 arm=fast batch_invariant=false family=Triad tensor_cores=true fast_gemm=true tf32=true
CONTEXT family=inference dtype=bf16 arm=pedantic batch_invariant=false family=Triad tensor_cores=true fast_gemm=false tf32=false
CHECK family=inference cell=hot_a op=nn dtype=bf16 arm=det rel_l2_vs_pedantic=3.619e-5
CHECK family=inference cell=hot_a op=nn dtype=bf16 arm=fast rel_l2_vs_pedantic=3.619e-5
CHECK family=inference cell=hot_a op=nn dtype=bf16 arm=pedantic rel_l2_vs_pedantic=0.000e0
TIMING family=inference cell=hot_a op=nn dtype=bf16 m=4621 k=384 n=1928 arm=det iters=62 windows=21 p05_us=64.281 p50_us=68.823 p95_us=70.458
TIMING family=inference cell=hot_a op=nn dtype=bf16 m=4621 k=384 n=1928 arm=fast iters=53 windows=21 p05_us=74.559 p50_us=76.255 p95_us=77.050
TIMING family=inference cell=hot_a op=nn dtype=bf16 m=4621 k=384 n=1928 arm=pedantic iters=16 windows=21 p05_us=254.716 p50_us=279.680 p95_us=289.280
CHECK family=inference cell=hot_b op=nn dtype=bf16 arm=det rel_l2_vs_pedantic=5.733e-5
CHECK family=inference cell=hot_b op=nn dtype=bf16 arm=fast rel_l2_vs_pedantic=5.733e-5
CHECK family=inference cell=hot_b op=nn dtype=bf16 arm=pedantic rel_l2_vs_pedantic=0.000e0
TIMING family=inference cell=hot_b op=nn dtype=bf16 m=4621 k=768 n=2304 arm=det iters=40 windows=21 p05_us=100.965 p50_us=132.962 p95_us=135.834
TIMING family=inference cell=hot_b op=nn dtype=bf16 m=4621 k=768 n=2304 arm=fast iters=44 windows=21 p05_us=90.928 p50_us=110.336 p95_us=111.870
TIMING family=inference cell=hot_b op=nn dtype=bf16 m=4621 k=768 n=2304 arm=pedantic iters=8 windows=21 p05_us=572.400 p50_us=762.496 p95_us=787.584
CHECK family=inference cell=hot_c op=nn dtype=bf16 arm=det rel_l2_vs_pedantic=9.382e-5
CHECK family=inference cell=hot_c op=nn dtype=bf16 arm=fast rel_l2_vs_pedantic=2.154e-3
CHECK family=inference cell=hot_c op=nn dtype=bf16 arm=pedantic rel_l2_vs_pedantic=0.000e0
TIMING family=inference cell=hot_c op=nn dtype=bf16 m=4621 k=1928 n=384 arm=det iters=73 windows=21 p05_us=54.651 p50_us=54.665 p95_us=54.692
TIMING family=inference cell=hot_c op=nn dtype=bf16 m=4621 k=1928 n=384 arm=fast iters=52 windows=21 p05_us=76.167 p50_us=76.347 p95_us=76.602
TIMING family=inference cell=hot_c op=nn dtype=bf16 m=4621 k=1928 n=384 arm=pedantic iters=13 windows=21 p05_us=297.984 p50_us=298.063 p95_us=298.297
CHECK family=inference cell=hot_d op=nn dtype=bf16 arm=det rel_l2_vs_pedantic=5.826e-5
CHECK family=inference cell=hot_d op=nn dtype=bf16 arm=fast rel_l2_vs_pedantic=5.826e-5
CHECK family=inference cell=hot_d op=nn dtype=bf16 arm=pedantic rel_l2_vs_pedantic=0.000e0
TIMING family=inference cell=hot_d op=nn dtype=bf16 m=2048 k=768 n=2304 arm=det iters=61 windows=21 p05_us=65.683 p50_us=66.661 p95_us=69.431
TIMING family=inference cell=hot_d op=nn dtype=bf16 m=2048 k=768 n=2304 arm=fast iters=66 windows=21 p05_us=60.120 p50_us=60.319 p95_us=61.204
TIMING family=inference cell=hot_d op=nn dtype=bf16 m=2048 k=768 n=2304 arm=pedantic iters=15 windows=21 p05_us=275.046 p50_us=279.006 p95_us=292.045
CHECK family=inference cell=hot_e op=nn dtype=bf16 arm=det rel_l2_vs_pedantic=1.014e-4
CHECK family=inference cell=hot_e op=nn dtype=bf16 arm=fast rel_l2_vs_pedantic=1.014e-4
CHECK family=inference cell=hot_e op=nn dtype=bf16 arm=pedantic rel_l2_vs_pedantic=0.000e0
TIMING family=inference cell=hot_e op=nn dtype=bf16 m=2048 k=2304 n=768 arm=det iters=65 windows=21 p05_us=60.621 p50_us=60.652 p95_us=60.672
TIMING family=inference cell=hot_e op=nn dtype=bf16 m=2048 k=2304 n=768 arm=fast iters=59 windows=21 p05_us=67.754 p50_us=67.810 p95_us=67.864
TIMING family=inference cell=hot_e op=nn dtype=bf16 m=2048 k=2304 n=768 arm=pedantic iters=14 windows=21 p05_us=280.503 p50_us=280.711 p95_us=280.795
CONTEXT family=inference dtype=f16 arm=det batch_invariant=true family=Inference tensor_cores=true fast_gemm=false tf32=false
CONTEXT family=inference dtype=f16 arm=fast batch_invariant=false family=Triad tensor_cores=true fast_gemm=true tf32=true
CONTEXT family=inference dtype=f16 arm=pedantic batch_invariant=false family=Triad tensor_cores=true fast_gemm=false tf32=false
CHECK family=inference cell=hot_a op=nn dtype=f16 arm=det rel_l2_vs_pedantic=2.070e-5
CHECK family=inference cell=hot_a op=nn dtype=f16 arm=fast rel_l2_vs_pedantic=2.070e-5
CHECK family=inference cell=hot_a op=nn dtype=f16 arm=pedantic rel_l2_vs_pedantic=0.000e0
TIMING family=inference cell=hot_a op=nn dtype=f16 m=4621 k=384 n=1928 arm=det iters=62 windows=21 p05_us=64.165 p50_us=76.635 p95_us=82.135
TIMING family=inference cell=hot_a op=nn dtype=f16 m=4621 k=384 n=1928 arm=fast iters=54 windows=21 p05_us=73.953 p50_us=81.067 p95_us=87.400
TIMING family=inference cell=hot_a op=nn dtype=f16 m=4621 k=384 n=1928 arm=pedantic iters=19 windows=21 p05_us=203.821 p50_us=245.128 p95_us=264.731
CHECK family=inference cell=hot_b op=nn dtype=f16 arm=det rel_l2_vs_pedantic=3.301e-4
CHECK family=inference cell=hot_b op=nn dtype=f16 arm=fast rel_l2_vs_pedantic=3.301e-4
CHECK family=inference cell=hot_b op=nn dtype=f16 arm=pedantic rel_l2_vs_pedantic=0.000e0
TIMING family=inference cell=hot_b op=nn dtype=f16 m=4621 k=768 n=2304 arm=det iters=40 windows=21 p05_us=101.274 p50_us=152.960 p95_us=157.164
TIMING family=inference cell=hot_b op=nn dtype=f16 m=4621 k=768 n=2304 arm=fast iters=38 windows=21 p05_us=103.370 p50_us=131.339 p95_us=136.623
TIMING family=inference cell=hot_b op=nn dtype=f16 m=4621 k=768 n=2304 arm=pedantic iters=9 windows=21 p05_us=453.746 p50_us=655.246 p95_us=696.206
CHECK family=inference cell=hot_c op=nn dtype=f16 arm=det rel_l2_vs_pedantic=4.593e-4
CHECK family=inference cell=hot_c op=nn dtype=f16 arm=fast rel_l2_vs_pedantic=4.829e-4
CHECK family=inference cell=hot_c op=nn dtype=f16 arm=pedantic rel_l2_vs_pedantic=0.000e0
TIMING family=inference cell=hot_c op=nn dtype=f16 m=4621 k=1928 n=384 arm=det iters=73 windows=21 p05_us=56.292 p50_us=62.349 p95_us=64.330
TIMING family=inference cell=hot_c op=nn dtype=f16 m=4621 k=1928 n=384 arm=fast iters=52 windows=21 p05_us=75.540 p50_us=81.152 p95_us=85.070
TIMING family=inference cell=hot_c op=nn dtype=f16 m=4621 k=1928 n=384 arm=pedantic iters=19 windows=21 p05_us=201.251 p50_us=236.328 p95_us=246.083
CHECK family=inference cell=hot_d op=nn dtype=f16 arm=det rel_l2_vs_pedantic=3.299e-4
CHECK family=inference cell=hot_d op=nn dtype=f16 arm=fast rel_l2_vs_pedantic=3.299e-4
CHECK family=inference cell=hot_d op=nn dtype=f16 arm=pedantic rel_l2_vs_pedantic=0.000e0
TIMING family=inference cell=hot_d op=nn dtype=f16 m=2048 k=768 n=2304 arm=det iters=64 windows=21 p05_us=62.128 p50_us=72.352 p95_us=73.888
TIMING family=inference cell=hot_d op=nn dtype=f16 m=2048 k=768 n=2304 arm=fast iters=66 windows=21 p05_us=60.028 p50_us=70.516 p95_us=72.006
TIMING family=inference cell=hot_d op=nn dtype=f16 m=2048 k=768 n=2304 arm=pedantic iters=19 windows=21 p05_us=209.112 p50_us=267.264 p95_us=273.139
CHECK family=inference cell=hot_e op=nn dtype=f16 arm=det rel_l2_vs_pedantic=5.276e-4
CHECK family=inference cell=hot_e op=nn dtype=f16 arm=fast rel_l2_vs_pedantic=5.480e-4
CHECK family=inference cell=hot_e op=nn dtype=f16 arm=pedantic rel_l2_vs_pedantic=0.000e0
TIMING family=inference cell=hot_e op=nn dtype=f16 m=2048 k=2304 n=768 arm=det iters=66 windows=21 p05_us=59.749 p50_us=67.584 p95_us=70.575
TIMING family=inference cell=hot_e op=nn dtype=f16 m=2048 k=2304 n=768 arm=fast iters=64 windows=21 p05_us=57.820 p50_us=58.625 p95_us=62.240
TIMING family=inference cell=hot_e op=nn dtype=f16 m=2048 k=2304 n=768 arm=pedantic iters=20 windows=21 p05_us=204.646 p50_us=232.909 p95_us=246.528
DONE
