COMMAND1=cargo test --release --features cuda,cudarc/cuda-13020 --test gemm_bi_tf32_cohort_binding tf32_cohort_binds_on_this_board -- --exact --ignored --nocapture --test-threads=1
   Compiling mamba-rs v0.6.9 (/root/mamba-ada-rna-toolkit-auto-20260906)
    Finished `release` profile [optimized] target(s) in 0.58s
     Running tests/gemm_bi_tf32_cohort_binding.rs (/root/target-ada-rna-auto-cuda132-20260906/release/deps/gemm_bi_tf32_cohort_binding-c96a6105c026b3ba)

running 1 test
test tf32_cohort_binds_on_this_board ... cc=(8, 9) dims=(2048, 768, 3072) tf32=true served=TriadSm80:gemm_bi_nn_sm80_mma_tf32_v1_m128n128_bk32_s3
cc=(8, 9) dims=(2048, 1536, 768) tf32=true served=TriadSm80:gemm_bi_nn_sm80_mma_tf32_v1_m128n128_bk32_s3
cc=(8, 9) dims=(4621, 384, 1928) tf32=true served=TriadSm80:gemm_bi_nn_sm80_mma_tf32_v1_m128n128_bk32_s3
cc=(8, 9) dims=(1024, 256, 128) tf32=true served=TriadSm80:gemm_bi_nn_sm80_mma_tf32_v1_m16n32_bk32_s4
cc=(8, 9) dims=(1024, 128, 512) tf32=true served=TriadSm80:gemm_bi_nn_sm80_mma_tf32_v1_m64n64_bk32_s2
ok

test result: ok. 1 passed; 0 failed; 0 ignored; 0 measured; 2 filtered out; finished in 2.77s

EXIT1=0
COMMAND2=cargo test --release --features cuda,cudarc/cuda-13020 --test gemm_bi_tf32_cohort_binding sm89_tf32_bias_cohort_serves_the_qualified_wide_epilogues -- --exact --ignored --nocapture --test-threads=1
    Finished `release` profile [optimized] target(s) in 0.07s
     Running tests/gemm_bi_tf32_cohort_binding.rs (/root/target-ada-rna-auto-cuda132-20260906/release/deps/gemm_bi_tf32_cohort_binding-c96a6105c026b3ba)

running 1 test
test sm89_tf32_bias_cohort_serves_the_qualified_wide_epilogues ... Ada bias AUTO (2048, 768, 3072): wide M128N128/S3 served
Ada bias AUTO (2048, 1536, 768): wide M128N128/S3 served
Ada bias AUTO (4621, 384, 1928): wide M128N128/S3 served
Ada bias AUTO (4096, 3072, 1536): wide M128N128/S3 served
Ada bias AUTO (2048, 3072, 768): wide M128N128/S3 served
ok

test result: ok. 1 passed; 0 failed; 0 ignored; 0 measured; 2 filtered out; finished in 2.85s

EXIT2=0
COMMAND3=cargo test --release --features cuda,cudarc/cuda-13020 --test gemm_bi_fixed_performance fixed_sm89_tf32_c_auto_prefix_special_bias_graph_bits -- --exact --ignored --nocapture --test-threads=1
    Finished `release` profile [optimized] target(s) in 0.07s
     Running tests/gemm_bi_fixed_performance.rs (/root/target-ada-rna-auto-cuda132-20260906/release/deps/gemm_bi_fixed_performance-429f558dd590762a)

running 1 test
test fixed_sm89_tf32_c_auto_prefix_special_bias_graph_bits ... ok

test result: ok. 1 passed; 0 failed; 0 ignored; 0 measured; 104 filtered out; finished in 2.81s

EXIT3=0
