actual_nt_a_and_b_fragment_formulas_are_bank_permutations: test
candidate_variants_have_independent_sources_symbols_and_shared_extents: test
common::evidence::tests::append_open_does_not_block_or_accept_a_fifo: test
common::evidence::tests::bad_parent_directory_is_an_error: test
common::evidence::tests::concurrent_threads_append_complete_rows: test
common::evidence::tests::device_targets_are_rejected: test
common::evidence::tests::directory_targets_are_rejected: test
common::evidence::tests::fifo_targets_are_rejected_without_opening: test
common::evidence::tests::full_device_is_rejected: test
common::evidence::tests::missing_and_empty_paths_are_inert: test
common::evidence::tests::non_unicode_paths_are_preserved: test
common::evidence::tests::opened_handle_must_be_regular: test
common::evidence::tests::records_append_as_exact_tsv_rows: test
common::evidence::tests::short_writes_are_errors_and_never_retried: test
common::evidence::tests::socket_targets_are_rejected: test
common::gpu_quiet::tests::compute_process_parser_fails_closed: test
common::gpu_quiet::tests::formats_cuda_uuid_for_exact_nvml_selection: test
common::gpu_quiet::tests::live_cuda_ordinal_and_nvml_uuid_are_identical: test
common::gpu_quiet::tests::parses_one_exact_gpu_telemetry_row: test
common::gpu_quiet::tests::quiet_sample_rejects_utilization_memory_and_competing_processes: test
compact_a_ldmatrix_adapter_accepts_only_the_frozen_compact_parent: test
compact_a_ldmatrix_binds_only_d768_in_with_retained_compact_resources: test
compact_ab_ldmatrix_adapter_layers_only_the_b_x2_load_on_retained_a: test
compact_ab_ldmatrix_binds_only_d768_in_with_retained_compact_resources: test
compact_candidate_shared_extent_is_exact: test
compact_eight_warp_s2_descriptor_requires_two_resident_ctas: test
compact_eight_warp_s2_preserves_each_output_and_fragment_trace: test
compact_eight_warp_s2_source_is_exactly_target_scoped: test
compact_shared_rna_adapter_accepts_only_the_frozen_compact_parent: test
compact_shared_rna_binds_only_d768_in_with_retained_compact_resources: test
compact_xor_is_bounded_bijective_and_preserves_four_float_groups: test
compact_xor_maps_each_row_by_its_low_three_bits: test
cuda_suite::ada_tf32_nt_compact_a_ldmatrix_d768_in_discovery_once7: test
cuda_suite::ada_tf32_nt_compact_ab_ldmatrix_d768_in_discovery_once7: test
cuda_suite::ada_tf32_nt_compact_eight_warp_s2_d768_out_discovery_once7: test
cuda_suite::ada_tf32_nt_compact_eight_warp_s2_discovery_once7: test
cuda_suite::ada_tf32_nt_compact_eight_warp_s2_prism_discovery_once7: test
cuda_suite::ada_tf32_nt_compact_xor_discovery_once7: test
cuda_suite::ada_tf32_nt_padded_copy_plan_discovery_once7: test
cuda_suite::ada_tf32_nt_padded_dense_copy_discovery_once7: test
cuda_suite::ada_tf32_nt_padded_dense_d768_out_discovery_once7: test
cuda_suite::ada_tf32_nt_padded_dense_prism_discovery_once7: test
cuda_suite::ada_tf32_nt_padded_eight_warp_discovery_once7: test
cuda_suite::ada_tf32_nt_padded_ldmatrix_discovery_once7: test
cuda_suite::ada_tf32_nt_shared_stage_rna_d768_in_discovery_once7: test
cuda_suite::ada_tf32_tn_d128_in_small_regpipe_discovery_once7: test
cuda_suite::ada_tf32_tn_d128_out_small_regpipe_discovery_once7: test
cuda_suite::ada_tf32_tn_d768_in_direct_rna_n96_discovery_once7: test
cuda_suite::ada_tf32_tn_d768_in_transpose_rna_n96_discovery_once7: test
cuda_suite::ada_tf32_tn_d768_out_transpose_rna_n96_discovery_once7: test
cuda_suite::ada_tf32_tn_dense_s3_d768_in_discovery_once7: test
cuda_suite::ada_tf32_tn_dense_s3_d768_out_discovery_once7: test
cuda_suite::ada_tf32_tn_dense_s3_prism_discovery_once7: test
cuda_suite::ada_tf32_tn_prepack_a_prism_discovery_once7: test
cuda_suite::ada_tf32_tn_prepack_a_two_cell_discovery_once7: test
cuda_suite::ada_tf32_tn_prism_compact_eight_warp_s2_discovery_once7: test
cuda_suite::ada_tf32_tn_prism_compact_four_warp_s2_discovery_once7: test
cuda_suite::ada_tf32_tn_prism_single_barrier_s3_discovery_once7: test
cuda_suite::ada_tf32_tn_prism_transpose_rna_n96_discovery_once7: test
fixed_full_mantissa::tests::corpus_is_repeatable_prefix_stable_and_seed_sensitive: test
fixed_full_mantissa::tests::edge_prefix_preserves_signed_zero_subnormals_and_tf32_ties: test
fixed_full_mantissa::tests::finite_random_tail_exercises_all_low_tf32_rounding_bits: test
fixed_full_mantissa::tests::seeded_tail_retains_frozen_w4_generator_bits: test
nt_k0_alpha_one_beta_zero_oracle_overwrites_every_old_c_word_with_positive_zero: test
padded_copy_plan_clamps_tail_bytes_and_uses_zero_for_invalid_axes: test
padded_copy_plan_preserves_six_production_assignments_per_thread: test
padded_copy_plan_source_isolates_one_symbol_without_layout_or_k_order_changes: test
padded_dense_guard_accepts_only_the_full_aligned_target_contract: test
padded_dense_six_copy_ownership_is_unique_aligned_and_in_range: test
padded_dense_source_isolates_target_and_preserves_generic_tail_path: test
padded_eight_warp_mapping_covers_each_m128n64_output_once: test
padded_eight_warp_preserves_each_outputs_ascending_fragment_trace: test
padded_eight_warp_source_changes_only_target_mapping_and_symbol_pair: test
padded_ldmatrix_source_isolates_one_symbol_and_only_target_fragment_loads: test
prism_stage_classification_and_dense_copy_ranges_are_exhaustive: test
shared_rna_retention_requires_four_positive_finite_winning_strata_per_comparator: test
sibling_sources_reuse_frozen_compact_and_isolate_dense_exports: test
sibling_variants_bind_exact_targets_symbols_shared_and_occupancy: test
timing_guard_preserves_gpu_allocation_alignment: test
tn_compact_axis_is_a_chunk_aligned_bijection_for_both_operands: test
tn_compact_eight_warp_s2_preserves_output_and_ascending_k8_ownership: test
tn_compact_eight_warp_s2_source_is_exactly_tn_target_scoped: test
tn_compact_four_warp_s2_binds_distinct_symbol_resource_gate_and_evidence_labels: test
tn_compact_source_builder_fails_closed_when_target_anchors_drift: test
tn_dense_s3_batch_binds_three_cells_one_symbol_and_computed_grids: test
tn_direct_n96_binds_d768_in_without_an_a_transform: test
tn_k0_fma_one_positive_zero_oracle_preserves_finite_bits_and_canonicalizes_zero: test
tn_prepack_a_batch_binds_two_cells_and_two_node_pipeline: test
tn_single_barrier_prism_binds_target_schedule_and_fast_comparator: test
tn_small_regpipe_binds_two_d128_cells_and_incumbent_physical_identity: test
tn_transpose_n96_binds_three_cells_to_candidate_and_distinct_auto_routes: test
transformed_source_binds_only_distinct_nt_symbols_and_compact_slots: test
triad_tf32_nt_compact_a_ldmatrix_source::tests::compact_addresses_are_aligned_in_bounds_and_match_n96_index: test
triad_tf32_nt_compact_a_ldmatrix_source::tests::source_adapter_changes_only_the_target_a_load_primitive: test
triad_tf32_nt_compact_a_ldmatrix_source::tests::source_adapter_rejects_missing_or_duplicated_anchors: test
triad_tf32_nt_compact_a_ldmatrix_source::tests::x4_register_coordinates_equal_current_scalar_a_fragments: test
triad_tf32_nt_compact_ab_ldmatrix_source::tests::candidate_source_rejects_a_parent_with_matching_seams_but_changed_body: test
triad_tf32_nt_compact_ab_ldmatrix_source::tests::compact_b_addresses_are_aligned_and_in_bounds: test
triad_tf32_nt_compact_ab_ldmatrix_source::tests::source_adapter_changes_only_target_b_load_and_symbol: test
triad_tf32_nt_compact_ab_ldmatrix_source::tests::source_adapter_rejects_missing_or_duplicated_anchors: test
triad_tf32_nt_compact_ab_ldmatrix_source::tests::x2_register_coordinates_equal_current_scalar_b_fragments: test
triad_tf32_nt_shared_rna_source::tests::all_eight_warp_consumers_read_producer_owned_words: test
triad_tf32_nt_shared_rna_source::tests::async_copy_owners_cover_each_compact_stage_word_once: test
triad_tf32_nt_shared_rna_source::tests::s2_ring_wait_convert_publish_compute_reuse_is_ordered: test
triad_tf32_nt_shared_rna_source::tests::source_adapter_fails_closed_on_changed_seams: test
triad_tf32_nt_shared_rna_source::tests::source_adapter_targets_only_async_compact8_s2: test
triad_tf32_tn_small_regpipe_source::tests::candidate_only_specializes_small_tn_compute_and_renames_export: test
triad_tf32_tn_small_regpipe_source::tests::fragments_are_loaded_before_consumption_in_original_k8_order: test
triad_tf32_tn_small_regpipe_source::tests::modified_or_duplicated_anchors_are_rejected: test
triad_tf32_tn_small_regpipe_source::tests::original_load_and_mma_statements_are_preserved_modulo_slot_subscript: test
triad_tn_direct_n96_source::tests::direct_a_copy_plan_covers_each_stage_word_once_in_aligned_chunks: test
triad_tn_direct_n96_source::tests::direct_a_fragment_reads_match_original_tn_coordinates_and_bank_permute: test
triad_tn_direct_n96_source::tests::source_adapter_is_fail_closed_and_preserves_n96_schedule_and_tn_epilogue: test
triad_tn_direct_n96_source::transpose_n96_source_for_tests::tests::candidate_adapter_rejects_changed_n96_boundaries: test
triad_tn_direct_n96_source::transpose_n96_source_for_tests::tests::candidate_changes_only_symbol_and_exact_tn_epilogue_and_adds_raw_transpose: test
triad_tn_direct_n96_source::transpose_n96_source_for_tests::tests::raw_transpose_validation_rejects_wrong_words_and_poisoned_padding: test
triad_tn_direct_n96_source::transpose_n96_source_for_tests::tests::transpose_stride_and_indices_cover_raw_words_and_padding: test
triad_tn_prepack_a_source::tests::prepack_adapter_changes_only_tn_a_conversion_and_target_export: test
triad_tn_prepack_a_source::tests::prepack_adapter_rejects_changed_source_boundaries: test
triad_tn_single_barrier_source::tests::changed_or_duplicated_schedule_and_symbol_anchors_are_rejected: test
triad_tn_single_barrier_source::tests::next_iteration_top_barrier_fences_every_reused_s3_slot: test
triad_tn_single_barrier_source::tests::source_targets_only_tn_128x64_s3_bottom_barrier_and_export: test
triad_tn_transpose_n96_source::tests::candidate_adapter_rejects_changed_n96_boundaries: test
triad_tn_transpose_n96_source::tests::candidate_changes_only_symbol_and_exact_tn_epilogue_and_adds_raw_transpose: test
triad_tn_transpose_n96_source::tests::raw_transpose_validation_rejects_wrong_words_and_poisoned_padding: test
triad_tn_transpose_n96_source::tests::transpose_stride_and_indices_cover_raw_words_and_padding: test
vendor_fast_graph_accepts_multikernel_gemm_but_not_empty_capture: test

127 tests, 0 benchmarks
