   Compiling mamba-rs v0.6.9 (/root/mamba-ada-exact-toolkit-auto-20260907)
error[E0425]: cannot find type `AdaBracketOrder` in this scope
    --> tests/gemm_bi_fixed_tf32_n96_discovery.rs:1643:16
     |
1643 |         order: AdaBracketOrder,
     |                ^^^^^^^^^^^^^^^ not found in this scope

error[E0433]: cannot find type `AdaBracketOrder` in this scope
    --> tests/gemm_bi_fixed_tf32_n96_discovery.rs:1731:27
     |
1731 |             for order in [AdaBracketOrder::Abba, AdaBracketOrder::Baab] {
     |                           ^^^^^^^^^^^^^^^ use of undeclared type `AdaBracketOrder`

error[E0433]: cannot find type `AdaBracketOrder` in this scope
    --> tests/gemm_bi_fixed_tf32_n96_discovery.rs:1731:50
     |
1731 |             for order in [AdaBracketOrder::Abba, AdaBracketOrder::Baab] {
     |                                                  ^^^^^^^^^^^^^^^ use of undeclared type `AdaBracketOrder`

error[E0433]: cannot find type `AdaBracketOrder` in this scope
    --> tests/gemm_bi_fixed_tf32_n96_discovery.rs:1664:13
     |
1664 |             AdaBracketOrder::Abba => [
     |             ^^^^^^^^^^^^^^^ use of undeclared type `AdaBracketOrder`

error[E0433]: cannot find type `AdaBracketOrder` in this scope
    --> tests/gemm_bi_fixed_tf32_n96_discovery.rs:1670:13
     |
1670 |             AdaBracketOrder::Baab => [
     |             ^^^^^^^^^^^^^^^ use of undeclared type `AdaBracketOrder`

error[E0433]: cannot find type `AdaBracketOrder` in this scope
    --> tests/gemm_bi_fixed_tf32_n96_discovery.rs:1685:17
     |
1685 |                 AdaBracketOrder::Abba => (
     |                 ^^^^^^^^^^^^^^^ use of undeclared type `AdaBracketOrder`

error[E0433]: cannot find type `AdaBracketOrder` in this scope
    --> tests/gemm_bi_fixed_tf32_n96_discovery.rs:1689:17
     |
1689 |                 AdaBracketOrder::Baab => (
     |                 ^^^^^^^^^^^^^^^ use of undeclared type `AdaBracketOrder`

error[E0433]: cannot find type `AdaBracketOrder` in this scope
    --> tests/gemm_bi_fixed_tf32_n96_discovery.rs:1700:13
     |
1700 |             AdaBracketOrder::Abba => "ABBA",
     |             ^^^^^^^^^^^^^^^ use of undeclared type `AdaBracketOrder`

error[E0433]: cannot find type `AdaBracketOrder` in this scope
    --> tests/gemm_bi_fixed_tf32_n96_discovery.rs:1701:13
     |
1701 |             AdaBracketOrder::Baab => "BAAB",
     |             ^^^^^^^^^^^^^^^ use of undeclared type `AdaBracketOrder`

Some errors have detailed explanations: E0425, E0433.
For more information about an error, try `rustc --explain E0425`.
error: could not compile `mamba-rs` (test "gemm_bi_fixed_tf32_n96_discovery") due to 9 previous errors
