START_BASELINE 2026-09-06T12:27:05Z
Fixed completed naturally EXIT0 before requested interrupt could reach its exited PID.
c600c262c0e06faa937869bee6993e08afb38bbb929701b1e8c4a7f5e96e5ddb  tests/gemm_bi_performance_matrix.rs
25148ef87bb2d8a37a65864c33757e0cd5deadb3d05813d43bd71115234b185d  tests/gemm_bi_sm120_tf32_vendor.rs
3191ece391163cd9b20931370e8e3514eacc5ee62ea8de508086412a3bdb6b53  src/mamba_ssm/gpu/gemm_bi_triad/modules.rs
KERNEL_CACHE=/root/triad-sm120-cache-kdyOx0
nvcc: NVIDIA (R) Cuda compiler driver
Copyright (c) 2005-2026 NVIDIA Corporation
Built on Thu_Mar_19_11:12:51_PM_PDT_2026
Cuda compilation tools, release 13.2, V13.2.78
Build cuda_13.2.r13.2/compiler.37668154_0
GPU-4eaf00b2-ac9c-6e9e-9718-51f1ca58d628, 0 %, 15 MiB
START auto60 2026-09-06T12:27:05Z
END auto60 EXIT=0 2026-09-06T12:31:20Z
4be97d2ef30dac1a8167013713d8738c921143c9ca6042fd22f6b22c1a7beef2  /root/triad-sm120-current21/auto60-v1.log
GPU-4eaf00b2-ac9c-6e9e-9718-51f1ca58d628, 0 %, 15 MiB
START vendor45 2026-09-06T12:31:21Z
END vendor45 EXIT=0 2026-09-06T12:33:36Z
43e113e202abaa973ac8b4083d93e5167878b4150d84a4e7b8f0fa6f7f1a9da3  /root/triad-sm120-current21/vendor45-v1.log
RUNNER_EXIT=0 2026-09-06T12:33:36Z
