2026-09-07T04:42:56Z
INVALID_ENV_CACHE_VAR=MAMBA_KERNEL_CACHE (unread by source; accepted var is MAMBA_RS_KERNEL_CACHE)
DEFAULT_CACHE_PRESENT
mamba-kernels-02be24a6e9d2fdcf3655482478795828.ptx 5967100 2026-08-26T17:09:19.2393804080
mamba-kernels-03621e1ce780d65d8ac8d322c5bd4ac4.ptx 5142410 2026-08-25T01:25:33.6512565290
mamba-kernels-04507e0144983fa7b2b337ddc7447278.ptx 7102991 2026-08-27T01:19:33.1377525940
mamba-kernels-0977828309e84d96160d5641b50fe1b1.ptx 5965340 2026-08-26T15:35:25.7815685050
mamba-kernels-0b0d84c3a77a445e1a5c5e73ca995e5d.ptx 5969242 2026-08-26T21:24:05.6667166590
mamba-kernels-0b4a32bb0f3a2532fe56317a176120b7.ptx 5969290 2026-08-26T18:27:24.9645657130
mamba-kernels-0eb3074dd2a752755b23b388a1978f28.ptx 5142384 2026-08-26T04:15:29.7735314310
mamba-kernels-0f21a74897042a726e4b8208e1ca319b.ptx 5969312 2026-08-26T18:27:33.0316048720
mamba-kernels-106ef35e550c22306bb93625a9348f23.ptx 5288686 2026-08-26T08:28:27.2400274700
mamba-kernels-10eddc8199e6334de5b8e43772ef11ec.ptx 5288590 2026-08-26T08:55:59.2470086590
mamba-kernels-11be77c4677817d624818c5bfd597447.ptx 5124655 2026-08-24T04:46:01.0439246480
mamba-kernels-139234a38defcd33c0386734abba6e0e.ptx 5969312 2026-08-26T21:25:36.2291842520
mamba-kernels-18b8cf70b17f862f4cfb610a6da63600.ptx 5969242 2026-08-26T22:27:04.2846815450
mamba-kernels-191235e4f07c720a449782464dedb14f.ptx 5091686 2026-08-24T04:39:33.5259770460
mamba-kernels-2106b5dba91c93d3b3ae8decd233f524.ptx 5230926 2026-08-26T05:00:58.1508760510
mamba-kernels-222e082d62e03a780e06c3ab70cc3129.ptx 5357695 2026-08-26T10:44:40.4055751380
mamba-kernels-22b8a7a4cdbe09da134b9f9f6cd64dcb.ptx 5145175 2026-08-26T05:58:43.9842343740
mamba-kernels-23d3d7dbd463d2c41b74092f4fea33db.ptx 5965340 2026-08-26T15:47:27.8645091760
mamba-kernels-260c94187dc80c7de8c6c74b04171588.ptx 5967052 2026-08-26T16:07:28.6414537890
mamba-kernels-2c5d9cb2b0eda919c51d2a62e36fef54.ptx 5357721 2026-08-26T10:41:51.0219027930
mamba-kernels-3175304949a2d4f751321d072e413a54.ptx 5141590 2026-08-26T05:08:53.2207947590
mamba-kernels-35295d028356568623c0663f8de11fc1.ptx 5087864 2026-08-24T04:27:17.4681047360
mamba-kernels-35edd1cc5f34ba8ab247f532e000c43d.ptx 5967052 2026-08-26T17:26:55.5437375330
mamba-kernels-3645538c76bea42fafc8987cc9816b5a.ptx 5145175 2026-08-26T05:21:17.5184871450
mamba-kernels-38051e08b0ca187d896950e99fd991d6.ptx 7102991 2026-08-27T00:01:48.9620622300
mamba-kernels-3a8af8d7725b3de033035188e2041cb5.ptx 5288616 2026-08-26T08:56:56.4722948340
mamba-kernels-3c5b0ad72d65b751f88e45e8d5341900.ptx 5433717 2026-08-26T11:11:28.1799362470
mamba-kernels-45ad03ee2f040f9276b154ad9298af31.ptx 7102991 2026-08-27T23:33:45.1160270190
mamba-kernels-469cb81bae30a7016e216474f0198224.ptx 5433717 2026-08-26T11:05:55.9756120030
mamba-kernels-481f9f1fe426cbebf5f43e4b56dca936.ptx 5965410 2026-08-26T15:47:43.2445908150
mamba-kernels-487960b453e8434857448d105b57cfe1.ptx 5142410 2026-08-26T04:15:46.3236075940
mamba-kernels-4ba0616e993c6f3a56a04cb17dbde071.ptx 5969216 2026-08-26T22:28:09.9509741620
mamba-kernels-4be03b0c7a4caa4c234e4c39e6bf6e7f.ptx 5288664 2026-08-26T08:28:04.8888811740
mamba-kernels-4e9f3feac4674d3b21c42ff045728190.ptx 5967026 2026-08-26T17:27:20.4588437800
mamba-kernels-501890d9a6741bce02111109f6c12cd3.ptx 5967052 2026-08-26T17:04:58.2814612680
mamba-kernels-5469e57c766a6db591bcf407f100fb40.ptx 5965388 2026-08-26T15:38:04.1614587720
mamba-kernels-54b67b26a0cd6ec720ce6b83835be2c0.ptx 5124703 2026-08-24T04:47:10.1713019880
mamba-kernels-58749a83968426036b7b66b64e204ba0.ptx 5087838 2026-08-24T04:28:35.2315338120
mamba-kernels-5992496d078189d905544ba2655f30d2.ptx 4949198 2026-08-24T10:08:18.3788243860
mamba-kernels-5e0a5a971beedc5930c7b453a4abffe2.ptx 5965314 2026-08-26T15:47:30.2715219560
mamba-kernels-61a4d17490d9e6b6cac008d3be427175.ptx 5142480 2026-08-25T01:27:17.4388867260
mamba-kernels-643f8df3e83959dafa1e2d96aaa77b87.ptx 5241946 2026-08-26T05:02:47.7993190370
mamba-kernels-6727d72190229b07819b7cde3f3a36b6.ptx 5967026 2026-08-26T17:08:51.1613528780
mamba-kernels-69ae2cf907183912c36fc2d9b2e854b3.ptx 5967052 2026-08-26T16:01:47.1202749630
mamba-kernels-6e2c3fbfd9efb2b29b5f2fd6bd43abb1.ptx 6535638 2026-08-26T23:58:33.7463287100
mamba-kernels-7087b6b78bc4223788b5e387b0d8b486.ptx 5273708 2026-08-26T09:41:10.4574172520
mamba-kernels-7477e7ccf4b6cfc6004498c77baf003d.ptx 5141588 2026-08-26T05:04:32.5087447940
mamba-kernels-76b8353f928b82f98f06e54440fd5ffa.ptx 5965340 2026-08-26T15:26:25.0352786830
mamba-kernels-77a4a9b22d77edd7ba3434b584d0d986.ptx 5965388 2026-08-26T15:47:42.8035884750
mamba-kernels-77f4c0a9e0760fb587df4c5041c7c48c.ptx 5288616 2026-08-26T07:14:53.7497818510
mamba-kernels-81762a04f6150f93129a22dbeec9136e.ptx 5124629 2026-08-24T04:45:36.6528028880
mamba-kernels-84f987c1d0fba4a54a23a55aba037664.ptx 5965410 2026-08-26T15:38:33.6076221060
mamba-kernels-87e66087fc0d43b3dfb6d1f6546b7078.ptx 5965314 2026-08-26T15:35:56.8147446730
mamba-kernels-88726eab07b32c04ad361ffd7d6b8b8f.ptx 5969216 2026-08-26T18:24:42.9607752260
mamba-kernels-889823187cc3eab0f855fdac5960b5f9.ptx 5967052 2026-08-26T16:45:47.1152312340
mamba-kernels-916cc6e46b547af73698692869cf9d30.ptx 5124725 2026-08-24T04:47:33.4304579570
mamba-kernels-93a4f9da086ae7cc93a2b4c58c4dda85.ptx 5969290 2026-08-26T22:28:41.9581172760
mamba-kernels-94eefdbb1800f3aa0e4e4557d5a12d25.ptx 5433691 2026-08-26T11:19:53.4219580090
mamba-kernels-9868acb96123062eb317ed1793215f9b.ptx 7103061 2026-08-27T00:07:55.2375201100
mamba-kernels-994736de1e8c64d01816c17ca414a58f.ptx 7102965 2026-08-27T00:07:04.4473134480
mamba-kernels-99d59d584eca49c271b631bca3e2413f.ptx 4102886 2026-08-26T04:14:00.2241215100
mamba-kernels-9fb8611d63a0599f0d80559ca20d399e.ptx 5969290 2026-08-26T21:25:35.8241821670
mamba-kernels-a012954b9e4767bba31ec0eea1e7c63a.ptx 4102908 2026-08-26T04:14:19.6872102720
mamba-kernels-a23415f51ef20e638eb5c3cb6e1b345c.ptx 5967122 2026-08-26T17:09:19.6403808430
mamba-kernels-a3ca637afcdbc73085ed402f9558ac25.ptx 5969312 2026-08-26T22:28:42.4221193530
mamba-kernels-a588ccd46d3217802607f98a4b8412e7.ptx 5034502 2026-08-24T04:23:03.4076425960
mamba-kernels-aa46e6c6998d0285ad48737dde334eb0.ptx 5967052 2026-08-26T16:10:12.7014369710
mamba-kernels-aae7eb4a6f0436e09c681fa41915a379.ptx 5433691 2026-08-26T11:37:58.9010483280
mamba-kernels-b0d767bc060d86ad4adc298e6ad4bfaa.ptx 5146282 2026-08-26T05:12:49.9345957720
mamba-kernels-b923e2cd5081af138be38a295eaae170.ptx 5142458 2026-08-26T04:20:29.7619272540
mamba-kernels-c1978f482c87d80032fdeb58c3f4e1bf.ptx 5967122 2026-08-26T16:13:08.8634636230
mamba-kernels-c1c5b23b917a57f8eff66294b87548ef.ptx 5356296 2026-08-26T08:39:39.0916722500
mamba-kernels-c2615bab204ade57a7a6551a3a75d130.ptx 5969216 2026-08-26T21:25:07.2940351420
mamba-kernels-c33a90e519134cd30ac26f96b2a075fe.ptx 5967100 2026-08-26T17:27:48.6319645590
mamba-kernels-c379c6cad7c0e1d01ee935bf9ce5d939.ptx 5965440 2026-08-26T23:34:02.0010939570
mamba-kernels-c4b22480c8a2606aae817b3cb5e5f231.ptx 5969194 2026-08-26T18:21:09.6087188220
mamba-kernels-c66514dbd18001fe5b9258e1fac0d05f.ptx 5145149 2026-08-26T05:21:46.8516007610
mamba-kernels-c7efd0f538f79274e7d69d87495761e1.ptx 5288590 2026-08-26T07:46:43.8691760840
mamba-kernels-ce02f5da95287ee2b0e7c32d09725cd9.ptx 5141590 2026-08-26T05:06:51.2483121820
mamba-kernels-d0822e4230dd9d9aa83e50205fba158b.ptx 5969161 2026-08-26T23:38:42.7002523420
mamba-kernels-d0b60a77fc584d4d7a1a55d177a50b16.ptx 5433717 2026-08-26T11:18:08.7335386290
mamba-kernels-d0fb5f74141d24be43229c88c8b84eb7.ptx 7103039 2026-08-27T00:07:45.8664818950
mamba-kernels-d191e1d3b6c01a62c794f99cc2ffdf71.ptx 5145245 2026-08-26T05:22:58.1628782570
mamba-kernels-d472553b3c9195c4a543fceec8add09d.ptx 5967026 2026-08-26T16:12:24.0052045350
mamba-kernels-d5fa8812c62ac98746436be5a6945754.ptx 5142480 2026-08-26T04:20:46.2220046130
mamba-kernels-dab95ca35e906efa3bdf3e4f93d3ede9.ptx 5145175 2026-08-26T05:15:02.1490708920
mamba-kernels-e460ccee61716d34d5ab086d7ce1a099.ptx 5142384 2026-08-25T01:26:25.6495736360
mamba-kernels-e46346b65a4a675c143f146e723ce2bb.ptx 5967100 2026-08-26T16:13:00.9634180990
mamba-kernels-e58c6aa0f0bb9e5ac2ebcb9719caa0d5.ptx 5965344 2026-08-26T23:33:17.6419150820
mamba-kernels-e5ca1bdefd7d7c491e88af6a793077d6.ptx 5969242 2026-08-26T18:24:16.2166438790
mamba-kernels-e709de38e8f2b56f82d498a1193d12ae.ptx 7102991 2026-08-27T01:45:18.1107577900
mamba-kernels-e9b7120a526c2f84cf94bb5e64b8f429.ptx 5142410 2026-08-26T01:53:46.7114085560
mamba-kernels-ea3c662319feaad2e14e55983808b111.ptx 5142458 2026-08-25T01:26:54.9967513720
mamba-kernels-eafe57fec546ae2f27f3aabb503190f6.ptx 5091660 2026-08-24T04:39:09.1348532530
mamba-kernels-eb8a9ab346bb2ba073980b55f2bd4563.ptx 5145175 2026-08-26T06:56:13.4858765020
mamba-kernels-f1ae02f4e0cd674f911e4b04ad289c2c.ptx 5965370 2026-08-26T23:29:36.7680486230
mamba-kernels-f6830b7a3443f0ec5e3b4e1427e1f7b9.ptx 5965418 2026-08-26T23:33:53.9740614880
mamba-kernels-f7df5dc033565d6246d159d12d1d0d01.ptx 5145223 2026-08-26T05:22:32.5877785370
mamba-kernels-f81c3686f21ec931da2f0243e2c5226a.ptx 5356322 2026-08-26T08:38:49.9046600970
mamba-kernels-fde617efb6803a170c49dc4c0f80c56e.ptx 5967122 2026-08-26T17:27:49.0399663130
mamba-kernels-fde80d33c5464d1b82244fa37a2c2c8c.ptx 5969168 2026-08-26T18:21:35.2098467350
mamba3-kernels-01366ef0fa7e3b4db229af7851cd6774.ptx 1465656 2026-08-26T01:53:53.3834445460
mamba3-kernels-047b9d1985fa2e49f1f7c647660cb5be.ptx 1498863 2026-08-26T09:17:14.9411713640
mamba3-kernels-0775896114249ed4259d06df88bdde5b.ptx 1613630 2026-08-26T09:39:18.4129105970
mamba3-kernels-0a8566d15332dfc764571270ee4a5b3a.ptx 1468492 2026-08-26T05:23:18.0269558540
mamba3-kernels-0bb7567b5ed94e8cc4861ed8c32c7da7.ptx 1923402 2026-08-26T18:02:41.6684291020
mamba3-kernels-10ebb23a6d56976d780c7338e1644a74.ptx 1844768 2026-08-26T16:33:17.1271616140
mamba3-kernels-129fdac53dbd8c68ba508e812b7c914f.ptx 1537236 2026-08-26T09:22:03.7778243580
mamba3-kernels-138b0279c627a7027e528b2f008f13ad.ptx 1851631 2026-08-26T17:45:48.9858073240
mamba3-kernels-17006d85178b2931d407fdda8a6f5448.ptx 1715705 2026-08-26T14:20:57.1901380320
mamba3-kernels-242023a1f30439a436667cc4f5849a57.ptx 1851631 2026-08-27T01:19:39.5767778060
mamba3-kernels-28d74796c1226deb220a53cfada5994c.ptx 1465727 2026-08-26T04:20:57.5470578750
mamba3-kernels-2a1b4f46f5836b35626b6464e640b6f2.ptx 1923477 2026-08-26T18:03:10.6905633320
mamba3-kernels-2b459bc58261f29045f978bce8b37a3d.ptx 1613722 2026-08-26T09:39:27.2829505050
mamba3-kernels-3198233226d3a665c288ef47bb6db7b2.ptx 1849288 2026-08-26T16:54:10.9639589470
mamba3-kernels-3623ef67ac8b5cee7656e08cdbf4a84b.ptx 1847316 2026-08-26T16:40:47.4226071200
mamba3-kernels-39e3b8634e0b8ecb4d0e01e02d5b2c66.ptx 1613797 2026-08-26T09:26:04.1086098820
mamba3-kernels-3a35299f7054168b6c5d22e7b2c5b1c8.ptx 1849222 2026-08-26T17:05:04.7264961340
mamba3-kernels-3a87a91b046209e2e04f667ea66edee9.ptx 1486452 2026-08-26T09:12:16.2580721540
mamba3-kernels-4c549cec6a7bb67b9abed7b2caf72708.ptx 1457233 2026-08-26T09:41:22.1264703140
mamba3-kernels-4de8b1aa9e04628e45d0c51e83be5e29.ptx 1457269 2026-08-26T09:44:18.7021497970
mamba3-kernels-4f262c4bc6c12944be9382320082225d.ptx 1849281 2026-08-26T17:09:41.6194063760
mamba3-kernels-529f9e3150fdbc0d3266006718fa6390.ptx 1613763 2026-08-26T09:37:05.1733160460
mamba3-kernels-531782d47913d90f1f5b90b804f50f90.ptx 1715682 2026-08-26T14:21:21.9762817410
mamba3-kernels-5e7d71a8558d4d649e8cb70966c8bc07.ptx 1468421 2026-08-26T05:58:50.2742590290
mamba3-kernels-61b8d28f540379ae15ee41cccedd2919.ptx 1849186 2026-08-26T17:05:52.3557537920
mamba3-kernels-65506c23d3a5e918b85c776a15618dc5.ptx 1851846 2026-08-27T23:34:02.3161059540
mamba3-kernels-7502c8caf663e788c2423130f34a73f1.ptx 1540196 2026-08-26T09:23:26.8950768430
mamba3-kernels-7718230c8661f960eb0f52055a0b036d.ptx 1849260 2026-08-26T17:09:31.5203942270
mamba3-kernels-787796a4e6b9edac4205a64b117c1e1d.ptx 1613701 2026-08-26T09:39:09.7158715050
mamba3-kernels-7c8c07f5a1cc5a08069677cc39d1884d.ptx 1465656 2026-08-24T04:28:46.9225977280
mamba3-kernels-8c7aea562880e0db4ebfb0912ca29e2a.ptx 1468513 2026-08-26T05:23:27.4779928160
mamba3-kernels-8de505de80fb1452ccb49f612a3c82ad.ptx 1847411 2026-08-26T16:47:40.6848462980
mamba3-kernels-985233f6cd9df5af29b4c2e292525656.ptx 1847316 2026-08-26T16:45:47.3512325120
mamba3-kernels-9f268bd9fd4c445c319b931050c14b81.ptx 1715630 2026-08-26T14:18:34.0432801810
mamba3-kernels-a587b5eef43ed6dfc173ba4cf955066e.ptx 1847560 2026-08-26T16:40:36.6995489710
mamba3-kernels-afc67cab74f2c2b478bbc3360a743e07.ptx 1468457 2026-08-26T05:21:24.1415127700
mamba3-kernels-b43281cafd91575258c2d4face29830d.ptx 1847598 2026-08-26T16:47:30.6717920760
mamba3-kernels-b74b1b6f912a32e0520920912c457069.ptx 1613799 2026-08-26T09:35:53.3119997820
mamba3-kernels-ba9307467aca242bd2dc2c57274c6d18.ptx 1613834 2026-08-26T09:37:30.0594263400
mamba3-kernels-c02e1ecc85d8f91522c60aad81244d3e.ptx 1613666 2026-08-26T09:39:37.3529958560
mamba3-kernels-c4f62070ad2aa208a4cf5d712f219681.ptx 1851726 2026-08-26T17:46:23.0499591050
mamba3-kernels-d5cec6c8d5ac928c841484a8b5111389.ptx 1844635 2026-08-26T16:33:50.8873452990
mamba3-kernels-d7bdf2ac68a82ff3f71126edbd4f42f4.ptx 1715660 2026-08-26T14:21:30.9813336390
mamba3-kernels-db21eb3f9de83338ed587029e293142b.ptx 1849116 2026-08-26T16:53:45.9518235860
mamba3-kernels-dd2debe4e0af4d941a468259774cd3d1.ptx 1851705 2026-08-26T17:46:13.5149165750
mamba3-kernels-e0463bef73b46a20622e9f2cf94be4b5.ptx 1465692 2026-08-26T04:20:05.0468112230
mamba3-kernels-e76bb2ac7dffdf2930339422124692e0.ptx 1465692 2026-08-24T04:28:51.3296217830
mamba3-kernels-eb5c54c215ad100d9dfc48bb6da5ed02.ptx 1468457 2026-08-26T08:55:59.4330095810
mamba3-kernels-f1e3fe43386bd9c9de90b318e774fb36.ptx 1468421 2026-08-26T05:22:02.1976603290
mamba3-kernels-f444eab959e7f6525ff3b860162271c3.ptx 1613761 2026-08-26T09:26:13.9146451680
mamba3-kernels-f59397bb19150ef7f1b0431e130f67e4.ptx 1851667 2026-08-26T17:44:49.3485427250
mamba3-kernels-f74f00aa3de977afe6990c2188651130.ptx 1465748 2026-08-26T04:21:03.6960868070
mamba3-kernels-f7559a4b227b08c162021d30baae0c6a.ptx 1497131 2026-08-26T09:14:14.6440182670
mamba3-kernels-fb7f4900327f1d5a07034ccc53b13879.ptx 1465748 2026-08-24T04:48:00.9506405130
mamba3-kernels-fd1e90c51003573e76207be67e35a449.ptx 1768344 2026-08-26T16:31:42.4286459590
mamba3-kernels-fecdd69620ed40f6f618aae8ef960ef5.ptx 1465727 2026-08-24T04:47:52.0845819280
BOUND_CACHE cuda128 mode=700
mamba-kernels-v1-da5dabeff55570d1fb6ca43a1d4a8aa7a2a9d25efb6436ed7f03c4a28a73d986.bin 2437269 2026-09-07T06:30:39.0320676020 mamba-kernels-v1-57c3e4f2177104f137d432f19398a4a36799aca4c264634a1ab25d17dbf422ba.bin 6995206 2026-09-07T06:30:31.9010394610 mamba-kernels-v1-73fbec7557a95462a555e39f1b3c94e8d2bcc7047a14f8f3e3fa51a768ec5b9a.bin 14018434 2026-09-07T06:31:16.6772161940 sha256=48a388fc610d110bb884ea3cd0f49eda299c0c7ce0c8e2beb24d34a925198a54
LOG_TIMES cuda128
/root/evidence-ada-half-s3-auto-fix1-20260907/cuda128-pipeline-holders-unbound-env-invalid.log mtime=2026-09-07 06:28:43.508611990 +0200 size=3478
/root/evidence-ada-half-s3-auto-fix1-20260907/cuda128-pipeline-holders.log mtime=2026-09-07 06:31:16.912217122 +0200 size=3431
/root/evidence-ada-half-s3-auto-fix1-20260907/cuda128-fixed_sm89_half_pipeline_auto_hot_cell_prefix_view_graph_bits.log mtime=2026-09-07 06:37:33.025695849 +0200 size=427
BOUND_CACHE cuda130 mode=700
mamba-kernels-v1-adee1f8b255bacfce8921820d9397a0a22a0dbaac735759fdcd222a453176155.bin 6993516 2026-09-07T06:32:30.0205058450 mamba-kernels-v1-ceeda6e9d55cfd166dafd638a9055daf8a1bb044f573c3349e147bff03b8fe7b.bin 2437269 2026-09-07T06:32:37.1735341040 mamba-kernels-v1-feac83eb41fcc629d0c4bf9be1758d9e92c431728e17c1f46cfcd5c5a9ebc27d.bin 14018434 2026-09-07T06:33:16.4006891050 sha256=d9fb2c9fc89234ef6fd51966f41a291438cd49f68a2881bc696df4041c39c9e3
LOG_TIMES cuda130
/root/evidence-ada-half-s3-auto-fix1-20260907/cuda130-pipeline-holders-unbound-env-invalid.log mtime=2026-09-07 06:28:47.517627790 +0200 size=3298
/root/evidence-ada-half-s3-auto-fix1-20260907/cuda130-pipeline-holders.log mtime=2026-09-07 06:33:16.688690243 +0200 size=3450
/root/evidence-ada-half-s3-auto-fix1-20260907/cuda130-fixed_sm89_half_pipeline_auto_hot_cell_prefix_view_graph_bits.log mtime=2026-09-07 06:38:36.713936232 +0200 size=427
BOUND_CACHE cuda132 mode=700
mamba-kernels-v1-822ebf0dda7dcf9c4f5c5a2213884dde42ab45f5cf238479a81856042c302b7c.bin 2395145 2026-09-07T06:34:31.3969855680 mamba-kernels-v1-3a5fcbc3e7fef62dbb3542118d6d99d4ffba12b0cac04103b58f27ab4be36fb0.bin 6963672 2026-09-07T06:34:30.9099836420 mamba-kernels-v1-3809af034718aa08dfdfc1b6baeb407715436dc7db87ef39825b033c2fd72541.bin 13437599 2026-09-07T06:34:32.9269916180 sha256=5035921fc8e078e5454c9c5392f9e9ee6ca6a3de54c1e08cb54bba432fa37546
LOG_TIMES cuda132
/root/evidence-ada-half-s3-auto-fix1-20260907/cuda132-pipeline-holders-unbound-env-invalid.log mtime=2026-09-07 06:28:51.493643462 +0200 size=3298
/root/evidence-ada-half-s3-auto-fix1-20260907/cuda132-pipeline-holders.log mtime=2026-09-07 06:34:33.140992464 +0200 size=3402
/root/evidence-ada-half-s3-auto-fix1-20260907/cuda132-fixed_sm89_half_pipeline_auto_hot_cell_prefix_view_graph_bits.log mtime=2026-09-07 06:40:15.382311072 +0200 size=427
