2026-09-07T04:43:12Z
INVALID_ENV_CACHE_VAR=MAMBA_KERNEL_CACHE (unread by source; accepted var is MAMBA_RS_KERNEL_CACHE)
DEFAULT_CACHE_FILE_COUNT=157
DEFAULT_CACHE_NEWEST=2026-08-27T23:34:02.3161059540 mamba3-kernels-65506c23d3a5e918b85c776a15618dc5.ptx
BOUND_CACHE cuda128 mode=700
mamba-kernels-v1-57c3e4f2177104f137d432f19398a4a36799aca4c264634a1ab25d17dbf422ba.bin 6995206 2026-09-07T06:30:31.9010394610
mamba-kernels-v1-73fbec7557a95462a555e39f1b3c94e8d2bcc7047a14f8f3e3fa51a768ec5b9a.bin 14018434 2026-09-07T06:31:16.6772161940
mamba-kernels-v1-da5dabeff55570d1fb6ca43a1d4a8aa7a2a9d25efb6436ed7f03c4a28a73d986.bin 2437269 2026-09-07T06:30:39.0320676020
LOG_TIMES cuda128
/root/evidence-ada-half-s3-auto-fix1-20260907/cuda128-pipeline-holders-unbound-env-invalid.log mtime=2026-09-07 06:28:43.508611990 +0200 size=3478
/root/evidence-ada-half-s3-auto-fix1-20260907/cuda128-pipeline-holders.log mtime=2026-09-07 06:31:16.912217122 +0200 size=3431
/root/evidence-ada-half-s3-auto-fix1-20260907/cuda128-fixed_sm89_half_pipeline_auto_hot_cell_prefix_view_graph_bits.log mtime=2026-09-07 06:37:33.025695849 +0200 size=427
BOUND_CACHE cuda130 mode=700
mamba-kernels-v1-adee1f8b255bacfce8921820d9397a0a22a0dbaac735759fdcd222a453176155.bin 6993516 2026-09-07T06:32:30.0205058450
mamba-kernels-v1-ceeda6e9d55cfd166dafd638a9055daf8a1bb044f573c3349e147bff03b8fe7b.bin 2437269 2026-09-07T06:32:37.1735341040
mamba-kernels-v1-feac83eb41fcc629d0c4bf9be1758d9e92c431728e17c1f46cfcd5c5a9ebc27d.bin 14018434 2026-09-07T06:33:16.4006891050
LOG_TIMES cuda130
/root/evidence-ada-half-s3-auto-fix1-20260907/cuda130-pipeline-holders-unbound-env-invalid.log mtime=2026-09-07 06:28:47.517627790 +0200 size=3298
/root/evidence-ada-half-s3-auto-fix1-20260907/cuda130-pipeline-holders.log mtime=2026-09-07 06:33:16.688690243 +0200 size=3450
/root/evidence-ada-half-s3-auto-fix1-20260907/cuda130-fixed_sm89_half_pipeline_auto_hot_cell_prefix_view_graph_bits.log mtime=2026-09-07 06:38:36.713936232 +0200 size=427
BOUND_CACHE cuda132 mode=700
mamba-kernels-v1-3809af034718aa08dfdfc1b6baeb407715436dc7db87ef39825b033c2fd72541.bin 13437599 2026-09-07T06:34:32.9269916180
mamba-kernels-v1-3a5fcbc3e7fef62dbb3542118d6d99d4ffba12b0cac04103b58f27ab4be36fb0.bin 6963672 2026-09-07T06:34:30.9099836420
mamba-kernels-v1-822ebf0dda7dcf9c4f5c5a2213884dde42ab45f5cf238479a81856042c302b7c.bin 2395145 2026-09-07T06:34:31.3969855680
LOG_TIMES cuda132
/root/evidence-ada-half-s3-auto-fix1-20260907/cuda132-pipeline-holders-unbound-env-invalid.log mtime=2026-09-07 06:28:51.493643462 +0200 size=3298
/root/evidence-ada-half-s3-auto-fix1-20260907/cuda132-pipeline-holders.log mtime=2026-09-07 06:34:33.140992464 +0200 size=3402
/root/evidence-ada-half-s3-auto-fix1-20260907/cuda132-fixed_sm89_half_pipeline_auto_hot_cell_prefix_view_graph_bits.log mtime=2026-09-07 06:40:15.382311072 +0200 size=427
