[
  {
    "variant": "padded_copy_plan",
    "path": "eager",
    "order": "ABBA",
    "registers": 185,
    "auto_us": 274.888899591,
    "candidate_us": 300.710227754,
    "ratio_p50": 1.0940533310729093,
    "ratio_p95": 1.094196726121566
  },
  {
    "variant": "padded_copy_plan",
    "path": "eager",
    "order": "BAAB",
    "registers": 185,
    "auto_us": 274.801784092,
    "candidate_us": 300.572448307,
    "ratio_p50": 1.0937888372402937,
    "ratio_p95": 1.0943259140928485
  },
  {
    "variant": "padded_copy_plan",
    "path": "graph",
    "order": "ABBA",
    "registers": 185,
    "auto_us": 273.692435688,
    "candidate_us": 299.861338403,
    "ratio_p50": 1.095567654414111,
    "ratio_p95": 1.09574927373384
  },
  {
    "variant": "padded_copy_plan",
    "path": "graph",
    "order": "BAAB",
    "registers": 185,
    "auto_us": 273.716449738,
    "candidate_us": 299.882663621,
    "ratio_p50": 1.0954822428186788,
    "ratio_p95": 1.0960790884535574
  },
  {
    "variant": "padded_ldmatrix",
    "path": "eager",
    "order": "ABBA",
    "registers": 160,
    "auto_us": 275.057779418,
    "candidate_us": 274.83022213,
    "ratio_p50": 0.9993310272431147,
    "ratio_p95": 0.9999870810334331
  },
  {
    "variant": "padded_ldmatrix",
    "path": "eager",
    "order": "BAAB",
    "registers": 160,
    "auto_us": 274.826659097,
    "candidate_us": 274.695118268,
    "ratio_p50": 0.999443687275661,
    "ratio_p95": 1.0001779566930118
  },
  {
    "variant": "padded_ldmatrix",
    "path": "graph",
    "order": "ABBA",
    "registers": 160,
    "auto_us": 273.720886972,
    "candidate_us": 274.201777246,
    "ratio_p50": 1.0016626958287131,
    "ratio_p95": 1.002078801835039
  },
  {
    "variant": "padded_ldmatrix",
    "path": "graph",
    "order": "BAAB",
    "registers": 160,
    "auto_us": 273.66399765,
    "candidate_us": 274.196452565,
    "ratio_p50": 1.0018872406055472,
    "ratio_p95": 1.0020722812077927
  }
]
PASS: both build-source maps, two real tests, 56 raw four-leg brackets, 8 paired strata; no cuBLAS or promotion claim.
