warning: constant `SYMBOL_PREFIX` is never used
 --> tests/support/triad_half_nt_fixed_s3_source.rs:1:11
  |
1 | pub const SYMBOL_PREFIX: &str = "gemm_bi_nt_test_fixed_s3_bxor_";
  |           ^^^^^^^^^^^^^
  |
  = note: `#[warn(dead_code)]` (part of `#[warn(unused)]`) on by default

warning: `mamba-rs` (test "gemm_bi_half_nt_m64n128_s3_groupm8_d768_out_discovery") generated 1 warning
    Finished `release` profile [optimized] target(s) in 0.07s
     Running tests/gemm_bi_half_nt_m64n128_s3_groupm8_d768_out_discovery.rs (/root/half-nt-groupm8-target-20260909/release/deps/gemm_bi_half_nt_m64n128_s3_groupm8_d768_out_discovery-97f5466101ef56eb)

running 1 test
test cuda_suite::ada_f16_nt_m64n128_bk64_s3_groupm8_d768_out_scout_once7 ... GPU quiet gate half-nt-m64n128-s3-groupm8/pre-context: uuid=GPU-d1edd7be-e88d-aed6-047d-622163306f0e gpu_util=0% memory_util=0% used=48MiB sm_clock=1800MHz temperature=39C pstate=P5; quiet_samples=5
GPU quiet gate half-nt-m64n128-s3-groupm8/cohort: uuid=GPU-d1edd7be-e88d-aed6-047d-622163306f0e gpu_util=0% memory_util=0% used=534MiB sm_clock=1800MHz temperature=41C pstate=P2; quiet_samples=5
{"schema":"MambaBiHalfNtM64N128S3GroupM8ResourceV1","arm":"m64n128_bk64_s3_groupm8","registers":119,"local_bytes":0,"static_shared_bytes":0,"dynamic_shared_bytes":73728,"active_ctas":1,"required_active_ctas":1}
{"schema":"MambaBiHalfNtM64N128S3GroupM8ResourceV1","arm":"measured_m64n128_bk64_s3","registers":119,"local_bytes":0,"static_shared_bytes":0,"dynamic_shared_bytes":73728,"active_ctas":1,"required_active_ctas":1}
{"schema":"MambaBiHalfNtM64N128S3GroupM8BitsV1","case":"d768_out","shape":[2048,1536,768],"alpha":1,"exceptional":false,"candidate_vs_measured_s3_exact":true,"eager_graph_repeats":3,"words":3145728}
{"schema":"MambaBiHalfNtM64N128S3GroupM8BitsV1","case":"ragged_group_m9","shape":[513,256,64],"alpha":1,"exceptional":false,"candidate_vs_measured_s3_exact":true,"eager_graph_repeats":3,"words":131328}
{"schema":"MambaBiHalfNtM64N128S3GroupM8BitsV1","case":"m_tail_negative_alpha","shape":[67,128,64],"alpha":-0.75,"exceptional":false,"candidate_vs_measured_s3_exact":true,"eager_graph_repeats":3,"words":8576}
{"schema":"MambaBiHalfNtM64N128S3GroupM8BitsV1","case":"n_tail","shape":[64,131,64],"alpha":1,"exceptional":false,"candidate_vs_measured_s3_exact":true,"eager_graph_repeats":3,"words":8384}
{"schema":"MambaBiHalfNtM64N128S3GroupM8BitsV1","case":"k_tail","shape":[64,128,69],"alpha":1,"exceptional":false,"candidate_vs_measured_s3_exact":true,"eager_graph_repeats":3,"words":8192}
{"schema":"MambaBiHalfNtM64N128S3GroupM8BitsV1","case":"exceptional_full_tile","shape":[64,128,64],"alpha":1,"exceptional":true,"candidate_vs_measured_s3_exact":true,"eager_graph_repeats":3,"words":8192}
{"schema":"MambaBiHalfNtM64N128S3GroupM8BitsV1","case":"k0","shape":[64,128,0],"alpha":1,"exceptional":false,"candidate_vs_measured_s3_exact":true,"eager_graph_repeats":3,"words":8192}
{"schema":"MambaBiHalfNtM64N128S3GroupM8TimingV1","phase":"scout_once3","comparator":"measured_m64n128_bk64_s3","path":"eager","order":"ABBA","window":0,"operations":20,"raw_us":[39.83359932899475, 39.68000113964081, 39.62880074977875, 39.78239893913269],"ratio":1.0038734209998055}
{"schema":"MambaBiHalfNtM64N128S3GroupM8TimingV1","phase":"scout_once3","comparator":"measured_m64n128_bk64_s3","path":"eager","order":"ABBA","window":1,"operations":20,"raw_us":[39.78239893913269, 39.68000113964081, 39.68000113964081, 39.78239893913269],"ratio":1.00258058963082}
{"schema":"MambaBiHalfNtM64N128S3GroupM8TimingV1","phase":"scout_once3","comparator":"measured_m64n128_bk64_s3","path":"eager","order":"ABBA","window":2,"operations":20,"raw_us":[39.73119854927063, 39.68000113964081, 39.68000113964081, 39.73119854927063],"ratio":1.0012902572620814}
{"schema":"MambaBiHalfNtM64N128S3GroupM8TimingV1","phase":"scout_once3","comparator":"measured_m64n128_bk64_s3","path":"eager","order":"BAAB","window":0,"operations":20,"raw_us":[39.68479931354523, 39.78239893913269, 39.78239893913269, 39.57760035991669],"ratio":1.0038151532889397}
{"schema":"MambaBiHalfNtM64N128S3GroupM8TimingV1","phase":"scout_once3","comparator":"measured_m64n128_bk64_s3","path":"eager","order":"BAAB","window":1,"operations":20,"raw_us":[39.68000113964081, 39.78239893913269, 39.78239893913269, 39.73119854927063],"ratio":1.001934213183476}
{"schema":"MambaBiHalfNtM64N128S3GroupM8TimingV1","phase":"scout_once3","comparator":"measured_m64n128_bk64_s3","path":"eager","order":"BAAB","window":2,"operations":20,"raw_us":[39.62880074977875, 39.74719941616058, 39.78239893913269, 39.68000113964081],"ratio":1.0027840096006189}
{"schema":"MambaBiHalfNtM64N128S3GroupM8TimingV1","phase":"scout_once3","comparator":"measured_m64n128_bk64_s3","path":"graph","order":"ABBA","window":0,"operations":20,"raw_us":[38.809600472450256, 38.655999302864075, 38.655999302864075, 38.809600472450256],"ratio":1.0039735402617}
{"schema":"MambaBiHalfNtM64N128S3GroupM8TimingV1","phase":"scout_once3","comparator":"measured_m64n128_bk64_s3","path":"graph","order":"ABBA","window":1,"operations":20,"raw_us":[38.86080086231232, 38.655999302864075, 38.707199692726135, 38.809600472450256],"ratio":1.0039709104995758}
{"schema":"MambaBiHalfNtM64N128S3GroupM8TimingV1","phase":"scout_once3","comparator":"measured_m64n128_bk64_s3","path":"graph","order":"ABBA","window":2,"operations":20,"raw_us":[38.809600472450256, 38.707199692726135, 38.707199692726135, 38.809600472450256],"ratio":1.0026455228106663}
{"schema":"MambaBiHalfNtM64N128S3GroupM8TimingV1","phase":"scout_once3","comparator":"measured_m64n128_bk64_s3","path":"graph","order":"BAAB","window":0,"operations":20,"raw_us":[38.655999302864075, 38.86080086231232, 38.809600472450256, 38.655999302864075],"ratio":1.0046357969719835}
{"schema":"MambaBiHalfNtM64N128S3GroupM8TimingV1","phase":"scout_once3","comparator":"measured_m64n128_bk64_s3","path":"graph","order":"BAAB","window":1,"operations":20,"raw_us":[38.655999302864075, 38.86080086231232, 38.809600472450256, 38.655999302864075],"ratio":1.0046357969719835}
{"schema":"MambaBiHalfNtM64N128S3GroupM8TimingV1","phase":"scout_once3","comparator":"measured_m64n128_bk64_s3","path":"graph","order":"BAAB","window":2,"operations":20,"raw_us":[38.655999302864075, 38.86080086231232, 38.809600472450256, 38.655999302864075],"ratio":1.0046357969719835}
{"schema":"MambaBiHalfNtM64N128S3GroupM8ScoutDecisionV1","shape":[2048,1536,768],"strata":[[1.00258058963082, 1.0038734209998055], [1.0027840096006189, 1.0038151532889397], [1.0039709104995758, 1.0039735402617], [1.0046357969719835, 1.0046357969719835]],"strict_p50_p95_lt_0_99":false,"decision":"stop_no_once7"}
GPU quiet gate half-nt-m64n128-s3-groupm8/post: uuid=GPU-d1edd7be-e88d-aed6-047d-622163306f0e gpu_util=0% memory_util=0% used=546MiB sm_clock=1800MHz temperature=41C pstate=P2; quiet_samples=5
ok

test result: ok. 1 passed; 0 failed; 0 ignored; 0 measured; 34 filtered out; finished in 108.84s
