2026-09-06T23:50:39,656861202+02:00
HOSTNAME=ada-6000
HEAD_BASELINE=21eebcd1abe2685ad498496036931ba443ee5f80
/root/mamba-ada-half-direct-pair-20260906/source-manifest-task1.sha256: OK
SOURCE_EXPECTED=174
.cargo/config.toml: OK
Cargo.lock: OK
Cargo.toml: OK
kernels/_typed_prelude.cuh: OK
kernels/activations.cu: OK
kernels/adamw.cu: OK
kernels/conv1d.cu: OK
kernels/elementwise.cu: OK
kernels/gemm_bi_fixed/common.cuh: OK
kernels/gemm_bi_fixed/ffma.cu: OK
kernels/gemm_bi_fixed/matvec.cu: OK
kernels/gemm_bi_fixed/mma16.cu: OK
kernels/gemm_bi_fixed/sm100_tcgen05.cu: OK
kernels/gemm_bi_fixed/sm120_f32_n64_copyplan.cu: OK
kernels/gemm_bi_fixed/sm120_f32_n64_sliced.cu: OK
kernels/gemm_bi_fixed/sm120_f32_postbias.cu: OK
kernels/gemm_bi_fixed/sm120_tma.cu: OK
kernels/gemm_bi_fixed/sm89_f32_n64_copyplan.cu: OK
kernels/gemm_bi_fixed/sm89_half_pipeline.cu: OK
kernels/gemm_bi_fixed/sm89_half_swizzle_layout.cuh: OK
kernels/gemm_bi_fixed/sm89_half_swizzle.cu: OK
kernels/gemm_bi_fixed/sm90_wgmma.cu: OK
kernels/gemm_bi_fixed/tcw64.cu: OK
kernels/gemm_bi_fixed/tf32_rna_wide.cu: OK
kernels/gemm_bi_fixed/tf32_sm120.cu: OK
kernels/gemm_bi_fixed/tf32.cu: OK
kernels/gemm_bi_fixed/wmma_legacy.cu: OK
kernels/gemm_bi_triad/common.cuh: OK
kernels/gemm_bi_triad/contract.cuh: OK
kernels/gemm_bi_triad/epilogue.cuh: OK
kernels/gemm_bi_triad/mma16.cuh: OK
kernels/gemm_bi_triad/scalar_nn_m64n64.cu: OK
kernels/gemm_bi_triad/scalar_nn_splitk_m32n64.cu: OK
kernels/gemm_bi_triad/scalar_nt_d768_transpose.cu: OK
kernels/gemm_bi_triad/scalar_nt_m2n16.cu: OK
kernels/gemm_bi_triad/scalar_tn_m16n16.cu: OK
kernels/gemm_bi_triad/scalar.cu: OK
kernels/gemm_bi_triad/sm100.cu: OK
kernels/gemm_bi_triad/sm120_exact.cu: OK
kernels/gemm_bi_triad/sm120.cu: OK
kernels/gemm_bi_triad/sm80_streamk.cu: OK
kernels/gemm_bi_triad/sm80_tf32_wide.cu: OK
kernels/gemm_bi_triad/sm80_tn_splitk.cu: OK
kernels/gemm_bi_triad/sm80.cu: OK
kernels/gemm_bi_triad/sm90a.cu: OK
kernels/grad_clip.cu: OK
kernels/loss_scaler.cu: OK
kernels/mamba_ssm_parallel.cu: OK
kernels/mamba_ssm.cu: OK
kernels/mamba3_chunked.cu: OK
kernels/mamba3_ops.cu: OK
kernels/mamba3_ssd.cu: OK
kernels/norms.cu: OK
LICENSE-APACHE: OK
LICENSE-MIT: OK
README.md: OK
src/bin/gemm_bi_tf32_qualification.rs: OK
src/bin/generate.rs: OK
src/config.rs: OK
src/dist/bootstrap.rs: OK
src/dist/comm.rs: OK
src/dist/config.rs: OK
src/dist/context.rs: OK
src/dist/error.rs: OK
src/dist/fold.rs: OK
src/dist/mod.rs: OK
src/dist/reducer.rs: OK
src/dist/seed.rs: OK
src/dist/watchdog.rs: OK
src/hf/bf16.rs: OK
src/hf/config_json.rs: OK
src/hf/embed.rs: OK
src/hf/keys.rs: OK
src/hf/load.rs: OK
src/hf/mod.rs: OK
src/lib.rs: OK
src/mamba_ssm/cpu/backward_ops.rs: OK
src/mamba_ssm/cpu/backward.rs: OK
src/mamba_ssm/cpu/flat.rs: OK
src/mamba_ssm/cpu/forward.rs: OK
src/mamba_ssm/cpu/inference.rs: OK
src/mamba_ssm/cpu/mod.rs: OK
src/mamba_ssm/cpu/parallel.rs: OK
src/mamba_ssm/cpu/prefill.rs: OK
src/mamba_ssm/cpu/scratch.rs: OK
src/mamba_ssm/cpu/target.rs: OK
src/mamba_ssm/cpu/weights.rs: OK
src/mamba_ssm/gpu/adamw.rs: OK
src/mamba_ssm/gpu/backward_mixed.rs: OK
src/mamba_ssm/gpu/backward.rs: OK
src/mamba_ssm/gpu/blas.rs: OK
src/mamba_ssm/gpu/buffers.rs: OK
src/mamba_ssm/gpu/context.rs: OK
src/mamba_ssm/gpu/device.rs: OK
src/mamba_ssm/gpu/diagnostics.rs: OK
src/mamba_ssm/gpu/dtype.rs: OK
src/mamba_ssm/gpu/forward_mixed.rs: OK
src/mamba_ssm/gpu/forward.rs: OK
src/mamba_ssm/gpu/gemm_bi_fixed.rs: OK
src/mamba_ssm/gpu/gemm_bi_triad/contract.rs: OK
src/mamba_ssm/gpu/gemm_bi_triad/dispatch.rs: OK
src/mamba_ssm/gpu/gemm_bi_triad/launch.rs: OK
src/mamba_ssm/gpu/gemm_bi_triad/mod.rs: OK
src/mamba_ssm/gpu/gemm_bi_triad/modules.rs: OK
src/mamba_ssm/gpu/gemm_bi_triad/qualification.rs: OK
src/mamba_ssm/gpu/gemm_bi_triad/scalar_nn_tn_tests.rs: OK
src/mamba_ssm/gpu/gemm_bi_triad/scalar_nt_tests.rs: OK
src/mamba_ssm/gpu/gemm_bi_triad/training_pipeline_tests.rs: OK
src/mamba_ssm/gpu/grad_clip.rs: OK
src/mamba_ssm/gpu/graph_capture.rs: OK
src/mamba_ssm/gpu/inference.rs: OK
src/mamba_ssm/gpu/kernel_identity.rs: OK
src/mamba_ssm/gpu/kernels.rs: OK
src/mamba_ssm/gpu/launch.rs: OK
src/mamba_ssm/gpu/loss_scaler.rs: OK
src/mamba_ssm/gpu/mod.rs: OK
src/mamba_ssm/gpu/prefill.rs: OK
src/mamba_ssm/gpu/trainer.rs: OK
src/mamba_ssm/gpu/training_graph.rs: OK
src/mamba_ssm/gpu/weights_mixed_train.rs: OK
src/mamba_ssm/gpu/weights.rs: OK
src/mamba_ssm/mod.rs: OK
src/mamba3_siso/config.rs: OK
src/mamba3_siso/cpu/backward.rs: OK
src/mamba3_siso/cpu/dims.rs: OK
src/mamba3_siso/cpu/flat.rs: OK
src/mamba3_siso/cpu/forward.rs: OK
src/mamba3_siso/cpu/inference.rs: OK
src/mamba3_siso/cpu/mod.rs: OK
src/mamba3_siso/cpu/parallel.rs: OK
src/mamba3_siso/cpu/prefill.rs: OK
src/mamba3_siso/cpu/scratch.rs: OK
src/mamba3_siso/cpu/weights.rs: OK
src/mamba3_siso/gpu/backward_mixed.rs: OK
src/mamba3_siso/gpu/backward.rs: OK
src/mamba3_siso/gpu/forward_mixed.rs: OK
src/mamba3_siso/gpu/forward.rs: OK
src/mamba3_siso/gpu/inference.rs: OK
src/mamba3_siso/gpu/kernels.rs: OK
src/mamba3_siso/gpu/mamba3_gpu.rs: OK
src/mamba3_siso/gpu/mod.rs: OK
src/mamba3_siso/gpu/prefill.rs: OK
src/mamba3_siso/gpu/state.rs: OK
src/mamba3_siso/gpu/trainer.rs: OK
src/mamba3_siso/gpu/training_graph.rs: OK
src/mamba3_siso/gpu/weights_mixed_train.rs: OK
src/mamba3_siso/gpu/weights.rs: OK
src/mamba3_siso/mod.rs: OK
src/mamba3_siso/serialize.rs: OK
src/mamba3_siso/state.rs: OK
src/mamba3_siso/weights.rs: OK
src/module/backbone.rs: OK
src/module/backbone3.rs: OK
src/module/gpu_lm.rs: OK
src/module/gpu_lm3.rs: OK
src/module/lm.rs: OK
src/module/mod.rs: OK
src/module/sample.rs: OK
src/ops/blas.rs: OK
src/ops/dims.rs: OK
src/ops/fast_math.rs: OK
src/ops/mod.rs: OK
src/ops/norms.rs: OK
src/serialize.rs: OK
src/state.rs: OK
src/weights.rs: OK
tests/arch_compile_gates.rs: OK
tests/cuda/gemm_bi_fixed_sm89_swizzle_layout.cpp: OK
tests/gemm_bi_fixed_correctness.rs: OK
tests/gemm_bi_fixed_sm89_exact_n64.rs: OK
tests/gemm_bi_fixed_sm89_pipeline.rs: OK
tests/gemm_bi_tf32_cohort_binding.rs: OK
tests/support/fixed_sm89_exact_n64_admission.rs: OK
SOURCE_EXIT=0
/root/mamba-ada-half-direct-pair-20260906/run-direct-pair-v2.sh: OK
/root/mamba-ada-half-direct-pair-20260906/tests/gemm_bi_fixed_performance.rs: OK
WRAPPER_SOURCE_EXIT=0
/root/target-ada-half-direct-pair-cuda128-20260906/release/deps/gemm_bi_fixed_performance-e01d837be76567b7: OK
/root/target-ada-half-direct-pair-cuda130-20260906/release/deps/gemm_bi_fixed_performance-28fdf8ce2728ddd5: OK
/root/target-ada-half-direct-pair-cuda132-20260906/release/deps/gemm_bi_fixed_performance-429f558dd590762a: OK
BINARY_EXIT=0
/root/mamba-ada-half-direct-pair-20260906/identity-cuda128.json: OK
/root/mamba-ada-half-direct-pair-20260906/identity-cuda130.json: OK
CONTROL_EXIT=0
/root/mamba-kcache-ada-half-direct-pair-cuda128-20260906/mamba-kernels-v1-53c404fc45b06ef3faf5ef8842f166da9fa77df7f2965f64f39c4aae608261af.bin: OK
/root/mamba-kcache-ada-half-direct-pair-cuda128-20260906/mamba-kernels-v1-73fbec7557a95462a555e39f1b3c94e8d2bcc7047a14f8f3e3fa51a768ec5b9a.bin: OK
/root/mamba-kcache-ada-half-direct-pair-cuda128-20260906/mamba-kernels-v1-da5dabeff55570d1fb6ca43a1d4a8aa7a2a9d25efb6436ed7f03c4a28a73d986.bin: OK
/root/mamba-kcache-ada-half-direct-pair-cuda130-20260906/mamba-kernels-v1-ceeda6e9d55cfd166dafd638a9055daf8a1bb044f573c3349e147bff03b8fe7b.bin: OK
/root/mamba-kcache-ada-half-direct-pair-cuda130-20260906/mamba-kernels-v1-e96609c91e1e74d22a2aa435f7a723fb6a78e08f1e66c818d6a6930dc5b7e0e6.bin: OK
/root/mamba-kcache-ada-half-direct-pair-cuda130-20260906/mamba-kernels-v1-feac83eb41fcc629d0c4bf9be1758d9e92c431728e17c1f46cfcd5c5a9ebc27d.bin: OK
/root/mamba-kcache-ada-half-direct-pair-cuda132-20260906/mamba-kernels-v1-3809af034718aa08dfdfc1b6baeb407715436dc7db87ef39825b033c2fd72541.bin: OK
/root/mamba-kcache-ada-half-direct-pair-cuda132-20260906/mamba-kernels-v1-58c7853250f2f225830390289de0c1dfce34d81efede704436222e54d53ac991.bin: OK
/root/mamba-kcache-ada-half-direct-pair-cuda132-20260906/mamba-kernels-v1-822ebf0dda7dcf9c4f5c5a2213884dde42ab45f5cf238479a81856042c302b7c.bin: OK
CACHE_EXIT=0
CACHE_MODE=700 /root/mamba-kcache-ada-half-direct-pair-cuda128-20260906
CACHE_MODE=700 /root/mamba-kcache-ada-half-direct-pair-cuda130-20260906
CACHE_MODE=700 /root/mamba-kcache-ada-half-direct-pair-cuda132-20260906
2026/09/06 23:50:39.768, GPU-d1edd7be-e88d-aed6-047d-622163306f0e, NVIDIA RTX 6000 Ada Generation, 595.45.04, 8.9, 0 %, 0 %, 90 MiB, 1800 MHz, 810 MHz, 40.73 W, 46, P5, Default
ACTIVE_COMPUTE_APPS

DRIVER_CC_SM_COUNT=8.9,142
SMI_EXIT=0 APPS_EXIT=0 DRIVER_EXIT=0 FINAL_STATUS=0
RECONCILIATION_EXIT=0
