EXPECTED_RUST_RED CUDA=12.8
COMMAND: cargo test --release --features cuda,cudarc/cuda-12080 --test gemm_bi_fixed_performance fixed_ada_direct_pair_ -- --nocapture
   Compiling mamba-rs v0.6.9 (/root/mamba-ada-half-direct-pair-20260906)
error[E0425]: cannot find function `fixed_ada_direct_pair_ordered_window` in this scope
     --> tests/gemm_bi_fixed_performance.rs:10443:31
      |
10443 |     let (pipeline, swizzle) = fixed_ada_direct_pair_ordered_window(
      |                               ^^^^^^^^^^^^^^^^^^^^^^^^^^^^^^^^^^^^ not found in this scope

error[E0425]: cannot find function `fixed_ada_direct_pair_ordered_window` in this scope
     --> tests/gemm_bi_fixed_performance.rs:10459:9
      |
10459 |         fixed_ada_direct_pair_ordered_window("pipeline_auto", || 1.0, || 2.0).is_err(),
      |         ^^^^^^^^^^^^^^^^^^^^^^^^^^^^^^^^^^^^ not found in this scope

error[E0425]: cannot find function `fixed_ada_direct_pair_ratio_quantiles` in this scope
     --> tests/gemm_bi_fixed_performance.rs:10469:9
      |
10469 |         fixed_ada_direct_pair_ratio_quantiles(&pipeline, &swizzle);
      |         ^^^^^^^^^^^^^^^^^^^^^^^^^^^^^^^^^^^^^ not found in this scope

error[E0425]: cannot find function `fixed_ada_direct_pair_filter` in this scope
     --> tests/gemm_bi_fixed_performance.rs:10478:9
      |
10478 |         fixed_ada_direct_pair_filter("rows", &["bf16", "f16"], Some("f16,bf16"))
      |         ^^^^^^^^^^^^^^^^^^^^^^^^^^^^ not found in this scope

error[E0425]: cannot find function `fixed_ada_direct_pair_filter` in this scope
     --> tests/gemm_bi_fixed_performance.rs:10483:17
      |
10483 |         assert!(fixed_ada_direct_pair_filter("rows", &["bf16", "f16"], invalid).is_err());
      |                 ^^^^^^^^^^^^^^^^^^^^^^^^^^^^ not found in this scope

error[E0425]: cannot find function `fixed_ada_direct_pair_reject_vendor_tiles` in this scope
     --> tests/gemm_bi_fixed_performance.rs:10485:13
      |
10485 |     assert!(fixed_ada_direct_pair_reject_vendor_tiles(None).is_ok());
      |             ^^^^^^^^^^^^^^^^^^^^^^^^^^^^^^^^^^^^^^^^^ not found in this scope

error[E0425]: cannot find function `fixed_ada_direct_pair_reject_vendor_tiles` in this scope
     --> tests/gemm_bi_fixed_performance.rs:10487:17
      |
10487 |         assert!(fixed_ada_direct_pair_reject_vendor_tiles(supplied).is_err());
      |                 ^^^^^^^^^^^^^^^^^^^^^^^^^^^^^^^^^^^^^^^^^ not found in this scope

For more information about this error, try `rustc --explain E0425`.
error: could not compile `mamba-rs` (test "gemm_bi_fixed_performance") due to 7 previous errors
RED_EXIT=101
