2026-09-06T23:12:47,897325319+02:00
HOSTNAME=ada-6000
9770e2f4ffedae71d65952ce456a1a36722ec0bc9a29d52f4d2531832e1d014a  /root/mamba-ada-half-direct-pair-20260906/run-direct-pair.sh
3873a40ac14a05615c5758bb3181948e6e4944486400387552de08a8ecb90d3a  /root/mamba-ada-half-direct-pair-20260906/tests/gemm_bi_fixed_performance.rs
b887ffbd2d5c91ebd7cd1dcd8eeb3daad5c9400f5b967f58dc46150328067a78  /root/target-ada-half-direct-pair-cuda128-20260906/release/deps/gemm_bi_fixed_performance-e01d837be76567b7
d21a1a3cb284979289e05f042529be7f98f924e79147aa527766812f794540d5  /root/target-ada-half-direct-pair-cuda130-20260906/release/deps/gemm_bi_fixed_performance-28fdf8ce2728ddd5
422499ce8485e998412effac9ab172e6341704225536a51c90d73678aeb3d421  /root/target-ada-half-direct-pair-cuda132-20260906/release/deps/gemm_bi_fixed_performance-429f558dd590762a
8ab62c7f1da94b7f61ef81efac7c4d54ae8f98830748e6e8bee27e94558763e3  /root/mamba-ada-half-direct-pair-20260906/identity-cuda128.json
0489790af9824b9459b4fe9f56641fd884052e70c2b8c0b946aa9252eeaef301  /root/mamba-ada-half-direct-pair-20260906/identity-cuda130.json
65f707b4a331dba0d4c543d3d1e78a6999e16268c09e495ff6936bb8c3a7204f  /root/mamba-kcache-ada-half-direct-pair-cuda128-20260906/mamba-kernels-v1-53c404fc45b06ef3faf5ef8842f166da9fa77df7f2965f64f39c4aae608261af.bin
c02fb7a0ef6a50cb52dc3fec2e83ebb1eb6b4015a9f200d48d65fd4493d489c9  /root/mamba-kcache-ada-half-direct-pair-cuda128-20260906/mamba-kernels-v1-73fbec7557a95462a555e39f1b3c94e8d2bcc7047a14f8f3e3fa51a768ec5b9a.bin
48a388fc610d110bb884ea3cd0f49eda299c0c7ce0c8e2beb24d34a925198a54  /root/mamba-kcache-ada-half-direct-pair-cuda128-20260906/mamba-kernels-v1-da5dabeff55570d1fb6ca43a1d4a8aa7a2a9d25efb6436ed7f03c4a28a73d986.bin
c599a8b8807dd944ae79238241b36f77599cb5cab0511d3ab4f8716bc7545c3c  /root/mamba-kcache-ada-half-direct-pair-cuda130-20260906/mamba-kernels-v1-ceeda6e9d55cfd166dafd638a9055daf8a1bb044f573c3349e147bff03b8fe7b.bin
ff5aa88895b68d2bbc162ba74694c5f01ba905fd346069094c6c9d229f5aa9fe  /root/mamba-kcache-ada-half-direct-pair-cuda130-20260906/mamba-kernels-v1-e96609c91e1e74d22a2aa435f7a723fb6a78e08f1e66c818d6a6930dc5b7e0e6.bin
32e61498d102e2343b2c3b65ec062af81b1351b1039a2503c0657628b4d3a9c0  /root/mamba-kcache-ada-half-direct-pair-cuda130-20260906/mamba-kernels-v1-feac83eb41fcc629d0c4bf9be1758d9e92c431728e17c1f46cfcd5c5a9ebc27d.bin
5851ebd49595a0b2ef665073289e52f903eec3266deadfc5ad5d9f2096ce6d16  /root/mamba-kcache-ada-half-direct-pair-cuda132-20260906/mamba-kernels-v1-3809af034718aa08dfdfc1b6baeb407715436dc7db87ef39825b033c2fd72541.bin
cacbccb94b0686dab92056056771004181c75f071101c2c8705f419d471a2c4e  /root/mamba-kcache-ada-half-direct-pair-cuda132-20260906/mamba-kernels-v1-58c7853250f2f225830390289de0c1dfce34d81efede704436222e54d53ac991.bin
5035921fc8e078e5454c9c5392f9e9ee6ca6a3de54c1e08cb54bba432fa37546  /root/mamba-kcache-ada-half-direct-pair-cuda132-20260906/mamba-kernels-v1-822ebf0dda7dcf9c4f5c5a2213884dde42ab45f5cf238479a81856042c302b7c.bin
2026/09/06 23:12:47.998, GPU-d1edd7be-e88d-aed6-047d-622163306f0e, NVIDIA RTX 6000 Ada Generation, 595.45.04, 8.9, 0 %, 0 %, 90 MiB, 1800 MHz, 810 MHz, 40.08 W, 39, P5, Default
ACTIVE_COMPUTE_APPS

DRIVER_CC_SM_COUNT=8.9,142
WRAPPER_EXIT=0 SOURCE_EXIT=0 BINARY_EXIT=0 CONTROL_EXIT=0 CACHE_EXIT=0 SMI_EXIT=0 APPS_EXIT=0 DRIVER_EXIT=0
