{
  "records": 80,
  "identity": {
    "compiler_target": "CudaTarget { bytes: [115, 109, 95, 56, 57, 0, 0, 0, 0, 0, 0, 0, 0, 0, 0, 0], len: 5 }",
    "fixed_source_digest": "d1180079f0067afbc3f54210ce41a80dbc6bb422d53085824082089a0ff97f2a",
    "fixed_invocation_digest": "e96609c91e1e74d22a2aa435f7a723fb6a78e08f1e66c818d6a6930dc5b7e0e6",
    "fixed_artifact_digest": "45ccedfa2904b03e2eb0d25a331e54ade876158a482ea821e255626c0aea8e59",
    "header_manifest_digest": "8a02b290406f6a9459bae976b18cf882786d6d90b48b1ec6c50d38671d4a5255",
    "nvrtc_library_domain": "709b91c36bfb0ed966ee69adc8d6f87ff110eecf3dfb5060367f183ce614eb0d",
    "cc": "8.9",
    "sm_count": 142,
    "nvrtc": [
      13,
      0
    ],
    "nvrtc_library_known": true,
    "tuning_table_revision": 41
  },
  "windows": 101,
  "required_census_complete": true,
  "auto_admission_authorized": false,
  "cells": [
    {
      "row": "bf16",
      "cell": "hot_a",
      "bias": false,
      "swizzle_over_pipeline_p50": 0.9995915835593887,
      "swizzle_over_pipeline_p95": 1.0006131730664087,
      "pipeline_over_swizzle_p50": 1.0021782648655149,
      "pipeline_over_swizzle_p95": 1.0030020982280696,
      "direct_winner": null
    },
    {
      "row": "bf16",
      "cell": "hot_a",
      "bias": true,
      "swizzle_over_pipeline_p50": 0.9950668204498158,
      "swizzle_over_pipeline_p95": 0.9959614251412794,
      "pipeline_over_swizzle_p50": 1.0088383301493247,
      "pipeline_over_swizzle_p95": 1.0097188004021045,
      "direct_winner": "Tc128Sm89Swizzle"
    },
    {
      "row": "bf16",
      "cell": "hot_b",
      "bias": false,
      "swizzle_over_pipeline_p50": 0.8398017252552538,
      "swizzle_over_pipeline_p95": 0.8486471986205238,
      "pipeline_over_swizzle_p50": 1.193750619170551,
      "pipeline_over_swizzle_p95": 1.2265494189370931,
      "direct_winner": "Tc128Sm89Swizzle"
    },
    {
      "row": "bf16",
      "cell": "hot_b",
      "bias": true,
      "swizzle_over_pipeline_p50": 0.8418758411494981,
      "swizzle_over_pipeline_p95": 0.8482724361685502,
      "pipeline_over_swizzle_p50": 1.1916313601964543,
      "pipeline_over_swizzle_p95": 1.3066033748924772,
      "direct_winner": "Tc128Sm89Swizzle"
    },
    {
      "row": "bf16",
      "cell": "hot_c",
      "bias": false,
      "swizzle_over_pipeline_p50": 0.9900582082881569,
      "swizzle_over_pipeline_p95": 0.9943011433967671,
      "pipeline_over_swizzle_p50": 1.0131175112186699,
      "pipeline_over_swizzle_p95": 1.017767059491714,
      "direct_winner": "Tc128Sm89Swizzle"
    },
    {
      "row": "bf16",
      "cell": "hot_c",
      "bias": true,
      "swizzle_over_pipeline_p50": 0.9814522284313294,
      "swizzle_over_pipeline_p95": 0.9865463140024178,
      "pipeline_over_swizzle_p50": 1.019964959182126,
      "pipeline_over_swizzle_p95": 1.0248582594202535,
      "direct_winner": "Tc128Sm89Swizzle"
    },
    {
      "row": "bf16",
      "cell": "hot_d",
      "bias": false,
      "swizzle_over_pipeline_p50": 0.8666666854386004,
      "swizzle_over_pipeline_p95": 0.8675436658202152,
      "pipeline_over_swizzle_p50": 1.1604337713242272,
      "pipeline_over_swizzle_p95": 1.1613838606282543,
      "direct_winner": "Tc128Sm89Swizzle"
    },
    {
      "row": "bf16",
      "cell": "hot_d",
      "bias": true,
      "swizzle_over_pipeline_p50": 0.8654996749040192,
      "swizzle_over_pipeline_p95": 0.8663575586492418,
      "pipeline_over_swizzle_p50": 1.1641044987178253,
      "pipeline_over_swizzle_p95": 1.1655141383538448,
      "direct_winner": "Tc128Sm89Swizzle"
    },
    {
      "row": "bf16",
      "cell": "hot_e",
      "bias": false,
      "swizzle_over_pipeline_p50": 0.9366458963332122,
      "swizzle_over_pipeline_p95": 0.9371178625985119,
      "pipeline_over_swizzle_p50": 1.0690736833302836,
      "pipeline_over_swizzle_p95": 1.069964663253856,
      "direct_winner": "Tc128Sm89Swizzle"
    },
    {
      "row": "bf16",
      "cell": "hot_e",
      "bias": true,
      "swizzle_over_pipeline_p50": 0.9388573753408316,
      "swizzle_over_pipeline_p95": 0.9394343304830737,
      "pipeline_over_swizzle_p50": 1.0655208313563085,
      "pipeline_over_swizzle_p95": 1.0661683466799623,
      "direct_winner": "Tc128Sm89Swizzle"
    },
    {
      "row": "f16",
      "cell": "hot_a",
      "bias": false,
      "swizzle_over_pipeline_p50": 1.0021776463581065,
      "swizzle_over_pipeline_p95": 1.0052055931838753,
      "pipeline_over_swizzle_p50": 0.9989721682728459,
      "pipeline_over_swizzle_p95": 1.0029384219495006,
      "direct_winner": null
    },
    {
      "row": "f16",
      "cell": "hot_a",
      "bias": true,
      "swizzle_over_pipeline_p50": 0.9986158284344161,
      "swizzle_over_pipeline_p95": 1.0010904374821064,
      "pipeline_over_swizzle_p50": 1.0041957846798362,
      "pipeline_over_swizzle_p95": 1.0087164904158286,
      "direct_winner": null
    },
    {
      "row": "f16",
      "cell": "hot_b",
      "bias": false,
      "swizzle_over_pipeline_p50": 0.8518059698677836,
      "swizzle_over_pipeline_p95": 0.855932883186307,
      "pipeline_over_swizzle_p50": 1.1817466856141412,
      "pipeline_over_swizzle_p95": 1.1971354430171746,
      "direct_winner": "Tc128Sm89Swizzle"
    },
    {
      "row": "f16",
      "cell": "hot_b",
      "bias": true,
      "swizzle_over_pipeline_p50": 0.8496929619894459,
      "swizzle_over_pipeline_p95": 0.8540254868391317,
      "pipeline_over_swizzle_p50": 1.180255717180055,
      "pipeline_over_swizzle_p95": 1.3062813321220748,
      "direct_winner": "Tc128Sm89Swizzle"
    },
    {
      "row": "f16",
      "cell": "hot_c",
      "bias": false,
      "swizzle_over_pipeline_p50": 0.9855215205777709,
      "swizzle_over_pipeline_p95": 0.9931112435684877,
      "pipeline_over_swizzle_p50": 1.01544273197526,
      "pipeline_over_swizzle_p95": 1.0225663078889833,
      "direct_winner": "Tc128Sm89Swizzle"
    },
    {
      "row": "f16",
      "cell": "hot_c",
      "bias": true,
      "swizzle_over_pipeline_p50": 0.9873145842984425,
      "swizzle_over_pipeline_p95": 0.9941445860090216,
      "pipeline_over_swizzle_p50": 1.0140309674640142,
      "pipeline_over_swizzle_p95": 1.0234397255291143,
      "direct_winner": "Tc128Sm89Swizzle"
    },
    {
      "row": "f16",
      "cell": "hot_d",
      "bias": false,
      "swizzle_over_pipeline_p50": 0.866755575356803,
      "swizzle_over_pipeline_p95": 0.8673734544793524,
      "pipeline_over_swizzle_p50": 1.1593914642658973,
      "pipeline_over_swizzle_p95": 1.1608004984169753,
      "direct_winner": "Tc128Sm89Swizzle"
    },
    {
      "row": "f16",
      "cell": "hot_d",
      "bias": true,
      "swizzle_over_pipeline_p50": 0.865543954367813,
      "swizzle_over_pipeline_p95": 0.8665514802317729,
      "pipeline_over_swizzle_p50": 1.1636967805654632,
      "pipeline_over_swizzle_p95": 1.1647439231647834,
      "direct_winner": "Tc128Sm89Swizzle"
    },
    {
      "row": "f16",
      "cell": "hot_e",
      "bias": false,
      "swizzle_over_pipeline_p50": 0.974180893150434,
      "swizzle_over_pipeline_p95": 0.9868841995398914,
      "pipeline_over_swizzle_p50": 1.0377748848398927,
      "pipeline_over_swizzle_p95": 1.0554989757463855,
      "direct_winner": "Tc128Sm89Swizzle"
    },
    {
      "row": "f16",
      "cell": "hot_e",
      "bias": true,
      "swizzle_over_pipeline_p50": 0.9753447339185672,
      "swizzle_over_pipeline_p95": 0.989150113929829,
      "pipeline_over_swizzle_p50": 1.0356139567818778,
      "pipeline_over_swizzle_p95": 1.0461660812154492,
      "direct_winner": "Tc128Sm89Swizzle"
    }
  ],
  "logs": [
    {
      "path": "internal/perf/ada-half-direct-pair-20260906/direct-cuda130-w101-v2.log",
      "sha256": "ee180dd25038c1ca4cac5e11a3eaf4c2fab06215b8af68b6cc333bea3cd90a41"
    }
  ],
  "identity_file_sha256": "0489790af9824b9459b4fe9f56641fd884052e70c2b8c0b946aa9252eeaef301"
}
