{
  "records": 80,
  "identity": {
    "compiler_target": "CudaTarget { bytes: [115, 109, 95, 56, 57, 0, 0, 0, 0, 0, 0, 0, 0, 0, 0, 0], len: 5 }",
    "fixed_source_digest": "d1180079f0067afbc3f54210ce41a80dbc6bb422d53085824082089a0ff97f2a",
    "fixed_invocation_digest": "53c404fc45b06ef3faf5ef8842f166da9fa77df7f2965f64f39c4aae608261af",
    "fixed_artifact_digest": "323538314fb45b937e7eaca4e3c646c8e1d055a56e980e8bf72432bb6f879964",
    "header_manifest_digest": "cef6c4772487e8993abaf6afcb41d3a91ec304e731420165b5f512e5da90ef64",
    "nvrtc_library_domain": "26b0a3a02044ffcbc1693fd83e9261beffa692a4fbcfe3ac5e9d8c87980bb155",
    "cc": "8.9",
    "sm_count": 142,
    "nvrtc": [
      12,
      8
    ],
    "nvrtc_library_known": true,
    "tuning_table_revision": 41
  },
  "windows": 101,
  "required_census_complete": true,
  "auto_admission_authorized": false,
  "cells": [
    {
      "row": "bf16",
      "cell": "hot_a",
      "bias": false,
      "swizzle_over_pipeline_p50": 0.9997575175963774,
      "swizzle_over_pipeline_p95": 1.0007788895439882,
      "pipeline_over_swizzle_p50": 1.0021631950530607,
      "pipeline_over_swizzle_p95": 1.003207596647043,
      "direct_winner": null
    },
    {
      "row": "bf16",
      "cell": "hot_a",
      "bias": true,
      "swizzle_over_pipeline_p50": 0.995133402168674,
      "swizzle_over_pipeline_p95": 0.9963265026842046,
      "pipeline_over_swizzle_p50": 1.008755102459983,
      "pipeline_over_swizzle_p95": 1.0096363338111847,
      "direct_winner": "Tc128Sm89Swizzle"
    },
    {
      "row": "bf16",
      "cell": "hot_b",
      "bias": false,
      "swizzle_over_pipeline_p50": 0.8284480198910424,
      "swizzle_over_pipeline_p95": 0.8470138515319421,
      "pipeline_over_swizzle_p50": 1.217587927161844,
      "pipeline_over_swizzle_p95": 1.259242806824504,
      "direct_winner": "Tc128Sm89Swizzle"
    },
    {
      "row": "bf16",
      "cell": "hot_b",
      "bias": true,
      "swizzle_over_pipeline_p50": 0.8350134278659126,
      "swizzle_over_pipeline_p95": 0.8466506203850164,
      "pipeline_over_swizzle_p50": 1.2112801017371555,
      "pipeline_over_swizzle_p95": 1.2479249669536223,
      "direct_winner": "Tc128Sm89Swizzle"
    },
    {
      "row": "bf16",
      "cell": "hot_c",
      "bias": false,
      "swizzle_over_pipeline_p50": 0.9926241601956781,
      "swizzle_over_pipeline_p95": 0.9957907680208453,
      "pipeline_over_swizzle_p50": 1.0101091620789393,
      "pipeline_over_swizzle_p95": 1.0176356572357625,
      "direct_winner": "Tc128Sm89Swizzle"
    },
    {
      "row": "bf16",
      "cell": "hot_c",
      "bias": true,
      "swizzle_over_pipeline_p50": 0.9847426775896222,
      "swizzle_over_pipeline_p95": 0.9873201299204054,
      "pipeline_over_swizzle_p50": 1.0177583408827093,
      "pipeline_over_swizzle_p95": 1.0236382212532797,
      "direct_winner": "Tc128Sm89Swizzle"
    },
    {
      "row": "bf16",
      "cell": "hot_d",
      "bias": false,
      "swizzle_over_pipeline_p50": 0.866488406074679,
      "swizzle_over_pipeline_p95": 0.8673679497094078,
      "pipeline_over_swizzle_p50": 1.1602380659427194,
      "pipeline_over_swizzle_p95": 1.1616051129509584,
      "direct_winner": "Tc128Sm89Swizzle"
    },
    {
      "row": "bf16",
      "cell": "hot_d",
      "bias": true,
      "swizzle_over_pipeline_p50": 0.8653447736636803,
      "swizzle_over_pipeline_p95": 0.8664239907836123,
      "pipeline_over_swizzle_p50": 1.1641667503365154,
      "pipeline_over_swizzle_p95": 1.1653963806747023,
      "direct_winner": "Tc128Sm89Swizzle"
    },
    {
      "row": "bf16",
      "cell": "hot_e",
      "bias": false,
      "swizzle_over_pipeline_p50": 0.9366016653969919,
      "swizzle_over_pipeline_p95": 0.9373621628607187,
      "pipeline_over_swizzle_p50": 1.0689315299006195,
      "pipeline_over_swizzle_p95": 1.0697655684085807,
      "direct_winner": "Tc128Sm89Swizzle"
    },
    {
      "row": "bf16",
      "cell": "hot_e",
      "bias": true,
      "swizzle_over_pipeline_p50": 0.9387363940524469,
      "swizzle_over_pipeline_p95": 0.9394481871048909,
      "pipeline_over_swizzle_p50": 1.0654339512832474,
      "pipeline_over_swizzle_p95": 1.0661736404125712,
      "direct_winner": "Tc128Sm89Swizzle"
    },
    {
      "row": "f16",
      "cell": "hot_a",
      "bias": false,
      "swizzle_over_pipeline_p50": 1.000981123448028,
      "swizzle_over_pipeline_p95": 1.0055876739690892,
      "pipeline_over_swizzle_p50": 1.000400724345408,
      "pipeline_over_swizzle_p95": 1.0030090032830756,
      "direct_winner": null
    },
    {
      "row": "f16",
      "cell": "hot_a",
      "bias": true,
      "swizzle_over_pipeline_p50": 0.9965390954059392,
      "swizzle_over_pipeline_p95": 1.000274709242594,
      "pipeline_over_swizzle_p50": 1.0056711373730645,
      "pipeline_over_swizzle_p95": 1.0092508100821547,
      "direct_winner": null
    },
    {
      "row": "f16",
      "cell": "hot_b",
      "bias": false,
      "swizzle_over_pipeline_p50": 0.8505931795255051,
      "swizzle_over_pipeline_p95": 0.8547666753400096,
      "pipeline_over_swizzle_p50": 1.182915836335594,
      "pipeline_over_swizzle_p95": 1.1992830615120869,
      "direct_winner": "Tc128Sm89Swizzle"
    },
    {
      "row": "f16",
      "cell": "hot_b",
      "bias": true,
      "swizzle_over_pipeline_p50": 0.8489205294193576,
      "swizzle_over_pipeline_p95": 0.8542719564698843,
      "pipeline_over_swizzle_p50": 1.1811878313428292,
      "pipeline_over_swizzle_p95": 1.3046255975311596,
      "direct_winner": "Tc128Sm89Swizzle"
    },
    {
      "row": "f16",
      "cell": "hot_c",
      "bias": false,
      "swizzle_over_pipeline_p50": 0.9858854711553255,
      "swizzle_over_pipeline_p95": 0.9908189619482288,
      "pipeline_over_swizzle_p50": 1.0160019642816709,
      "pipeline_over_swizzle_p95": 1.021661066623963,
      "direct_winner": "Tc128Sm89Swizzle"
    },
    {
      "row": "f16",
      "cell": "hot_c",
      "bias": true,
      "swizzle_over_pipeline_p50": 0.9857426125615788,
      "swizzle_over_pipeline_p95": 0.9928257470572208,
      "pipeline_over_swizzle_p50": 1.0164517438386818,
      "pipeline_over_swizzle_p95": 1.020537596253674,
      "direct_winner": "Tc128Sm89Swizzle"
    },
    {
      "row": "f16",
      "cell": "hot_d",
      "bias": false,
      "swizzle_over_pipeline_p50": 0.8665389253475816,
      "swizzle_over_pipeline_p95": 0.867390681894754,
      "pipeline_over_swizzle_p50": 1.1596254033591644,
      "pipeline_over_swizzle_p95": 1.160777403538354,
      "direct_winner": "Tc128Sm89Swizzle"
    },
    {
      "row": "f16",
      "cell": "hot_d",
      "bias": true,
      "swizzle_over_pipeline_p50": 0.8654996749040192,
      "swizzle_over_pipeline_p95": 0.8665800041777888,
      "pipeline_over_swizzle_p50": 1.163547939741733,
      "pipeline_over_swizzle_p95": 1.1646904139635466,
      "direct_winner": "Tc128Sm89Swizzle"
    },
    {
      "row": "f16",
      "cell": "hot_e",
      "bias": false,
      "swizzle_over_pipeline_p50": 0.9711528239659583,
      "swizzle_over_pipeline_p95": 0.9859775097343082,
      "pipeline_over_swizzle_p50": 1.0417605920296589,
      "pipeline_over_swizzle_p95": 1.0503274342720472,
      "direct_winner": "Tc128Sm89Swizzle"
    },
    {
      "row": "f16",
      "cell": "hot_e",
      "bias": true,
      "swizzle_over_pipeline_p50": 0.974324130506644,
      "swizzle_over_pipeline_p95": 0.9876635828837219,
      "pipeline_over_swizzle_p50": 1.038881357266498,
      "pipeline_over_swizzle_p95": 1.0532296956957763,
      "direct_winner": "Tc128Sm89Swizzle"
    }
  ],
  "logs": [
    {
      "path": "internal/perf/ada-half-direct-pair-20260906/direct-cuda128-w101-v2.log",
      "sha256": "e40cede4f41df7e889315fdb6a14764ee080ace0668f57eba1e608f092048ea5"
    }
  ],
  "identity_file_sha256": "8ab62c7f1da94b7f61ef81efac7c4d54ae8f98830748e6e8bee27e94558763e3"
}
