    Finished `release` profile [optimized] target(s) in 0.07s
     Running tests/gemm_bi_tf32_nt_compact_a_ldmatrix_sliced_d768_in_discovery.rs (/root/tf32-nt-sliced-in-target-20260909/release/deps/gemm_bi_tf32_nt_compact_a_ldmatrix_sliced_d768_in_discovery-6c17201cdb221e4b)

running 1 test
test cuda_suite::ada_tf32_nt_a_ldmatrix_sliced_d768_in_scout3_then_once7 ... GPU quiet gate tf32-nt-a-ldmatrix-sliced/pre: uuid=GPU-d1edd7be-e88d-aed6-047d-622163306f0e gpu_util=0% memory_util=0% used=48MiB sm_clock=1800MHz temperature=39C pstate=P5; quiet_samples=5
{"dynamic_shared_bytes":49152,"local_bytes":0,"max_dynamic_shared_bytes":49152,"max_threads":256,"occupancy":2,"registers":98,"schema":"MambaBiTriadTf32NtALdmatrixSlicedResourceV1","static_shared_bytes":0,"symbol":"gemm_bi_nt_test_compact_a_ldmatrix_sliced_sm80_mma_tf32_v1_m128n64_bk32_s2","threads":256}
{"dynamic_shared_bytes":49152,"local_bytes":0,"max_dynamic_shared_bytes":49152,"max_threads":256,"occupancy":2,"registers":98,"schema":"MambaBiTriadTf32NtALdmatrixSlicedResourceV1","static_shared_bytes":0,"symbol":"gemm_bi_nt_test_compact_a_ldmatrix_sm80_mma_tf32_v1_m128n64_bk32_s2","threads":256}
{"candidate_ptx_sha":"abf41b272d3857a2c9af0fdbe9e9eb752c58bc74dd9547c12b2c9bc483db17e3","candidate_source_sha":"521b592024c6ad946972cbc2454e9aa62905b6d1305e5ba5b0b60392cbc64ad8","candidate_symbol":"gemm_bi_nt_test_compact_a_ldmatrix_sliced_sm80_mma_tf32_v1_m128n64_bk32_s2","change":"four_next_stage_copy_slices_interleaved_before_ascending_k8_issues","retained_ptx_sha":"17ba9734e6e628dcd88761475e2b4a518cf66b46eb613a2aec67cea7ccfa1f32","retained_source_sha":"263cdf63dedfbebd84fd668fd3e5aa00a5f4b80241d17f5c336e5e9d60945619","retained_symbol":"gemm_bi_nt_test_compact_a_ldmatrix_sm80_mma_tf32_v1_m128n64_bk32_s2","schema":"MambaBiTriadTf32NtALdmatrixSlicedIdentityV1"}
{"candidate_retained_exact":true,"case":"d768_in","eager_repeats":2,"exceptional":false,"graph_repeats":2,"guards":true,"schema":"MambaBiTriadTf32NtALdmatrixSlicedBitsV1","shape":[2048,768,3072]}
{"candidate_retained_exact":true,"case":"aligned_tail","eager_repeats":2,"exceptional":false,"graph_repeats":2,"guards":true,"schema":"MambaBiTriadTf32NtALdmatrixSlicedBitsV1","shape":[129,67,72]}
{"candidate_retained_exact":true,"case":"misaligned_tail","eager_repeats":2,"exceptional":false,"graph_repeats":2,"guards":true,"schema":"MambaBiTriadTf32NtALdmatrixSlicedBitsV1","shape":[67,69,71]}
{"candidate_retained_exact":true,"case":"exception","eager_repeats":2,"exceptional":true,"graph_repeats":2,"guards":true,"schema":"MambaBiTriadTf32NtALdmatrixSlicedBitsV1","shape":[128,64,64]}
{"candidate_retained_exact":true,"case":"k0","eager_repeats":2,"exceptional":false,"graph_repeats":2,"guards":true,"schema":"MambaBiTriadTf32NtALdmatrixSlicedBitsV1","shape":[129,67,0]}
GPU quiet gate tf32-nt-a-ldmatrix-sliced/scout: uuid=GPU-d1edd7be-e88d-aed6-047d-622163306f0e gpu_util=0% memory_util=0% used=598MiB sm_clock=1800MHz temperature=41C pstate=P2; quiet_samples=5
{"candidate":"a_ldmatrix_stage_sliced","cell":"d768_in","comparator":"retained_a_ldmatrix","grid":[192,1,1],"logical_gemms_per_observation":20,"order":"ABBA","path":"eager","phase":"Scout","ratio_direction":"candidate_over_comparator","ratio_p50":0.9938728747070967,"ratio_p95":0.9939767730087438,"raw_observations_us":[[199.37280416488647,200.60160160064697,200.49920082092285,199.27040338516235],[199.2192029953003,200.55038928985596,200.55999755859375,199.4752049446106],[199.3216037750244,200.65279006958008,200.66399574279785,199.27040338516235]],"schema":"MambaBiTriadTf32NtALdmatrixSlicedScreenV1","shape":[2048,768,3072],"warmups_per_arm":3,"windows":3}
{"candidate":"a_ldmatrix_stage_sliced","cell":"d768_in","comparator":"retained_a_ldmatrix","grid":[192,1,1],"logical_gemms_per_observation":20,"order":"BAAB","path":"eager","phase":"Scout","ratio_direction":"candidate_over_comparator","ratio_p50":0.9934924472494641,"ratio_p95":0.9936256558404821,"raw_observations_us":[[200.60160160064697,199.42400455474854,199.37440156936646,200.7551908493042],[200.49920082092285,199.27040338516235,199.37280416488647,200.764799118042],[200.55038928985596,199.37280416488647,199.27040338516235,200.7040023803711]],"schema":"MambaBiTriadTf32NtALdmatrixSlicedScreenV1","shape":[2048,768,3072],"warmups_per_arm":3,"windows":3}
{"candidate":"a_ldmatrix_stage_sliced","cell":"d768_in","comparator":"retained_a_ldmatrix","grid":[192,1,1],"logical_gemms_per_observation":20,"order":"ABBA","path":"graph","phase":"Scout","ratio_direction":"candidate_over_comparator","ratio_p50":0.9939959258801433,"ratio_p95":0.994098333929329,"raw_observations_us":[[199.2192029953003,200.3983974456787,200.55038928985596,199.3216037750244],[199.16800260543823,200.3472089767456,200.35359859466553,199.16800260543823],[199.2192029953003,200.44798851013184,200.34561157226562,199.16800260543823]],"schema":"MambaBiTriadTf32NtALdmatrixSlicedScreenV1","shape":[2048,768,3072],"warmups_per_arm":3,"windows":3}
{"candidate":"a_ldmatrix_stage_sliced","cell":"d768_in","comparator":"retained_a_ldmatrix","grid":[192,1,1],"logical_gemms_per_observation":20,"order":"BAAB","path":"graph","phase":"Scout","ratio_direction":"candidate_over_comparator","ratio_p50":0.9945047803923576,"ratio_p95":0.9955254072333352,"raw_observations_us":[[200.34561157226562,199.2192029953003,199.2192029953003,200.2943992614746],[200.2432107925415,199.27040338516235,199.42400455474854,200.2432107925415],[200.49920082092285,199.11680221557617,199.2192029953003,200.2527952194214]],"schema":"MambaBiTriadTf32NtALdmatrixSlicedScreenV1","shape":[2048,768,3072],"warmups_per_arm":3,"windows":3}
{"cell":"d768_in","decision":"stop_scout_retained_loss","promotion":false,"retained_scout":[[0.9938728747070967,0.9939767730087438],[0.9934924472494641,0.9936256558404821],[0.9939959258801433,0.994098333929329],[0.9945047803923576,0.9955254072333352]],"schema":"MambaBiTriadTf32NtALdmatrixSlicedDecisionV1"}
GPU quiet gate tf32-nt-a-ldmatrix-sliced/scout-post: uuid=GPU-d1edd7be-e88d-aed6-047d-622163306f0e gpu_util=0% memory_util=0% used=598MiB sm_clock=1800MHz temperature=41C pstate=P2; quiet_samples=5
ok

test result: ok. 1 passed; 0 failed; 0 ignored; 0 measured; 35 filtered out; finished in 120.11s
