COMMAND ["/usr/local/cuda-13.2/bin/ncu", "--version"]
COMMAND_EXIT ncu-version.log 0
COMMAND ["/usr/local/cuda-13.2/bin/ncu", "--help"]
COMMAND_EXIT ncu-help.log 0
COMMAND ["/usr/bin/nvidia-smi", "--query-gpu=uuid,name,compute_cap,driver_version,pstate,clocks.sm,clocks.mem,temperature.gpu,power.draw,power.limit,utilization.gpu,utilization.memory,memory.used", "--format=csv,noheader"]
COMMAND_EXIT environment-pre.log 0
{"phase": "PRE", "utc": "2026-09-07T09:02:08Z", "gpu": "GPU-d1edd7be-e88d-aed6-047d-622163306f0e, NVIDIA RTX 6000 Ada Generation, 8.9, 0 %, 0 %\n", "gpu_stderr": "", "gpu_exit": 0, "apps": "", "apps_stderr": "", "apps_exit": 0}
COMMAND ["/root/target-ada-exact-toolkit-auto-final2-cuda132-20260907/release/deps/gemm_bi_fixed_performance-46090335b71731a6", "fixed_ada_production_auto_paired_precision_cublas", "--exact", "--ignored", "--nocapture", "--test-threads=1"]
COMMAND_EXIT unprofiled-baseline.log 0
COMMAND ["/usr/local/cuda-13.2/bin/ncu", "--config-file", "off", "--target-processes", "application-only", "--kernel-name-base", "mangled", "--kernel-name", "regex:^gemm_bi_nn_fixed_rna_wide_tf32_v1_m128n128_bk32_s3$", "--launch-skip", "130", "--launch-count", "1", "--replay-mode", "kernel", "--clock-control", "none", "--cache-control", "none", "--pipeline-boost-state", "dynamic", "--section", "LaunchStats", "--section", "Occupancy", "--section", "SpeedOfLight", "--section", "ComputeWorkloadAnalysis", "--section", "SchedulerStats", "--section", "WarpStateStats", "--section", "MemoryWorkloadAnalysis", "--section", "InstructionStats", "--export", "/root/evidence-ada-tf32-e0-ncu-20260907/run/custom-rna", "/root/target-ada-exact-toolkit-auto-final2-cuda132-20260907/release/deps/gemm_bi_fixed_performance-46090335b71731a6", "fixed_ada_production_auto_paired_precision_cublas", "--exact", "--ignored", "--nocapture", "--test-threads=1"]
COMMAND_EXIT ncu-custom-rna.log 0
COMMAND ["/usr/local/cuda-13.2/bin/ncu", "--config-file", "off", "--target-processes", "application-only", "--kernel-name-base", "mangled", "--kernel-name", "regex:^gemm_bi_nn_fixed_rna_wide_tf32_v1_m128n128_bk32_s3$", "--launch-skip", "130", "--launch-count", "1", "--replay-mode", "kernel", "--clock-control", "none", "--cache-control", "none", "--pipeline-boost-state", "dynamic", "--metrics", "dram__bytes.sum,dram__bytes_read.sum,dram__bytes_write.sum,lts__t_sectors.sum,lts__t_sectors_lookup_hit.sum,lts__t_sectors_lookup_miss.sum,lts__t_sectors_op_read.sum,lts__t_sectors_op_write.sum,l1tex__t_bytes_pipe_lsu_mem_global_op_ld.sum,l1tex__t_bytes_pipe_lsu_mem_global_op_st.sum,smsp__inst_executed_pipe_tensor_op_hmma.sum", "--export", "/root/evidence-ada-tf32-e0-ncu-20260907/run/custom-rna-traffic", "/root/target-ada-exact-toolkit-auto-final2-cuda132-20260907/release/deps/gemm_bi_fixed_performance-46090335b71731a6", "fixed_ada_production_auto_paired_precision_cublas", "--exact", "--ignored", "--nocapture", "--test-threads=1"]
COMMAND_EXIT ncu-custom-rna-traffic.log 0
COMMAND ["/usr/local/cuda-13.2/bin/ncu", "--config-file", "off", "--import", "/root/evidence-ada-tf32-e0-ncu-20260907/run/custom-rna.ncu-rep", "--page", "details", "--csv"]
COMMAND_EXIT custom-rna-details.csv 0
COMMAND ["/usr/local/cuda-13.2/bin/ncu", "--config-file", "off", "--import", "/root/evidence-ada-tf32-e0-ncu-20260907/run/custom-rna.ncu-rep", "--page", "raw", "--csv"]
COMMAND_EXIT custom-rna-raw.csv 0
COMMAND ["/usr/local/cuda-13.2/bin/ncu", "--config-file", "off", "--import", "/root/evidence-ada-tf32-e0-ncu-20260907/run/custom-rna.ncu-rep", "--page", "source", "--print-source", "sass", "--csv"]
COMMAND_EXIT custom-rna-sass.csv 0
COMMAND ["/usr/local/cuda-13.2/bin/ncu", "--config-file", "off", "--import", "/root/evidence-ada-tf32-e0-ncu-20260907/run/custom-rna.ncu-rep", "--page", "session"]
COMMAND_EXIT custom-rna-session.txt 0
COMMAND ["/usr/local/cuda-13.2/bin/ncu", "--config-file", "off", "--import", "/root/evidence-ada-tf32-e0-ncu-20260907/run/custom-rna-traffic.ncu-rep", "--page", "raw", "--csv"]
COMMAND_EXIT custom-rna-traffic.csv 0
COMMAND ["/usr/local/cuda-13.2/bin/ncu", "--config-file", "off", "--target-processes", "application-only", "--kernel-name-base", "mangled", "--kernel-name", "regex:^_ZN7cutlass7Kernel2I52cutlass_80_tensorop_s1688gemm_128x128_16x5_nn_align4EEvNT_6ParamsE$", "--launch-skip", "130", "--launch-count", "1", "--replay-mode", "kernel", "--clock-control", "none", "--cache-control", "none", "--pipeline-boost-state", "dynamic", "--section", "LaunchStats", "--section", "Occupancy", "--section", "SpeedOfLight", "--section", "ComputeWorkloadAnalysis", "--section", "SchedulerStats", "--section", "WarpStateStats", "--section", "MemoryWorkloadAnalysis", "--section", "InstructionStats", "--export", "/root/evidence-ada-tf32-e0-ncu-20260907/run/fast-tf32", "/root/target-ada-exact-toolkit-auto-final2-cuda132-20260907/release/deps/gemm_bi_fixed_performance-46090335b71731a6", "fixed_ada_production_auto_paired_precision_cublas", "--exact", "--ignored", "--nocapture", "--test-threads=1"]
COMMAND_EXIT ncu-fast-tf32.log 0
COMMAND ["/usr/local/cuda-13.2/bin/ncu", "--config-file", "off", "--target-processes", "application-only", "--kernel-name-base", "mangled", "--kernel-name", "regex:^_ZN7cutlass7Kernel2I52cutlass_80_tensorop_s1688gemm_128x128_16x5_nn_align4EEvNT_6ParamsE$", "--launch-skip", "130", "--launch-count", "1", "--replay-mode", "kernel", "--clock-control", "none", "--cache-control", "none", "--pipeline-boost-state", "dynamic", "--metrics", "dram__bytes.sum,dram__bytes_read.sum,dram__bytes_write.sum,lts__t_sectors.sum,lts__t_sectors_lookup_hit.sum,lts__t_sectors_lookup_miss.sum,lts__t_sectors_op_read.sum,lts__t_sectors_op_write.sum,l1tex__t_bytes_pipe_lsu_mem_global_op_ld.sum,l1tex__t_bytes_pipe_lsu_mem_global_op_st.sum,smsp__inst_executed_pipe_tensor_op_hmma.sum", "--export", "/root/evidence-ada-tf32-e0-ncu-20260907/run/fast-tf32-traffic", "/root/target-ada-exact-toolkit-auto-final2-cuda132-20260907/release/deps/gemm_bi_fixed_performance-46090335b71731a6", "fixed_ada_production_auto_paired_precision_cublas", "--exact", "--ignored", "--nocapture", "--test-threads=1"]
COMMAND_EXIT ncu-fast-tf32-traffic.log 0
COMMAND ["/usr/local/cuda-13.2/bin/ncu", "--config-file", "off", "--import", "/root/evidence-ada-tf32-e0-ncu-20260907/run/fast-tf32.ncu-rep", "--page", "details", "--csv"]
COMMAND_EXIT fast-tf32-details.csv 0
COMMAND ["/usr/local/cuda-13.2/bin/ncu", "--config-file", "off", "--import", "/root/evidence-ada-tf32-e0-ncu-20260907/run/fast-tf32.ncu-rep", "--page", "raw", "--csv"]
COMMAND_EXIT fast-tf32-raw.csv 0
COMMAND ["/usr/local/cuda-13.2/bin/ncu", "--config-file", "off", "--import", "/root/evidence-ada-tf32-e0-ncu-20260907/run/fast-tf32.ncu-rep", "--page", "source", "--print-source", "sass", "--csv"]
COMMAND_EXIT fast-tf32-sass.csv 0
COMMAND ["/usr/local/cuda-13.2/bin/ncu", "--config-file", "off", "--import", "/root/evidence-ada-tf32-e0-ncu-20260907/run/fast-tf32.ncu-rep", "--page", "session"]
COMMAND_EXIT fast-tf32-session.txt 0
COMMAND ["/usr/local/cuda-13.2/bin/ncu", "--config-file", "off", "--import", "/root/evidence-ada-tf32-e0-ncu-20260907/run/fast-tf32-traffic.ncu-rep", "--page", "raw", "--csv"]
COMMAND_EXIT fast-tf32-traffic.csv 0
{"phase": "RELEASE", "utc": "2026-09-07T09:02:38Z", "gpu": "GPU-d1edd7be-e88d-aed6-047d-622163306f0e, NVIDIA RTX 6000 Ada Generation, 8.9, 0 %, 0 %\n", "gpu_stderr": "", "gpu_exit": 0, "apps": "", "apps_stderr": "", "apps_exit": 0}
COMMAND ["/usr/bin/nvidia-smi", "--query-gpu=uuid,name,compute_cap,driver_version,pstate,clocks.sm,clocks.mem,temperature.gpu,power.draw,power.limit,utilization.gpu,utilization.memory,memory.used", "--format=csv,noheader"]
COMMAND_EXIT environment-release.log 0
TF32_E0_NCU_COUNTERS_COMPLETE_NOT_ADMISSION
