kernels/_typed_prelude.cuh: FAILED open or read
kernels/activations.cu: FAILED open or read
kernels/adamw.cu: FAILED open or read
kernels/conv1d.cu: FAILED open or read
kernels/elementwise.cu: FAILED open or read
kernels/gemm_bi_inference/common.cuh: FAILED open or read
kernels/gemm_bi_inference/ffma.cu: FAILED open or read
kernels/gemm_bi_inference/matvec.cu: FAILED open or read
kernels/gemm_bi_inference/mma16.cu: FAILED open or read
kernels/gemm_bi_inference/sm100_tcgen05.cu: FAILED open or read
kernels/gemm_bi_inference/sm120_f32_n64_copyplan.cu: FAILED open or read
kernels/gemm_bi_inference/sm120_f32_n64_sliced.cu: FAILED open or read
kernels/gemm_bi_inference/sm120_f32_postbias.cu: FAILED open or read
kernels/gemm_bi_inference/sm120_tma.cu: FAILED open or read
kernels/gemm_bi_inference/sm89_f32_n64_copyplan.cu: FAILED open or read
kernels/gemm_bi_inference/sm89_half_n64.cu: FAILED open or read
kernels/gemm_bi_inference/sm89_half_pipeline.cu: FAILED open or read
kernels/gemm_bi_inference/sm89_half_s3.cu: FAILED open or read
kernels/gemm_bi_inference/sm89_half_swizzle.cu: FAILED open or read
kernels/gemm_bi_inference/sm89_half_swizzle_layout.cuh: FAILED open or read
kernels/gemm_bi_inference/sm90_wgmma.cu: FAILED open or read
kernels/gemm_bi_inference/tcw64.cu: FAILED open or read
kernels/gemm_bi_inference/tf32.cu: FAILED open or read
kernels/gemm_bi_inference/tf32_rna_n96.cu: FAILED open or read
kernels/gemm_bi_inference/tf32_rna_wide.cu: FAILED open or read
kernels/gemm_bi_inference/tf32_sm120.cu: FAILED open or read
kernels/gemm_bi_inference/wmma_legacy.cu: FAILED open or read
kernels/gemm_bi_triad/common.cuh: FAILED open or read
kernels/gemm_bi_triad/contract.cuh: FAILED open or read
kernels/gemm_bi_triad/epilogue.cuh: FAILED open or read
kernels/gemm_bi_triad/mma16.cuh: FAILED open or read
kernels/gemm_bi_triad/scalar.cu: FAILED open or read
kernels/gemm_bi_triad/scalar_nn_m64n64.cu: FAILED open or read
kernels/gemm_bi_triad/scalar_nn_splitk_m32n64.cu: FAILED open or read
kernels/gemm_bi_triad/scalar_nt_d768_transpose.cu: FAILED open or read
kernels/gemm_bi_triad/scalar_nt_m2n16.cu: FAILED open or read
kernels/gemm_bi_triad/scalar_tn_m16n16.cu: FAILED open or read
kernels/gemm_bi_triad/sm100.cu: FAILED open or read
kernels/gemm_bi_triad/sm120.cu: FAILED open or read
kernels/gemm_bi_triad/sm120_exact.cu: FAILED open or read
kernels/gemm_bi_triad/sm80.cu: FAILED open or read
kernels/gemm_bi_triad/sm80_streamk.cu: FAILED open or read
kernels/gemm_bi_triad/sm80_tf32_wide.cu: FAILED open or read
kernels/gemm_bi_triad/sm80_tn_splitk.cu: FAILED open or read
kernels/gemm_bi_triad/sm89_exact_f32.cu: FAILED open or read
kernels/gemm_bi_triad/sm89_exact_f32_d128.cu: FAILED open or read
kernels/gemm_bi_triad/sm89_half.cu: FAILED open or read
kernels/gemm_bi_triad/sm89_half_tn.cu: FAILED open or read
kernels/gemm_bi_triad/sm89_nt_compact.cuh: FAILED open or read
kernels/gemm_bi_triad/sm89_tf32_joint.cu: FAILED open or read
kernels/gemm_bi_triad/sm89_tf32_joint_primitives.cuh: FAILED open or read
kernels/gemm_bi_triad/sm90a.cu: FAILED open or read
kernels/grad_clip.cu: FAILED open or read
kernels/loss_scaler.cu: FAILED open or read
kernels/mamba3_chunked.cu: FAILED open or read
kernels/mamba3_ops.cu: FAILED open or read
kernels/mamba3_ssd.cu: FAILED open or read
kernels/mamba_ssm.cu: FAILED open or read
kernels/mamba_ssm_parallel.cu: FAILED open or read
kernels/norms.cu: FAILED open or read
src/bin/gemm_bi_tf32_qualification.rs: FAILED open or read
src/bin/generate.rs: FAILED open or read
src/config.rs: FAILED open or read
src/dist/bootstrap.rs: FAILED open or read
src/dist/comm.rs: FAILED open or read
src/dist/config.rs: FAILED open or read
src/dist/context.rs: FAILED open or read
src/dist/error.rs: FAILED open or read
src/dist/fold.rs: FAILED open or read
src/dist/mod.rs: FAILED open or read
src/dist/reducer.rs: FAILED open or read
src/dist/seed.rs: FAILED open or read
src/dist/watchdog.rs: FAILED open or read
src/hf/bf16.rs: FAILED open or read
src/hf/config_json.rs: FAILED open or read
src/hf/embed.rs: FAILED open or read
src/hf/keys.rs: FAILED open or read
src/hf/load.rs: FAILED open or read
src/hf/mod.rs: FAILED open or read
src/lib.rs: FAILED open or read
src/mamba3_siso/config.rs: FAILED open or read
src/mamba3_siso/cpu/backward.rs: FAILED open or read
src/mamba3_siso/cpu/dims.rs: FAILED open or read
src/mamba3_siso/cpu/flat.rs: FAILED open or read
src/mamba3_siso/cpu/forward.rs: FAILED open or read
src/mamba3_siso/cpu/inference.rs: FAILED open or read
src/mamba3_siso/cpu/mod.rs: FAILED open or read
src/mamba3_siso/cpu/parallel.rs: FAILED open or read
src/mamba3_siso/cpu/prefill.rs: FAILED open or read
src/mamba3_siso/cpu/scratch.rs: FAILED open or read
src/mamba3_siso/cpu/weights.rs: FAILED open or read
src/mamba3_siso/gpu/backward.rs: FAILED open or read
src/mamba3_siso/gpu/backward_mixed.rs: FAILED open or read
src/mamba3_siso/gpu/forward.rs: FAILED open or read
src/mamba3_siso/gpu/forward_mixed.rs: FAILED open or read
src/mamba3_siso/gpu/inference.rs: FAILED open or read
src/mamba3_siso/gpu/kernels.rs: FAILED open or read
src/mamba3_siso/gpu/mamba3_gpu.rs: FAILED open or read
src/mamba3_siso/gpu/mod.rs: FAILED open or read
src/mamba3_siso/gpu/prefill.rs: FAILED open or read
src/mamba3_siso/gpu/state.rs: FAILED open or read
src/mamba3_siso/gpu/trainer.rs: FAILED open or read
src/mamba3_siso/gpu/training_graph.rs: FAILED open or read
src/mamba3_siso/gpu/weights.rs: FAILED open or read
src/mamba3_siso/gpu/weights_mixed_train.rs: FAILED open or read
src/mamba3_siso/mod.rs: FAILED open or read
src/mamba3_siso/serialize.rs: FAILED open or read
src/mamba3_siso/state.rs: FAILED open or read
src/mamba3_siso/weights.rs: FAILED open or read
src/mamba_ssm/cpu/backward.rs: FAILED open or read
src/mamba_ssm/cpu/backward_ops.rs: FAILED open or read
src/mamba_ssm/cpu/flat.rs: FAILED open or read
src/mamba_ssm/cpu/forward.rs: FAILED open or read
src/mamba_ssm/cpu/inference.rs: FAILED open or read
src/mamba_ssm/cpu/mod.rs: FAILED open or read
src/mamba_ssm/cpu/parallel.rs: FAILED open or read
src/mamba_ssm/cpu/prefill.rs: FAILED open or read
src/mamba_ssm/cpu/scratch.rs: FAILED open or read
src/mamba_ssm/cpu/target.rs: FAILED open or read
src/mamba_ssm/cpu/weights.rs: FAILED open or read
src/mamba_ssm/gpu/adamw.rs: FAILED open or read
src/mamba_ssm/gpu/backward.rs: FAILED open or read
src/mamba_ssm/gpu/backward_mixed.rs: FAILED open or read
src/mamba_ssm/gpu/blas.rs: FAILED open or read
src/mamba_ssm/gpu/buffers.rs: FAILED open or read
src/mamba_ssm/gpu/context.rs: FAILED open or read
src/mamba_ssm/gpu/device.rs: FAILED open or read
src/mamba_ssm/gpu/diagnostics.rs: FAILED open or read
src/mamba_ssm/gpu/dtype.rs: FAILED open or read
src/mamba_ssm/gpu/forward.rs: FAILED open or read
src/mamba_ssm/gpu/forward_mixed.rs: FAILED open or read
src/mamba_ssm/gpu/gemm_bi_inference.rs: FAILED open or read
src/mamba_ssm/gpu/gemm_bi_triad/contract.rs: FAILED open or read
src/mamba_ssm/gpu/gemm_bi_triad/dispatch.rs: FAILED open or read
src/mamba_ssm/gpu/gemm_bi_triad/launch.rs: FAILED open or read
src/mamba_ssm/gpu/gemm_bi_triad/mod.rs: FAILED open or read
src/mamba_ssm/gpu/gemm_bi_triad/modules.rs: FAILED open or read
src/mamba_ssm/gpu/gemm_bi_triad/qualification.rs: FAILED open or read
src/mamba_ssm/gpu/gemm_bi_triad/scalar_nn_tn_tests.rs: FAILED open or read
src/mamba_ssm/gpu/gemm_bi_triad/scalar_nt_tests.rs: FAILED open or read
src/mamba_ssm/gpu/gemm_bi_triad/sm89_exact_f32_d128_source.rs: FAILED open or read
src/mamba_ssm/gpu/gemm_bi_triad/sm89_exact_f32_source.rs: FAILED open or read
src/mamba_ssm/gpu/gemm_bi_triad/sm89_finalist_source.rs: FAILED open or read
src/mamba_ssm/gpu/gemm_bi_triad/sm89_half_source.rs: FAILED open or read
src/mamba_ssm/gpu/gemm_bi_triad/sm89_half_tn_source.rs: FAILED open or read
src/mamba_ssm/gpu/gemm_bi_triad/sm89_tf32_joint_source.rs: FAILED open or read
src/mamba_ssm/gpu/gemm_bi_triad/training_pipeline_tests.rs: FAILED open or read
src/mamba_ssm/gpu/gemm_mode.rs: FAILED open or read
src/mamba_ssm/gpu/grad_clip.rs: FAILED open or read
src/mamba_ssm/gpu/graph_capture.rs: FAILED open or read
src/mamba_ssm/gpu/inference.rs: FAILED open or read
src/mamba_ssm/gpu/kernel_identity.rs: FAILED open or read
src/mamba_ssm/gpu/kernels.rs: FAILED open or read
src/mamba_ssm/gpu/launch.rs: FAILED open or read
src/mamba_ssm/gpu/loss_scaler.rs: FAILED open or read
src/mamba_ssm/gpu/mod.rs: FAILED open or read
src/mamba_ssm/gpu/prefill.rs: FAILED open or read
src/mamba_ssm/gpu/trainer.rs: FAILED open or read
src/mamba_ssm/gpu/training_graph.rs: FAILED open or read
src/mamba_ssm/gpu/weights.rs: FAILED open or read
src/mamba_ssm/gpu/weights_mixed_train.rs: FAILED open or read
src/mamba_ssm/mod.rs: FAILED open or read
src/module/backbone.rs: FAILED open or read
src/module/backbone3.rs: FAILED open or read
src/module/gpu_lm.rs: FAILED open or read
src/module/gpu_lm3.rs: FAILED open or read
src/module/lm.rs: FAILED open or read
src/module/mod.rs: FAILED open or read
src/module/sample.rs: FAILED open or read
src/ops/blas.rs: FAILED open or read
src/ops/dims.rs: FAILED open or read
src/ops/fast_math.rs: FAILED open or read
src/ops/mod.rs: FAILED open or read
src/ops/norms.rs: FAILED open or read
src/serialize.rs: FAILED open or read
src/state.rs: FAILED open or read
src/weights.rs: FAILED open or read
tests/a9_fused_softplus_repro.rs: FAILED open or read
tests/adamw_parity.rs: FAILED open or read
tests/arch_compile_gates.rs: FAILED open or read
tests/backward_mixed_parity.rs: FAILED open or read
tests/backward_mixed_smoke.rs: FAILED open or read
tests/bench_bf16_vs_f32.rs: FAILED open or read
tests/bf16_130m_layer_bisect.rs: FAILED open or read
tests/bf16_130m_layer_diff.rs: FAILED open or read
tests/classifier_gemm_tier_bench.rs: FAILED open or read
tests/common/bench.rs: FAILED open or read
tests/common/digest.rs: FAILED open or read
tests/common/evidence.rs: FAILED open or read
tests/common/gpu_quiet.rs: FAILED open or read
tests/common/mod.rs: FAILED open or read
tests/common/source_scan.rs: FAILED open or read
tests/coverage_gaps.rs: FAILED open or read
tests/cpu_gpu_train_parity.rs: FAILED open or read
tests/cublas_compute_probe.rs: FAILED open or read
tests/cuda/gemm_bi_fixed_sm89_swizzle_layout.cpp: FAILED open or read
tests/ddp_emulated_equivalence.rs: FAILED open or read
tests/ddp_fixed_order_reducer.rs: FAILED open or read
tests/ddp_nccl_two_ranks.rs: FAILED open or read
tests/ddp_reduction_tree.rs: FAILED open or read
tests/decode_digest.rs: FAILED open or read
tests/determinism_source_gates.rs: FAILED open or read
tests/device_facts.rs: FAILED open or read
tests/epilogue_bench.rs: FAILED open or read
tests/extreme_edge_coverage.rs: FAILED open or read
tests/f32_training_graph_parity.rs: FAILED open or read
tests/fixed_epilogue_pins.rs: FAILED open or read
tests/gemm_bi_async_allocation.rs: FAILED open or read
tests/gemm_bi_bf16_nt_m64n192_s3_d768_out_discovery.rs: FAILED open or read
tests/gemm_bi_bf16_nt_m96n128_s3_d768_out_discovery.rs: FAILED open or read
tests/gemm_bi_contract_census.rs: FAILED open or read
tests/gemm_bi_determinism.rs: FAILED open or read
tests/gemm_bi_fixed_bridge.rs: FAILED open or read
tests/gemm_bi_fixed_correctness.rs: FAILED open or read
tests/gemm_bi_fixed_f32_t256_discovery.rs: FAILED open or read
tests/gemm_bi_fixed_half_batch_discovery.cu: FAILED open or read
tests/gemm_bi_fixed_half_batch_discovery.rs: FAILED open or read
tests/gemm_bi_fixed_half_m64n128_qualification.rs: FAILED open or read
tests/gemm_bi_fixed_performance.rs: FAILED open or read
tests/gemm_bi_fixed_sm120_exact_n64.rs: FAILED open or read
tests/gemm_bi_fixed_sm120_performance.rs: FAILED open or read
tests/gemm_bi_fixed_sm120_sliced.rs: FAILED open or read
tests/gemm_bi_fixed_sm89_exact_n64.rs: FAILED open or read
tests/gemm_bi_fixed_sm89_pipeline.rs: FAILED open or read
tests/gemm_bi_fixed_tf32_m64n128_qualification.rs: FAILED open or read
tests/gemm_bi_fixed_tf32_n96_discovery.cu: FAILED open or read
tests/gemm_bi_fixed_tf32_n96_discovery.rs: FAILED open or read
tests/gemm_bi_fixed_tf32_w4_discovery.cu: FAILED open or read
tests/gemm_bi_fixed_tf32_w4_discovery.rs: FAILED open or read
tests/gemm_bi_half_nn_n96_s3_d768_in_discovery.rs: FAILED open or read
tests/gemm_bi_half_nn_s3_bx4_d768_in_discovery.rs: FAILED open or read
tests/gemm_bi_half_nt_m64n128_s2_d768_out_discovery.rs: FAILED open or read
tests/gemm_bi_half_nt_m64n128_s3_groupm8_d768_out_discovery.rs: FAILED open or read
tests/gemm_bi_half_nt_m64n192_full_domain_d768_out_discovery.rs: FAILED open or read
tests/gemm_bi_half_nt_m64n192_issue2211_d768_out_discovery.rs: FAILED open or read
tests/gemm_bi_half_nt_m64n192_s3_d768_out_discovery.rs: FAILED open or read
tests/gemm_bi_half_nt_m96n128_s3_d768_out_discovery.rs: FAILED open or read
tests/gemm_bi_half_remaining_qualification_contract.rs: FAILED open or read
tests/gemm_bi_half_tn_8warp_16x32_discovery.rs: FAILED open or read
tests/gemm_bi_half_tn_bk32_s3_regpipe_vec2_bf16_d768_in_discovery.rs: FAILED open or read
tests/gemm_bi_half_tn_m64n96_regpipe_vec2_bf16_d768_out_discovery.rs: FAILED open or read
tests/gemm_bi_half_tn_m96n64_regpipe_vec2_bf16_d768_in_discovery.rs: FAILED open or read
tests/gemm_bi_half_tn_one_wave_atlas_bf16_d768_out_discovery.rs: FAILED open or read
tests/gemm_bi_half_tn_packed_raster_bf16_d768_in_discovery.rs: FAILED open or read
tests/gemm_bi_half_tn_regpipe_vec2_bx4_d768_in_discovery.rs: FAILED open or read
tests/gemm_bi_half_tn_regpipe_vec2_issue_d768_in_discovery.rs: FAILED open or read
tests/gemm_bi_half_tn_regpipe_vec2_sliced_d768_in_discovery.rs: FAILED open or read
tests/gemm_bi_half_tn_vec2_exact_entry_discovery.rs: FAILED open or read
tests/gemm_bi_half_tn_vec2_full_domain_discovery.rs: FAILED open or read
tests/gemm_bi_half_tn_vec2_full_tile_cg_discovery.rs: FAILED open or read
tests/gemm_bi_half_tn_vec2_full_tile_stage_discovery.rs: FAILED open or read
tests/gemm_bi_invariance_matrix.rs: FAILED open or read
tests/gemm_bi_performance_matrix.rs: FAILED open or read
tests/gemm_bi_scalar_nn_m64n128_postproduction_experiment.cu: FAILED open or read
tests/gemm_bi_scalar_nn_m64n128_postproduction_experiment.rs: FAILED open or read
tests/gemm_bi_scalar_nn_m64n64_bcg_experiment.cu: FAILED open or read
tests/gemm_bi_scalar_nn_m64n64_bcg_experiment.rs: FAILED open or read
tests/gemm_bi_scalar_nn_m64n64_exactshape_experiment.cu: FAILED open or read
tests/gemm_bi_scalar_nn_m64n64_exactshape_experiment.rs: FAILED open or read
tests/gemm_bi_scalar_nn_m64n64_qualification.rs: FAILED open or read
tests/gemm_bi_scalar_nn_splitk_m32n128_experiment.cu: FAILED open or read
tests/gemm_bi_scalar_nn_splitk_m32n128_experiment.rs: FAILED open or read
tests/gemm_bi_scalar_nn_splitk_m32n64_exactshape_tournament.cu: FAILED open or read
tests/gemm_bi_scalar_nn_splitk_m32n64_exactshape_tournament.rs: FAILED open or read
tests/gemm_bi_scalar_nn_splitk_m64n64_tournament.cu: FAILED open or read
tests/gemm_bi_scalar_nn_splitk_m64n64_tournament.rs: FAILED open or read
tests/gemm_bi_scalar_nt_copyplan_siblings_discovery.rs: FAILED open or read
tests/gemm_bi_scalar_nt_d128_out_m64n64_tournament.rs: FAILED open or read
tests/gemm_bi_scalar_nt_d768_out_m64n64_tournament.rs: FAILED open or read
tests/gemm_bi_scalar_nt_d768_transpose_tournament.cu: FAILED open or read
tests/gemm_bi_scalar_nt_d768_transpose_tournament.rs: FAILED open or read
tests/gemm_bi_scalar_nt_large_deep_m64n64_tournament.rs: FAILED open or read
tests/gemm_bi_scalar_nt_prism_experiment.cu: FAILED open or read
tests/gemm_bi_scalar_nt_prism_m64n64_tournament.rs: FAILED open or read
tests/gemm_bi_scalar_nt_prism_tournament.rs: FAILED open or read
tests/gemm_bi_scalar_nt_skinny_direct_experiment.cu: FAILED open or read
tests/gemm_bi_scalar_nt_skinny_direct_experiment.rs: FAILED open or read
tests/gemm_bi_scalar_nt_slim_qualification.rs: FAILED open or read
tests/gemm_bi_scalar_tn_copyplan_d768_in_discovery.rs: FAILED open or read
tests/gemm_bi_scalar_tn_copyplan_dual_chunk_fused_d768_in_discovery.rs: FAILED open or read
tests/gemm_bi_scalar_tn_copyplan_dual_chunk_m128n64_bk16_d768_in_discovery.rs: FAILED open or read
tests/gemm_bi_scalar_tn_copyplan_dual_chunk_rolled_d768_in_discovery.rs: FAILED open or read
tests/gemm_bi_scalar_tn_copyplan_fused_finalize_d768_in_discovery.rs: FAILED open or read
tests/gemm_bi_scalar_tn_copyplan_fused_finalize_groupm12_d768_in_discovery.rs: FAILED open or read
tests/gemm_bi_scalar_tn_copyplan_fused_finalize_n32_d768_in_discovery.rs: FAILED open or read
tests/gemm_bi_scalar_tn_direct_d768_in_bk16_retained_dual_discovery.rs: FAILED open or read
tests/gemm_bi_scalar_tn_direct_d768_in_discovery.rs: FAILED open or read
tests/gemm_bi_scalar_tn_direct_d768_out_bk16_discovery.rs: FAILED open or read
tests/gemm_bi_scalar_tn_direct_dual_chunk_fused_d768_in_discovery.rs: FAILED open or read
tests/gemm_bi_scalar_tn_direct_prism_bk16_discovery.rs: FAILED open or read
tests/gemm_bi_scalar_tn_direct_prism_bk32_exact_tail_discovery.rs: FAILED open or read
tests/gemm_bi_scalar_tn_direct_prism_fused_n32_discovery.rs: FAILED open or read
tests/gemm_bi_scalar_tn_prism_vec4_reducer_discovery.rs: FAILED open or read
tests/gemm_bi_scalar_tn_splitm_copyplan_siblings_discovery.rs: FAILED open or read
tests/gemm_bi_scalar_tn_transpose_32x8_d768_in_discovery.rs: FAILED open or read
tests/gemm_bi_scalar_tn_underfill_direct_experiment.cu: FAILED open or read
tests/gemm_bi_scalar_tn_underfill_direct_experiment.rs: FAILED open or read
tests/gemm_bi_scalar_wide_microtile_experiment.cu: FAILED open or read
tests/gemm_bi_scalar_wide_microtile_experiment.rs: FAILED open or read
tests/gemm_bi_sm100_contract.rs: FAILED open or read
tests/gemm_bi_sm100_triad_census.rs: FAILED open or read
tests/gemm_bi_sm120_contract.rs: FAILED open or read
tests/gemm_bi_sm120_tf32_selector_qualification.rs: FAILED open or read
tests/gemm_bi_sm120_tf32_vendor.rs: FAILED open or read
tests/gemm_bi_sm120_triad_census.rs: FAILED open or read
tests/gemm_bi_sm89_exact_f32_d128_module_qualification.rs: FAILED open or read
tests/gemm_bi_sm89_exact_f32_d128_selector_qualification.rs: FAILED open or read
tests/gemm_bi_sm89_exact_f32_d128_source_contract.rs: FAILED open or read
tests/gemm_bi_sm89_exact_f32_module_qualification.rs: FAILED open or read
tests/gemm_bi_sm89_exact_f32_source_contract.rs: FAILED open or read
tests/gemm_bi_sm89_exact_f32_tn_selector_qualification.rs: FAILED open or read
tests/gemm_bi_sm89_half_selector_qualification.rs: FAILED open or read
tests/gemm_bi_sm89_half_tn_source_contract.rs: FAILED open or read
tests/gemm_bi_sm89_tf32_joint_module_qualification.rs: FAILED open or read
tests/gemm_bi_sm89_tf32_joint_selector_qualification.rs: FAILED open or read
tests/gemm_bi_sm90_contract.rs: FAILED open or read
tests/gemm_bi_sm90a_triad_census.rs: FAILED open or read
tests/gemm_bi_tc.rs: FAILED open or read
tests/gemm_bi_tf32_cohort_binding.rs: FAILED open or read
tests/gemm_bi_tf32_contract.rs: FAILED open or read
tests/gemm_bi_tf32_joint_cohort_binding.rs: FAILED open or read
tests/gemm_bi_tf32_joint_source_contract.rs: FAILED open or read
tests/gemm_bi_tf32_m16n16_qualification.rs: FAILED open or read
tests/gemm_bi_tf32_nn_m96n96_s2_copy_lifetime_prism_discovery.rs: FAILED open or read
tests/gemm_bi_tf32_nn_m96n96_s2_direct_prism_discovery.rs: FAILED open or read
tests/gemm_bi_tf32_nn_m96n96_s2_single_fragment_prism_discovery.rs: FAILED open or read
tests/gemm_bi_tf32_nn_n96_b_ldmatrix_discovery.rs: FAILED open or read
tests/gemm_bi_tf32_nn_n96_cross_bk_prefetch_prism_discovery.rs: FAILED open or read
tests/gemm_bi_tf32_nn_n96_direct_epilogue_ca_prism_discovery.rs: FAILED open or read
tests/gemm_bi_tf32_nn_n96_direct_epilogue_discovery.rs: FAILED open or read
tests/gemm_bi_tf32_nn_n96_direct_epilogue_nobarrier_prism_discovery.rs: FAILED open or read
tests/gemm_bi_tf32_nn_n96_direct_grid_constant_prism_discovery.rs: FAILED open or read
tests/gemm_bi_tf32_nn_n96_full_domain_cpasync_prism_discovery.rs: FAILED open or read
tests/gemm_bi_tf32_nn_rect_wide_next_tournament.cu: FAILED open or read
tests/gemm_bi_tf32_nn_rect_wide_next_tournament.rs: FAILED open or read
tests/gemm_bi_tf32_nn_rect_wide_tournament.rs: FAILED open or read
tests/gemm_bi_tf32_nt_a_ldmatrix_prism_full_domain_discovery.rs: FAILED open or read
tests/gemm_bi_tf32_nt_a_ldmatrix_prism_k8_regpipe_discovery.rs: FAILED open or read
tests/gemm_bi_tf32_nt_compact_a_ldmatrix_sliced_d768_in_discovery.rs: FAILED open or read
tests/gemm_bi_tf32_nt_compact_a_ldmatrix_sliced_d768_out_discovery.rs: FAILED open or read
tests/gemm_bi_tf32_nt_compact_a_ldmatrix_sliced_prism_discovery.rs: FAILED open or read
tests/gemm_bi_tf32_nt_compact_xor.cu: FAILED open or read
tests/gemm_bi_tf32_nt_compact_xor.rs: FAILED open or read
tests/gemm_bi_tf32_nt_cublas.rs: FAILED open or read
tests/gemm_bi_tf32_nt_padded_copy_plan.cuh: FAILED open or read
tests/gemm_bi_tf32_nt_padded_dense_copy.cuh: FAILED open or read
tests/gemm_bi_tf32_nt_padded_dense_prism.cuh: FAILED open or read
tests/gemm_bi_tf32_nt_padded_ldmatrix.cuh: FAILED open or read
tests/gemm_bi_tf32_nt_padded_ldmatrix_host.cpp: FAILED open or read
tests/gemm_bi_tf32_nt_tournament.rs: FAILED open or read
tests/gemm_bi_tf32_selector.rs: FAILED open or read
tests/gemm_bi_tf32_selector_qualification.rs: FAILED open or read
tests/gemm_bi_tf32_splitk4_qualification.rs: FAILED open or read
tests/gemm_bi_tf32_tn_compact_xor.cuh: FAILED open or read
tests/gemm_bi_tf32_tn_dense_copy.cuh: FAILED open or read
tests/gemm_bi_tf32_tn_panel8_tournament.cu: FAILED open or read
tests/gemm_bi_tf32_tn_panel8_tournament.rs: FAILED open or read
tests/gemm_bi_tf32_tn_pre_rna_m64n96_s2_prism_discovery.rs: FAILED open or read
tests/gemm_bi_tf32_tn_splitm_tournament.cu: FAILED open or read
tests/gemm_bi_tf32_tn_splitm_tournament.rs: FAILED open or read
tests/gemm_bi_tf32_tn_streamk_tournament.cu: FAILED open or read
tests/gemm_bi_tf32_tn_streamk_tournament.rs: FAILED open or read
tests/gemm_bi_tf32_tn_transpose_ab_rna_n96_d768_out_discovery.rs: FAILED open or read
tests/gemm_bi_tf32_tn_transpose_rna_m64n128_s2_prism_discovery.rs: FAILED open or read
tests/gemm_bi_tf32_tn_transpose_rna_m64n64_d768_out_discovery.rs: FAILED open or read
tests/gemm_bi_tf32_tn_transpose_rna_m64n64_prism_discovery.rs: FAILED open or read
tests/gemm_bi_tf32_tn_transpose_rna_n96_d768_out_discovery.rs: FAILED open or read
tests/gemm_bi_tf32_tn_transpose_rna_n96_siblings_discovery.rs: FAILED open or read
tests/gemm_bi_tf32_tn_underfill_tournament.rs: FAILED open or read
tests/gemm_bi_tn_d128_fused_contract_tournament.cu: FAILED open or read
tests/gemm_bi_tn_d128_fused_contract_tournament.rs: FAILED open or read
tests/gemm_bi_tn_narrow_partition_tournament.rs: FAILED open or read
tests/gemm_bi_tn_splitm_cp_async_qualification.rs: FAILED open or read
tests/gemm_bi_typed_parity.rs: FAILED open or read
tests/gemm_context_routing.rs: FAILED open or read
tests/gemm_denominator_probe.rs: FAILED open or read
tests/gemm_ladder_sweep.rs: FAILED open or read
tests/gemm_mode_api.rs: FAILED open or read
tests/gemm_mode_live.rs: FAILED open or read
tests/gpu_batch_test.rs: FAILED open or read
tests/gpu_bench_all.rs: FAILED open or read
tests/gpu_bf16_parity.rs: FAILED open or read
tests/gpu_inference_prefill_parity.rs: FAILED open or read
tests/gpu_lm_bench.rs: FAILED open or read
tests/gpu_lm_bf16_test.rs: FAILED open or read
tests/gpu_lm_profile.rs: FAILED open or read
tests/gpu_lm_test.rs: FAILED open or read
tests/gpu_mamba3_lm_test.rs: FAILED open or read
tests/gpu_pooled_prefill.rs: FAILED open or read
tests/grad_clip.rs: FAILED open or read
tests/grad_oracle.rs: FAILED open or read
tests/grad_region_clip.rs: FAILED open or read
tests/graph_capture_panic.rs: FAILED open or read
tests/hf_batch_parity.rs: FAILED open or read
tests/hf_full_cycle.rs: FAILED open or read
tests/hf_integration.rs: FAILED open or read
tests/hf_training_convergence.rs: FAILED open or read
tests/hf_training_smoke.rs: FAILED open or read
tests/inference_f16_smoke.rs: FAILED open or read
tests/inference_graph_route.rs: FAILED open or read
tests/kernel_identity.rs: FAILED open or read
tests/kernel_identity_cuda.rs: FAILED open or read
tests/large_d_state.rs: FAILED open or read
tests/loss_scaler.rs: FAILED open or read
tests/m1_cpu_benchmark.rs: FAILED open or read
tests/m1_gpu_benchmark.rs: FAILED open or read
tests/m1_parallel_bwd_parity.rs: FAILED open or read
tests/m1_parallel_scan_typed_parity.rs: FAILED open or read
tests/m1_scan_bwd_hash.rs: FAILED open or read
tests/m1_test_correctness.rs: FAILED open or read
tests/m3_backward_mixed_parity.rs: FAILED open or read
tests/m3_bf16_parity.rs: FAILED open or read
tests/m3_chunked_fwd_unit_parity.rs: FAILED open or read
tests/m3_cpu_benchmark.rs: FAILED open or read
tests/m3_cpu_gpu_train_parity.rs: FAILED open or read
tests/m3_final_grads_unit_parity.rs: FAILED open or read
tests/m3_forward_mixed_parity.rs: FAILED open or read
tests/m3_gpu_benchmark.rs: FAILED open or read
tests/m3_gpu_prefill_parity.rs: FAILED open or read
tests/m3_kernel_identity_cuda.rs: FAILED open or read
tests/m3_mixed_train_smoke.rs: FAILED open or read
tests/m3_prefill_bench.rs: FAILED open or read
tests/m3_prefill_full_parity.rs: FAILED open or read
tests/m3_prefill_typed_parity.rs: FAILED open or read
tests/m3_scan_micro_bench.rs: FAILED open or read
tests/m3_test_correctness.rs: FAILED open or read
tests/m3_training_graph_parity.rs: FAILED open or read
tests/m3_training_graph_safety.rs: FAILED open or read
tests/m3_typed_bwd_unit_parity.rs: FAILED open or read
tests/matvec_probe.rs: FAILED open or read
tests/memory_footprint.rs: FAILED open or read
tests/mixed_prefill_parity.rs: FAILED open or read
tests/msrv_single_source.rs: FAILED open or read
tests/optimizer_resume_bitwise.rs: FAILED open or read
tests/parallel_run_determinism.rs: FAILED open or read
tests/prefill.rs: FAILED open or read
tests/prefill_m3.rs: FAILED open or read
tests/prefill_serve_bench.rs: FAILED open or read
tests/qual_lane_census.rs: FAILED open or read
tests/rl_llm_bench.rs: FAILED open or read
tests/rmsnorm_bf16_768.rs: FAILED open or read
tests/scan_mode_bench.rs: FAILED open or read
tests/scan_mode_boundary.rs: FAILED open or read
tests/sm100_tcgen05_census.rs: FAILED open or read
tests/sm120_tf32_pair_store_experiment.cu: FAILED open or read
tests/sm120_tf32_pair_store_experiment.rs: FAILED open or read
tests/sm120_tf32_pipeline_source_gate.rs: FAILED open or read
tests/sm120_tf32_stack_source_gate.rs: FAILED open or read
tests/sm80_cp_async_exact_allocation_contract.rs: FAILED open or read
tests/sm80_cp_async_exact_allocation_sanitizer.rs: FAILED open or read
tests/sm80_tf32_cp_async_source_gate.rs: FAILED open or read
tests/sm80_typed_cp_async_source_gate.rs: FAILED open or read
tests/sm89_half_source_freeze.rs: FAILED open or read
tests/sm90_wgmma_census.rs: FAILED open or read
tests/stability_stress.rs: FAILED open or read
tests/state_cap_invariance.rs: FAILED open or read
tests/support/fixed_full_mantissa.rs: FAILED open or read
tests/support/fixed_half_batch_layout.rs: FAILED open or read
tests/support/fixed_sm120_exact_n64_admission.rs: FAILED open or read
tests/support/fixed_sm89_exact_n64_admission.rs: FAILED open or read
tests/support/fixed_sm89_toolkit_admission.rs: FAILED open or read
tests/support/sm89_exact_f32_tn_admission.rs: FAILED open or read
tests/support/triad_f32_tn_copyplan_dual_chunk_m128n64_bk16_source.rs: FAILED open or read
tests/support/triad_f32_tn_copyplan_dual_chunk_rolled_source.rs: FAILED open or read
tests/support/triad_f32_tn_copyplan_dual_chunk_source.rs: FAILED open or read
tests/support/triad_f32_tn_copyplan_epilogue_source.rs: FAILED open or read
tests/support/triad_f32_tn_copyplan_fused_finalize_groupm12_source.rs: FAILED open or read
tests/support/triad_f32_tn_copyplan_fused_finalize_n32_source.rs: FAILED open or read
tests/support/triad_f32_tn_copyplan_fused_finalize_source.rs: FAILED open or read
tests/support/triad_f32_tn_copyplan_raw_store_source.rs: FAILED open or read
tests/support/triad_f32_tn_direct_copyplan_source.rs: FAILED open or read
tests/support/triad_f32_tn_direct_d768_in_bk16_source.rs: FAILED open or read
tests/support/triad_f32_tn_direct_d768_out_bk16_source.rs: FAILED open or read
tests/support/triad_f32_tn_direct_dual_chunk_source.rs: FAILED open or read
tests/support/triad_f32_tn_direct_prism_bk16_source.rs: FAILED open or read
tests/support/triad_f32_tn_direct_prism_bk32_exact_tail_source.rs: FAILED open or read
tests/support/triad_f32_tn_direct_prism_fused_n32_source.rs: FAILED open or read
tests/support/triad_f32_tn_prism_vec4_reducer_source.rs: FAILED open or read
tests/support/triad_f32_transpose_32x8_source.rs: FAILED open or read
tests/support/triad_half_nn_m128n64_source.rs: FAILED open or read
tests/support/triad_half_nn_n64_source.rs: FAILED open or read
tests/support/triad_half_nn_n96_s3_source.rs: FAILED open or read
tests/support/triad_half_nn_s3_bx4_source.rs: FAILED open or read
tests/support/triad_half_nt_compact_source.rs: FAILED open or read
tests/support/triad_half_nt_direct_epilogue_source.rs: FAILED open or read
tests/support/triad_half_nt_fixed_s3_source.rs: FAILED open or read
tests/support/triad_half_nt_m64n128_s2_source.rs: FAILED open or read
tests/support/triad_half_nt_m64n128_s3_groupm8_source.rs: FAILED open or read
tests/support/triad_half_nt_m64n128_s3_source.rs: FAILED open or read
tests/support/triad_half_nt_m64n192_full_domain_source.rs: FAILED open or read
tests/support/triad_half_nt_m64n192_issue2211_source.rs: FAILED open or read
tests/support/triad_half_nt_m64n192_s3_bf16_source.rs: FAILED open or read
tests/support/triad_half_nt_m64n192_s3_source.rs: FAILED open or read
tests/support/triad_half_nt_m96n128_s3_bf16_source.rs: FAILED open or read
tests/support/triad_half_nt_m96n128_s3_source.rs: FAILED open or read
tests/support/triad_half_nt_s3_source.rs: FAILED open or read
tests/support/triad_half_remaining_qualification.rs: FAILED open or read
tests/support/triad_half_tile_screen.rs: FAILED open or read
tests/support/triad_half_tn_8warp_16x32_source.rs: FAILED open or read
tests/support/triad_half_tn_bk32_s3_regpipe_vec2_source.rs: FAILED open or read
tests/support/triad_half_tn_compact_source.rs: FAILED open or read
tests/support/triad_half_tn_fixed_s3_source.rs: FAILED open or read
tests/support/triad_half_tn_m64n128_regpipe_source.rs: FAILED open or read
tests/support/triad_half_tn_m64n128_source.rs: FAILED open or read
tests/support/triad_half_tn_m64n96_regpipe_vec2_source.rs: FAILED open or read
tests/support/triad_half_tn_m96n64_regpipe_vec2_source.rs: FAILED open or read
tests/support/triad_half_tn_microtile_source.rs: FAILED open or read
tests/support/triad_half_tn_one_wave_atlas_source.rs: FAILED open or read
tests/support/triad_half_tn_packed_raster_source.rs: FAILED open or read
tests/support/triad_half_tn_regpipe_source.rs: FAILED open or read
tests/support/triad_half_tn_regpipe_vec2_bx4_source.rs: FAILED open or read
tests/support/triad_half_tn_regpipe_vec2_issue_source.rs: FAILED open or read
tests/support/triad_half_tn_regpipe_vec2_sibling_plan.rs: FAILED open or read
tests/support/triad_half_tn_regpipe_vec2_sliced_source.rs: FAILED open or read
tests/support/triad_half_tn_s4_source.rs: FAILED open or read
tests/support/triad_half_tn_vec2_epilogue_source.rs: FAILED open or read
tests/support/triad_half_tn_vec2_exact_entry_source.rs: FAILED open or read
tests/support/triad_half_tn_vec2_full_domain_source.rs: FAILED open or read
tests/support/triad_half_tn_vec2_full_tile_cg_source.rs: FAILED open or read
tests/support/triad_half_tn_vec2_full_tile_stage_source.rs: FAILED open or read
tests/support/triad_half_tn_warpspecialized_source.rs: FAILED open or read
tests/support/triad_nn_n96_source.rs: FAILED open or read
tests/support/triad_tf32_nn_m96n96_s2_copy_lifetime_source.rs: FAILED open or read
tests/support/triad_tf32_nn_m96n96_s2_direct_source.rs: FAILED open or read
tests/support/triad_tf32_nn_m96n96_s2_single_fragment_source.rs: FAILED open or read
tests/support/triad_tf32_nn_n96_b_ldmatrix_source.rs: FAILED open or read
tests/support/triad_tf32_nn_n96_cross_bk_prefetch_source.rs: FAILED open or read
tests/support/triad_tf32_nn_n96_direct_epilogue_ca_source.rs: FAILED open or read
tests/support/triad_tf32_nn_n96_direct_epilogue_nobarrier_source.rs: FAILED open or read
tests/support/triad_tf32_nn_n96_direct_epilogue_source.rs: FAILED open or read
tests/support/triad_tf32_nn_n96_direct_grid_constant_source.rs: FAILED open or read
tests/support/triad_tf32_nn_n96_full_domain_cpasync_source.rs: FAILED open or read
tests/support/triad_tf32_nt_a_ldmatrix_n96_s3_source.rs: FAILED open or read
tests/support/triad_tf32_nt_a_ldmatrix_prism_full_domain_source.rs: FAILED open or read
tests/support/triad_tf32_nt_a_ldmatrix_prism_k8_regpipe_source.rs: FAILED open or read
tests/support/triad_tf32_nt_compact_a_ldmatrix_sliced_d768_in_source.rs: FAILED open or read
tests/support/triad_tf32_nt_compact_a_ldmatrix_sliced_source.rs: FAILED open or read
tests/support/triad_tf32_nt_compact_a_ldmatrix_source.rs: FAILED open or read
tests/support/triad_tf32_nt_compact_ab_ldmatrix_source.rs: FAILED open or read
tests/support/triad_tf32_nt_shared_rna_source.rs: FAILED open or read
tests/support/triad_tf32_tn_pre_rna_m64n96_s2_source.rs: FAILED open or read
tests/support/triad_tf32_tn_small_regpipe_source.rs: FAILED open or read
tests/support/triad_tf32_tn_transpose_ab_rna_n96_source.rs: FAILED open or read
tests/support/triad_tf32_tn_transpose_rna_m64n128_s2_source.rs: FAILED open or read
tests/support/triad_tf32_tn_transpose_rna_m64n64_source.rs: FAILED open or read
tests/support/triad_tf32_tn_transpose_rna_n96_source.rs: FAILED open or read
tests/support/triad_tn_compact_source.rs: FAILED open or read
tests/support/triad_tn_d128_direct_source.rs: FAILED open or read
tests/support/triad_tn_dense_source.rs: FAILED open or read
tests/support/triad_tn_direct_n96_source.rs: FAILED open or read
tests/support/triad_tn_prepack_a_source.rs: FAILED open or read
tests/support/triad_tn_single_barrier_source.rs: FAILED open or read
tests/support/triad_tn_transpose_n96_source.rs: FAILED open or read
tests/tcw64_census.rs: FAILED open or read
tests/thin_rung_decode_bench.rs: FAILED open or read
tests/trainer_benchmarks.rs: FAILED open or read
tests/trainer_smoke.rs: FAILED open or read
tests/trainer_split.rs: FAILED open or read
tests/trainer_split_m3.rs: FAILED open or read
tests/training_graph_parity.rs: FAILED open or read
tests/typed_bwd_parity.rs: FAILED open or read
