dist::bootstrap::tests::barrier_times_out_without_peers: test
dist::bootstrap::tests::child_env_carries_the_full_contract: test
dist::bootstrap::tests::env_rank_parses_all_launcher_conventions: test
dist::bootstrap::tests::file_barrier_two_threads_meet: test
dist::bootstrap::tests::job_id_validation_rejects_escapes: test
dist::config::tests::device_grammar: test
dist::context::tests::reference_mean_validates_like_its_sibling: test
dist::context::tests::shard_is_the_strided_slice_law: test
dist::fold::tests::reference_fold_is_ascending_rank_order: test
dist::fold::tests::remainder_goes_to_lowest_ranks: test
dist::fold::tests::shards_cover_everything_once_in_rank_order: test
dist::seed::tests::derivations_are_nonzero_and_domain_separated: test
dist::seed::tests::same_inputs_same_outputs: test
dist::watchdog::tests::deadline_errors_when_blocked: test
dist::watchdog::tests::deadline_returns_result_when_fast: test
dist::watchdog::tests::disarm_is_immediate_not_poll_paced: test
dist::watchdog::tests::watchdog_fires_on_deadline_and_reports_through_disarm: test
dist::watchdog::tests::watchdog_stays_quiet_when_disarmed_in_time: test
mamba3_siso::config::tests::test_chunked_backward_smem_budget_rejected_loudly: test
mamba3_siso::config::tests::test_d_state_reference_range: test
mamba3_siso::config::tests::test_default_config_valid: test
mamba3_siso::config::tests::test_gated_norm_d_inner_cap_rejected_loudly: test
mamba3_siso::config::tests::test_invalid_headdim: test
mamba3_siso::config::tests::test_invalid_rms_norm_eps: test
mamba3_siso::config::tests::test_invalid_rope_fraction: test
mamba3_siso::config::tests::test_scan_mode_resolver_pins: test
mamba3_siso::cpu::backward::tests::test_backward_no_panic: test
mamba3_siso::cpu::backward::tests::test_gradients_finite: test
mamba3_siso::cpu::dims::tests::test_dims_bt: test
mamba3_siso::cpu::dims::tests::test_dims_from_default_config: test
mamba3_siso::cpu::flat::tests::test_flat_allocation: test
mamba3_siso::cpu::flat::tests::test_offsets_monotonic: test
mamba3_siso::cpu::forward::tests::test_forward_no_panic: test
mamba3_siso::cpu::inference::tests::test_m3_bcnorm_unit_weight: test
mamba3_siso::cpu::inference::tests::test_m3_deterministic: test
mamba3_siso::cpu::inference::tests::test_m3_rope_angles_accumulate: test
mamba3_siso::cpu::inference::tests::test_m3_single_step_nonzero: test
mamba3_siso::cpu::inference::tests::test_m3_state_carries: test
mamba3_siso::cpu::inference::tests::test_m3_state_reset_reproduces: test
mamba3_siso::cpu::inference::tests::test_mamba3_step_batch_matches_sequential: test
mamba3_siso::cpu::parallel::tests::test_parallel_backward_deterministic: test
mamba3_siso::cpu::parallel::tests::test_parallel_backward_matches_sequential: test
mamba3_siso::cpu::parallel::tests::test_parallel_forward_no_panic: test
mamba3_siso::gpu::forward::angle_chunked_contract_tests::rejects_chunk_ceiling_integer_overflow: test
mamba3_siso::gpu::forward::angle_chunked_contract_tests::rejects_dimension_truncation_before_launch: test
mamba3_siso::gpu::forward::angle_chunked_contract_tests::rejects_each_undersized_buffer: test
mamba3_siso::gpu::forward::angle_chunked_contract_tests::rejects_geometry_overflow_before_launch: test
mamba3_siso::gpu::forward::angle_chunked_contract_tests::rejects_zero_dimensions_and_state_pointer: test
mamba3_siso::gpu::state::index_budget_tests::index_budget_guards_long_context: test
mamba3_siso::serialize::tests::test_self_describing_checkpoint_roundtrip: test
mamba3_siso::serialize::tests::test_serialize_roundtrip: test
mamba3_siso::state::tests::test_state_reset: test
mamba3_siso::state::tests::test_state_zeros: test
mamba3_siso::weights::tests::test_init_deterministic: test
mamba3_siso::weights::tests::test_init_valid: test
mamba3_siso::weights::tests::test_zeros_valid: test
mamba_ssm::cpu::flat::tests::test_backbone_flat_allocation: test
mamba_ssm::cpu::flat::tests::test_bulk_copy_gated_all: test
mamba_ssm::cpu::flat::tests::test_bulk_copy_post_norm_all: test
mamba_ssm::cpu::flat::tests::test_bulk_copy_u_all: test
mamba_ssm::cpu::flat::tests::test_bulk_copy_xdbl_dt_all: test
mamba_ssm::cpu::flat::tests::test_field_accessor_roundtrip: test
mamba_ssm::cpu::flat::tests::test_field_offsets_no_overlap: test
mamba_ssm::cpu::parallel::tests::test_rayon_backward_bit_identical_across_runs: test
mamba_ssm::cpu::parallel::tests::test_rayon_backward_matches_sequential: test
mamba_ssm::cpu::parallel::tests::test_rayon_forward_matches_sequential: test
mamba_ssm::cpu::parallel::tests::test_rayon_target_forward_matches_sequential: test
mamba_ssm::cpu::parallel::tests::test_thread_scratch_allocation: test
mamba_ssm::cpu::parallel::tests::test_thread_scratch_reuse: test
mamba_ssm::gpu::adamw::cpu_state_tests::bias_correction_step_large: test
mamba_ssm::gpu::adamw::cpu_state_tests::bias_correction_step_one: test
mamba_ssm::gpu::blas::physical_graph_tests::f32_physical_ranges_omit_unread_zero_reduction_operands: test
mamba_ssm::gpu::blas::physical_graph_tests::f32_physical_ranges_retain_nonempty_operand_bounds: test
mamba_ssm::gpu::blas::physical_graph_tests::half_physical_trace_arguments_track_base_offsets_without_device_addresses: test
mamba_ssm::gpu::blas::physical_graph_tests::half_policy_has_a_distinct_sm120_branch_seal: test
mamba_ssm::gpu::blas::physical_graph_tests::physical_graph_captures_native_half_and_exact_typed_fallback: test
mamba_ssm::gpu::blas::physical_graph_tests::physical_graph_captures_prepared_f32_exact_and_tf32: test
mamba_ssm::gpu::blas::physical_graph_tests::physical_graph_rejects_a_valid_unobserved_raw_cuda_node: test
mamba_ssm::gpu::blas::physical_graph_tests::physical_graph_rejects_capture_and_post_capture_identity_drift: test
mamba_ssm::gpu::blas::physical_graph_tests::physical_graph_rejects_failures_and_replay_drift_then_reuses_stream: test
mamba_ssm::gpu::blas::physical_graph_tests::sm120_auto_cache_rejects_managed_epoch_aba_during_capture: test
mamba_ssm::gpu::buffers::tests::managed_allocation_epoch_covers_subviews_until_owner_drop: test
mamba_ssm::gpu::buffers::tests::managed_allocation_epoch_rejects_aba_address_reuse: test
mamba_ssm::gpu::buffers::tests::managed_allocation_epoch_requires_one_domain_and_complete_ranges: test
mamba_ssm::gpu::buffers::tests::managed_allocation_registry_removes_empty_context_domains: test
mamba_ssm::gpu::buffers::tests::managed_allocation_stamp_ignores_unrelated_allocation_churn: test
mamba_ssm::gpu::buffers::tests::mutable_gpu_buffer_access_returns_only_a_kernel_argument: test
mamba_ssm::gpu::buffers::tests::owning_gpu_buffers_register_and_unregister_their_ranges: test
mamba_ssm::gpu::context::tests::arch_rung_flag_knows_only_off: test
mamba_ssm::gpu::context::tests::bi_gemm_family_environment_accepts_only_semantic_family_names: test
mamba_ssm::gpu::context::tests::device_and_loaded_kernel_multiprocessor_counts_must_match: test
mamba_ssm::gpu::context::tests::env_route_refuses_the_flag_combinations_that_change_nothing: test
mamba_ssm::gpu::context::tests::f32_triad_policy_environment_is_strict_and_defaults_to_exact: test
mamba_ssm::gpu::context::tests::half_triad_policy_environment_is_strict_and_absent_means_unset: test
mamba_ssm::gpu::context::tests::logical_f32_accepts_only_scalar_triad_backends: test
mamba_ssm::gpu::context::tests::mixed_graph_scratch_covers_the_two_inner_projection_output: test
mamba_ssm::gpu::context::tests::sm120_mma16_graph_routes_use_their_sealed_schedule_revision: test
mamba_ssm::gpu::context::tests::sm89_finalist_routes_use_their_private_tuning_revision: test
mamba_ssm::gpu::context::tests::tier_flag_environment_is_strict_and_fail_closed: test
mamba_ssm::gpu::device::tests::nvrtc_target_accepts_supported_sm80_plus: test
mamba_ssm::gpu::device::tests::nvrtc_target_rejects_cc_below_80: test
mamba_ssm::gpu::device::tests::nvrtc_target_rejects_unknown_known_family_minor: test
mamba_ssm::gpu::device::tests::nvrtc_target_uses_virtual_arch_for_future_major: test
mamba_ssm::gpu::device::tests::sm101_target_uses_its_cuda_12_native_name: test
mamba_ssm::gpu::device::tests::sm103_target_requires_cuda_12_9: test
mamba_ssm::gpu::device::tests::sm110_target_requires_cuda_13_2: test
mamba_ssm::gpu::device::tests::sm120_targets_follow_the_installed_nvrtc_floor: test
mamba_ssm::gpu::device::tests::unmapped_sm120_minor_takes_the_family_virtual_target: test
mamba_ssm::gpu::diagnostics::tests::a_site_reports_once_and_never_builds_the_message_again: test
mamba_ssm::gpu::dtype::tests::is_half: test
mamba_ssm::gpu::dtype::tests::sizes: test
mamba_ssm::gpu::gemm_bi_fixed::pair_store_schedule_tests::pair_store_loaded_resources_preserve_three_cta_residency: test
mamba_ssm::gpu::gemm_bi_fixed::pair_store_schedule_tests::pair_store_odd_ldc_and_misaligned_output_match_incumbent_bits: test
mamba_ssm::gpu::gemm_bi_fixed::pair_store_schedule_tests::pair_store_schedule_is_exactly_the_qualified_cc120_170sm_cells: test
mamba_ssm::gpu::gemm_bi_fixed::sm120_exact_n64_auto_tests::fixed_sm120_bc1_postbias_auto_promotes_only_confirmed_tiles: test
mamba_ssm::gpu::gemm_bi_fixed::sm120_exact_n64_auto_tests::fixed_sm120_copyplan_t256_force_gate_keeps_hot_rows_and_bias_contract: test
mamba_ssm::gpu::gemm_bi_fixed::sm120_exact_n64_auto_tests::fixed_sm120_exact_n64_auto_admits_the_six_qualified_rows: test
mamba_ssm::gpu::gemm_bi_fixed::sm120_exact_n64_auto_tests::fixed_sm120_exact_n64_auto_declines_unmeasured_shape_alignment_and_dtype: test
mamba_ssm::gpu::gemm_bi_fixed::sm120_exact_n64_auto_tests::fixed_sm120_exact_n64_auto_declines_unqualified_identity_or_policy: test
mamba_ssm::gpu::gemm_bi_fixed::sm120_exact_n64_auto_tests::fixed_sm120_force_physical_gate_is_independent_of_nvrtc_and_sm_cohort: test
mamba_ssm::gpu::gemm_bi_fixed::sm120_exact_n64_auto_tests::fixed_sm120_nobias_force_gate_accepts_only_qualified_unbiased_hot_rows: test
mamba_ssm::gpu::gemm_bi_fixed::sm120_exact_n64_auto_tests::fixed_sm120_sliced_auto_is_withdrawn_and_copyplan_retained: test
mamba_ssm::gpu::gemm_bi_fixed::sm120_exact_n64_auto_tests::fixed_sm120_tma_fma_a0_gate_is_exact_and_cohort_bound: test
mamba_ssm::gpu::gemm_bi_fixed::sm120_exact_n64_auto_tests::fixed_sm120_tma_fma_a1_auto_prefers_t256_and_retains_control_fallback: test
mamba_ssm::gpu::gemm_bi_fixed::sm120_exact_n64_auto_tests::fixed_sm120_tma_fma_a1_postbias_gate_is_exact_and_cohort_bound: test
mamba_ssm::gpu::gemm_bi_fixed::sm120_exact_n64_auto_tests::fixed_sm120_tma_fma_b0_gate_is_exact_and_cohort_bound: test
mamba_ssm::gpu::gemm_bi_fixed::sm120_exact_n64_auto_tests::fixed_sm120_tma_fma_force_declines_identity_neighbors_and_operand_drift: test
mamba_ssm::gpu::gemm_bi_fixed::sm120_exact_n64_auto_tests::fixed_sm120_tma_fma_force_gate_admits_only_unbiased_hot_rows: test
mamba_ssm::gpu::gemm_bi_fixed::sm120_exact_n64_auto_tests::fixed_sm120_tma_fma_force_gate_separates_bias_arithmetic_variants: test
mamba_ssm::gpu::gemm_bi_fixed::sm89_exact_n64_auto_tests::fixed_sm89_exact_n64_auto_admits_only_eight_measured_positive_rows: test
mamba_ssm::gpu::gemm_bi_fixed::sm89_exact_n64_auto_tests::fixed_sm89_exact_n64_auto_declines_adjacent_unmeasured_and_thin_shapes: test
mamba_ssm::gpu::gemm_bi_fixed::sm89_exact_n64_auto_tests::fixed_sm89_exact_n64_auto_declines_invalid_alignment_null_bias_and_dtype: test
mamba_ssm::gpu::gemm_bi_fixed::sm89_exact_n64_auto_tests::fixed_sm89_exact_n64_auto_declines_unknown_device_toolchain_holder_and_policy: test
mamba_ssm::gpu::gemm_bi_fixed::sm89_exact_n64_auto_tests::fixed_sm89_exact_n64_auto_keeps_old_cc12_exact_selector_cells: test
mamba_ssm::gpu::gemm_bi_fixed::sm89_exact_n64_auto_tests::fixed_sm89_exact_n64_auto_routes_a_and_d_copyplan_winners: test
mamba_ssm::gpu::gemm_bi_fixed::sm89_exact_n64_auto_tests::fixed_sm89_exact_n64_auto_routes_all_twenty_four_qualified_toolkit_literals: test
mamba_ssm::gpu::gemm_bi_fixed::sm89_exact_n64_request_tests::fixed_sm89_exact_n64_empty_and_k0_requests_do_not_require_inputs: test
mamba_ssm::gpu::gemm_bi_fixed::sm89_exact_n64_request_tests::fixed_sm89_exact_n64_forward_bundle_has_exact_m_n_k_and_stride_words: test
mamba_ssm::gpu::gemm_bi_fixed::sm89_exact_n64_request_tests::fixed_sm89_exact_n64_operand_and_arch_guards_are_fail_closed: test
mamba_ssm::gpu::gemm_bi_fixed::sm89_exact_n64_request_tests::fixed_sm89_exact_n64_operand_byte_endpoints_cannot_wrap: test
mamba_ssm::gpu::gemm_bi_fixed::sm89_exact_n64_request_tests::fixed_sm89_exact_n64_signed_padding_and_grid_boundaries: test
mamba_ssm::gpu::gemm_bi_fixed::sm89_half_s3_rejects_overflow_in_unconditional_refill_index: test
mamba_ssm::gpu::gemm_bi_fixed::sm89_pipeline_auto_tests::sm89_half_auto_v43_declines_every_common_gate_failure: test
mamba_ssm::gpu::gemm_bi_fixed::sm89_pipeline_auto_tests::sm89_half_auto_v43_matches_all_literal_cells_and_availability_states: test
mamba_ssm::gpu::gemm_bi_fixed::sm89_pipeline_auto_tests::sm89_half_auto_v43_promotes_only_measured_cuda132_b0_no_bias_cells: test
mamba_ssm::gpu::gemm_bi_fixed::sm89_pipeline_auto_tests::sm89_half_auto_v45_declines_unmeasured_or_unavailable_finalist_rows: test
mamba_ssm::gpu::gemm_bi_fixed::sm89_pipeline_auto_tests::sm89_half_auto_v45_promotes_only_measured_cuda132_f16_n64_cells: test
mamba_ssm::gpu::gemm_bi_fixed::sm89_rna_auto_tests::fixed_sm89_rna_auto_exact_cells_and_independent_declines: test
mamba_ssm::gpu::gemm_bi_fixed::sm89_rna_auto_tests::fixed_sm89_rna_n96_auto_v45_is_exactly_e0_all_three_toolkits: test
mamba_ssm::gpu::gemm_bi_fixed::tests::exact_f32_selector_keeps_cc121_a_and_b_on_legacy: test
mamba_ssm::gpu::gemm_bi_fixed::tests::exact_f32_selector_promotes_only_measured_cc120_170_sm_points: test
mamba_ssm::gpu::gemm_bi_fixed::tests::mixed_f32_output_selector_follows_sm120_wave_balance: test
mamba_ssm::gpu::gemm_bi_fixed::tests::selector_keeps_unmeasured_architectures_on_two_thin_waves: test
mamba_ssm::gpu::gemm_bi_fixed::tests::selector_uses_live_sm_count_for_wide_wave_efficiency: test
mamba_ssm::gpu::gemm_bi_fixed::tests::selector_uses_measured_sm89_thin_wave_boundary: test
mamba_ssm::gpu::gemm_bi_fixed::tests::sm120_half_deep_selector_matches_measured_170_sm_anchors: test
mamba_ssm::gpu::gemm_bi_fixed::tests::sm120_half_exact_overlay_promotes_only_qualified_full_context_cells: test
mamba_ssm::gpu::gemm_bi_fixed::tests::sm120_half_forced_tile_inventory_is_complete: test
mamba_ssm::gpu::gemm_bi_fixed::tests::sm120_half_selector_matches_measured_regions: test
mamba_ssm::gpu::gemm_bi_fixed::tests::sm120_half_shallow_selector_matches_measured_170_sm_wave_keys: test
mamba_ssm::gpu::gemm_bi_fixed::tests::sm120_map_caches_retain_all_live_graph_entries: test
mamba_ssm::gpu::gemm_bi_fixed::tests::sm120_mixed_f32_output_selector_retains_measured_winners: test
mamba_ssm::gpu::gemm_bi_fixed::tests::sm120_postbias_bk16_maps_are_isolated_from_tf32_bk32_maps: test
mamba_ssm::gpu::gemm_bi_fixed::tests::sm120_tf32_selector_promotes_confirmed_a_bias_rows: test
mamba_ssm::gpu::gemm_bi_fixed::tests::sm120_tf32_selector_promotes_only_the_qualified_cuda_132_b_and_d_cells: test
mamba_ssm::gpu::gemm_bi_fixed::tests::sm120_uses_fragment_reuse_for_deep_square_tiles: test
mamba_ssm::gpu::gemm_bi_fixed::tests::sm89_tf32_selector_promotes_only_confirmed_c_bias_rows: test
mamba_ssm::gpu::gemm_bi_fixed::tests::tc16_compact_xor_layout_is_bijective_and_bank_distinct: test
mamba_ssm::gpu::gemm_bi_fixed::tests::tf32_selector_keeps_portable_and_thin_fallbacks: test
mamba_ssm::gpu::gemm_bi_triad::contract::tests::allocation_domain_accepts_matching_associated_context_and_device: test
mamba_ssm::gpu::gemm_bi_triad::contract::tests::allocation_domain_accepts_null_context_only_on_matching_device: test
mamba_ssm::gpu::gemm_bi_triad::contract::tests::allocation_domain_rejects_mismatched_associated_context: test
mamba_ssm::gpu::gemm_bi_triad::contract::tests::allocation_domain_rejects_mismatched_device_after_context_match: test
mamba_ssm::gpu::gemm_bi_triad::contract::tests::allocation_domain_rejects_null_context_on_mismatched_device: test
mamba_ssm::gpu::gemm_bi_triad::contract::tests::allocation_identity_accepts_adjacent_or_distinct_allocations: test
mamba_ssm::gpu::gemm_bi_triad::contract::tests::allocation_identity_detects_requested_span_overlap: test
mamba_ssm::gpu::gemm_bi_triad::contract::tests::allocation_identity_digest_excludes_raw_context_and_tracks_logical_identity: test
mamba_ssm::gpu::gemm_bi_triad::contract::tests::bias_preseed_rejects_non_identity_alpha: test
mamba_ssm::gpu::gemm_bi_triad::contract::tests::encoded_tf32_map_identity_frames_every_graph_bound_resource: test
mamba_ssm::gpu::gemm_bi_triad::contract::tests::f32_resource_epoch_tracks_external_owners_but_not_context_scratch: test
mamba_ssm::gpu::gemm_bi_triad::contract::tests::f32_shape_rejects_bad_strides_and_i32_overflow: test
mamba_ssm::gpu::gemm_bi_triad::contract::tests::f32_zero_reduction_validation_is_op_normalized: test
mamba_ssm::gpu::gemm_bi_triad::contract::tests::gemm_dims_accept_i32_max_boundary: test
mamba_ssm::gpu::gemm_bi_triad::contract::tests::gemm_dims_preserve_nt_storage_strides: test
mamba_ssm::gpu::gemm_bi_triad::contract::tests::gemm_dims_preserve_tn_storage_strides: test
mamba_ssm::gpu::gemm_bi_triad::contract::tests::gemm_dims_reject_axis_above_i32_max: test
mamba_ssm::gpu::gemm_bi_triad::contract::tests::gemm_dims_reject_bad_nn_strides: test
mamba_ssm::gpu::gemm_bi_triad::contract::tests::gemm_dims_reject_bad_nt_strides: test
mamba_ssm::gpu::gemm_bi_triad::contract::tests::gemm_dims_reject_bad_tn_strides: test
mamba_ssm::gpu::gemm_bi_triad::contract::tests::gemm_dims_reject_device_total_overflow: test
mamba_ssm::gpu::gemm_bi_triad::contract::tests::gemm_dims_reject_grid_conversion_overflow: test
mamba_ssm::gpu::gemm_bi_triad::contract::tests::gemm_dims_reject_product_overflow: test
mamba_ssm::gpu::gemm_bi_triad::contract::tests::gemm_dims_reject_zero_axes: test
mamba_ssm::gpu::gemm_bi_triad::contract::tests::physical_allocation_digest_excludes_addresses_and_tracks_subview_generation: test
mamba_ssm::gpu::gemm_bi_triad::contract::tests::physical_encoded_identity_excludes_addresses_and_descriptor_storage: test
mamba_ssm::gpu::gemm_bi_triad::contract::tests::physical_f32_resources_bind_roles_nullness_and_scratch_provenance: test
mamba_ssm::gpu::gemm_bi_triad::contract::tests::portable_tf32_nn_splitk2_and_splitk4_are_distinct_bit_families: test
mamba_ssm::gpu::gemm_bi_triad::contract::tests::portable_tf32_schedule_revision_tracks_the_current_layout: test
mamba_ssm::gpu::gemm_bi_triad::contract::tests::portable_tf32_shared_bytes_are_op_specific: test
mamba_ssm::gpu::gemm_bi_triad::contract::tests::portable_tf32_splitk_extension_inventory_covers_tn_candidates_exactly: test
mamba_ssm::gpu::gemm_bi_triad::contract::tests::portable_tf32_splitk_inventory_covers_nn_and_nt_candidates_exactly: test
mamba_ssm::gpu::gemm_bi_triad::contract::tests::portable_tf32_splitk_lookup_and_partitioning_are_operation_aware: test
mamba_ssm::gpu::gemm_bi_triad::contract::tests::prepared_encoded_identity_tracks_stored_descriptor_bytes: test
mamba_ssm::gpu::gemm_bi_triad::contract::tests::rect_wide_spec_keeps_logical_bk64_and_bk32_tensor_maps: test
mamba_ssm::gpu::gemm_bi_triad::contract::tests::scalar_nn_m32n64_splitk32_resource_contract_is_exact: test
mamba_ssm::gpu::gemm_bi_triad::contract::tests::scalar_tn_m16n16_resource_contract_is_exact: test
mamba_ssm::gpu::gemm_bi_triad::contract::tests::sm100_i32_max_host_and_device_tile_math_agree: test
mamba_ssm::gpu::gemm_bi_triad::contract::tests::sm100_map_keys_freeze_each_operand_layout_and_tile: test
mamba_ssm::gpu::gemm_bi_triad::contract::tests::sm100_map_keys_reject_bad_strides_dtypes_and_shapes: test
mamba_ssm::gpu::gemm_bi_triad::contract::tests::sm100_subview_origins_cover_secondary_tma_coordinates: test
mamba_ssm::gpu::gemm_bi_triad::contract::tests::sm120_inventory_covers_all_ninety_six_physical_routes_once: test
mamba_ssm::gpu::gemm_bi_triad::contract::tests::sm120_physical_metadata_matches_literal_resource_contract: test
mamba_ssm::gpu::gemm_bi_triad::contract::tests::sm120_sw128_oracle_matches_production_decode: test
mamba_ssm::gpu::gemm_bi_triad::contract::tests::sm90a_map_keys_freeze_each_operand_layout: test
mamba_ssm::gpu::gemm_bi_triad::contract::tests::sm90a_map_keys_reject_bad_strides_and_shapes: test
mamba_ssm::gpu::gemm_bi_triad::contract::tests::specialized_tf32_issued_coordinates_include_tail_plane_starts: test
mamba_ssm::gpu::gemm_bi_triad::contract::tests::tf32_descriptor_oracles_match_production_builders: test
mamba_ssm::gpu::gemm_bi_triad::contract::tests::tf32_epilogue_matches_scalar_reference_bits: test
mamba_ssm::gpu::gemm_bi_triad::contract::tests::tf32_route_spec_inventories_are_exact_and_unique: test
mamba_ssm::gpu::gemm_bi_triad::contract::tests::tma_tensor_map_rejects_a_logical_pointer_below_its_alignment: test
mamba_ssm::gpu::gemm_bi_triad::contract::tests::zero_reduction_identity_excludes_stored_descriptor_bytes: test
mamba_ssm::gpu::gemm_bi_triad::contract::tests::zero_reduction_validation_rejects_nonzero_sentinels: test
mamba_ssm::gpu::gemm_bi_triad::dispatch::scalar_wave_policy_tests::live_sm_policy_preserves_the_frozen_142_sm_scalar_table: test
mamba_ssm::gpu::gemm_bi_triad::dispatch::scalar_wave_policy_tests::nn_m32n64_splitk32_exact_cell_is_fail_closed: test
mamba_ssm::gpu::gemm_bi_triad::dispatch::scalar_wave_policy_tests::nn_m64n64_selector_admits_only_the_seven_measured_cells: test
mamba_ssm::gpu::gemm_bi_triad::dispatch::scalar_wave_policy_tests::nn_m64n64_selector_requires_the_exact_scalar_environment: test
mamba_ssm::gpu::gemm_bi_triad::dispatch::scalar_wave_policy_tests::nn_m64n64_selector_requires_the_measured_operand_domain: test
mamba_ssm::gpu::gemm_bi_triad::dispatch::scalar_wave_policy_tests::nn_slim_split_admission_uses_three_live_waves: test
mamba_ssm::gpu::gemm_bi_triad::dispatch::scalar_wave_policy_tests::nn_thin_split_admission_uses_the_live_multiprocessor_count: test
mamba_ssm::gpu::gemm_bi_triad::dispatch::scalar_wave_policy_tests::nt_d128_out_transpose_m64n64_selector_is_an_exact_splitk_cell: test
mamba_ssm::gpu::gemm_bi_triad::dispatch::scalar_wave_policy_tests::nt_d768_out_transpose_m64n64_requires_qualified_environment_and_operands: test
mamba_ssm::gpu::gemm_bi_triad::dispatch::scalar_wave_policy_tests::nt_d768_out_transpose_m64n64_selector_is_a_distinct_exact_cell: test
mamba_ssm::gpu::gemm_bi_triad::dispatch::scalar_wave_policy_tests::nt_d768_transpose_m64n64_requires_qualified_environment_and_operands: test
mamba_ssm::gpu::gemm_bi_triad::dispatch::scalar_wave_policy_tests::nt_d768_transpose_m64n64_selector_is_an_exact_cell: test
mamba_ssm::gpu::gemm_bi_triad::dispatch::scalar_wave_policy_tests::nt_generic_split_admission_keeps_the_pre_large_deep_scratch_boundary: test
mamba_ssm::gpu::gemm_bi_triad::dispatch::scalar_wave_policy_tests::nt_large_deep_transpose_m64n64_rejects_environment_and_operand_mutations: test
mamba_ssm::gpu::gemm_bi_triad::dispatch::scalar_wave_policy_tests::nt_large_deep_transpose_m64n64_selector_is_an_exact_capacity_cell: test
mamba_ssm::gpu::gemm_bi_triad::dispatch::scalar_wave_policy_tests::nt_m2n16_exact_cell_requires_shape_operands_and_qualified_environment: test
mamba_ssm::gpu::gemm_bi_triad::dispatch::scalar_wave_policy_tests::nt_prism_vector_rejects_environment_and_operand_mutations: test
mamba_ssm::gpu::gemm_bi_triad::dispatch::scalar_wave_policy_tests::nt_prism_vector_selector_is_an_exact_slim_cell: test
mamba_ssm::gpu::gemm_bi_triad::dispatch::scalar_wave_policy_tests::nt_split_admission_promotes_the_two_qualified_thin_output_cells: test
mamba_ssm::gpu::gemm_bi_triad::dispatch::scalar_wave_policy_tests::nt_split_admission_uses_the_live_multiprocessor_count: test
mamba_ssm::gpu::gemm_bi_triad::dispatch::scalar_wave_policy_tests::scalar_dispatch_rejects_zero_multiprocessors: test
mamba_ssm::gpu::gemm_bi_triad::dispatch::scalar_wave_policy_tests::tn_narrow_split_m_selector_admits_from_independent_scalar_facts: test
mamba_ssm::gpu::gemm_bi_triad::dispatch::scalar_wave_policy_tests::tn_narrow_split_m_selector_admits_only_the_three_exact_cells: test
mamba_ssm::gpu::gemm_bi_triad::dispatch::scalar_wave_policy_tests::tn_narrow_split_m_selector_rejects_neighboring_requests_and_epilogues: test
mamba_ssm::gpu::gemm_bi_triad::dispatch::scalar_wave_policy_tests::tn_narrow_split_m_selector_requires_the_exact_device_and_compiler_domain: test
mamba_ssm::gpu::gemm_bi_triad::dispatch::scalar_wave_policy_tests::tn_small_input_splitm_gap_is_covered_by_the_generic_member: test
mamba_ssm::gpu::gemm_bi_triad::dispatch::scalar_wave_policy_tests::tn_split_m_partition_targets_two_live_waves: test
mamba_ssm::gpu::gemm_bi_triad::dispatch::sm100_sm90a_auto_tests::a_measured_sm100_cell_wins_on_its_board_and_the_rule_takes_the_rest: test
mamba_ssm::gpu::gemm_bi_triad::dispatch::sm100_sm90a_auto_tests::sm100_tables_are_empty_and_the_wave_rule_serves_the_family: test
mamba_ssm::gpu::gemm_bi_triad::dispatch::sm100_sm90a_auto_tests::the_sm90a_wave_rule_serves_hopper_and_measured_cells_stay_scoped: test
mamba_ssm::gpu::gemm_bi_triad::dispatch::sm100_toolkit_tests::older_toolkits_are_offered_only_the_targets_they_can_name: test
mamba_ssm::gpu::gemm_bi_triad::dispatch::sm120_tests::a_permitted_request_with_a_filled_grid_takes_the_tiled_table: test
mamba_ssm::gpu::gemm_bi_triad::dispatch::sm120_tests::a_shape_off_the_table_takes_the_nearest_measured_tile_inside_the_band: test
mamba_ssm::gpu::gemm_bi_triad::dispatch::sm120_tests::a_streamk_neighbour_serves_only_an_underfilled_grid: test
mamba_ssm::gpu::gemm_bi_triad::dispatch::sm120_tests::sm120_auto_declines_a_mismatched_accepted_target: test
mamba_ssm::gpu::gemm_bi_triad::dispatch::sm120_tests::sm120_auto_declines_a_nonqualified_shape: test
mamba_ssm::gpu::gemm_bi_triad::dispatch::sm120_tests::sm120_auto_declines_unaligned_inputs_and_outputs: test
mamba_ssm::gpu::gemm_bi_triad::dispatch::sm120_tests::sm120_auto_declines_unsupported_operands_for_each_operation: test
mamba_ssm::gpu::gemm_bi_triad::dispatch::sm120_tests::sm120_auto_declines_without_qualified_minor_table: test
mamba_ssm::gpu::gemm_bi_triad::dispatch::sm120_tests::sm120_auto_declines_without_tensor_map_capability: test
mamba_ssm::gpu::gemm_bi_triad::dispatch::sm120_tests::sm120_auto_selects_every_qualified_cc120_cell: test
mamba_ssm::gpu::gemm_bi_triad::dispatch::sm120_tests::sm120_auto_table_matches_the_qualified_cc120_inventory: test
mamba_ssm::gpu::gemm_bi_triad::dispatch::sm120_tests::sm120_candidates_follow_toolkit_support_and_generic_compatibility: test
mamba_ssm::gpu::gemm_bi_triad::dispatch::sm120_tests::streamk_cells_open_only_under_the_half_policy: test
mamba_ssm::gpu::gemm_bi_triad::dispatch::sm120_tests::streamk_table_is_the_measured_twelve_with_a_tiled_cell_each: test
mamba_ssm::gpu::gemm_bi_triad::dispatch::tc_policy_tests::backward_tail_envelope_replaces_exact_shape_admission: test
mamba_ssm::gpu::gemm_bi_triad::dispatch::tc_policy_tests::backward_tail_reduction_boundary_is_inclusive_at_256: test
mamba_ssm::gpu::gemm_bi_triad::dispatch::tc_policy_tests::deep_split_k_scalar_preference_is_sm89_specific: test
mamba_ssm::gpu::gemm_bi_triad::dispatch::tc_policy_tests::edge_selector_outcome_digest_rejects_order_and_route_mutations: test
mamba_ssm::gpu::gemm_bi_triad::dispatch::tc_policy_tests::edge_selector_outcomes_are_pinned_for_sm80_plus_device_sizes: test
mamba_ssm::gpu::gemm_bi_triad::dispatch::tc_policy_tests::nn_policy_uses_underfill_and_short_reduction_wave_rules: test
mamba_ssm::gpu::gemm_bi_triad::dispatch::tc_policy_tests::nn_short_reduction_boundary_is_inclusive_at_k16: test
mamba_ssm::gpu::gemm_bi_triad::dispatch::tc_policy_tests::nn_underfill_grid_boundary_is_strict_between_26_and_27_ctas: test
mamba_ssm::gpu::gemm_bi_triad::dispatch::tc_policy_tests::nn_underfill_reduction_boundary_is_inclusive_at_k512: test
mamba_ssm::gpu::gemm_bi_triad::dispatch::tc_policy_tests::one_sub_128_axis_never_uses_the_tile128_square_rule: test
mamba_ssm::gpu::gemm_bi_triad::dispatch::tc_policy_tests::policy_v3_keeps_long_reduction_and_full_tile_controls: test
mamba_ssm::gpu::gemm_bi_triad::dispatch::tc_policy_tests::selector_policy_identity_is_pinned_for_sm80_plus_device_sizes: test
mamba_ssm::gpu::gemm_bi_triad::dispatch::tc_policy_tests::sm89_backward_square_policy_matches_forced_matrix_envelopes: test
mamba_ssm::gpu::gemm_bi_triad::dispatch::tc_policy_tests::sm89_half_policy_prefers_proven_split_k_scalar_boundaries_only: test
mamba_ssm::gpu::gemm_bi_triad::dispatch::tc_policy_tests::sm89_stream_k_dw_needs_the_half_permission_an_underfilled_grid_and_depth: test
mamba_ssm::gpu::gemm_bi_triad::dispatch::tc_policy_tests::square_half_wave_boundary_is_inclusive_between_70_and_71_ctas: test
mamba_ssm::gpu::gemm_bi_triad::dispatch::tc_policy_tests::tn_policy_uses_tile64_for_one_wave_rectangles: test
mamba_ssm::gpu::gemm_bi_triad::dispatch::tc_policy_tests::tn_rectangular_aspect_uses_the_ceil_divided_tile_grid: test
mamba_ssm::gpu::gemm_bi_triad::dispatch::tf32_tests::at_least_one_sm120_tf32_cohort_matches_this_tree: test
mamba_ssm::gpu::gemm_bi_triad::dispatch::tf32_tests::exact_and_unmeasured_auto_resolution_stay_scalar: test
mamba_ssm::gpu::gemm_bi_triad::dispatch::tf32_tests::exact_policy_measured_cells_resolve_to_their_official_arms: test
mamba_ssm::gpu::gemm_bi_triad::dispatch::tf32_tests::exact_scalar_policy_dominates_the_sm89_tf32_table: test
mamba_ssm::gpu::gemm_bi_triad::dispatch::tf32_tests::forced_resolution_accepts_each_exact_qualified_family: test
mamba_ssm::gpu::gemm_bi_triad::dispatch::tf32_tests::forced_resolution_rejects_incoherent_or_unavailable_bindings: test
mamba_ssm::gpu::gemm_bi_triad::dispatch::tf32_tests::fresh_sm120_595_58_03_auto_selects_each_observed_winner: test
mamba_ssm::gpu::gemm_bi_triad::dispatch::tf32_tests::fresh_sm120_595_58_03_identity_drift_fails_closed: test
mamba_ssm::gpu::gemm_bi_triad::dispatch::tf32_tests::fresh_sm120_595_58_03_manifest_binds_only_completed_cells: test
mamba_ssm::gpu::gemm_bi_triad::dispatch::tf32_tests::fresh_sm120_595_58_03_neighbors_epilogues_and_alignment_stay_exact: test
mamba_ssm::gpu::gemm_bi_triad::dispatch::tf32_tests::nt_splitk8_is_forced_only_and_does_not_change_auto_selection: test
mamba_ssm::gpu::gemm_bi_triad::dispatch::tf32_tests::portable_sm101a_accepts_the_exact_target_transaction: test
mamba_ssm::gpu::gemm_bi_triad::dispatch::tf32_tests::portable_sm110_accepts_the_arch_specific_target_transaction: test
mamba_ssm::gpu::gemm_bi_triad::dispatch::tf32_tests::sm120_tf32_cuda_12_8_identity_matches_the_literal_qualification_manifest: test
mamba_ssm::gpu::gemm_bi_triad::dispatch::tf32_tests::sm120_tf32_cuda_12_8_identity_rejects_all_29_single_field_mutations: test
mamba_ssm::gpu::gemm_bi_triad::dispatch::tf32_tests::sm120_tf32_cuda_12_8_route_manifest_is_literal_and_complete: test
mamba_ssm::gpu::gemm_bi_triad::dispatch::tf32_tests::sm120_tf32_cuda_13_0_all_nine_routes_fail_closed_on_request_or_operand_drift: test
mamba_ssm::gpu::gemm_bi_triad::dispatch::tf32_tests::sm120_tf32_cuda_13_0_identity_matches_the_literal_qualification_manifest: test
mamba_ssm::gpu::gemm_bi_triad::dispatch::tf32_tests::sm120_tf32_cuda_13_0_identity_rejects_all_29_single_field_mutations: test
mamba_ssm::gpu::gemm_bi_triad::dispatch::tf32_tests::sm120_tf32_cuda_13_0_route_manifest_is_literal_and_complete: test
mamba_ssm::gpu::gemm_bi_triad::dispatch::tf32_tests::sm120_tf32_cuda_13_2_identity_matches_the_literal_qualification_manifest: test
mamba_ssm::gpu::gemm_bi_triad::dispatch::tf32_tests::sm120_tf32_cuda_13_2_route_manifest_is_literal_and_complete: test
mamba_ssm::gpu::gemm_bi_triad::dispatch::tf32_tests::sm120_tf32_evidence_cohorts_are_exact_and_unambiguous: test
mamba_ssm::gpu::gemm_bi_triad::dispatch::tf32_tests::sm120_tf32_live_cohort_manifest_is_exact_and_unique: test
mamba_ssm::gpu::gemm_bi_triad::dispatch::tf32_tests::sm120_tf32_live_nn_cell_is_exact_and_fail_closed: test
mamba_ssm::gpu::gemm_bi_triad::dispatch::tf32_tests::sm120_tf32_live_portable_tn_cell_is_exact_and_fail_closed: test
mamba_ssm::gpu::gemm_bi_triad::dispatch::tf32_tests::sm120_tf32_operand_aware_resolution_admits_only_archived_cells: test
mamba_ssm::gpu::gemm_bi_triad::dispatch::tf32_tests::sm120_tf32_real_cohorts_bind_routes_and_reject_cross_version_splices: test
mamba_ssm::gpu::gemm_bi_triad::dispatch::tf32_tests::sm89_finalist_is_forced_only_and_uses_only_its_own_pointer_binding: test
mamba_ssm::gpu::gemm_bi_triad::dispatch::tf32_tests::sm89_tf32_auto_fails_closed_without_operands_alignment_or_exact_identity: test
mamba_ssm::gpu::gemm_bi_triad::dispatch::tf32_tests::sm89_tf32_bias_wide_requires_its_exact_qualified_epilogue: test
mamba_ssm::gpu::gemm_bi_triad::dispatch::tf32_tests::sm89_tf32_cells_are_nvrtc_13_2_exact: test
mamba_ssm::gpu::gemm_bi_triad::dispatch::tf32_tests::sm89_tf32_cells_are_topology_target_and_revision_exact: test
mamba_ssm::gpu::gemm_bi_triad::dispatch::tf32_tests::sm89_tf32_evidence_inventory_encodes_the_missing_operand_gates: test
mamba_ssm::gpu::gemm_bi_triad::dispatch::tf32_tests::sm89_tf32_evidence_inventory_matches_all_qualified_routes: test
mamba_ssm::gpu::gemm_bi_triad::dispatch::tf32_tests::sm89_tf32_operand_aware_resolution_admits_exact_evidence: test
mamba_ssm::gpu::gemm_bi_triad::dispatch::tf32_tests::sm89_tf32_operand_aware_resolution_rejects_semantic_and_alignment_drift: test
mamba_ssm::gpu::gemm_bi_triad::dispatch::tf32_tests::sm89_tf32_operand_gated_cells_remain_scalar: test
mamba_ssm::gpu::gemm_bi_triad::dispatch::tf32_tests::sm89_tf32_requalification_overrides_archived_routes: test
mamba_ssm::gpu::gemm_bi_triad::dispatch::tf32_tests::sm89_tf32_request_only_cells_remain_scalar: test
mamba_ssm::gpu::gemm_bi_triad::dispatch::tf32_tests::sm89_tf32_scalar_stride_cells_have_no_bucket_or_layout_bleed: test
mamba_ssm::gpu::gemm_bi_triad::dispatch::tf32_tests::specialized_sm110_accepts_only_feature_target_transactions: test
mamba_ssm::gpu::gemm_bi_triad::dispatch::tf32_tests::tf32_cohorts_follow_the_bound_module_family: test
mamba_ssm::gpu::gemm_bi_triad::dispatch::tf32_tests::tf32_tn_underfill_qualification_uses_current_tuning_revision: test
mamba_ssm::gpu::gemm_bi_triad::launch::half_physical_trace_tests::half_kernel_identity_uses_exact_dtype_suffix_and_module_owner: test
mamba_ssm::gpu::gemm_bi_triad::launch::half_physical_trace_tests::no_physical_observer_is_zero_sized_and_never_records: test
mamba_ssm::gpu::gemm_bi_triad::launch::half_physical_trace_tests::rect128x64_tn_forced_identity_is_exact: test
mamba_ssm::gpu::gemm_bi_triad::launch::prepared_f32_launch_tests::automatic_scalar_prepared_nn_accepts_managed_b_plus_one: test
mamba_ssm::gpu::gemm_bi_triad::launch::prepared_f32_launch_tests::backward_launch_plan_uses_the_canonical_op_and_contiguous_abi: test
mamba_ssm::gpu::gemm_bi_triad::launch::prepared_f32_launch_tests::bounded_cache_clears_before_a_distinct_entry_exceeds_the_limit: test
mamba_ssm::gpu::gemm_bi_triad::launch::prepared_f32_launch_tests::bounded_cache_sweep_removes_stale_entries_before_insertion: test
mamba_ssm::gpu::gemm_bi_triad::launch::prepared_f32_launch_tests::changed_managed_epoch_refreshes_once_outside_capture: test
mamba_ssm::gpu::gemm_bi_triad::launch::prepared_f32_launch_tests::changed_managed_epoch_requires_warmup_during_capture: test
mamba_ssm::gpu::gemm_bi_triad::launch::prepared_f32_launch_tests::current_managed_epoch_skips_cached_full_validation: test
mamba_ssm::gpu::gemm_bi_triad::launch::prepared_f32_launch_tests::exact_scalar_prepared_nn_accepts_managed_b_plus_one: test
mamba_ssm::gpu::gemm_bi_triad::launch::prepared_f32_launch_tests::exact_scalar_prepared_nn_accepts_managed_output_plus_one: test
mamba_ssm::gpu::gemm_bi_triad::launch::prepared_f32_launch_tests::f32_prepared_key_seals_context_request_pointers_and_scalar_bits: test
mamba_ssm::gpu::gemm_bi_triad::launch::prepared_f32_launch_tests::f32_triad_operand_validation_rejects_null_and_misaligned_pointers: test
mamba_ssm::gpu::gemm_bi_triad::launch::prepared_f32_launch_tests::managed_f32_cache_hit_skips_allocation_identity_queries: test
mamba_ssm::gpu::gemm_bi_triad::launch::prepared_f32_launch_tests::nt_k_tail_34_node_plan_preserves_repeated_symbol_arguments_and_neighbors: test
mamba_ssm::gpu::gemm_bi_triad::launch::prepared_f32_launch_tests::operand_aware_auto_prepares_and_repeats_the_measured_tf32_route: test
mamba_ssm::gpu::gemm_bi_triad::launch::prepared_f32_launch_tests::physical_tf32_route_preserves_semantic_arguments_while_projecting_resources: test
mamba_ssm::gpu::gemm_bi_triad::launch::prepared_f32_launch_tests::prepared_backward_enqueue_skips_fallback_dispatch: test
mamba_ssm::gpu::gemm_bi_triad::launch::prepared_f32_launch_tests::prepared_cache_lookup_does_not_build_full_route_identity: test
mamba_ssm::gpu::gemm_bi_triad::launch::prepared_f32_launch_tests::prepared_scalar_binding_uses_frozen_digest_and_rejects_symbol_config_or_order_changes: test
mamba_ssm::gpu::gemm_bi_triad::launch::prepared_f32_launch_tests::prepared_scalar_enqueue_does_not_rehash_frozen_arguments: test
mamba_ssm::gpu::gemm_bi_triad::launch::prepared_f32_launch_tests::rect_wide_route_freezes_physical_and_graph_identity: test
mamba_ssm::gpu::gemm_bi_triad::launch::prepared_f32_launch_tests::scalar_argument_layout_tracks_the_physical_pointer_abi: test
mamba_ssm::gpu::gemm_bi_triad::launch::prepared_f32_launch_tests::scalar_big_nt_uses_its_exact_shared_memory_contract: test
mamba_ssm::gpu::gemm_bi_triad::launch::prepared_f32_launch_tests::scalar_f32_big_and_slim_accept_every_four_byte_aligned_external_base: test
mamba_ssm::gpu::gemm_bi_triad::launch::prepared_f32_launch_tests::scalar_nn_m32n64_splitk32_plan_has_two_exact_ordered_nodes: test
mamba_ssm::gpu::gemm_bi_triad::launch::prepared_f32_launch_tests::scalar_nn_m32n64_splitk32_raw_and_prepared_identity_match: test
mamba_ssm::gpu::gemm_bi_triad::launch::prepared_f32_launch_tests::scalar_nn_m64n64_plan_has_the_qualified_seven_cell_identity: test
mamba_ssm::gpu::gemm_bi_triad::launch::prepared_f32_launch_tests::scalar_node_identity_distinguishes_equal_symbol_sequences: test
mamba_ssm::gpu::gemm_bi_triad::launch::prepared_f32_launch_tests::scalar_nt_d128_out_raw_and_prepared_identity_match: test
mamba_ssm::gpu::gemm_bi_triad::launch::prepared_f32_launch_tests::scalar_nt_d128_out_transpose_plan_has_the_qualified_revision_and_two_exact_nodes: test
mamba_ssm::gpu::gemm_bi_triad::launch::prepared_f32_launch_tests::scalar_nt_d768_out_raw_and_prepared_paths_freeze_the_same_identity: test
mamba_ssm::gpu::gemm_bi_triad::launch::prepared_f32_launch_tests::scalar_nt_d768_out_transpose_plan_has_distinct_tag_and_exact_nodes: test
mamba_ssm::gpu::gemm_bi_triad::launch::prepared_f32_launch_tests::scalar_nt_d768_transpose_plan_has_two_exact_ordered_nodes: test
mamba_ssm::gpu::gemm_bi_triad::launch::prepared_f32_launch_tests::scalar_nt_large_deep_raw_and_prepared_identity_match: test
mamba_ssm::gpu::gemm_bi_triad::launch::prepared_f32_launch_tests::scalar_nt_large_deep_transpose_plan_has_the_qualified_revision_and_two_exact_nodes: test
mamba_ssm::gpu::gemm_bi_triad::launch::prepared_f32_launch_tests::scalar_nt_m2n16_raw_and_prepared_one_node_identity_match: test
mamba_ssm::gpu::gemm_bi_triad::launch::prepared_f32_launch_tests::scalar_nt_prism_raw_and_prepared_identity_match: test
mamba_ssm::gpu::gemm_bi_triad::launch::prepared_f32_launch_tests::scalar_nt_prism_vector_plan_has_the_qualified_revision_and_two_exact_nodes: test
mamba_ssm::gpu::gemm_bi_triad::launch::prepared_f32_launch_tests::scalar_nt_thin_output_cells_have_the_qualified_splitk_node_identity: test
mamba_ssm::gpu::gemm_bi_triad::launch::prepared_f32_launch_tests::scalar_physical_plan_freezes_maximum_node_counts_and_neighbors: test
mamba_ssm::gpu::gemm_bi_triad::launch::prepared_f32_launch_tests::scalar_splitk_symbols_have_stage_specific_route_contracts: test
mamba_ssm::gpu::gemm_bi_triad::launch::prepared_f32_launch_tests::scalar_tn_m16n16_raw_and_prepared_one_node_identity_match: test
mamba_ssm::gpu::gemm_bi_triad::launch::prepared_f32_launch_tests::scalar_transpose_workspace_extent_is_checked_per_plan: test
mamba_ssm::gpu::gemm_bi_triad::launch::prepared_f32_launch_tests::sm120_cache_action_is_prepared_only_and_fail_closed_during_capture: test
mamba_ssm::gpu::gemm_bi_triad::launch::prepared_f32_launch_tests::sm120_prepared_key_seals_route_context_pointers_and_scalar_bits: test
mamba_ssm::gpu::gemm_bi_triad::launch::prepared_f32_launch_tests::specialized_device_identity_preserves_the_loaded_kernel_sm_count: test
mamba_ssm::gpu::gemm_bi_triad::launch::prepared_f32_launch_tests::tf32_argument_digests_bind_bias_nullness: test
mamba_ssm::gpu::gemm_bi_triad::launch::prepared_f32_launch_tests::tf32_kernel_param_abi_matches_cuda: test
mamba_ssm::gpu::gemm_bi_triad::launch::prepared_f32_launch_tests::tf32_nt_splitk8_has_distinct_numeric_and_ownership_identity: test
mamba_ssm::gpu::gemm_bi_triad::launch::prepared_f32_launch_tests::tf32_nt_splitk_live_and_reverse_plans_freeze_p4_and_p8_geometry: test
mamba_ssm::gpu::gemm_bi_triad::launch::prepared_f32_launch_tests::tf32_splitk2_launch_plan_and_route_freeze_two_partitions: test
mamba_ssm::gpu::gemm_bi_triad::launch::prepared_f32_launch_tests::tf32_splitk_launch_plan_freezes_one_fused_node_and_workspaces: test
mamba_ssm::gpu::gemm_bi_triad::launch::prepared_f32_launch_tests::tn_big_and_splitm_physical_symbols_separate_aligned_hot_paths: test
mamba_ssm::gpu::gemm_bi_triad::launch::prepared_f32_launch_tests::tn_narrow_splitm_qualified_manifests_have_exact_two_node_geometry: test
mamba_ssm::gpu::gemm_bi_triad::launch::prepared_f32_launch_tests::tn_splitm_plan_matches_enqueue_geometry_at_the_batch_boundary: test
mamba_ssm::gpu::gemm_bi_triad::launch::prepared_f32_launch_tests::tn_underfill_route_freezes_physical_and_graph_identity: test
mamba_ssm::gpu::gemm_bi_triad::launch::prepared_f32_launch_tests::untracked_cached_resources_keep_full_validation: test
mamba_ssm::gpu::gemm_bi_triad::launch::prepared_f32_launch_tests::zero_reduction_preparation_never_queries_input_allocations: test
mamba_ssm::gpu::gemm_bi_triad::launch::scalar_nn_tn_tests::runtime_production_shapes_resolve_to_single_big_routes: test
mamba_ssm::gpu::gemm_bi_triad::launch::scalar_nn_tn_tests::scalar_big_nn_tn_runtime_matrix_is_exact_and_graph_stable: test
mamba_ssm::gpu::gemm_bi_triad::launch::scalar_nn_tn_tests::tn_m16n16_selector_is_exact_and_fail_closed: test
mamba_ssm::gpu::gemm_bi_triad::launch::scalar_nt_tests::ada_scalar_big_nt_runtime_matrix_is_exact_and_graph_stable: test
mamba_ssm::gpu::gemm_bi_triad::launch::scalar_nt_tests::scalar_nt_live_canaries_detect_input_and_output_corruption: test
mamba_ssm::gpu::gemm_bi_triad::launch::scalar_nt_tests::sm120_scalar_nt_d128_out_production_route_is_exact_and_graph_stable: test
mamba_ssm::gpu::gemm_bi_triad::launch::scalar_nt_tests::sm120_scalar_nt_d768_out_production_route_is_exact_and_graph_stable: test
mamba_ssm::gpu::gemm_bi_triad::launch::scalar_nt_tests::sm120_scalar_nt_large_deep_production_route_is_exact_and_graph_stable: test
mamba_ssm::gpu::gemm_bi_triad::launch::scalar_nt_tests::sm120_scalar_nt_prism_production_route_is_exact_and_graph_stable: test
mamba_ssm::gpu::gemm_bi_triad::launch::scalar_nt_tests::sm80plus_f32_preparation_rejects_output_resource_aliases: test
mamba_ssm::gpu::gemm_bi_triad::launch::scalar_nt_tests::sm80plus_scalar_nt_splitk_matches_its_frozen_f32_tree: test
mamba_ssm::gpu::gemm_bi_triad::launch::scalar_nt_tests::sm80plus_scalar_nt_thin_outputs_are_exact_and_graph_stable: test
mamba_ssm::gpu::gemm_bi_triad::modules::tests::a_symbol_failing_a_resource_gate_is_excluded_with_its_reason: test
mamba_ssm::gpu::gemm_bi_triad::modules::tests::driver_abi_live_query_requires_five_parameters_and_a_terminal_probe: test
mamba_ssm::gpu::gemm_bi_triad::modules::tests::driver_abi_merge_rejects_cross_module_symbol_aliases: test
mamba_ssm::gpu::gemm_bi_triad::modules::tests::driver_abi_rejects_malformed_driver_results: test
mamba_ssm::gpu::gemm_bi_triad::modules::tests::driver_abi_validates_and_formats_live_layout: test
mamba_ssm::gpu::gemm_bi_triad::modules::tests::exact_export_parser_accepts_entry_scoped_pragma_before_body: test
mamba_ssm::gpu::gemm_bi_triad::modules::tests::exact_export_parser_accepts_parameterless_entries: test
mamba_ssm::gpu::gemm_bi_triad::modules::tests::exact_export_parser_accepts_ptx_whitespace_and_intervening_comments: test
mamba_ssm::gpu::gemm_bi_triad::modules::tests::exact_export_parser_ignores_directives_in_line_and_block_comments: test
mamba_ssm::gpu::gemm_bi_triad::modules::tests::exact_export_parser_rejects_nested_module_directives_and_unbalanced_scopes: test
mamba_ssm::gpu::gemm_bi_triad::modules::tests::exact_export_parser_rejects_obfuscated_duplicates_and_malformed_entries: test
mamba_ssm::gpu::gemm_bi_triad::modules::tests::exact_export_set_rejects_duplicate_expected_symbols_with_a_useful_diff: test
mamba_ssm::gpu::gemm_bi_triad::modules::tests::exact_export_set_rejects_wrong_expected_cardinality: test
mamba_ssm::gpu::gemm_bi_triad::modules::tests::fixed_sm120_copyplan_m128n64_t256_requires_own_export_and_two_cta_resources: test
mamba_ssm::gpu::gemm_bi_triad::modules::tests::fixed_sm120_copyplan_m128n64_t256_resource_contract_is_independent: test
mamba_ssm::gpu::gemm_bi_triad::modules::tests::fixed_sm120_copyplan_t256_has_own_fixed_export_and_launch_bounds: test
mamba_ssm::gpu::gemm_bi_triad::modules::tests::fixed_sm120_copyplan_t256_ptx_retains_control_and_requires_twin: test
mamba_ssm::gpu::gemm_bi_triad::modules::tests::fixed_sm120_copyplan_t256_resources_require_three_ctas_without_spills: test
mamba_ssm::gpu::gemm_bi_triad::modules::tests::fixed_sm120_exact_n64_composition_is_compute120_only: test
mamba_ssm::gpu::gemm_bi_triad::modules::tests::fixed_sm120_exact_n64_export_is_rejected_on_foreign_targets: test
mamba_ssm::gpu::gemm_bi_triad::modules::tests::fixed_sm120_exact_n64_ptx_requires_unique_five_argument_exact_body: test
mamba_ssm::gpu::gemm_bi_triad::modules::tests::fixed_sm120_nobias_ptx_requires_own_export_and_scale_only_epilogue: test
mamba_ssm::gpu::gemm_bi_triad::modules::tests::fixed_sm120_postbias_composition_is_fixed_owned: test
mamba_ssm::gpu::gemm_bi_triad::modules::tests::fixed_sm120_postbias_driver_abi_and_resources_are_strict: test
mamba_ssm::gpu::gemm_bi_triad::modules::tests::fixed_sm120_postbias_driver_abi_tracks_cuda_12_and_13_tensor_map_alignment: test
mamba_ssm::gpu::gemm_bi_triad::modules::tests::fixed_sm120_postbias_ptx_is_exact_target_scoped_and_fail_closed: test
mamba_ssm::gpu::gemm_bi_triad::modules::tests::fixed_sm120_postbias_ptx_tracks_cuda_12_and_13_tensor_map_alignment: test
mamba_ssm::gpu::gemm_bi_triad::modules::tests::fixed_sm120_postbias_t256_requires_three_ctas_within_register_budget: test
mamba_ssm::gpu::gemm_bi_triad::modules::tests::fixed_sm120_sliced_composition_is_fixed_compute120_only: test
mamba_ssm::gpu::gemm_bi_triad::modules::tests::fixed_sm120_sliced_live_resource_gate_is_strict: test
mamba_ssm::gpu::gemm_bi_triad::modules::tests::fixed_sm120_sliced_ptx_fails_closed_on_abi_body_inventory_and_target: test
mamba_ssm::gpu::gemm_bi_triad::modules::tests::fixed_sm89_exact_n64_composition_is_target_scoped: test
mamba_ssm::gpu::gemm_bi_triad::modules::tests::fixed_sm89_exact_n64_driver_abi_requires_five_offsets_and_terminal_probe: test
mamba_ssm::gpu::gemm_bi_triad::modules::tests::fixed_sm89_exact_n64_live_resource_gate_is_strict: test
mamba_ssm::gpu::gemm_bi_triad::modules::tests::fixed_sm89_exact_n64_ptx_rejects_cc12_exports_without_nvrtc: test
mamba_ssm::gpu::gemm_bi_triad::modules::tests::fixed_sm89_exact_n64_ptx_rejects_export_on_other_portable_targets: test
mamba_ssm::gpu::gemm_bi_triad::modules::tests::fixed_sm89_exact_n64_ptx_rejects_local_tensor_reduction_and_ftz_work: test
mamba_ssm::gpu::gemm_bi_triad::modules::tests::fixed_sm89_exact_n64_ptx_rejects_wrong_pointer_and_bundle_abi: test
mamba_ssm::gpu::gemm_bi_triad::modules::tests::fixed_sm89_exact_n64_ptx_requires_async_fma_and_launch_bounds: test
mamba_ssm::gpu::gemm_bi_triad::modules::tests::fixed_sm89_exact_n64_ptx_requires_its_unique_export: test
mamba_ssm::gpu::gemm_bi_triad::modules::tests::fixed_sm89_exact_n64_retains_all_other_fixed_composed_bytes: test
mamba_ssm::gpu::gemm_bi_triad::modules::tests::fixed_sm89_exact_n64_retains_every_triad_composition: test
mamba_ssm::gpu::gemm_bi_triad::modules::tests::fixed_sm89_finalist_ptx_abi_and_resources_fail_per_symbol: test
mamba_ssm::gpu::gemm_bi_triad::modules::tests::fixed_sm89_half_pipeline_composes_the_ada_only_extension: test
mamba_ssm::gpu::gemm_bi_triad::modules::tests::fixed_sm89_half_pipeline_does_not_enter_any_triad_composition: test
mamba_ssm::gpu::gemm_bi_triad::modules::tests::fixed_sm89_half_pipeline_driver_abi_requires_exact_offsets_sizes_and_terminal_probe: test
mamba_ssm::gpu::gemm_bi_triad::modules::tests::fixed_sm89_half_pipeline_preserves_non_ada_fixed_composed_bytes: test
mamba_ssm::gpu::gemm_bi_triad::modules::tests::fixed_sm89_half_pipeline_ptx_rejects_duplicate_or_foreign_exports: test
mamba_ssm::gpu::gemm_bi_triad::modules::tests::fixed_sm89_half_pipeline_ptx_rejects_exports_on_non_ada_targets: test
mamba_ssm::gpu::gemm_bi_triad::modules::tests::fixed_sm89_half_pipeline_ptx_rejects_numeric_atomics_and_reductions: test
mamba_ssm::gpu::gemm_bi_triad::modules::tests::fixed_sm89_half_pipeline_ptx_rejects_pointer_or_bundle_abi_drift: test
mamba_ssm::gpu::gemm_bi_triad::modules::tests::fixed_sm89_half_pipeline_ptx_requires_both_typed_exports: test
mamba_ssm::gpu::gemm_bi_triad::modules::tests::fixed_sm89_half_pipeline_ptx_requires_native_typed_mma_and_async_staging: test
mamba_ssm::gpu::gemm_bi_triad::modules::tests::fixed_sm89_half_s3_driver_abi_and_resources_are_strict: test
mamba_ssm::gpu::gemm_bi_triad::modules::tests::fixed_sm89_half_s3_driver_abi_requires_exact_offsets_sizes_and_terminal_probe: test
mamba_ssm::gpu::gemm_bi_triad::modules::tests::fixed_sm89_half_s3_ptx_inventory_is_required: test
mamba_ssm::gpu::gemm_bi_triad::modules::tests::fixed_sm89_half_s3_ptx_is_all_or_nothing_and_instruction_exact: test
mamba_ssm::gpu::gemm_bi_triad::modules::tests::fixed_sm89_half_swizzle_driver_abi_and_resources_are_strict: test
mamba_ssm::gpu::gemm_bi_triad::modules::tests::fixed_sm89_half_swizzle_ptx_is_all_or_nothing_and_instruction_exact: test
mamba_ssm::gpu::gemm_bi_triad::modules::tests::fixed_sm89_rna_wide_composer_requires_the_ada_only_fragment: test
mamba_ssm::gpu::gemm_bi_triad::modules::tests::fixed_sm89_rna_wide_driver_abi_and_resource_gates_are_strict: test
mamba_ssm::gpu::gemm_bi_triad::modules::tests::fixed_sm89_rna_wide_validator_accepts_the_exact_rna_pipeline_entry: test
mamba_ssm::gpu::gemm_bi_triad::modules::tests::fixed_sm89_rna_wide_validator_rejects_inventory_abi_and_body_drift: test
mamba_ssm::gpu::gemm_bi_triad::modules::tests::forbidden_scan_distinguishes_harmless_strings_from_real_tokens: test
mamba_ssm::gpu::gemm_bi_triad::modules::tests::module_sources_have_exact_deterministic_boundaries: test
mamba_ssm::gpu::gemm_bi_triad::modules::tests::owned_symbol_resolution_never_falls_back_to_fixed: test
mamba_ssm::gpu::gemm_bi_triad::modules::tests::portable_sm101a_target_is_admitted_and_owns_live_cc101_topology: test
mamba_ssm::gpu::gemm_bi_triad::modules::tests::portable_sm103a_target_is_admitted_and_owns_live_cc103_topology: test
mamba_ssm::gpu::gemm_bi_triad::modules::tests::quoted_include_allowlist_is_exact_and_fail_closed: test
mamba_ssm::gpu::gemm_bi_triad::modules::tests::scalar_big_nt_source_uses_raw_to_conflict_free_b_staging: test
mamba_ssm::gpu::gemm_bi_triad::modules::tests::scalar_f32_vector_paths_require_aligned_external_bases: test
mamba_ssm::gpu::gemm_bi_triad::modules::tests::scalar_group_m_option_matches_the_source_guard: test
mamba_ssm::gpu::gemm_bi_triad::modules::tests::scalar_resource_environment_rejects_zero_identity_domains: test
mamba_ssm::gpu::gemm_bi_triad::modules::tests::scalar_splitm_reducer_declares_a_portable_four_cta_bound: test
mamba_ssm::gpu::gemm_bi_triad::modules::tests::scalar_tn_narrow_splitm_partial_ptx_abi_is_fail_closed: test
mamba_ssm::gpu::gemm_bi_triad::modules::tests::sm100_candidate_fallback_survives_family_compile_failure: test
mamba_ssm::gpu::gemm_bi_triad::modules::tests::sm100_candidate_fallback_survives_family_probe_failure: test
mamba_ssm::gpu::gemm_bi_triad::modules::tests::sm100_candidate_fallback_survives_family_qualification_failure: test
mamba_ssm::gpu::gemm_bi_triad::modules::tests::sm100_module_accepts_only_exact_feature_targets: test
mamba_ssm::gpu::gemm_bi_triad::modules::tests::sm100_probe_compiles_for_every_exact_feature_target: test
mamba_ssm::gpu::gemm_bi_triad::modules::tests::sm100_probe_is_small_feature_complete_and_validated_fail_closed: test
mamba_ssm::gpu::gemm_bi_triad::modules::tests::sm100_probe_rejects_malformed_and_extern_entry_directives: test
mamba_ssm::gpu::gemm_bi_triad::modules::tests::sm100_probe_requires_opcodes_inside_its_comment_stripped_body: test
mamba_ssm::gpu::gemm_bi_triad::modules::tests::sm100_production_ptx_validator_rejects_partial_or_mixed_artifacts: test
mamba_ssm::gpu::gemm_bi_triad::modules::tests::sm110_feature_candidates_exclude_ordinary_sm110: test
mamba_ssm::gpu::gemm_bi_triad::modules::tests::sm120_cc121_resolution_rejects_a_mixed_target_artifact_transaction: test
mamba_ssm::gpu::gemm_bi_triad::modules::tests::sm120_module_accepts_only_generic_targets: test
mamba_ssm::gpu::gemm_bi_triad::modules::tests::sm120_ptx_validation_is_complete_and_fail_closed: test
mamba_ssm::gpu::gemm_bi_triad::modules::tests::sm89_finalist_inventory_replaces_one_legacy_entry_and_rejects_foreign_families: test
mamba_ssm::gpu::gemm_bi_triad::modules::tests::sm90a_module_requires_the_exact_architecture_target: test
mamba_ssm::gpu::gemm_bi_triad::modules::tests::sm90a_wg2_exports_require_exact_producer_linkage_and_helper_protocol: test
mamba_ssm::gpu::gemm_bi_triad::modules::tests::specialized_base_admission_rejects_foreign_tf32_instruction_families: test
mamba_ssm::gpu::gemm_bi_triad::modules::tests::specialized_tf32_function_load_preserves_symbol_and_resource_error: test
mamba_ssm::gpu::gemm_bi_triad::modules::tests::specialized_tf32_qualification_error_is_not_reported_as_unavailable: test
mamba_ssm::gpu::gemm_bi_triad::modules::tests::specialized_validators_accept_real_per_entry_representative_bodies: test
mamba_ssm::gpu::gemm_bi_triad::modules::tests::specialized_validators_ignore_quoted_and_commented_core_spoofs: test
mamba_ssm::gpu::gemm_bi_triad::modules::tests::specialized_validators_reject_additive_incompatible_core_in_same_entry: test
mamba_ssm::gpu::gemm_bi_triad::modules::tests::specialized_validators_reject_instruction_spoofs_in_quoted_metadata: test
mamba_ssm::gpu::gemm_bi_triad::modules::tests::specialized_validators_reject_instruction_spoofs_in_unused_functions: test
mamba_ssm::gpu::gemm_bi_triad::modules::tests::specialized_validators_reject_wrong_core_compute_for_one_export: test
mamba_ssm::gpu::gemm_bi_triad::modules::tests::specialized_validators_require_core_compute_in_every_export_body: test
mamba_ssm::gpu::gemm_bi_triad::modules::tests::specialized_validators_require_protocol_in_each_export_body: test
mamba_ssm::gpu::gemm_bi_triad::modules::tests::specialized_whole_module_validators_require_exact_export_sets: test
mamba_ssm::gpu::gemm_bi_triad::modules::tests::splitk_candidate_ptx_inventory_and_parameter_abi_are_exact: test
mamba_ssm::gpu::gemm_bi_triad::modules::tests::target_parser_ignores_comments_and_accepts_ptx_whitespace: test
mamba_ssm::gpu::gemm_bi_triad::modules::tests::tf32_compiled_inventory_rejects_every_partial_module: test
mamba_ssm::gpu::gemm_bi_triad::modules::tests::tf32_contract_and_loader_inventories_match_cuda_exports: test
mamba_ssm::gpu::gemm_bi_triad::modules::tests::tf32_driver_jit_local_memory_admission_requires_zero: test
mamba_ssm::gpu::gemm_bi_triad::modules::tests::tf32_exceptional_digest_is_artifact_scoped_and_outputs_are_opaque: test
mamba_ssm::gpu::gemm_bi_triad::modules::tests::tf32_exceptional_qualifier_calls_launch_and_download_twice_in_order: test
mamba_ssm::gpu::gemm_bi_triad::modules::tests::tf32_exceptional_qualifier_propagates_callbacks: test
mamba_ssm::gpu::gemm_bi_triad::modules::tests::tf32_exceptional_qualifier_rejects_length_and_repeat_drift: test
mamba_ssm::gpu::gemm_bi_triad::modules::tests::tf32_forbidden_scan_distinguishes_strings_from_real_opcodes: test
mamba_ssm::gpu::gemm_bi_triad::modules::tests::tf32_parameter_abi_tracks_cuda_12_and_13_tensor_map_alignment: test
mamba_ssm::gpu::gemm_bi_triad::modules::tests::tf32_register_caps_freeze_the_rect_wide_symbol_without_weakening_generic_caps: test
mamba_ssm::gpu::gemm_bi_triad::modules::tests::triad_cuda_sources_and_export_inventories_use_gemm_bi_prefix: test
mamba_ssm::gpu::gemm_bi_triad::modules::tests::triad_scalar_module_validation_rejects_generic_splitm_contract_mutations: test
mamba_ssm::gpu::gemm_bi_triad::modules::tests::triad_scalar_module_validation_rejects_m2n16_contract_mutations: test
mamba_ssm::gpu::gemm_bi_triad::modules::tests::triad_scalar_module_validation_rejects_nn_m32n64_splitk32_mutations: test
mamba_ssm::gpu::gemm_bi_triad::modules::tests::triad_scalar_module_validation_rejects_tn_m16n16_contract_mutations: test
mamba_ssm::gpu::gemm_bi_triad::modules::tests::triad_scalar_module_validation_requires_the_exact_whole_module_exports: test
mamba_ssm::gpu::gemm_bi_triad::modules::tests::triad_symbol_inventories_are_exact_disjoint_and_owned: test
mamba_ssm::gpu::gemm_bi_triad::qualification::f32_trailing_guard_tests::exact_unbiased_f32_word_upload_rejects_bias_and_each_wrong_length: test
mamba_ssm::gpu::gemm_bi_triad::qualification::f32_trailing_guard_tests::f32_guarded_storage_keeps_active_bits_and_covers_empty_operands: test
mamba_ssm::gpu::gemm_bi_triad::qualification::f32_trailing_guard_tests::f32_guarded_storage_rejects_each_corrupted_tail_and_wrong_span: test
mamba_ssm::gpu::gemm_bi_triad::qualification::f32_trailing_guard_tests::f32_trailing_guard_gpu_readback_corruption_and_replay: test
mamba_ssm::gpu::gemm_bi_triad::qualification::tests::a_and_b_offsets_match_eager_and_graph_with_nonzero_operands_in_both_orders: test
mamba_ssm::gpu::gemm_bi_triad::qualification::tests::adversarial_counts_are_derived_from_the_live_route_inventory: test
mamba_ssm::gpu::gemm_bi_triad::qualification::tests::artifact_binds_the_exact_driver_abi_proof_digest: test
mamba_ssm::gpu::gemm_bi_triad::qualification::tests::biased_nn_f32_policy_matches_eager_graph_and_differs_from_unbiased: test
mamba_ssm::gpu::gemm_bi_triad::qualification::tests::boundary_corpus_binds_every_case_coordinate_and_order: test
mamba_ssm::gpu::gemm_bi_triad::qualification::tests::boundary_route_digest_binds_count_order_symbol_and_value: test
mamba_ssm::gpu::gemm_bi_triad::qualification::tests::boundary_word_digest_has_a_frozen_bitwise_contract: test
mamba_ssm::gpu::gemm_bi_triad::qualification::tests::driver_jit_resource_digest_binds_route_identity_registers_observed_bytes_and_cap: test
mamba_ssm::gpu::gemm_bi_triad::qualification::tests::edge_layout_facade_owns_subviews_and_validates_red_zones: test
mamba_ssm::gpu::gemm_bi_triad::qualification::tests::edge_layout_requests_freeze_named_offsets_and_direct_nn_strides: test
mamba_ssm::gpu::gemm_bi_triad::qualification::tests::exceptional_oracle_classifies_without_freezing_nan_payloads_or_zero_signs: test
mamba_ssm::gpu::gemm_bi_triad::qualification::tests::f32_branch_identity_rejects_argument_digest_drift: test
mamba_ssm::gpu::gemm_bi_triad::qualification::tests::f32_epilogue_rejects_half_routes_before_allocation: test
mamba_ssm::gpu::gemm_bi_triad::qualification::tests::f32_epilogue_request_preserves_contract_and_identity: test
mamba_ssm::gpu::gemm_bi_triad::qualification::tests::f32_policy_epilogue_accepts_exact_wrapper_values_and_forced_routes_stay_general: test
mamba_ssm::gpu::gemm_bi_triad::qualification::tests::f32_policy_epilogue_rejects_values_the_production_wrappers_cannot_express: test
mamba_ssm::gpu::gemm_bi_triad::qualification::tests::g2_half_auto_request_preserves_permission_and_separates_identity: test
mamba_ssm::gpu::gemm_bi_triad::qualification::tests::g2_half_auto_streamk_permission_is_not_lost: test
mamba_ssm::gpu::gemm_bi_triad::qualification::tests::g2_half_auto_tn_permission_matrix_sm89: test
mamba_ssm::gpu::gemm_bi_triad::qualification::tests::g2_half_auto_tn_scratch_reuse_sm89: test
mamba_ssm::gpu::gemm_bi_triad::qualification::tests::g2_half_forced_rectangular_prepares_the_exact_graph: test
mamba_ssm::gpu::gemm_bi_triad::qualification::tests::g2_half_tiled_request_digests_preserve_the_legacy_encoding: test
mamba_ssm::gpu::gemm_bi_triad::qualification::tests::g2_half_tn_policy_lease_drift_restore_sm89: test
mamba_ssm::gpu::gemm_bi_triad::qualification::tests::guarded_storage_has_nonzero_xy_origin_and_a_trailing_red_zone: test
mamba_ssm::gpu::gemm_bi_triad::qualification::tests::guarded_tf32_inputs_meet_the_tma_global_address_alignment: test
mamba_ssm::gpu::gemm_bi_triad::qualification::tests::half_branch_seal_rejects_production_and_physical_route_drift: test
mamba_ssm::gpu::gemm_bi_triad::qualification::tests::nn_bias_beta_case_matches_the_supported_bias_preseed_contract: test
mamba_ssm::gpu::gemm_bi_triad::qualification::tests::nt_splitk_cpu_oracle_matches_the_seed_contract_and_rejects_wrong_output: test
mamba_ssm::gpu::gemm_bi_triad::qualification::tests::nt_splitk_forced_requests_freeze_live_and_reverse_candidate_routes: test
mamba_ssm::gpu::gemm_bi_triad::qualification::tests::nt_splitk_forced_routes_are_eager_graph_bit_exact_with_one_fused_node: test
mamba_ssm::gpu::gemm_bi_triad::qualification::tests::output_offset_eager_and_graph_preserve_the_leading_red_zone: test
mamba_ssm::gpu::gemm_bi_triad::qualification::tests::padded_shapes_keep_every_physical_row_inside_an_aligned_stride: test
mamba_ssm::gpu::gemm_bi_triad::qualification::tests::padded_tn_nt_layouts_fail_before_resource_allocation: test
mamba_ssm::gpu::gemm_bi_triad::qualification::tests::physical_evidence_contract_rejects_graph_drift_and_multi_launch_singular_fields: test
mamba_ssm::gpu::gemm_bi_triad::qualification::tests::physical_evidence_contract_rejects_missing_or_planned_only_routes: test
mamba_ssm::gpu::gemm_bi_triad::qualification::tests::portable_primary_cases_stay_contiguous_but_tma_cases_are_stride_aligned: test
mamba_ssm::gpu::gemm_bi_triad::qualification::tests::qualification_artifact_v5_freezes_driver_jit_resources_per_route: test
mamba_ssm::gpu::gemm_bi_triad::qualification::tests::qualification_policy_guard_restores_every_setting_after_error: test
mamba_ssm::gpu::gemm_bi_triad::qualification::tests::report_digest_changes_with_only_the_boundary_corpus: test
mamba_ssm::gpu::gemm_bi_triad::qualification::tests::report_digest_is_bound_to_the_exact_json_bytes: test
mamba_ssm::gpu::gemm_bi_triad::qualification::tests::request_validation_rejects_invalid_extent_dtype_and_thin_tile: test
mamba_ssm::gpu::gemm_bi_triad::qualification::tests::route_inventory_counts_match_the_release_contract: test
mamba_ssm::gpu::gemm_bi_triad::qualification::tests::sm120_branch_seal_requires_full_exact_eager_and_graph_routes: test
mamba_ssm::gpu::gemm_bi_triad::qualification::tests::sm120_driver_jit_inventory_requires_all_routes_to_be_zero: test
mamba_ssm::gpu::gemm_bi_triad::qualification::tests::sm120_pair_route_is_qualified_exactly_once: test
mamba_ssm::gpu::gemm_bi_triad::qualification::tests::splitk2_forced_request_freezes_the_fused_kernel_as_its_planned_route: test
mamba_ssm::gpu::gemm_bi_triad::qualification::tests::splitk2_nn_m64_k833_n384_m64_k1536_n384_and_tail_shapes_are_bit_exact: test
mamba_ssm::gpu::gemm_bi_triad::qualification::tests::splitk4_deep_reduction_shapes_pass_numeric_and_epilogue_qualification: test
mamba_ssm::gpu::gemm_bi_triad::qualification::tests::splitk4_forced_request_freezes_the_fused_kernel_as_its_planned_route: test
mamba_ssm::gpu::gemm_bi_triad::qualification::tests::splitk4_forced_route_is_eager_graph_bit_exact_with_one_fused_node: test
mamba_ssm::gpu::gemm_bi_triad::qualification::tests::tf32_rounding_uses_round_to_nearest_even: test
mamba_ssm::gpu::gemm_bi_triad::qualification::tests::timed_request_digest_separates_policy_mode_and_forced_tile: test
mamba_ssm::gpu::gemm_bi_triad::qualification::tests::wide_exceptional_changes_leave_existing_conversion_corpora_unchanged: test
mamba_ssm::gpu::gemm_bi_triad::qualification::tests::wide_exceptional_corpus_exercises_conversion_edges_on_the_bound_route: test
mamba_ssm::gpu::gemm_bi_triad::qualification::tests::wide_exceptional_oracle_observes_the_add_half_ulp_operand_classes: test
mamba_ssm::gpu::gemm_bi_triad::qualification::tests::wide_qualification_inventory_matches_target_composition: test
mamba_ssm::gpu::gemm_bi_triad::qualification::tests::wide_qualification_keeps_the_frozen_cc12_route_order: test
mamba_ssm::gpu::gemm_bi_triad::qualification::tests::wide_qualification_tail_shapes_keep_vector_copy_strides_aligned: test
mamba_ssm::gpu::gemm_bi_triad::qualification::tests::wide_tf32_qualification_numeric_smoke: test
mamba_ssm::gpu::gemm_bi_triad::sm89_finalist_source::tests::composed_source_emits_the_same_helper_it_validates: test
mamba_ssm::gpu::gemm_bi_triad::sm89_finalist_source::tests::composed_source_uses_exact_five_preambles_and_rejects_new_quoted_include: test
mamba_ssm::gpu::gemm_bi_triad::sm89_finalist_source::tests::exports_and_signature_asserts_are_balanced: test
mamba_ssm::gpu::gemm_bi_triad::sm89_finalist_source::tests::missing_and_duplicate_anchors_fail_closed: test
mamba_ssm::gpu::gemm_bi_triad::sm89_finalist_source::tests::reversed_transformation_restores_immutable_sm80_source: test
mamba_ssm::gpu::gemm_bi_triad::training_pipeline_tests::cuda_qualification::captured_tn_narrow_training_pipeline_qualification: test
mamba_ssm::gpu::gemm_bi_triad::training_pipeline_tests::dense_arena_layout_is_exact_and_aligned: test
mamba_ssm::gpu::gemm_bi_triad::training_pipeline_tests::memcpy_graph_params_use_deferred_initialization: test
mamba_ssm::gpu::gemm_bi_triad::training_pipeline_tests::ordinal_trajectory_schedule_is_one_through_ten: test
mamba_ssm::gpu::gemm_bi_triad::training_pipeline_tests::paired_absolute_samples_are_preserved_before_ratio_derivation: test
mamba_ssm::gpu::gemm_bi_triad::training_pipeline_tests::paired_schedule_has_101_windows_in_both_orders: test
mamba_ssm::gpu::gemm_bi_triad::training_pipeline_tests::production_and_direct_topologies_are_exact_linear_contracts: test
mamba_ssm::gpu::gemm_bi_triad::training_pipeline_tests::promotion_requires_every_mode_and_order_gate: test
mamba_ssm::gpu::gemm_bi_triad::training_pipeline_tests::quiet_gate_requires_five_consecutive_threshold_samples: test
mamba_ssm::gpu::gemm_bi_triad::training_pipeline_tests::quiet_gate_threshold_is_inclusive: test
mamba_ssm::gpu::gemm_bi_triad::training_pipeline_tests::stable_schedule_identity_covers_every_protocol_dimension: test
mamba_ssm::gpu::kernel_identity::cache_and_header_tests::a_directory_symlink_include_cycle_disables_the_manifest: test
mamba_ssm::gpu::kernel_identity::cache_and_header_tests::an_include_guarded_self_include_remains_cacheable: test
mamba_ssm::gpu::kernel_identity::cache_and_header_tests::argv_has_include_alias_disables_persistent_keys: test
mamba_ssm::gpu::kernel_identity::cache_and_header_tests::builtin_header_names_are_bound_until_a_filesystem_header_appears: test
mamba_ssm::gpu::kernel_identity::cache_and_header_tests::cache_hit_revalidates_the_header_closure_after_lookup: test
mamba_ssm::gpu::kernel_identity::cache_and_header_tests::cache_rejects_a_private_fifo_without_blocking: test
mamba_ssm::gpu::kernel_identity::cache_and_header_tests::cache_rejects_a_writable_ancestor: test
mamba_ssm::gpu::kernel_identity::cache_and_header_tests::cache_rejects_an_intermediate_symlink: test
mamba_ssm::gpu::kernel_identity::cache_and_header_tests::cache_rejects_non_private_or_multiply_linked_entries: test
mamba_ssm::gpu::kernel_identity::cache_and_header_tests::cache_rejects_relative_paths: test
mamba_ssm::gpu::kernel_identity::cache_and_header_tests::cache_rejects_symlinks_and_untrusted_directories: test
mamba_ssm::gpu::kernel_identity::cache_and_header_tests::cache_rejects_truncation_trailing_bytes_and_oversize: test
mamba_ssm::gpu::kernel_identity::cache_and_header_tests::cache_size_limit_includes_the_envelope_without_overflow: test
mamba_ssm::gpu::kernel_identity::cache_and_header_tests::comments_cannot_hide_a_literal_include: test
mamba_ssm::gpu::kernel_identity::cache_and_header_tests::concurrent_publication_never_exposes_partial_entries: test
mamba_ssm::gpu::kernel_identity::cache_and_header_tests::deterministic_nvrtc_seed_is_version_gated: test
mamba_ssm::gpu::kernel_identity::cache_and_header_tests::digraph_cannot_hide_a_literal_include: test
mamba_ssm::gpu::kernel_identity::cache_and_header_tests::eager_manifest_records_exact_routes_and_error_paths_clear_the_recorder: test
mamba_ssm::gpu::kernel_identity::cache_and_header_tests::filesystem_dependent_preprocessor_forms_disable_the_manifest: test
mamba_ssm::gpu::kernel_identity::cache_and_header_tests::fixed_capture_recording_rejects_route_order_drift_and_remains_reusable: test
mamba_ssm::gpu::kernel_identity::cache_and_header_tests::fixed_policy_accepts_only_declared_triad_fallback_contracts: test
mamba_ssm::gpu::kernel_identity::cache_and_header_tests::has_include_fragments_and_paste_combine_across_source_and_argv: test
mamba_ssm::gpu::kernel_identity::cache_and_header_tests::header_appearance_and_disappearance_change_manifest_availability: test
mamba_ssm::gpu::kernel_identity::cache_and_header_tests::include_next_and_header_mutation_fail_the_closure_guard: test
mamba_ssm::gpu::kernel_identity::cache_and_header_tests::invalid_read_does_not_remove_a_replacement: test
mamba_ssm::gpu::kernel_identity::cache_and_header_tests::line_splicing_cannot_hide_a_literal_include: test
mamba_ssm::gpu::kernel_identity::cache_and_header_tests::literal_include_and_unrelated_token_paste_remain_cacheable: test
mamba_ssm::gpu::kernel_identity::cache_and_header_tests::numeric_paste_operands_round_trip_through_the_manifest: test
mamba_ssm::gpu::kernel_identity::cache_and_header_tests::nvrtc_toolchain_domain_hashes_runtime_and_builtins_in_order: test
mamba_ssm::gpu::kernel_identity::cache_and_header_tests::nvrtc_toolchain_domain_requires_both_libraries: test
mamba_ssm::gpu::kernel_identity::cache_and_header_tests::one_canonical_header_is_traversed_in_each_logical_context: test
mamba_ssm::gpu::kernel_identity::cache_and_header_tests::only_the_tuning_table_revision_moved: test
mamba_ssm::gpu::kernel_identity::cache_and_header_tests::parent_dir_in_a_literal_include_disables_the_manifest: test
mamba_ssm::gpu::kernel_identity::cache_and_header_tests::parent_dir_in_an_include_root_disables_the_manifest: test
mamba_ssm::gpu::kernel_identity::cache_and_header_tests::prepared_capture_manifest_matches_an_exact_optional_ordered_launch_set: test
mamba_ssm::gpu::kernel_identity::cache_and_header_tests::private_cache_publish_and_read_round_trip: test
mamba_ssm::gpu::kernel_identity::cache_and_header_tests::quoted_include_recurses_from_its_logical_symlink_parent: test
mamba_ssm::gpu::kernel_identity::cache_and_header_tests::retained_directory_handle_survives_path_replacement: test
mamba_ssm::gpu::kernel_identity::cache_and_header_tests::token_paste_outside_a_conditional_remains_cacheable: test
mamba_ssm::gpu::kernel_identity::cache_and_header_tests::token_paste_state_crosses_literal_include_boundaries: test
mamba_ssm::gpu::kernel_identity::cache_and_header_tests::token_pasted_has_include_forms_disable_the_manifest: test
mamba_ssm::gpu::kernel_identity::cache_and_header_tests::token_pasted_volatile_macros_disable_the_manifest: test
mamba_ssm::gpu::kernel_identity::cache_and_header_tests::token_pasted_volatile_macros_in_headers_disable_the_manifest: test
mamba_ssm::gpu::kernel_identity::cache_and_header_tests::unrelated_token_paste_remains_cacheable: test
mamba_ssm::gpu::kernel_identity::cache_and_header_tests::validated_launch_accepts_an_unchanged_plan_once: test
mamba_ssm::gpu::kernel_identity::cache_and_header_tests::validated_launch_rejects_policy_mutation_before_closure: test
mamba_ssm::gpu::kernel_identity::cache_and_header_tests::volatile_fragments_and_token_paste_combine_across_manifest_and_argv: test
mamba_ssm::gpu::kernel_identity::cache_and_header_tests::volatile_predefined_macros_disable_the_manifest: test
mamba_ssm::gpu::kernel_identity::cache_and_header_tests::volatile_predefined_macros_in_compile_material_disable_persistent_keys: test
mamba_ssm::gpu::kernel_identity::cache_and_header_tests::volatile_predefined_macros_in_headers_disable_the_manifest: test
mamba_ssm::gpu::kernel_identity::cache_and_header_tests::zero_reduction_identity_is_domain_separated_and_pointer_free: test
mamba_ssm::gpu::kernel_identity::physical_launch_tests::ada_exact_toolkit_auto_epoch_rejects_revision43_graph_identity: test
mamba_ssm::gpu::kernel_identity::physical_launch_tests::ada_finalist_auto_epoch_rejects_revision44_graph_identity: test
mamba_ssm::gpu::kernel_identity::physical_launch_tests::ada_finalist_is_an_optional_fourth_artifact_without_changing_three_module_identity: test
mamba_ssm::gpu::kernel_identity::physical_launch_tests::ada_half_auto_epoch_rejects_revision41_graph_identity: test
mamba_ssm::gpu::kernel_identity::physical_launch_tests::ada_half_s3_auto_epoch_rejects_revision42_graph_identity: test
mamba_ssm::gpu::kernel_identity::physical_launch_tests::ada_rna_auto_epoch_rejects_revision39_graph_identity: test
mamba_ssm::gpu::kernel_identity::physical_launch_tests::ada_rna_toolkit_auto_epoch_rejects_revision40_graph_identity: test
mamba_ssm::gpu::kernel_identity::physical_launch_tests::captured_physical_graph_identity_rejects_exact_contract_mutations: test
mamba_ssm::gpu::kernel_identity::physical_launch_tests::fixed_only_artifact_replacement_invalidates_graph_at_unchanged_epoch45: test
mamba_ssm::gpu::kernel_identity::physical_launch_tests::fresh_sm120_dispatch_epoch_rejects_revision38_graph_identity: test
mamba_ssm::gpu::kernel_identity::physical_launch_tests::native_half_manifest_rejects_unsuffixed_and_post_hoc_selector_metadata: test
mamba_ssm::gpu::kernel_identity::physical_launch_tests::physical_graph_allocation_liveness_rejects_generation_drift: test
mamba_ssm::gpu::kernel_identity::physical_launch_tests::physical_launch_digest_covers_every_semantic_field_and_ordered_position: test
mamba_ssm::gpu::kernel_identity::physical_launch_tests::physical_launch_manifest_rejects_context_capacity_and_node_mutations: test
mamba_ssm::gpu::kernel_identity::physical_launch_tests::physical_launch_ordered_digest_is_pinned_to_v1_framing: test
mamba_ssm::gpu::kernel_identity::physical_launch_tests::physical_launch_set_rejects_empty_placeholder_and_incoherent_nodes: test
mamba_ssm::gpu::kernel_identity::physical_launch_tests::physical_launch_set_validation_rejects_count_digest_and_singular_drift: test
mamba_ssm::gpu::kernel_identity::physical_launch_tests::physical_launch_trace_and_manifest_reject_empty_nodes: test
mamba_ssm::gpu::kernel_identity::physical_launch_tests::private_recorder_preserves_order_and_sticky_invalidates_failures: test
mamba_ssm::gpu::loss_scaler::tests::cpu_state_machine_clean_growth: test
mamba_ssm::gpu::loss_scaler::tests::cpu_state_machine_max_scale_cap: test
mamba_ssm::gpu::loss_scaler::tests::cpu_state_machine_min_scale_floor: test
mamba_ssm::gpu::loss_scaler::tests::cpu_state_machine_overflow_backoff: test
mamba_ssm::gpu::loss_scaler::tests::disabled_scaler_is_identity: test
mamba_ssm::gpu::loss_scaler::tests::growth_interval_zero_panics: test
mamba_ssm::gpu::loss_scaler::tests::init_scale_inf_panics: test
mamba_ssm::gpu::loss_scaler::tests::init_scale_nan_panics: test
mamba_ssm::gpu::loss_scaler::tests::init_scale_neg_panics: test
mamba_ssm::gpu::loss_scaler::tests::init_scale_zero_panics: test
mamba_ssm::gpu::loss_scaler::tests::load_state_clamps_to_bounds: test
mamba_ssm::gpu::loss_scaler::tests::max_below_min_panics: test
mamba_ssm::gpu::loss_scaler::tests::min_above_max_panics: test
mamba_ssm::gpu::loss_scaler::tests::min_scale_pytorch_equivalent: test
mamba_ssm::gpu::loss_scaler::tests::state_dict_round_trip: test
module::sample::tests::test_deterministic_with_seed: test
module::sample::tests::test_different_seed_different_output: test
module::sample::tests::test_greedy_argmax: test
module::sample::tests::test_minp_filters_by_fraction: test
module::sample::tests::test_repetition_penalty_negative_multiplies: test
module::sample::tests::test_repetition_penalty_positive_divides: test
module::sample::tests::test_temperature_scaling: test
module::sample::tests::test_topk_k1_is_argmax: test
module::sample::tests::test_topk_k2_excludes_rest: test
module::sample::tests::test_topp_filters_tail: test
ops::blas::tests::test_sgemm_backward_gradient: test
ops::blas::tests::test_sgemm_forward_identity: test
ops::blas::tests::test_sgemm_forward_with_bias: test
ops::dims::tests::test_mamba_dims_defaults: test
ops::dims::tests::test_mamba_dims_from_config: test
ops::fast_math::tests::test_fast_exp_edge_cases: test
ops::fast_math::tests::test_fast_exp_inplace_accuracy: test
ops::fast_math::tests::test_fast_exp_scalar_accuracy: test
ops::fast_math::tests::test_fast_exp_ssm_range: test
ops::norms::tests::test_bcnorm_per_group: test
ops::norms::tests::test_rms_norm_weighted_unit_weight: test

708 tests, 0 benchmarks
