ptxas info    : 33 bytes gmem, 72 bytes cmem[4]
ptxas info    : Compiling entry function 'gemm_bi_nn_fixed_sm89_tc128_s3_v1_f16' for 'sm_89'
ptxas info    : Function properties for gemm_bi_nn_fixed_sm89_tc128_s3_v1_f16
    0 bytes stack frame, 0 bytes spill stores, 0 bytes spill loads
ptxas info    : Used 182 registers, used 1 barriers, 416 bytes cmem[0], 8 bytes cmem[2]
ptxas info    : Compile time = 199.676 ms
ptxas info    : Compiling entry function 'gemm_bi_nn_fixed_sm89_tc128_s3_v1_bf16' for 'sm_89'
ptxas info    : Function properties for gemm_bi_nn_fixed_sm89_tc128_s3_v1_bf16
    0 bytes stack frame, 0 bytes spill stores, 0 bytes spill loads
ptxas info    : Used 182 registers, used 1 barriers, 416 bytes cmem[0], 8 bytes cmem[2]
ptxas info    : Compile time = 193.100 ms
ptxas info    : Compiling entry function 'gemm_bi_nn_fixed_sm89_tc128_swizzle_v1_f16' for 'sm_89'
ptxas info    : Function properties for gemm_bi_nn_fixed_sm89_tc128_swizzle_v1_f16
    0 bytes stack frame, 0 bytes spill stores, 0 bytes spill loads
ptxas info    : Used 177 registers, used 1 barriers, 416 bytes cmem[0], 8 bytes cmem[2]
ptxas info    : Compile time = 158.001 ms
ptxas info    : Compiling entry function 'gemm_bi_nn_fixed_sm89_tc128_swizzle_v1_bf16' for 'sm_89'
ptxas info    : Function properties for gemm_bi_nn_fixed_sm89_tc128_swizzle_v1_bf16
    0 bytes stack frame, 0 bytes spill stores, 0 bytes spill loads
ptxas info    : Used 177 registers, used 1 barriers, 416 bytes cmem[0], 8 bytes cmem[2]
ptxas info    : Compile time = 157.611 ms
ptxas info    : Compiling entry function 'gemm_bi_nn_fixed_rna_wide_tf32_v1_m128n128_bk32_s3' for 'sm_89'
ptxas info    : Function properties for gemm_bi_nn_fixed_rna_wide_tf32_v1_m128n128_bk32_s3
    0 bytes stack frame, 0 bytes spill stores, 0 bytes spill loads
ptxas info    : Used 150 registers, used 1 barriers, 416 bytes cmem[0], 8 bytes cmem[2]
ptxas info    : Compile time = 133.894 ms
ptxas info    : Compiling entry function 'gemm_bi_nn_fixed_sm89_f32_n64_copyplan_v1' for 'sm_89'
ptxas info    : Function properties for gemm_bi_nn_fixed_sm89_f32_n64_copyplan_v1
    0 bytes stack frame, 0 bytes spill stores, 0 bytes spill loads
ptxas info    : Used 135 registers, used 1 barriers, 32768 bytes smem, 416 bytes cmem[0], 8 bytes cmem[2]
ptxas info    : Compile time = 229.799 ms
ptxas info    : Compiling entry function 'gemm_bi_nn_fixed_sm89_tc128_pipeline_v1_f16' for 'sm_89'
ptxas info    : Function properties for gemm_bi_nn_fixed_sm89_tc128_pipeline_v1_f16
    0 bytes stack frame, 0 bytes spill stores, 0 bytes spill loads
ptxas info    : Used 168 registers, used 1 barriers, 416 bytes cmem[0], 8 bytes cmem[2]
ptxas info    : Compile time = 149.395 ms
ptxas info    : Compiling entry function 'gemm_bi_nn_fixed_sm89_tc128_pipeline_v1_bf16' for 'sm_89'
ptxas info    : Function properties for gemm_bi_nn_fixed_sm89_tc128_pipeline_v1_bf16
    0 bytes stack frame, 0 bytes spill stores, 0 bytes spill loads
ptxas info    : Used 168 registers, used 1 barriers, 416 bytes cmem[0], 8 bytes cmem[2]
ptxas info    : Compile time = 146.414 ms
ptxas info    : Compiling entry function 'gemm_bi_nn_tcwn64_f16' for 'sm_89'
ptxas info    : Function properties for gemm_bi_nn_tcwn64_f16
    0 bytes stack frame, 0 bytes spill stores, 0 bytes spill loads
ptxas info    : Used 233 registers, used 1 barriers, 416 bytes cmem[0]
ptxas info    : Compile time = 312.275 ms
ptxas info    : Compiling entry function 'gemm_bi_nn_tcwn64_bf16' for 'sm_89'
ptxas info    : Function properties for gemm_bi_nn_tcwn64_bf16
    0 bytes stack frame, 0 bytes spill stores, 0 bytes spill loads
ptxas info    : Used 233 registers, used 1 barriers, 416 bytes cmem[0]
ptxas info    : Compile time = 317.398 ms
ptxas info    : Compiling entry function 'gemm_bi_nn_tcw64_f16' for 'sm_89'
ptxas info    : Function properties for gemm_bi_nn_tcw64_f16
    0 bytes stack frame, 0 bytes spill stores, 0 bytes spill loads
ptxas info    : Used 233 registers, used 1 barriers, 416 bytes cmem[0]
ptxas info    : Compile time = 317.685 ms
ptxas info    : Compiling entry function 'gemm_bi_nn_tcw64_bf16' for 'sm_89'
ptxas info    : Function properties for gemm_bi_nn_tcw64_bf16
    0 bytes stack frame, 0 bytes spill stores, 0 bytes spill loads
ptxas info    : Used 233 registers, used 1 barriers, 416 bytes cmem[0]
ptxas info    : Compile time = 317.644 ms
ptxas info    : Compiling entry function 'gemm_bi_nn_tc16_f32out_f16' for 'sm_89'
ptxas info    : Function properties for gemm_bi_nn_tc16_f32out_f16
    0 bytes stack frame, 0 bytes spill stores, 0 bytes spill loads
ptxas info    : Used 96 registers, used 1 barriers, 24576 bytes smem, 416 bytes cmem[0]
ptxas info    : Compile time = 67.898 ms
ptxas info    : Compiling entry function 'gemm_bi_nn_tc16_f32out_bf16' for 'sm_89'
ptxas info    : Function properties for gemm_bi_nn_tc16_f32out_bf16
    0 bytes stack frame, 0 bytes spill stores, 0 bytes spill loads
ptxas info    : Used 96 registers, used 1 barriers, 24576 bytes smem, 416 bytes cmem[0]
ptxas info    : Compile time = 68.406 ms
ptxas info    : Compiling entry function 'gemm_bi_nn_tc16_f16' for 'sm_89'
ptxas info    : Function properties for gemm_bi_nn_tc16_f16
    0 bytes stack frame, 0 bytes spill stores, 0 bytes spill loads
ptxas info    : Used 96 registers, used 1 barriers, 24576 bytes smem, 416 bytes cmem[0]
ptxas info    : Compile time = 64.575 ms
ptxas info    : Compiling entry function 'gemm_bi_nn_tc16_bf16' for 'sm_89'
ptxas info    : Function properties for gemm_bi_nn_tc16_bf16
    0 bytes stack frame, 0 bytes spill stores, 0 bytes spill loads
ptxas info    : Used 96 registers, used 1 barriers, 24576 bytes smem, 416 bytes cmem[0]
ptxas info    : Compile time = 70.261 ms
ptxas info    : Compiling entry function 'gemm_bi_nn_tc64_f32out_f16' for 'sm_89'
ptxas info    : Function properties for gemm_bi_nn_tc64_f32out_f16
    0 bytes stack frame, 0 bytes spill stores, 0 bytes spill loads
ptxas info    : Used 128 registers, used 1 barriers, 36864 bytes smem, 416 bytes cmem[0], 8 bytes cmem[2]
ptxas info    : Compile time = 96.889 ms
ptxas info    : Compiling entry function 'gemm_bi_nn_tc64_f32out_bf16' for 'sm_89'
ptxas info    : Function properties for gemm_bi_nn_tc64_f32out_bf16
    0 bytes stack frame, 0 bytes spill stores, 0 bytes spill loads
ptxas info    : Used 128 registers, used 1 barriers, 36864 bytes smem, 416 bytes cmem[0], 8 bytes cmem[2]
ptxas info    : Compile time = 98.836 ms
ptxas info    : Compiling entry function 'gemm_bi_nn_tc64_f16' for 'sm_89'
ptxas info    : Function properties for gemm_bi_nn_tc64_f16
    0 bytes stack frame, 0 bytes spill stores, 0 bytes spill loads
ptxas info    : Used 128 registers, used 1 barriers, 36864 bytes smem, 416 bytes cmem[0], 8 bytes cmem[2]
ptxas info    : Compile time = 98.864 ms
ptxas info    : Compiling entry function 'gemm_bi_nn_tc64_bf16' for 'sm_89'
ptxas info    : Function properties for gemm_bi_nn_tc64_bf16
    0 bytes stack frame, 0 bytes spill stores, 0 bytes spill loads
ptxas info    : Used 128 registers, used 1 barriers, 36864 bytes smem, 416 bytes cmem[0], 8 bytes cmem[2]
ptxas info    : Compile time = 98.808 ms
ptxas info    : Compiling entry function 'gemm_bi_nn_tc128_f32out_f16' for 'sm_89'
ptxas info    : Function properties for gemm_bi_nn_tc128_f32out_f16
    0 bytes stack frame, 0 bytes spill stores, 0 bytes spill loads
ptxas info    : Used 164 registers, used 1 barriers, 416 bytes cmem[0], 8 bytes cmem[2]
ptxas info    : Compile time = 100.306 ms
ptxas info    : Compiling entry function 'gemm_bi_nn_tc128_f32out_bf16' for 'sm_89'
ptxas info    : Function properties for gemm_bi_nn_tc128_f32out_bf16
    0 bytes stack frame, 0 bytes spill stores, 0 bytes spill loads
ptxas info    : Used 164 registers, used 1 barriers, 416 bytes cmem[0], 8 bytes cmem[2]
ptxas info    : Compile time = 102.434 ms
ptxas info    : Compiling entry function 'gemm_bi_nn_tc128_f16' for 'sm_89'
ptxas info    : Function properties for gemm_bi_nn_tc128_f16
    0 bytes stack frame, 0 bytes spill stores, 0 bytes spill loads
ptxas info    : Used 164 registers, used 1 barriers, 416 bytes cmem[0], 8 bytes cmem[2]
ptxas info    : Compile time = 163.879 ms
ptxas info    : Compiling entry function 'gemm_bi_nn_tc128_bf16' for 'sm_89'
ptxas info    : Function properties for gemm_bi_nn_tc128_bf16
    0 bytes stack frame, 0 bytes spill stores, 0 bytes spill loads
ptxas info    : Used 164 registers, used 1 barriers, 416 bytes cmem[0], 8 bytes cmem[2]
ptxas info    : Compile time = 160.779 ms
ptxas info    : Compiling entry function 'matvec_bi_f32_f32' for 'sm_89'
ptxas info    : Function properties for matvec_bi_f32_f32
    0 bytes stack frame, 0 bytes spill stores, 0 bytes spill loads
ptxas info    : Used 40 registers, used 1 barriers, 1024 bytes smem, 416 bytes cmem[0], 8 bytes cmem[2]
ptxas info    : Compile time = 25.197 ms
ptxas info    : Compiling entry function 'matvec_bi_f16_f32' for 'sm_89'
ptxas info    : Function properties for matvec_bi_f16_f32
    0 bytes stack frame, 0 bytes spill stores, 0 bytes spill loads
ptxas info    : Used 40 registers, used 1 barriers, 1024 bytes smem, 416 bytes cmem[0], 8 bytes cmem[2]
ptxas info    : Compile time = 16.797 ms
ptxas info    : Compiling entry function 'matvec_bi_bf16_f32' for 'sm_89'
ptxas info    : Function properties for matvec_bi_bf16_f32
    0 bytes stack frame, 0 bytes spill stores, 0 bytes spill loads
ptxas info    : Used 40 registers, used 1 barriers, 1024 bytes smem, 416 bytes cmem[0], 8 bytes cmem[2]
ptxas info    : Compile time = 16.858 ms
ptxas info    : Compiling entry function 'matvec_bi_f16_f16' for 'sm_89'
ptxas info    : Function properties for matvec_bi_f16_f16
    0 bytes stack frame, 0 bytes spill stores, 0 bytes spill loads
ptxas info    : Used 40 registers, used 1 barriers, 1024 bytes smem, 416 bytes cmem[0], 8 bytes cmem[2]
ptxas info    : Compile time = 17.290 ms
ptxas info    : Compiling entry function 'matvec_bi_bf16_bf16' for 'sm_89'
ptxas info    : Function properties for matvec_bi_bf16_bf16
    0 bytes stack frame, 0 bytes spill stores, 0 bytes spill loads
ptxas info    : Used 40 registers, used 1 barriers, 1024 bytes smem, 416 bytes cmem[0], 8 bytes cmem[2]
ptxas info    : Compile time = 17.008 ms
ptxas info    : Compiling entry function 'gemm_bi_f32_f32' for 'sm_89'
ptxas info    : Function properties for gemm_bi_f32_f32
    0 bytes stack frame, 0 bytes spill stores, 0 bytes spill loads
ptxas info    : Used 114 registers, used 1 barriers, 16384 bytes smem, 416 bytes cmem[0], 8 bytes cmem[2]
ptxas info    : Compile time = 41.083 ms
ptxas info    : Compiling entry function 'gemm_bi_f16_f32' for 'sm_89'
ptxas info    : Function properties for gemm_bi_f16_f32
    0 bytes stack frame, 0 bytes spill stores, 0 bytes spill loads
ptxas info    : Used 96 registers, used 1 barriers, 24576 bytes smem, 416 bytes cmem[0], 16 bytes cmem[2]
ptxas info    : Compile time = 35.148 ms
ptxas info    : Compiling entry function 'gemm_bi_bf16_f32' for 'sm_89'
ptxas info    : Function properties for gemm_bi_bf16_f32
    0 bytes stack frame, 0 bytes spill stores, 0 bytes spill loads
ptxas info    : Used 104 registers, used 1 barriers, 24576 bytes smem, 416 bytes cmem[0], 8 bytes cmem[2]
ptxas info    : Compile time = 40.002 ms
ptxas info    : Compiling entry function 'gemm_bi_f16_f16' for 'sm_89'
ptxas info    : Function properties for gemm_bi_f16_f16
    0 bytes stack frame, 0 bytes spill stores, 0 bytes spill loads
ptxas info    : Used 96 registers, used 1 barriers, 24576 bytes smem, 416 bytes cmem[0], 16 bytes cmem[2]
ptxas info    : Compile time = 38.259 ms
ptxas info    : Compiling entry function 'gemm_bi_bf16_bf16' for 'sm_89'
ptxas info    : Function properties for gemm_bi_bf16_bf16
    0 bytes stack frame, 0 bytes spill stores, 0 bytes spill loads
ptxas info    : Used 104 registers, used 1 barriers, 24576 bytes smem, 416 bytes cmem[0], 8 bytes cmem[2]
ptxas info    : Compile time = 42.236 ms
ptxas info    : Compiling entry function 'gemm_bi_nn_tf32_v1_m16n32_bk32_s4' for 'sm_89'
ptxas info    : Function properties for gemm_bi_nn_tf32_v1_m16n32_bk32_s4
    0 bytes stack frame, 0 bytes spill stores, 0 bytes spill loads
ptxas info    : Used 71 registers, used 1 barriers, 408 bytes cmem[0]
ptxas info    : Compile time = 38.072 ms
ptxas info    : Compiling entry function 'gemm_bi_nn_tf32_v1_m64n64_bk32_s3' for 'sm_89'
ptxas info    : Function properties for gemm_bi_nn_tf32_v1_m64n64_bk32_s3
    0 bytes stack frame, 0 bytes spill stores, 0 bytes spill loads
ptxas info    : Used 93 registers, used 1 barriers, 408 bytes cmem[0]
ptxas info    : Compile time = 59.514 ms
ptxas info    : Compiling entry function 'gemm_bi_nn_tf32_v1_m64n64_bk32_s2' for 'sm_89'
ptxas info    : Function properties for gemm_bi_nn_tf32_v1_m64n64_bk32_s2
    0 bytes stack frame, 0 bytes spill stores, 0 bytes spill loads
ptxas info    : Used 124 registers, used 1 barriers, 408 bytes cmem[0]
ptxas info    : Compile time = 71.570 ms
ptxas info    : Compiling entry function 'gemm_bi_nn_tf32_v1_m128n64_bk32_s3' for 'sm_89'
ptxas info    : Function properties for gemm_bi_nn_tf32_v1_m128n64_bk32_s3
    0 bytes stack frame, 0 bytes spill stores, 0 bytes spill loads
ptxas info    : Used 148 registers, used 1 barriers, 408 bytes cmem[0]
ptxas info    : Compile time = 94.155 ms
ptxas info    : Compiling entry function 'gemm_bi_nn_tf32_v1_m128n64_bk32_s2' for 'sm_89'
ptxas info    : Function properties for gemm_bi_nn_tf32_v1_m128n64_bk32_s2
    0 bytes stack frame, 0 bytes spill stores, 0 bytes spill loads
ptxas info    : Used 148 registers, used 1 barriers, 408 bytes cmem[0]
ptxas info    : Compile time = 93.740 ms
ptxas info    : Compiling entry function 'gemm_bi_f32_f32_n128_s2' for 'sm_89'
ptxas info    : Function properties for gemm_bi_f32_f32_n128_s2
    0 bytes stack frame, 0 bytes spill stores, 0 bytes spill loads
ptxas info    : Used 112 registers, used 1 barriers, 49152 bytes smem, 416 bytes cmem[0], 8 bytes cmem[2]
ptxas info    : Compile time = 116.371 ms
ptxas info    : Compiling entry function 'gemm_bi_f32_f32_s2' for 'sm_89'
ptxas info    : Function properties for gemm_bi_f32_f32_s2
    0 bytes stack frame, 0 bytes spill stores, 0 bytes spill loads
ptxas info    : Used 135 registers, used 1 barriers, 32768 bytes smem, 416 bytes cmem[0], 8 bytes cmem[2]
ptxas info    : Compile time = 160.561 ms
ptxas info    : Compiling entry function 'adamw_step_multi_f16' for 'sm_89'
ptxas info    : Function properties for adamw_step_multi_f16
    0 bytes stack frame, 0 bytes spill stores, 0 bytes spill loads
ptxas info    : Used 36 registers, used 0 barriers, 384 bytes cmem[0]
ptxas info    : Compile time = 11.394 ms
ptxas info    : Compiling entry function 'adamw_step_multi_bf16' for 'sm_89'
ptxas info    : Function properties for adamw_step_multi_bf16
    0 bytes stack frame, 0 bytes spill stores, 0 bytes spill loads
ptxas info    : Used 36 registers, used 0 barriers, 384 bytes cmem[0]
ptxas info    : Compile time = 11.160 ms
ptxas info    : Compiling entry function 'adamw_step_multi_f32' for 'sm_89'
ptxas info    : Function properties for adamw_step_multi_f32
    0 bytes stack frame, 0 bytes spill stores, 0 bytes spill loads
ptxas info    : Used 36 registers, used 0 barriers, 384 bytes cmem[0]
ptxas info    : Compile time = 9.175 ms
ptxas info    : Compiling entry function 'adamw_step_f32' for 'sm_89'
ptxas info    : Function properties for adamw_step_f32
    0 bytes stack frame, 0 bytes spill stores, 0 bytes spill loads
ptxas info    : Used 29 registers, used 0 barriers, 416 bytes cmem[0]
ptxas info    : Compile time = 13.481 ms
ptxas info    : Compiling entry function 'adamw_step_f32_capturable' for 'sm_89'
ptxas info    : Function properties for adamw_step_f32_capturable
    0 bytes stack frame, 0 bytes spill stores, 0 bytes spill loads
ptxas info    : Used 32 registers, used 0 barriers, 420 bytes cmem[0]
ptxas info    : Compile time = 14.097 ms
ptxas info    : Compiling entry function 'grad_region_scale_dev_f32' for 'sm_89'
ptxas info    : Function properties for grad_region_scale_dev_f32
    0 bytes stack frame, 0 bytes spill stores, 0 bytes spill loads
ptxas info    : Used 32 registers, used 0 barriers, 400 bytes cmem[0]
ptxas info    : Compile time = 14.518 ms
ptxas info    : Compiling entry function 'grad_region_sumsq_partial_f32' for 'sm_89'
ptxas info    : Function properties for grad_region_sumsq_partial_f32
    0 bytes stack frame, 0 bytes spill stores, 0 bytes spill loads
ptxas info    : Used 33 registers, used 1 barriers, 2048 bytes smem, 400 bytes cmem[0]
ptxas info    : Compile time = 17.559 ms
ptxas info    : Compiling entry function 'grad_clip_coef_f32' for 'sm_89'
ptxas info    : Function properties for grad_clip_coef_f32
    0 bytes stack frame, 0 bytes spill stores, 0 bytes spill loads
ptxas info    : Used 38 registers, used 0 barriers, 384 bytes cmem[0], 8 bytes cmem[2]
ptxas info    : Compile time = 11.731 ms
ptxas info    : Compiling entry function 'grad_sumsq_partial_f32' for 'sm_89'
ptxas info    : Function properties for grad_sumsq_partial_f32
    0 bytes stack frame, 0 bytes spill stores, 0 bytes spill loads
ptxas info    : Used 34 registers, used 1 barriers, 2048 bytes smem, 372 bytes cmem[0]
ptxas info    : Compile time = 6.517 ms
ptxas info    : Compiling entry function 'scale_grads_skip_f32' for 'sm_89'
ptxas info    : Function properties for scale_grads_skip_f32
    0 bytes stack frame, 0 bytes spill stores, 0 bytes spill loads
ptxas info    : Used 22 registers, used 0 barriers, 380 bytes cmem[0]
ptxas info    : Compile time = 3.955 ms
ptxas info    : Compiling entry function 'scale_grads_dev_f32' for 'sm_89'
ptxas info    : Function properties for scale_grads_dev_f32
    0 bytes stack frame, 0 bytes spill stores, 0 bytes spill loads
ptxas info    : Used 22 registers, used 0 barriers, 372 bytes cmem[0]
ptxas info    : Compile time = 2.743 ms
ptxas info    : Compiling entry function 'scale_grads_f32' for 'sm_89'
ptxas info    : Function properties for scale_grads_f32
    0 bytes stack frame, 0 bytes spill stores, 0 bytes spill loads
ptxas info    : Used 22 registers, used 0 barriers, 368 bytes cmem[0]
ptxas info    : Compile time = 2.474 ms
ptxas info    : Compiling entry function 'check_inf_nan_f32' for 'sm_89'
ptxas info    : Function properties for check_inf_nan_f32
    0 bytes stack frame, 0 bytes spill stores, 0 bytes spill loads
ptxas info    : Used 10 registers, used 0 barriers, 372 bytes cmem[0]
ptxas info    : Compile time = 1.701 ms
ptxas info    : Compiling entry function 'reduce_bias_f16' for 'sm_89'
ptxas info    : Function properties for reduce_bias_f16
    0 bytes stack frame, 0 bytes spill stores, 0 bytes spill loads
ptxas info    : Used 10 registers, used 1 barriers, 376 bytes cmem[0]
ptxas info    : Compile time = 2.212 ms
ptxas info    : Compiling entry function 'reduce_bias_bf16' for 'sm_89'
ptxas info    : Function properties for reduce_bias_bf16
    0 bytes stack frame, 0 bytes spill stores, 0 bytes spill loads
ptxas info    : Used 10 registers, used 1 barriers, 376 bytes cmem[0]
ptxas info    : Compile time = 2.203 ms
ptxas info    : Compiling entry function 'reduce_bias_f32' for 'sm_89'
ptxas info    : Function properties for reduce_bias_f32
    0 bytes stack frame, 0 bytes spill stores, 0 bytes spill loads
ptxas info    : Used 10 registers, used 1 barriers, 376 bytes cmem[0]
ptxas info    : Compile time = 2.155 ms
ptxas info    : Compiling entry function 'pack_xdbl_cols_f16' for 'sm_89'
ptxas info    : Function properties for pack_xdbl_cols_f16
    0 bytes stack frame, 0 bytes spill stores, 0 bytes spill loads
ptxas info    : Used 14 registers, used 0 barriers, 396 bytes cmem[0]
ptxas info    : Compile time = 2.305 ms
ptxas info    : Compiling entry function 'pack_xdbl_cols_bf16' for 'sm_89'
ptxas info    : Function properties for pack_xdbl_cols_bf16
    0 bytes stack frame, 0 bytes spill stores, 0 bytes spill loads
ptxas info    : Used 14 registers, used 0 barriers, 396 bytes cmem[0]
ptxas info    : Compile time = 2.298 ms
ptxas info    : Compiling entry function 'pack_xdbl_cols_f32' for 'sm_89'
ptxas info    : Function properties for pack_xdbl_cols_f32
    0 bytes stack frame, 0 bytes spill stores, 0 bytes spill loads
ptxas info    : Used 14 registers, used 0 barriers, 396 bytes cmem[0]
ptxas info    : Compile time = 2.135 ms
ptxas info    : Compiling entry function 'scatter_add_cols_f16' for 'sm_89'
ptxas info    : Function properties for scatter_add_cols_f16
    0 bytes stack frame, 0 bytes spill stores, 0 bytes spill loads
ptxas info    : Used 10 registers, used 0 barriers, 384 bytes cmem[0]
ptxas info    : Compile time = 1.805 ms
ptxas info    : Compiling entry function 'scatter_add_cols_bf16' for 'sm_89'
ptxas info    : Function properties for scatter_add_cols_bf16
    0 bytes stack frame, 0 bytes spill stores, 0 bytes spill loads
ptxas info    : Used 10 registers, used 0 barriers, 384 bytes cmem[0]
ptxas info    : Compile time = 1.810 ms
ptxas info    : Compiling entry function 'scatter_add_cols_f32' for 'sm_89'
ptxas info    : Function properties for scatter_add_cols_f32
    0 bytes stack frame, 0 bytes spill stores, 0 bytes spill loads
ptxas info    : Used 10 registers, used 0 barriers, 384 bytes cmem[0]
ptxas info    : Compile time = 1.718 ms
ptxas info    : Compiling entry function 'concat_halves_f16' for 'sm_89'
ptxas info    : Function properties for concat_halves_f16
    0 bytes stack frame, 0 bytes spill stores, 0 bytes spill loads
ptxas info    : Used 16 registers, used 0 barriers, 384 bytes cmem[0]
ptxas info    : Compile time = 1.781 ms
ptxas info    : Compiling entry function 'concat_halves_bf16' for 'sm_89'
ptxas info    : Function properties for concat_halves_bf16
    0 bytes stack frame, 0 bytes spill stores, 0 bytes spill loads
ptxas info    : Used 16 registers, used 0 barriers, 384 bytes cmem[0]
ptxas info    : Compile time = 1.766 ms
ptxas info    : Compiling entry function 'concat_halves_f32' for 'sm_89'
ptxas info    : Function properties for concat_halves_f32
    0 bytes stack frame, 0 bytes spill stores, 0 bytes spill loads
ptxas info    : Used 16 registers, used 0 barriers, 384 bytes cmem[0]
ptxas info    : Compile time = 1.788 ms
ptxas info    : Compiling entry function 'vec_cast_zplus_f16' for 'sm_89'
ptxas info    : Function properties for vec_cast_zplus_f16
    0 bytes stack frame, 0 bytes spill stores, 0 bytes spill loads
ptxas info    : Used 8 registers, used 0 barriers, 372 bytes cmem[0]
ptxas info    : Compile time = 0.887 ms
ptxas info    : Compiling entry function 'vec_cast_zplus_bf16' for 'sm_89'
ptxas info    : Function properties for vec_cast_zplus_bf16
    0 bytes stack frame, 0 bytes spill stores, 0 bytes spill loads
ptxas info    : Used 8 registers, used 0 barriers, 372 bytes cmem[0]
ptxas info    : Compile time = 0.879 ms
ptxas info    : Compiling entry function 'vec_cast_zplus_f32' for 'sm_89'
ptxas info    : Function properties for vec_cast_zplus_f32
    0 bytes stack frame, 0 bytes spill stores, 0 bytes spill loads
ptxas info    : Used 10 registers, used 0 barriers, 372 bytes cmem[0]
ptxas info    : Compile time = 0.823 ms
ptxas info    : Compiling entry function 'vec_add_inplace_f16' for 'sm_89'
ptxas info    : Function properties for vec_add_inplace_f16
    0 bytes stack frame, 0 bytes spill stores, 0 bytes spill loads
ptxas info    : Used 8 registers, used 0 barriers, 372 bytes cmem[0]
ptxas info    : Compile time = 0.920 ms
ptxas info    : Compiling entry function 'vec_add_inplace_bf16' for 'sm_89'
ptxas info    : Function properties for vec_add_inplace_bf16
    0 bytes stack frame, 0 bytes spill stores, 0 bytes spill loads
ptxas info    : Used 8 registers, used 0 barriers, 372 bytes cmem[0]
ptxas info    : Compile time = 0.931 ms
ptxas info    : Compiling entry function 'vec_add_inplace_f32' for 'sm_89'
ptxas info    : Function properties for vec_add_inplace_f32
    0 bytes stack frame, 0 bytes spill stores, 0 bytes spill loads
ptxas info    : Used 10 registers, used 0 barriers, 372 bytes cmem[0]
ptxas info    : Compile time = 0.843 ms
ptxas info    : Compiling entry function 'softplus_copy_f16' for 'sm_89'
ptxas info    : Function properties for softplus_copy_f16
    0 bytes stack frame, 0 bytes spill stores, 0 bytes spill loads
ptxas info    : Used 14 registers, used 0 barriers, 372 bytes cmem[0]
ptxas info    : Compile time = 1.887 ms
ptxas info    : Compiling entry function 'softplus_copy_bf16' for 'sm_89'
ptxas info    : Function properties for softplus_copy_bf16
    0 bytes stack frame, 0 bytes spill stores, 0 bytes spill loads
ptxas info    : Used 14 registers, used 0 barriers, 372 bytes cmem[0]
ptxas info    : Compile time = 1.885 ms
ptxas info    : Compiling entry function 'softplus_copy_f32' for 'sm_89'
ptxas info    : Function properties for softplus_copy_f32
    0 bytes stack frame, 0 bytes spill stores, 0 bytes spill loads
ptxas info    : Used 14 registers, used 0 barriers, 372 bytes cmem[0]
ptxas info    : Compile time = 1.939 ms
ptxas info    : Compiling entry function 'softplus_copy_v_f16' for 'sm_89'
ptxas info    : Function properties for softplus_copy_v_f16
    0 bytes stack frame, 0 bytes spill stores, 0 bytes spill loads
ptxas info    : Used 20 registers, used 0 barriers, 372 bytes cmem[0]
ptxas info    : Compile time = 6.420 ms
ptxas info    : Compiling entry function 'softplus_copy_v_bf16' for 'sm_89'
ptxas info    : Function properties for softplus_copy_v_bf16
    0 bytes stack frame, 0 bytes spill stores, 0 bytes spill loads
ptxas info    : Used 20 registers, used 0 barriers, 372 bytes cmem[0]
ptxas info    : Compile time = 6.384 ms
ptxas info    : Compiling entry function 'softplus_copy_v_f32' for 'sm_89'
ptxas info    : Function properties for softplus_copy_v_f32
    0 bytes stack frame, 0 bytes spill stores, 0 bytes spill loads
ptxas info    : Used 16 registers, used 0 barriers, 372 bytes cmem[0]
ptxas info    : Compile time = 3.757 ms
ptxas info    : Compiling entry function 'elementwise_mul_v_f16' for 'sm_89'
ptxas info    : Function properties for elementwise_mul_v_f16
    0 bytes stack frame, 0 bytes spill stores, 0 bytes spill loads
ptxas info    : Used 26 registers, used 0 barriers, 380 bytes cmem[0]
ptxas info    : Compile time = 1.531 ms
ptxas info    : Compiling entry function 'elementwise_mul_v_bf16' for 'sm_89'
ptxas info    : Function properties for elementwise_mul_v_bf16
    0 bytes stack frame, 0 bytes spill stores, 0 bytes spill loads
ptxas info    : Used 26 registers, used 0 barriers, 380 bytes cmem[0]
ptxas info    : Compile time = 1.505 ms
ptxas info    : Compiling entry function 'elementwise_mul_v_f32' for 'sm_89'
ptxas info    : Function properties for elementwise_mul_v_f32
    0 bytes stack frame, 0 bytes spill stores, 0 bytes spill loads
ptxas info    : Used 18 registers, used 0 barriers, 380 bytes cmem[0]
ptxas info    : Compile time = 1.036 ms
ptxas info    : Compiling entry function 'gate_mul_silu_v_f16' for 'sm_89'
ptxas info    : Function properties for gate_mul_silu_v_f16
    0 bytes stack frame, 0 bytes spill stores, 0 bytes spill loads
ptxas info    : Used 23 registers, used 0 barriers, 380 bytes cmem[0]
ptxas info    : Compile time = 9.043 ms
ptxas info    : Compiling entry function 'gate_mul_silu_v_bf16' for 'sm_89'
ptxas info    : Function properties for gate_mul_silu_v_bf16
    0 bytes stack frame, 0 bytes spill stores, 0 bytes spill loads
ptxas info    : Used 23 registers, used 0 barriers, 380 bytes cmem[0]
ptxas info    : Compile time = 9.864 ms
ptxas info    : Compiling entry function 'gate_mul_silu_v_f32' for 'sm_89'
ptxas info    : Function properties for gate_mul_silu_v_f32
    0 bytes stack frame, 0 bytes spill stores, 0 bytes spill loads
ptxas info    : Used 24 registers, used 0 barriers, 380 bytes cmem[0]
ptxas info    : Compile time = 7.112 ms
ptxas info    : Compiling entry function 'gate_mul_silu_f16' for 'sm_89'
ptxas info    : Function properties for gate_mul_silu_f16
    0 bytes stack frame, 0 bytes spill stores, 0 bytes spill loads
ptxas info    : Used 16 registers, used 0 barriers, 380 bytes cmem[0]
ptxas info    : Compile time = 4.978 ms
ptxas info    : Compiling entry function 'gate_mul_silu_bf16' for 'sm_89'
ptxas info    : Function properties for gate_mul_silu_bf16
    0 bytes stack frame, 0 bytes spill stores, 0 bytes spill loads
ptxas info    : Used 16 registers, used 0 barriers, 380 bytes cmem[0]
ptxas info    : Compile time = 5.009 ms
ptxas info    : Compiling entry function 'gate_mul_silu_f32' for 'sm_89'
ptxas info    : Function properties for gate_mul_silu_f32
    0 bytes stack frame, 0 bytes spill stores, 0 bytes spill loads
ptxas info    : Used 16 registers, used 0 barriers, 380 bytes cmem[0]
ptxas info    : Compile time = 4.812 ms
ptxas info    : Compiling entry function 'split_gate_f16' for 'sm_89'
ptxas info    : Function properties for split_gate_f16
    0 bytes stack frame, 0 bytes spill stores, 0 bytes spill loads
ptxas info    : Used 12 registers, used 0 barriers, 384 bytes cmem[0]
ptxas info    : Compile time = 1.875 ms
ptxas info    : Compiling entry function 'split_gate_bf16' for 'sm_89'
ptxas info    : Function properties for split_gate_bf16
    0 bytes stack frame, 0 bytes spill stores, 0 bytes spill loads
ptxas info    : Used 12 registers, used 0 barriers, 384 bytes cmem[0]
ptxas info    : Compile time = 1.875 ms
ptxas info    : Compiling entry function 'split_gate_f32' for 'sm_89'
ptxas info    : Function properties for split_gate_f32
    0 bytes stack frame, 0 bytes spill stores, 0 bytes spill loads
ptxas info    : Used 12 registers, used 0 barriers, 384 bytes cmem[0]
ptxas info    : Compile time = 1.863 ms
ptxas info    : Compiling entry function 'split_gate_silu_f16' for 'sm_89'
ptxas info    : Function properties for split_gate_silu_f16
    0 bytes stack frame, 0 bytes spill stores, 0 bytes spill loads
ptxas info    : Used 18 registers, used 0 barriers, 392 bytes cmem[0]
ptxas info    : Compile time = 6.185 ms
ptxas info    : Compiling entry function 'split_gate_silu_bf16' for 'sm_89'
ptxas info    : Function properties for split_gate_silu_bf16
    0 bytes stack frame, 0 bytes spill stores, 0 bytes spill loads
ptxas info    : Used 18 registers, used 0 barriers, 392 bytes cmem[0]
ptxas info    : Compile time = 6.185 ms
ptxas info    : Compiling entry function 'split_gate_silu_f32' for 'sm_89'
ptxas info    : Function properties for split_gate_silu_f32
    0 bytes stack frame, 0 bytes spill stores, 0 bytes spill loads
ptxas info    : Used 18 registers, used 0 barriers, 392 bytes cmem[0]
ptxas info    : Compile time = 6.012 ms
ptxas info    : Compiling entry function 'gather_bc_cols_tmajor_tiled_f16' for 'sm_89'
ptxas info    : Function properties for gather_bc_cols_tmajor_tiled_f16
    0 bytes stack frame, 0 bytes spill stores, 0 bytes spill loads
ptxas info    : Used 21 registers, used 1 barriers, 396 bytes cmem[0]
ptxas info    : Compile time = 3.866 ms
ptxas info    : Compiling entry function 'gather_bc_cols_tmajor_tiled_bf16' for 'sm_89'
ptxas info    : Function properties for gather_bc_cols_tmajor_tiled_bf16
    0 bytes stack frame, 0 bytes spill stores, 0 bytes spill loads
ptxas info    : Used 21 registers, used 1 barriers, 396 bytes cmem[0]
ptxas info    : Compile time = 3.859 ms
ptxas info    : Compiling entry function 'gather_bc_cols_tmajor_tiled_f32' for 'sm_89'
ptxas info    : Function properties for gather_bc_cols_tmajor_tiled_f32
    0 bytes stack frame, 0 bytes spill stores, 0 bytes spill loads
ptxas info    : Used 21 registers, used 1 barriers, 396 bytes cmem[0]
ptxas info    : Compile time = 3.641 ms
ptxas info    : Compiling entry function 'gather_bc_cols_tmajor_f16' for 'sm_89'
ptxas info    : Function properties for gather_bc_cols_tmajor_f16
    0 bytes stack frame, 0 bytes spill stores, 0 bytes spill loads
ptxas info    : Used 16 registers, used 0 barriers, 400 bytes cmem[0]
ptxas info    : Compile time = 2.565 ms
ptxas info    : Compiling entry function 'gather_bc_cols_tmajor_bf16' for 'sm_89'
ptxas info    : Function properties for gather_bc_cols_tmajor_bf16
    0 bytes stack frame, 0 bytes spill stores, 0 bytes spill loads
ptxas info    : Used 16 registers, used 0 barriers, 400 bytes cmem[0]
ptxas info    : Compile time = 2.555 ms
ptxas info    : Compiling entry function 'gather_bc_cols_tmajor_f32' for 'sm_89'
ptxas info    : Function properties for gather_bc_cols_tmajor_f32
    0 bytes stack frame, 0 bytes spill stores, 0 bytes spill loads
ptxas info    : Used 18 registers, used 0 barriers, 400 bytes cmem[0]
ptxas info    : Compile time = 2.553 ms
ptxas info    : Compiling entry function 'gather_bc_cols_f16' for 'sm_89'
ptxas info    : Function properties for gather_bc_cols_f16
    0 bytes stack frame, 0 bytes spill stores, 0 bytes spill loads
ptxas info    : Used 12 registers, used 0 barriers, 396 bytes cmem[0]
ptxas info    : Compile time = 1.954 ms
ptxas info    : Compiling entry function 'gather_bc_cols_bf16' for 'sm_89'
ptxas info    : Function properties for gather_bc_cols_bf16
    0 bytes stack frame, 0 bytes spill stores, 0 bytes spill loads
ptxas info    : Used 12 registers, used 0 barriers, 396 bytes cmem[0]
ptxas info    : Compile time = 1.877 ms
ptxas info    : Compiling entry function 'gather_bc_cols_f32' for 'sm_89'
ptxas info    : Function properties for gather_bc_cols_f32
    0 bytes stack frame, 0 bytes spill stores, 0 bytes spill loads
ptxas info    : Used 12 registers, used 0 barriers, 396 bytes cmem[0]
ptxas info    : Compile time = 2.066 ms
ptxas info    : Compiling entry function 'gather_cols_f16' for 'sm_89'
ptxas info    : Function properties for gather_cols_f16
    0 bytes stack frame, 0 bytes spill stores, 0 bytes spill loads
ptxas info    : Used 10 registers, used 0 barriers, 384 bytes cmem[0]
ptxas info    : Compile time = 1.692 ms
ptxas info    : Compiling entry function 'gather_cols_bf16' for 'sm_89'
ptxas info    : Function properties for gather_cols_bf16
    0 bytes stack frame, 0 bytes spill stores, 0 bytes spill loads
ptxas info    : Used 10 registers, used 0 barriers, 384 bytes cmem[0]
ptxas info    : Compile time = 1.693 ms
ptxas info    : Compiling entry function 'gather_cols_f32' for 'sm_89'
ptxas info    : Function properties for gather_cols_f32
    0 bytes stack frame, 0 bytes spill stores, 0 bytes spill loads
ptxas info    : Used 10 registers, used 0 barriers, 384 bytes cmem[0]
ptxas info    : Compile time = 1.703 ms
ptxas info    : Compiling entry function 'residual_add_f32_f16' for 'sm_89'
ptxas info    : Function properties for residual_add_f32_f16
    0 bytes stack frame, 0 bytes spill stores, 0 bytes spill loads
ptxas info    : Used 12 registers, used 0 barriers, 380 bytes cmem[0]
ptxas info    : Compile time = 0.927 ms
ptxas info    : Compiling entry function 'residual_add_f32_bf16' for 'sm_89'
ptxas info    : Function properties for residual_add_f32_bf16
    0 bytes stack frame, 0 bytes spill stores, 0 bytes spill loads
ptxas info    : Used 12 registers, used 0 barriers, 380 bytes cmem[0]
ptxas info    : Compile time = 0.917 ms
ptxas info    : Compiling entry function 'residual_add_f16' for 'sm_89'
ptxas info    : Function properties for residual_add_f16
    0 bytes stack frame, 0 bytes spill stores, 0 bytes spill loads
ptxas info    : Used 12 registers, used 0 barriers, 380 bytes cmem[0]
ptxas info    : Compile time = 0.964 ms
ptxas info    : Compiling entry function 'residual_add_bf16' for 'sm_89'
ptxas info    : Function properties for residual_add_bf16
    0 bytes stack frame, 0 bytes spill stores, 0 bytes spill loads
ptxas info    : Used 10 registers, used 0 barriers, 380 bytes cmem[0]
ptxas info    : Compile time = 0.968 ms
ptxas info    : Compiling entry function 'residual_add_f32' for 'sm_89'
ptxas info    : Function properties for residual_add_f32
    0 bytes stack frame, 0 bytes spill stores, 0 bytes spill loads
ptxas info    : Used 12 registers, used 0 barriers, 380 bytes cmem[0]
ptxas info    : Compile time = 0.874 ms
ptxas info    : Compiling entry function 'elementwise_mul_f16' for 'sm_89'
ptxas info    : Function properties for elementwise_mul_f16
    0 bytes stack frame, 0 bytes spill stores, 0 bytes spill loads
ptxas info    : Used 12 registers, used 0 barriers, 380 bytes cmem[0]
ptxas info    : Compile time = 0.956 ms
ptxas info    : Compiling entry function 'elementwise_mul_bf16' for 'sm_89'
ptxas info    : Function properties for elementwise_mul_bf16
    0 bytes stack frame, 0 bytes spill stores, 0 bytes spill loads
ptxas info    : Used 10 registers, used 0 barriers, 380 bytes cmem[0]
ptxas info    : Compile time = 0.964 ms
ptxas info    : Compiling entry function 'elementwise_mul_f32' for 'sm_89'
ptxas info    : Function properties for elementwise_mul_f32
    0 bytes stack frame, 0 bytes spill stores, 0 bytes spill loads
ptxas info    : Used 12 registers, used 0 barriers, 380 bytes cmem[0]
ptxas info    : Compile time = 0.883 ms
ptxas info    : Compiling entry function 'bias_broadcast_f16' for 'sm_89'
ptxas info    : Function properties for bias_broadcast_f16
    0 bytes stack frame, 0 bytes spill stores, 0 bytes spill loads
ptxas info    : Used 10 registers, used 0 barriers, 376 bytes cmem[0]
ptxas info    : Compile time = 1.585 ms
ptxas info    : Compiling entry function 'bias_broadcast_bf16' for 'sm_89'
ptxas info    : Function properties for bias_broadcast_bf16
    0 bytes stack frame, 0 bytes spill stores, 0 bytes spill loads
ptxas info    : Used 10 registers, used 0 barriers, 376 bytes cmem[0]
ptxas info    : Compile time = 1.584 ms
ptxas info    : Compiling entry function 'bias_broadcast_f32' for 'sm_89'
ptxas info    : Function properties for bias_broadcast_f32
    0 bytes stack frame, 0 bytes spill stores, 0 bytes spill loads
ptxas info    : Used 10 registers, used 0 barriers, 376 bytes cmem[0]
ptxas info    : Compile time = 1.526 ms
ptxas info    : Compiling entry function 'softplus_copy' for 'sm_89'
ptxas info    : Function properties for softplus_copy
    0 bytes stack frame, 0 bytes spill stores, 0 bytes spill loads
ptxas info    : Used 14 registers, used 0 barriers, 372 bytes cmem[0]
ptxas info    : Compile time = 1.833 ms
ptxas info    : Compiling entry function 'gather_bc_cols_tmajor_tiled' for 'sm_89'
ptxas info    : Function properties for gather_bc_cols_tmajor_tiled
    0 bytes stack frame, 0 bytes spill stores, 0 bytes spill loads
ptxas info    : Used 21 registers, used 1 barriers, 396 bytes cmem[0]
ptxas info    : Compile time = 3.988 ms
ptxas info    : Compiling entry function 'gather_bc_cols_tmajor' for 'sm_89'
ptxas info    : Function properties for gather_bc_cols_tmajor
    0 bytes stack frame, 0 bytes spill stores, 0 bytes spill loads
ptxas info    : Used 18 registers, used 0 barriers, 400 bytes cmem[0]
ptxas info    : Compile time = 2.784 ms
ptxas info    : Compiling entry function 'gather_bc_cols' for 'sm_89'
ptxas info    : Function properties for gather_bc_cols
    0 bytes stack frame, 0 bytes spill stores, 0 bytes spill loads
ptxas info    : Used 12 registers, used 0 barriers, 396 bytes cmem[0]
ptxas info    : Compile time = 2.144 ms
ptxas info    : Compiling entry function 'residual_add' for 'sm_89'
ptxas info    : Function properties for residual_add
    0 bytes stack frame, 0 bytes spill stores, 0 bytes spill loads
ptxas info    : Used 12 registers, used 0 barriers, 380 bytes cmem[0]
ptxas info    : Compile time = 1.018 ms
ptxas info    : Compiling entry function 'gather_last_timestep_f16' for 'sm_89'
ptxas info    : Function properties for gather_last_timestep_f16
    0 bytes stack frame, 0 bytes spill stores, 0 bytes spill loads
ptxas info    : Used 10 registers, used 0 barriers, 380 bytes cmem[0]
ptxas info    : Compile time = 1.942 ms
ptxas info    : Compiling entry function 'gather_last_timestep_bf16' for 'sm_89'
ptxas info    : Function properties for gather_last_timestep_bf16
    0 bytes stack frame, 0 bytes spill stores, 0 bytes spill loads
ptxas info    : Used 10 registers, used 0 barriers, 380 bytes cmem[0]
ptxas info    : Compile time = 1.902 ms
ptxas info    : Compiling entry function 'gather_last_timestep_f32' for 'sm_89'
ptxas info    : Function properties for gather_last_timestep_f32
    0 bytes stack frame, 0 bytes spill stores, 0 bytes spill loads
ptxas info    : Used 10 registers, used 0 barriers, 380 bytes cmem[0]
ptxas info    : Compile time = 1.958 ms
ptxas info    : Compiling entry function 'gather_last_timestep' for 'sm_89'
ptxas info    : Function properties for gather_last_timestep
    0 bytes stack frame, 0 bytes spill stores, 0 bytes spill loads
ptxas info    : Used 10 registers, used 0 barriers, 380 bytes cmem[0]
ptxas info    : Compile time = 1.839 ms
ptxas info    : Compiling entry function 'concat_halves' for 'sm_89'
ptxas info    : Function properties for concat_halves
    0 bytes stack frame, 0 bytes spill stores, 0 bytes spill loads
ptxas info    : Used 16 registers, used 0 barriers, 384 bytes cmem[0]
ptxas info    : Compile time = 1.875 ms
ptxas info    : Compiling entry function 'gating_backward_f16' for 'sm_89'
ptxas info    : Function properties for gating_backward_f16
    0 bytes stack frame, 0 bytes spill stores, 0 bytes spill loads
ptxas info    : Used 18 registers, used 0 barriers, 408 bytes cmem[0]
ptxas info    : Compile time = 7.974 ms
ptxas info    : Compiling entry function 'gating_backward_bf16' for 'sm_89'
ptxas info    : Function properties for gating_backward_bf16
    0 bytes stack frame, 0 bytes spill stores, 0 bytes spill loads
ptxas info    : Used 18 registers, used 0 barriers, 408 bytes cmem[0]
ptxas info    : Compile time = 8.100 ms
ptxas info    : Compiling entry function 'gating_backward_f32' for 'sm_89'
ptxas info    : Function properties for gating_backward_f32
    0 bytes stack frame, 0 bytes spill stores, 0 bytes spill loads
ptxas info    : Used 20 registers, used 0 barriers, 408 bytes cmem[0]
ptxas info    : Compile time = 7.840 ms
ptxas info    : Compiling entry function 'gating_backward' for 'sm_89'
ptxas info    : Function properties for gating_backward
    0 bytes stack frame, 0 bytes spill stores, 0 bytes spill loads
ptxas info    : Used 20 registers, used 0 barriers, 408 bytes cmem[0]
ptxas info    : Compile time = 7.877 ms
ptxas info    : Compiling entry function 'gate_mul_silu' for 'sm_89'
ptxas info    : Function properties for gate_mul_silu
    0 bytes stack frame, 0 bytes spill stores, 0 bytes spill loads
ptxas info    : Used 18 registers, used 0 barriers, 380 bytes cmem[0]
ptxas info    : Compile time = 4.871 ms
ptxas info    : Compiling entry function 'split_gate' for 'sm_89'
ptxas info    : Function properties for split_gate
    0 bytes stack frame, 0 bytes spill stores, 0 bytes spill loads
ptxas info    : Used 12 registers, used 0 barriers, 384 bytes cmem[0]
ptxas info    : Compile time = 1.880 ms
ptxas info    : Compiling entry function 'split_gate_silu' for 'sm_89'
ptxas info    : Function properties for split_gate_silu
    0 bytes stack frame, 0 bytes spill stores, 0 bytes spill loads
ptxas info    : Used 18 registers, used 0 barriers, 392 bytes cmem[0]
ptxas info    : Compile time = 5.996 ms
ptxas info    : Compiling entry function 'scatter_add_cols' for 'sm_89'
ptxas info    : Function properties for scatter_add_cols
    0 bytes stack frame, 0 bytes spill stores, 0 bytes spill loads
ptxas info    : Used 10 registers, used 0 barriers, 384 bytes cmem[0]
ptxas info    : Compile time = 1.836 ms
ptxas info    : Compiling entry function 'gather_cols' for 'sm_89'
ptxas info    : Function properties for gather_cols
    0 bytes stack frame, 0 bytes spill stores, 0 bytes spill loads
ptxas info    : Used 10 registers, used 0 barriers, 384 bytes cmem[0]
ptxas info    : Compile time = 1.784 ms
ptxas info    : Compiling entry function 'exp_negate2' for 'sm_89'
ptxas info    : Function properties for exp_negate2
    0 bytes stack frame, 0 bytes spill stores, 0 bytes spill loads
ptxas info    : Used 14 registers, used 0 barriers, 380 bytes cmem[0]
ptxas info    : Compile time = 1.099 ms
ptxas info    : Compiling entry function 'exp_negate' for 'sm_89'
ptxas info    : Function properties for exp_negate
    0 bytes stack frame, 0 bytes spill stores, 0 bytes spill loads
ptxas info    : Used 10 registers, used 0 barriers, 372 bytes cmem[0]
ptxas info    : Compile time = 1.030 ms
ptxas info    : Compiling entry function 'elementwise_mul' for 'sm_89'
ptxas info    : Function properties for elementwise_mul
    0 bytes stack frame, 0 bytes spill stores, 0 bytes spill loads
ptxas info    : Used 12 registers, used 0 barriers, 380 bytes cmem[0]
ptxas info    : Compile time = 0.932 ms
ptxas info    : Compiling entry function 'vec_add_inplace' for 'sm_89'
ptxas info    : Function properties for vec_add_inplace
    0 bytes stack frame, 0 bytes spill stores, 0 bytes spill loads
ptxas info    : Used 10 registers, used 0 barriers, 372 bytes cmem[0]
ptxas info    : Compile time = 0.902 ms
ptxas info    : Compiling entry function 'fill_scalar' for 'sm_89'
ptxas info    : Function properties for fill_scalar
    0 bytes stack frame, 0 bytes spill stores, 0 bytes spill loads
ptxas info    : Used 8 registers, used 0 barriers, 368 bytes cmem[0]
ptxas info    : Compile time = 0.773 ms
ptxas info    : Compiling entry function 'reduce_sum_axis0' for 'sm_89'
ptxas info    : Function properties for reduce_sum_axis0
    0 bytes stack frame, 0 bytes spill stores, 0 bytes spill loads
ptxas info    : Used 12 registers, used 1 barriers, 380 bytes cmem[0]
ptxas info    : Compile time = 2.486 ms
ptxas info    : Compiling entry function 'colsum_segments' for 'sm_89'
ptxas info    : Function properties for colsum_segments
    0 bytes stack frame, 0 bytes spill stores, 0 bytes spill loads
ptxas info    : Used 40 registers, used 0 barriers, 380 bytes cmem[0]
ptxas info    : Compile time = 6.508 ms
ptxas info    : Compiling entry function 'colsum_accumulate' for 'sm_89'
ptxas info    : Function properties for colsum_accumulate
    0 bytes stack frame, 0 bytes spill stores, 0 bytes spill loads
ptxas info    : Used 40 registers, used 0 barriers, 376 bytes cmem[0]
ptxas info    : Compile time = 4.398 ms
ptxas info    : Compiling entry function 'bias_broadcast' for 'sm_89'
ptxas info    : Function properties for bias_broadcast
    0 bytes stack frame, 0 bytes spill stores, 0 bytes spill loads
ptxas info    : Used 10 registers, used 0 barriers, 376 bytes cmem[0]
ptxas info    : Compile time = 1.769 ms
ptxas info    : Compiling entry function 'cast_f16_to_f32' for 'sm_89'
ptxas info    : Function properties for cast_f16_to_f32
    0 bytes stack frame, 0 bytes spill stores, 0 bytes spill loads
ptxas info    : Used 10 registers, used 0 barriers, 372 bytes cmem[0]
ptxas info    : Compile time = 0.992 ms
ptxas info    : Compiling entry function 'cast_bf16_to_f32' for 'sm_89'
ptxas info    : Function properties for cast_bf16_to_f32
    0 bytes stack frame, 0 bytes spill stores, 0 bytes spill loads
ptxas info    : Used 8 registers, used 0 barriers, 372 bytes cmem[0]
ptxas info    : Compile time = 0.969 ms
ptxas info    : Compiling entry function 'cast_f32_to_f16' for 'sm_89'
ptxas info    : Function properties for cast_f32_to_f16
    0 bytes stack frame, 0 bytes spill stores, 0 bytes spill loads
ptxas info    : Used 8 registers, used 0 barriers, 372 bytes cmem[0]
ptxas info    : Compile time = 0.986 ms
ptxas info    : Compiling entry function 'cast_f32_to_bf16' for 'sm_89'
ptxas info    : Function properties for cast_f32_to_bf16
    0 bytes stack frame, 0 bytes spill stores, 0 bytes spill loads
ptxas info    : Used 8 registers, used 0 barriers, 372 bytes cmem[0]
ptxas info    : Compile time = 0.981 ms
ptxas info    : Compiling entry function 'rmsnorm_backward_f32in_f16' for 'sm_89'
ptxas info    : Function properties for rmsnorm_backward_f32in_f16
    0 bytes stack frame, 0 bytes spill stores, 0 bytes spill loads
ptxas info    : Used 24 registers, used 1 barriers, 424 bytes cmem[0]
ptxas info    : Compile time = 14.858 ms
ptxas info    : Compiling entry function 'rmsnorm_backward_f32in_bf16' for 'sm_89'
ptxas info    : Function properties for rmsnorm_backward_f32in_bf16
    0 bytes stack frame, 0 bytes spill stores, 0 bytes spill loads
ptxas info    : Used 22 registers, used 1 barriers, 424 bytes cmem[0]
ptxas info    : Compile time = 14.751 ms
ptxas info    : Compiling entry function 'rmsnorm_backward_f16' for 'sm_89'
ptxas info    : Function properties for rmsnorm_backward_f16
    0 bytes stack frame, 0 bytes spill stores, 0 bytes spill loads
ptxas info    : Used 20 registers, used 1 barriers, 408 bytes cmem[0]
ptxas info    : Compile time = 11.840 ms
ptxas info    : Compiling entry function 'rmsnorm_backward_bf16' for 'sm_89'
ptxas info    : Function properties for rmsnorm_backward_bf16
    0 bytes stack frame, 0 bytes spill stores, 0 bytes spill loads
ptxas info    : Used 18 registers, used 1 barriers, 408 bytes cmem[0]
ptxas info    : Compile time = 11.525 ms
ptxas info    : Compiling entry function 'rmsnorm_backward_f32' for 'sm_89'
ptxas info    : Function properties for rmsnorm_backward_f32
    0 bytes stack frame, 0 bytes spill stores, 0 bytes spill loads
ptxas info    : Used 20 registers, used 1 barriers, 408 bytes cmem[0]
ptxas info    : Compile time = 11.564 ms
ptxas info    : Compiling entry function 'rmsnorm_backward' for 'sm_89'
ptxas info    : Function properties for rmsnorm_backward
    0 bytes stack frame, 0 bytes spill stores, 0 bytes spill loads
ptxas info    : Used 24 registers, used 1 barriers, 424 bytes cmem[0]
ptxas info    : Compile time = 14.108 ms
ptxas info    : Compiling entry function 'rmsnorm_forward_f32in_f16' for 'sm_89'
ptxas info    : Function properties for rmsnorm_forward_f32in_f16
    0 bytes stack frame, 0 bytes spill stores, 0 bytes spill loads
ptxas info    : Used 26 registers, used 1 barriers, 396 bytes cmem[0]
ptxas info    : Compile time = 14.490 ms
ptxas info    : Compiling entry function 'rmsnorm_forward_f32in_bf16' for 'sm_89'
ptxas info    : Function properties for rmsnorm_forward_f32in_bf16
    0 bytes stack frame, 0 bytes spill stores, 0 bytes spill loads
ptxas info    : Used 26 registers, used 1 barriers, 396 bytes cmem[0]
ptxas info    : Compile time = 15.037 ms
ptxas info    : Compiling entry function 'rmsnorm_forward_f16' for 'sm_89'
ptxas info    : Function properties for rmsnorm_forward_f16
    0 bytes stack frame, 0 bytes spill stores, 0 bytes spill loads
ptxas info    : Used 26 registers, used 1 barriers, 396 bytes cmem[0]
ptxas info    : Compile time = 16.685 ms
ptxas info    : Compiling entry function 'rmsnorm_forward_bf16' for 'sm_89'
ptxas info    : Function properties for rmsnorm_forward_bf16
    0 bytes stack frame, 0 bytes spill stores, 0 bytes spill loads
ptxas info    : Used 26 registers, used 1 barriers, 396 bytes cmem[0]
ptxas info    : Compile time = 15.636 ms
ptxas info    : Compiling entry function 'rmsnorm_forward_f32' for 'sm_89'
ptxas info    : Function properties for rmsnorm_forward_f32
    0 bytes stack frame, 0 bytes spill stores, 0 bytes spill loads
ptxas info    : Used 26 registers, used 1 barriers, 396 bytes cmem[0]
ptxas info    : Compile time = 14.992 ms
ptxas info    : Compiling entry function 'rmsnorm_forward' for 'sm_89'
ptxas info    : Function properties for rmsnorm_forward
    0 bytes stack frame, 0 bytes spill stores, 0 bytes spill loads
ptxas info    : Used 26 registers, used 1 barriers, 396 bytes cmem[0]
ptxas info    : Compile time = 14.987 ms
ptxas info    : Compiling entry function 'softplus_backward_f16' for 'sm_89'
ptxas info    : Function properties for softplus_backward_f16
    0 bytes stack frame, 0 bytes spill stores, 0 bytes spill loads
ptxas info    : Used 16 registers, used 0 barriers, 380 bytes cmem[0]
ptxas info    : Compile time = 4.936 ms
ptxas info    : Compiling entry function 'softplus_backward_bf16' for 'sm_89'
ptxas info    : Function properties for softplus_backward_bf16
    0 bytes stack frame, 0 bytes spill stores, 0 bytes spill loads
ptxas info    : Used 16 registers, used 0 barriers, 380 bytes cmem[0]
ptxas info    : Compile time = 4.976 ms
ptxas info    : Compiling entry function 'softplus_backward_f32' for 'sm_89'
ptxas info    : Function properties for softplus_backward_f32
    0 bytes stack frame, 0 bytes spill stores, 0 bytes spill loads
ptxas info    : Used 16 registers, used 0 barriers, 380 bytes cmem[0]
ptxas info    : Compile time = 4.801 ms
ptxas info    : Compiling entry function 'silu_backward_f16' for 'sm_89'
ptxas info    : Function properties for silu_backward_f16
    0 bytes stack frame, 0 bytes spill stores, 0 bytes spill loads
ptxas info    : Used 15 registers, used 0 barriers, 380 bytes cmem[0]
ptxas info    : Compile time = 3.300 ms
ptxas info    : Compiling entry function 'silu_backward_bf16' for 'sm_89'
ptxas info    : Function properties for silu_backward_bf16
    0 bytes stack frame, 0 bytes spill stores, 0 bytes spill loads
ptxas info    : Used 15 registers, used 0 barriers, 380 bytes cmem[0]
ptxas info    : Compile time = 3.300 ms
ptxas info    : Compiling entry function 'silu_backward_f32' for 'sm_89'
ptxas info    : Function properties for silu_backward_f32
    0 bytes stack frame, 0 bytes spill stores, 0 bytes spill loads
ptxas info    : Used 15 registers, used 0 barriers, 380 bytes cmem[0]
ptxas info    : Compile time = 3.203 ms
ptxas info    : Compiling entry function 'softplus_backward' for 'sm_89'
ptxas info    : Function properties for softplus_backward
    0 bytes stack frame, 0 bytes spill stores, 0 bytes spill loads
ptxas info    : Used 16 registers, used 0 barriers, 380 bytes cmem[0]
ptxas info    : Compile time = 4.796 ms
ptxas info    : Compiling entry function 'silu_backward' for 'sm_89'
ptxas info    : Function properties for silu_backward
    0 bytes stack frame, 0 bytes spill stores, 0 bytes spill loads
ptxas info    : Used 15 registers, used 0 barriers, 380 bytes cmem[0]
ptxas info    : Compile time = 3.184 ms
ptxas info    : Compiling entry function 'softplus_forward' for 'sm_89'
ptxas info    : Function properties for softplus_forward
    0 bytes stack frame, 0 bytes spill stores, 0 bytes spill loads
ptxas info    : Used 14 registers, used 0 barriers, 364 bytes cmem[0]
ptxas info    : Compile time = 1.804 ms
ptxas info    : Compiling entry function 'softplus_forward_f16' for 'sm_89'
ptxas info    : Function properties for softplus_forward_f16
    0 bytes stack frame, 0 bytes spill stores, 0 bytes spill loads
ptxas info    : Used 12 registers, used 0 barriers, 364 bytes cmem[0]
ptxas info    : Compile time = 1.890 ms
ptxas info    : Compiling entry function 'softplus_forward_bf16' for 'sm_89'
ptxas info    : Function properties for softplus_forward_bf16
    0 bytes stack frame, 0 bytes spill stores, 0 bytes spill loads
ptxas info    : Used 12 registers, used 0 barriers, 364 bytes cmem[0]
ptxas info    : Compile time = 1.880 ms
ptxas info    : Compiling entry function 'softplus_forward_f32' for 'sm_89'
ptxas info    : Function properties for softplus_forward_f32
    0 bytes stack frame, 0 bytes spill stores, 0 bytes spill loads
ptxas info    : Used 14 registers, used 0 barriers, 364 bytes cmem[0]
ptxas info    : Compile time = 1.799 ms
ptxas info    : Compiling entry function 'silu_forward' for 'sm_89'
ptxas info    : Function properties for silu_forward
    0 bytes stack frame, 0 bytes spill stores, 0 bytes spill loads
ptxas info    : Used 16 registers, used 0 barriers, 364 bytes cmem[0]
ptxas info    : Compile time = 5.069 ms
ptxas info    : Compiling entry function 'silu_forward_f16' for 'sm_89'
ptxas info    : Function properties for silu_forward_f16
    0 bytes stack frame, 0 bytes spill stores, 0 bytes spill loads
ptxas info    : Used 16 registers, used 0 barriers, 364 bytes cmem[0]
ptxas info    : Compile time = 5.231 ms
ptxas info    : Compiling entry function 'silu_forward_bf16' for 'sm_89'
ptxas info    : Function properties for silu_forward_bf16
    0 bytes stack frame, 0 bytes spill stores, 0 bytes spill loads
ptxas info    : Used 16 registers, used 0 barriers, 364 bytes cmem[0]
ptxas info    : Compile time = 5.269 ms
ptxas info    : Compiling entry function 'silu_forward_f32' for 'sm_89'
ptxas info    : Function properties for silu_forward_f32
    0 bytes stack frame, 0 bytes spill stores, 0 bytes spill loads
ptxas info    : Used 16 registers, used 0 barriers, 364 bytes cmem[0]
ptxas info    : Compile time = 5.144 ms
ptxas info    : Compiling entry function 'conv1d_bwd_dw_tiled_f16' for 'sm_89'
ptxas info    : Function properties for conv1d_bwd_dw_tiled_f16
    0 bytes stack frame, 0 bytes spill stores, 0 bytes spill loads
ptxas info    : Used 40 registers, used 0 barriers, 416 bytes cmem[0]
ptxas info    : Compile time = 20.199 ms
ptxas info    : Compiling entry function 'conv1d_bwd_dw_tiled_bf16' for 'sm_89'
ptxas info    : Function properties for conv1d_bwd_dw_tiled_bf16
    0 bytes stack frame, 0 bytes spill stores, 0 bytes spill loads
ptxas info    : Used 40 registers, used 0 barriers, 416 bytes cmem[0]
ptxas info    : Compile time = 19.492 ms
ptxas info    : Compiling entry function 'conv1d_bwd_dw_tiled_f32' for 'sm_89'
ptxas info    : Function properties for conv1d_bwd_dw_tiled_f32
    0 bytes stack frame, 0 bytes spill stores, 0 bytes spill loads
ptxas info    : Used 40 registers, used 0 barriers, 416 bytes cmem[0]
ptxas info    : Compile time = 19.063 ms
ptxas info    : Compiling entry function 'conv1d_bwd_dx_tiled_f16' for 'sm_89'
ptxas info    : Function properties for conv1d_bwd_dx_tiled_f16
    0 bytes stack frame, 0 bytes spill stores, 0 bytes spill loads
ptxas info    : Used 40 registers, used 0 barriers, 408 bytes cmem[0]
ptxas info    : Compile time = 39.134 ms
ptxas info    : Compiling entry function 'conv1d_bwd_dx_tiled_bf16' for 'sm_89'
ptxas info    : Function properties for conv1d_bwd_dx_tiled_bf16
    0 bytes stack frame, 0 bytes spill stores, 0 bytes spill loads
ptxas info    : Used 40 registers, used 0 barriers, 408 bytes cmem[0]
ptxas info    : Compile time = 38.316 ms
ptxas info    : Compiling entry function 'conv1d_bwd_dx_tiled_f32' for 'sm_89'
ptxas info    : Function properties for conv1d_bwd_dx_tiled_f32
    0 bytes stack frame, 0 bytes spill stores, 0 bytes spill loads
ptxas info    : Used 40 registers, used 0 barriers, 408 bytes cmem[0]
ptxas info    : Compile time = 36.816 ms
ptxas info    : Compiling entry function 'conv1d_burnin_forward_nosave_tiled_f16' for 'sm_89'
ptxas info    : Function properties for conv1d_burnin_forward_nosave_tiled_f16
    32 bytes stack frame, 0 bytes spill stores, 0 bytes spill loads
ptxas info    : Used 40 registers, used 0 barriers, 32 bytes cumulative stack size, 412 bytes cmem[0]
ptxas info    : Compile time = 38.347 ms
ptxas info    : Compiling entry function 'conv1d_burnin_forward_nosave_tiled_bf16' for 'sm_89'
ptxas info    : Function properties for conv1d_burnin_forward_nosave_tiled_bf16
    32 bytes stack frame, 0 bytes spill stores, 0 bytes spill loads
ptxas info    : Used 40 registers, used 0 barriers, 32 bytes cumulative stack size, 412 bytes cmem[0]
ptxas info    : Compile time = 39.617 ms
ptxas info    : Compiling entry function 'conv1d_burnin_forward_nosave_tiled_f32' for 'sm_89'
ptxas info    : Function properties for conv1d_burnin_forward_nosave_tiled_f32
    32 bytes stack frame, 0 bytes spill stores, 0 bytes spill loads
ptxas info    : Used 40 registers, used 0 barriers, 32 bytes cumulative stack size, 412 bytes cmem[0]
ptxas info    : Compile time = 37.302 ms
ptxas info    : Compiling entry function 'conv1d_burnin_forward_tiled_f16' for 'sm_89'
ptxas info    : Function properties for conv1d_burnin_forward_tiled_f16
    32 bytes stack frame, 0 bytes spill stores, 0 bytes spill loads
ptxas info    : Used 40 registers, used 0 barriers, 32 bytes cumulative stack size, 424 bytes cmem[0]
ptxas info    : Compile time = 40.125 ms
ptxas info    : Compiling entry function 'conv1d_burnin_forward_tiled_bf16' for 'sm_89'
ptxas info    : Function properties for conv1d_burnin_forward_tiled_bf16
    32 bytes stack frame, 0 bytes spill stores, 0 bytes spill loads
ptxas info    : Used 40 registers, used 0 barriers, 32 bytes cumulative stack size, 424 bytes cmem[0]
ptxas info    : Compile time = 43.671 ms
ptxas info    : Compiling entry function 'conv1d_burnin_forward_tiled_f32' for 'sm_89'
ptxas info    : Function properties for conv1d_burnin_forward_tiled_f32
    32 bytes stack frame, 0 bytes spill stores, 0 bytes spill loads
ptxas info    : Used 40 registers, used 0 barriers, 32 bytes cumulative stack size, 424 bytes cmem[0]
ptxas info    : Compile time = 37.458 ms
ptxas info    : Compiling entry function 'conv1d_burnin_backward_f16' for 'sm_89'
ptxas info    : Function properties for conv1d_burnin_backward_f16
    0 bytes stack frame, 0 bytes spill stores, 0 bytes spill loads
ptxas info    : Used 56 registers, used 0 barriers, 424 bytes cmem[0], 8 bytes cmem[2]
ptxas info    : Compile time = 51.136 ms
ptxas info    : Compiling entry function 'conv1d_burnin_backward_bf16' for 'sm_89'
ptxas info    : Function properties for conv1d_burnin_backward_bf16
    0 bytes stack frame, 0 bytes spill stores, 0 bytes spill loads
ptxas info    : Used 56 registers, used 0 barriers, 424 bytes cmem[0], 8 bytes cmem[2]
ptxas info    : Compile time = 53.245 ms
ptxas info    : Compiling entry function 'conv1d_burnin_backward_f32' for 'sm_89'
ptxas info    : Function properties for conv1d_burnin_backward_f32
    0 bytes stack frame, 0 bytes spill stores, 0 bytes spill loads
ptxas info    : Used 55 registers, used 0 barriers, 424 bytes cmem[0], 8 bytes cmem[2]
ptxas info    : Compile time = 48.858 ms
ptxas info    : Compiling entry function 'conv1d_burnin_backward' for 'sm_89'
ptxas info    : Function properties for conv1d_burnin_backward
    0 bytes stack frame, 0 bytes spill stores, 0 bytes spill loads
ptxas info    : Used 55 registers, used 0 barriers, 424 bytes cmem[0], 8 bytes cmem[2]
ptxas info    : Compile time = 50.658 ms
ptxas info    : Compiling entry function 'conv1d_burnin_forward_f16' for 'sm_89'
ptxas info    : Function properties for conv1d_burnin_forward_f16
    32 bytes stack frame, 0 bytes spill stores, 0 bytes spill loads
ptxas info    : Used 44 registers, used 0 barriers, 32 bytes cumulative stack size, 424 bytes cmem[0]
ptxas info    : Compile time = 41.260 ms
ptxas info    : Compiling entry function 'conv1d_burnin_forward_bf16' for 'sm_89'
ptxas info    : Function properties for conv1d_burnin_forward_bf16
    32 bytes stack frame, 0 bytes spill stores, 0 bytes spill loads
ptxas info    : Used 44 registers, used 0 barriers, 32 bytes cumulative stack size, 424 bytes cmem[0]
ptxas info    : Compile time = 40.830 ms
ptxas info    : Compiling entry function 'conv1d_burnin_forward_f32' for 'sm_89'
ptxas info    : Function properties for conv1d_burnin_forward_f32
    32 bytes stack frame, 0 bytes spill stores, 0 bytes spill loads
ptxas info    : Used 44 registers, used 0 barriers, 32 bytes cumulative stack size, 424 bytes cmem[0]
ptxas info    : Compile time = 38.809 ms
ptxas info    : Compiling entry function 'conv1d_burnin_forward_nosave_f16' for 'sm_89'
ptxas info    : Function properties for conv1d_burnin_forward_nosave_f16
    0 bytes stack frame, 0 bytes spill stores, 0 bytes spill loads
ptxas info    : Used 40 registers, used 0 barriers, 408 bytes cmem[0]
ptxas info    : Compile time = 34.907 ms
ptxas info    : Compiling entry function 'conv1d_burnin_forward_nosave_bf16' for 'sm_89'
ptxas info    : Function properties for conv1d_burnin_forward_nosave_bf16
    0 bytes stack frame, 0 bytes spill stores, 0 bytes spill loads
ptxas info    : Used 40 registers, used 0 barriers, 408 bytes cmem[0]
ptxas info    : Compile time = 33.556 ms
ptxas info    : Compiling entry function 'conv1d_burnin_forward_nosave_f32' for 'sm_89'
ptxas info    : Function properties for conv1d_burnin_forward_nosave_f32
    0 bytes stack frame, 0 bytes spill stores, 0 bytes spill loads
ptxas info    : Used 40 registers, used 0 barriers, 408 bytes cmem[0]
ptxas info    : Compile time = 30.571 ms
ptxas info    : Compiling entry function 'conv1d_burnin_forward_nosave' for 'sm_89'
ptxas info    : Function properties for conv1d_burnin_forward_nosave
    0 bytes stack frame, 0 bytes spill stores, 0 bytes spill loads
ptxas info    : Used 40 registers, used 0 barriers, 408 bytes cmem[0]
ptxas info    : Compile time = 32.200 ms
ptxas info    : Compiling entry function 'conv1d_burnin_forward' for 'sm_89'
ptxas info    : Function properties for conv1d_burnin_forward
    32 bytes stack frame, 0 bytes spill stores, 0 bytes spill loads
ptxas info    : Used 44 registers, used 0 barriers, 32 bytes cumulative stack size, 424 bytes cmem[0]
ptxas info    : Compile time = 34.167 ms
ptxas info    : Compiling entry function 'conv1d_step_backward' for 'sm_89'
ptxas info    : Function properties for conv1d_step_backward
    0 bytes stack frame, 0 bytes spill stores, 0 bytes spill loads
ptxas info    : Used 40 registers, used 0 barriers, 412 bytes cmem[0]
ptxas info    : Compile time = 6.011 ms
ptxas info    : Compiling entry function 'conv1d_step_forward_silu_f16' for 'sm_89'
ptxas info    : Function properties for conv1d_step_forward_silu_f16
    0 bytes stack frame, 0 bytes spill stores, 0 bytes spill loads
ptxas info    : Used 40 registers, used 0 barriers, 404 bytes cmem[0]
ptxas info    : Compile time = 15.204 ms
ptxas info    : Compiling entry function 'conv1d_step_forward_silu_bf16' for 'sm_89'
ptxas info    : Function properties for conv1d_step_forward_silu_bf16
    0 bytes stack frame, 0 bytes spill stores, 0 bytes spill loads
ptxas info    : Used 40 registers, used 0 barriers, 404 bytes cmem[0]
ptxas info    : Compile time = 16.007 ms
ptxas info    : Compiling entry function 'conv1d_step_forward_silu_f32' for 'sm_89'
ptxas info    : Function properties for conv1d_step_forward_silu_f32
    0 bytes stack frame, 0 bytes spill stores, 0 bytes spill loads
ptxas info    : Used 40 registers, used 0 barriers, 404 bytes cmem[0]
ptxas info    : Compile time = 14.856 ms
ptxas info    : Compiling entry function 'conv1d_step_forward_f16' for 'sm_89'
ptxas info    : Function properties for conv1d_step_forward_f16
    0 bytes stack frame, 0 bytes spill stores, 0 bytes spill loads
ptxas info    : Used 40 registers, used 0 barriers, 404 bytes cmem[0]
ptxas info    : Compile time = 10.308 ms
ptxas info    : Compiling entry function 'conv1d_step_forward_bf16' for 'sm_89'
ptxas info    : Function properties for conv1d_step_forward_bf16
    0 bytes stack frame, 0 bytes spill stores, 0 bytes spill loads
ptxas info    : Used 40 registers, used 0 barriers, 404 bytes cmem[0]
ptxas info    : Compile time = 9.762 ms
ptxas info    : Compiling entry function 'conv1d_step_forward_f32' for 'sm_89'
ptxas info    : Function properties for conv1d_step_forward_f32
    0 bytes stack frame, 0 bytes spill stores, 0 bytes spill loads
ptxas info    : Used 40 registers, used 0 barriers, 404 bytes cmem[0]
ptxas info    : Compile time = 9.825 ms
ptxas info    : Compiling entry function 'conv1d_step_forward' for 'sm_89'
ptxas info    : Function properties for conv1d_step_forward
    0 bytes stack frame, 0 bytes spill stores, 0 bytes spill loads
ptxas info    : Used 40 registers, used 0 barriers, 404 bytes cmem[0]
ptxas info    : Compile time = 10.974 ms
ptxas info    : Compiling entry function 'ssm_parallel_scan_bwd_fold_f16' for 'sm_89'
ptxas info    : Function properties for ssm_parallel_scan_bwd_fold_f16
    256 bytes stack frame, 0 bytes spill stores, 0 bytes spill loads
ptxas info    : Used 159 registers, used 1 barriers, 256 bytes cumulative stack size, 500 bytes cmem[0], 8 bytes cmem[2]
ptxas info    : Compile time = 158.913 ms
ptxas info    : Compiling entry function 'ssm_parallel_scan_bwd_fold_bf16' for 'sm_89'
ptxas info    : Function properties for ssm_parallel_scan_bwd_fold_bf16
    256 bytes stack frame, 0 bytes spill stores, 0 bytes spill loads
ptxas info    : Used 160 registers, used 1 barriers, 256 bytes cumulative stack size, 500 bytes cmem[0], 8 bytes cmem[2]
ptxas info    : Compile time = 161.817 ms
ptxas info    : Compiling entry function 'ssm_parallel_scan_bwd_fold_f32' for 'sm_89'
ptxas info    : Function properties for ssm_parallel_scan_bwd_fold_f32
    256 bytes stack frame, 0 bytes spill stores, 0 bytes spill loads
ptxas info    : Used 159 registers, used 1 barriers, 256 bytes cumulative stack size, 500 bytes cmem[0], 8 bytes cmem[2]
ptxas info    : Compile time = 135.827 ms
ptxas info    : Compiling entry function 'ssm_parallel_scan_bwd_f16' for 'sm_89'
ptxas info    : Function properties for ssm_parallel_scan_bwd_f16
    0 bytes stack frame, 0 bytes spill stores, 0 bytes spill loads
ptxas info    : Used 128 registers, used 1 barriers, 492 bytes cmem[0], 40 bytes cmem[2]
ptxas info    : Compile time = 67.131 ms
ptxas info    : Compiling entry function 'ssm_parallel_scan_bwd_bf16' for 'sm_89'
ptxas info    : Function properties for ssm_parallel_scan_bwd_bf16
    0 bytes stack frame, 0 bytes spill stores, 0 bytes spill loads
ptxas info    : Used 128 registers, used 1 barriers, 492 bytes cmem[0], 40 bytes cmem[2]
ptxas info    : Compile time = 63.738 ms
ptxas info    : Compiling entry function 'ssm_parallel_scan_bwd_f32' for 'sm_89'
ptxas info    : Function properties for ssm_parallel_scan_bwd_f32
    0 bytes stack frame, 0 bytes spill stores, 0 bytes spill loads
ptxas info    : Used 147 registers, used 1 barriers, 492 bytes cmem[0], 40 bytes cmem[2]
ptxas info    : Compile time = 60.787 ms
ptxas info    : Compiling entry function 'ssm_parallel_scan_fwd_nosave_f16' for 'sm_89'
ptxas info    : Function properties for ssm_parallel_scan_fwd_nosave_f16
    0 bytes stack frame, 0 bytes spill stores, 0 bytes spill loads
ptxas info    : Used 79 registers, used 1 barriers, 444 bytes cmem[0], 8 bytes cmem[2]
ptxas info    : Compile time = 68.189 ms
ptxas info    : Compiling entry function 'ssm_parallel_scan_fwd_nosave_bf16' for 'sm_89'
ptxas info    : Function properties for ssm_parallel_scan_fwd_nosave_bf16
    0 bytes stack frame, 0 bytes spill stores, 0 bytes spill loads
ptxas info    : Used 79 registers, used 1 barriers, 444 bytes cmem[0], 8 bytes cmem[2]
ptxas info    : Compile time = 65.059 ms
ptxas info    : Compiling entry function 'ssm_parallel_scan_fwd_f16' for 'sm_89'
ptxas info    : Function properties for ssm_parallel_scan_fwd_f16
    0 bytes stack frame, 0 bytes spill stores, 0 bytes spill loads
ptxas info    : Used 80 registers, used 1 barriers, 460 bytes cmem[0], 8 bytes cmem[2]
ptxas info    : Compile time = 59.445 ms
ptxas info    : Compiling entry function 'ssm_parallel_scan_fwd_bf16' for 'sm_89'
ptxas info    : Function properties for ssm_parallel_scan_fwd_bf16
    0 bytes stack frame, 0 bytes spill stores, 0 bytes spill loads
ptxas info    : Used 80 registers, used 1 barriers, 460 bytes cmem[0], 8 bytes cmem[2]
ptxas info    : Compile time = 59.588 ms
ptxas info    : Compiling entry function 'ssm_parallel_scan_fwd_nosave' for 'sm_89'
ptxas info    : Function properties for ssm_parallel_scan_fwd_nosave
    0 bytes stack frame, 0 bytes spill stores, 0 bytes spill loads
ptxas info    : Used 77 registers, used 1 barriers, 444 bytes cmem[0], 8 bytes cmem[2]
ptxas info    : Compile time = 64.635 ms
ptxas info    : Compiling entry function 'ssm_parallel_scan_fwd' for 'sm_89'
ptxas info    : Function properties for ssm_parallel_scan_fwd
    0 bytes stack frame, 0 bytes spill stores, 0 bytes spill loads
ptxas info    : Used 72 registers, used 1 barriers, 460 bytes cmem[0], 8 bytes cmem[2]
ptxas info    : Compile time = 56.469 ms
ptxas info    : Compiling entry function 'ssm_reduce_d_a_log' for 'sm_89'
ptxas info    : Function properties for ssm_reduce_d_a_log
    0 bytes stack frame, 0 bytes spill stores, 0 bytes spill loads
ptxas info    : Used 21 registers, used 0 barriers, 380 bytes cmem[0]
ptxas info    : Compile time = 2.321 ms
ptxas info    : Compiling entry function 'ssm_reduce_d_a_log_chunks' for 'sm_89'
ptxas info    : Function properties for ssm_reduce_d_a_log_chunks
    0 bytes stack frame, 0 bytes spill stores, 0 bytes spill loads
ptxas info    : Used 22 registers, used 0 barriers, 384 bytes cmem[0]
ptxas info    : Compile time = 3.161 ms
ptxas info    : Compiling entry function 'ssm_reduce_d_D' for 'sm_89'
ptxas info    : Function properties for ssm_reduce_d_D
    0 bytes stack frame, 0 bytes spill stores, 0 bytes spill loads
ptxas info    : Used 40 registers, used 0 barriers, 376 bytes cmem[0]
ptxas info    : Compile time = 4.046 ms
ptxas info    : Compiling entry function 'ssm_reduce_d_BC_tmajor_f16' for 'sm_89'
ptxas info    : Function properties for ssm_reduce_d_BC_tmajor_f16
    0 bytes stack frame, 0 bytes spill stores, 0 bytes spill loads
ptxas info    : Used 40 registers, used 0 barriers, 400 bytes cmem[0]
ptxas info    : Compile time = 10.383 ms
ptxas info    : Compiling entry function 'ssm_reduce_d_BC_tmajor_bf16' for 'sm_89'
ptxas info    : Function properties for ssm_reduce_d_BC_tmajor_bf16
    0 bytes stack frame, 0 bytes spill stores, 0 bytes spill loads
ptxas info    : Used 40 registers, used 0 barriers, 400 bytes cmem[0]
ptxas info    : Compile time = 10.475 ms
ptxas info    : Compiling entry function 'ssm_reduce_d_BC_tmajor_f32' for 'sm_89'
ptxas info    : Function properties for ssm_reduce_d_BC_tmajor_f32
    0 bytes stack frame, 0 bytes spill stores, 0 bytes spill loads
ptxas info    : Used 40 registers, used 0 barriers, 400 bytes cmem[0]
ptxas info    : Compile time = 9.436 ms
ptxas info    : Compiling entry function 'ssm_reduce_d_BC_f16' for 'sm_89'
ptxas info    : Function properties for ssm_reduce_d_BC_f16
    0 bytes stack frame, 0 bytes spill stores, 0 bytes spill loads
ptxas info    : Used 40 registers, used 0 barriers, 400 bytes cmem[0]
ptxas info    : Compile time = 9.443 ms
ptxas info    : Compiling entry function 'ssm_reduce_d_BC_bf16' for 'sm_89'
ptxas info    : Function properties for ssm_reduce_d_BC_bf16
    0 bytes stack frame, 0 bytes spill stores, 0 bytes spill loads
ptxas info    : Used 40 registers, used 0 barriers, 400 bytes cmem[0]
ptxas info    : Compile time = 9.879 ms
ptxas info    : Compiling entry function 'ssm_reduce_d_BC_f32' for 'sm_89'
ptxas info    : Function properties for ssm_reduce_d_BC_f32
    0 bytes stack frame, 0 bytes spill stores, 0 bytes spill loads
ptxas info    : Used 40 registers, used 0 barriers, 400 bytes cmem[0]
ptxas info    : Compile time = 8.820 ms
ptxas info    : Compiling entry function 'ssm_backward_local_f16' for 'sm_89'
ptxas info    : Function properties for ssm_backward_local_f16
    1024 bytes stack frame, 0 bytes spill stores, 0 bytes spill loads
ptxas info    : Used 40 registers, used 0 barriers, 1024 bytes cumulative stack size, 480 bytes cmem[0]
ptxas info    : Compile time = 25.516 ms
ptxas info    : Compiling entry function 'ssm_backward_local_bf16' for 'sm_89'
ptxas info    : Function properties for ssm_backward_local_bf16
    1024 bytes stack frame, 0 bytes spill stores, 0 bytes spill loads
ptxas info    : Used 40 registers, used 0 barriers, 1024 bytes cumulative stack size, 480 bytes cmem[0]
ptxas info    : Compile time = 24.560 ms
ptxas info    : Compiling entry function 'ssm_backward_local_f32' for 'sm_89'
ptxas info    : Function properties for ssm_backward_local_f32
    1024 bytes stack frame, 0 bytes spill stores, 0 bytes spill loads
ptxas info    : Used 40 registers, used 0 barriers, 1024 bytes cumulative stack size, 480 bytes cmem[0]
ptxas info    : Compile time = 28.879 ms
ptxas info    : Compiling entry function 'ssm_backward_local' for 'sm_89'
ptxas info    : Function properties for ssm_backward_local
    1024 bytes stack frame, 0 bytes spill stores, 0 bytes spill loads
ptxas info    : Used 40 registers, used 0 barriers, 1024 bytes cumulative stack size, 480 bytes cmem[0]
ptxas info    : Compile time = 31.962 ms
ptxas info    : Compiling entry function 'ssm_burnin_forward_f16' for 'sm_89'
ptxas info    : Function properties for ssm_burnin_forward_f16
    512 bytes stack frame, 0 bytes spill stores, 0 bytes spill loads
ptxas info    : Used 40 registers, used 0 barriers, 512 bytes cumulative stack size, 448 bytes cmem[0]
ptxas info    : Compile time = 22.847 ms
ptxas info    : Compiling entry function 'ssm_burnin_forward_bf16' for 'sm_89'
ptxas info    : Function properties for ssm_burnin_forward_bf16
    512 bytes stack frame, 0 bytes spill stores, 0 bytes spill loads
ptxas info    : Used 40 registers, used 0 barriers, 512 bytes cumulative stack size, 448 bytes cmem[0]
ptxas info    : Compile time = 24.412 ms
ptxas info    : Compiling entry function 'ssm_burnin_forward_f32' for 'sm_89'
ptxas info    : Function properties for ssm_burnin_forward_f32
    512 bytes stack frame, 0 bytes spill stores, 0 bytes spill loads
ptxas info    : Used 40 registers, used 0 barriers, 512 bytes cumulative stack size, 448 bytes cmem[0]
ptxas info    : Compile time = 23.809 ms
ptxas info    : Compiling entry function 'ssm_burnin_forward_nosave_f16' for 'sm_89'
ptxas info    : Function properties for ssm_burnin_forward_nosave_f16
    512 bytes stack frame, 0 bytes spill stores, 0 bytes spill loads
ptxas info    : Used 40 registers, used 0 barriers, 512 bytes cumulative stack size, 444 bytes cmem[0]
ptxas info    : Compile time = 36.403 ms
ptxas info    : Compiling entry function 'ssm_burnin_forward_nosave_bf16' for 'sm_89'
ptxas info    : Function properties for ssm_burnin_forward_nosave_bf16
    512 bytes stack frame, 0 bytes spill stores, 0 bytes spill loads
ptxas info    : Used 40 registers, used 0 barriers, 512 bytes cumulative stack size, 444 bytes cmem[0]
ptxas info    : Compile time = 36.294 ms
ptxas info    : Compiling entry function 'ssm_burnin_forward_nosave_f32' for 'sm_89'
ptxas info    : Function properties for ssm_burnin_forward_nosave_f32
    512 bytes stack frame, 0 bytes spill stores, 0 bytes spill loads
ptxas info    : Used 40 registers, used 0 barriers, 512 bytes cumulative stack size, 444 bytes cmem[0]
ptxas info    : Compile time = 32.762 ms
ptxas info    : Compiling entry function 'ssm_burnin_forward_nosave' for 'sm_89'
ptxas info    : Function properties for ssm_burnin_forward_nosave
    512 bytes stack frame, 0 bytes spill stores, 0 bytes spill loads
ptxas info    : Used 40 registers, used 0 barriers, 512 bytes cumulative stack size, 444 bytes cmem[0]
ptxas info    : Compile time = 34.766 ms
ptxas info    : Compiling entry function 'ssm_burnin_forward' for 'sm_89'
ptxas info    : Function properties for ssm_burnin_forward
    512 bytes stack frame, 0 bytes spill stores, 0 bytes spill loads
ptxas info    : Used 40 registers, used 0 barriers, 512 bytes cumulative stack size, 448 bytes cmem[0]
ptxas info    : Compile time = 21.673 ms
ptxas info    : Compiling entry function 'ssm_step_forward_gather_gate_f16' for 'sm_89'
ptxas info    : Function properties for ssm_step_forward_gather_gate_f16
    512 bytes stack frame, 0 bytes spill stores, 0 bytes spill loads
ptxas info    : Used 38 registers, used 0 barriers, 512 bytes cumulative stack size, 440 bytes cmem[0]
ptxas info    : Compile time = 14.384 ms
ptxas info    : Compiling entry function 'ssm_step_forward_gather_gate_bf16' for 'sm_89'
ptxas info    : Function properties for ssm_step_forward_gather_gate_bf16
    512 bytes stack frame, 0 bytes spill stores, 0 bytes spill loads
ptxas info    : Used 40 registers, used 0 barriers, 512 bytes cumulative stack size, 440 bytes cmem[0]
ptxas info    : Compile time = 14.301 ms
ptxas info    : Compiling entry function 'ssm_step_forward_gather_gate_f32' for 'sm_89'
ptxas info    : Function properties for ssm_step_forward_gather_gate_f32
    512 bytes stack frame, 0 bytes spill stores, 0 bytes spill loads
ptxas info    : Used 39 registers, used 0 barriers, 512 bytes cumulative stack size, 440 bytes cmem[0]
ptxas info    : Compile time = 13.184 ms
ptxas info    : Compiling entry function 'ssm_step_forward_gather_f16' for 'sm_89'
ptxas info    : Function properties for ssm_step_forward_gather_f16
    512 bytes stack frame, 0 bytes spill stores, 0 bytes spill loads
ptxas info    : Used 38 registers, used 0 barriers, 512 bytes cumulative stack size, 432 bytes cmem[0]
ptxas info    : Compile time = 13.587 ms
ptxas info    : Compiling entry function 'ssm_step_forward_gather_bf16' for 'sm_89'
ptxas info    : Function properties for ssm_step_forward_gather_bf16
    512 bytes stack frame, 0 bytes spill stores, 0 bytes spill loads
ptxas info    : Used 40 registers, used 0 barriers, 512 bytes cumulative stack size, 432 bytes cmem[0]
ptxas info    : Compile time = 15.200 ms
ptxas info    : Compiling entry function 'ssm_step_forward_gather_f32' for 'sm_89'
ptxas info    : Function properties for ssm_step_forward_gather_f32
    512 bytes stack frame, 0 bytes spill stores, 0 bytes spill loads
ptxas info    : Used 39 registers, used 0 barriers, 512 bytes cumulative stack size, 432 bytes cmem[0]
ptxas info    : Compile time = 14.623 ms
ptxas info    : Compiling entry function 'ssm_step_forward_f16' for 'sm_89'
ptxas info    : Function properties for ssm_step_forward_f16
    512 bytes stack frame, 0 bytes spill stores, 0 bytes spill loads
ptxas info    : Used 36 registers, used 0 barriers, 512 bytes cumulative stack size, 428 bytes cmem[0]
ptxas info    : Compile time = 14.306 ms
ptxas info    : Compiling entry function 'ssm_step_forward_bf16' for 'sm_89'
ptxas info    : Function properties for ssm_step_forward_bf16
    512 bytes stack frame, 0 bytes spill stores, 0 bytes spill loads
ptxas info    : Used 36 registers, used 0 barriers, 512 bytes cumulative stack size, 428 bytes cmem[0]
ptxas info    : Compile time = 13.517 ms
ptxas info    : Compiling entry function 'ssm_step_forward_f32' for 'sm_89'
ptxas info    : Function properties for ssm_step_forward_f32
    512 bytes stack frame, 0 bytes spill stores, 0 bytes spill loads
ptxas info    : Used 39 registers, used 0 barriers, 512 bytes cumulative stack size, 428 bytes cmem[0]
ptxas info    : Compile time = 13.168 ms
ptxas info    : Compiling entry function 'ssm_step_forward' for 'sm_89'
ptxas info    : Function properties for ssm_step_forward
    512 bytes stack frame, 0 bytes spill stores, 0 bytes spill loads
ptxas info    : Used 39 registers, used 0 barriers, 512 bytes cumulative stack size, 428 bytes cmem[0]
ptxas info    : Compile time = 13.168 ms
