
Resource usage:
 Common:
  GLOBAL:33 CONSTANT[4]:72
 Function gemm_bi_nn_fixed_sm89_tc128_s3_v1_f16:
  REG:182 STACK:0 SHARED:0 LOCAL:0 CONSTANT[2]:8 CONSTANT[0]:416 TEXTURE:0 SURFACE:0 SAMPLER:0
 Function gemm_bi_nn_fixed_sm89_tc128_s3_v1_bf16:
  REG:182 STACK:0 SHARED:0 LOCAL:0 CONSTANT[2]:8 CONSTANT[0]:416 TEXTURE:0 SURFACE:0 SAMPLER:0
 Function gemm_bi_nn_fixed_sm89_tc128_swizzle_v1_f16:
  REG:177 STACK:0 SHARED:0 LOCAL:0 CONSTANT[2]:8 CONSTANT[0]:416 TEXTURE:0 SURFACE:0 SAMPLER:0
 Function gemm_bi_nn_fixed_sm89_tc128_swizzle_v1_bf16:
  REG:177 STACK:0 SHARED:0 LOCAL:0 CONSTANT[2]:8 CONSTANT[0]:416 TEXTURE:0 SURFACE:0 SAMPLER:0
 Function gemm_bi_nn_fixed_rna_wide_tf32_v1_m128n128_bk32_s3:
  REG:150 STACK:0 SHARED:0 LOCAL:0 CONSTANT[2]:8 CONSTANT[0]:416 TEXTURE:0 SURFACE:0 SAMPLER:0
 Function gemm_bi_nn_fixed_sm89_f32_n64_copyplan_v1:
  REG:135 STACK:0 SHARED:32768 LOCAL:0 CONSTANT[2]:8 CONSTANT[0]:416 TEXTURE:0 SURFACE:0 SAMPLER:0
 Function gemm_bi_nn_fixed_sm89_tc128_pipeline_v1_f16:
  REG:168 STACK:0 SHARED:0 LOCAL:0 CONSTANT[2]:8 CONSTANT[0]:416 TEXTURE:0 SURFACE:0 SAMPLER:0
 Function gemm_bi_nn_fixed_sm89_tc128_pipeline_v1_bf16:
  REG:168 STACK:0 SHARED:0 LOCAL:0 CONSTANT[2]:8 CONSTANT[0]:416 TEXTURE:0 SURFACE:0 SAMPLER:0
 Function gemm_bi_nn_tcwn64_f16:
  REG:233 STACK:0 SHARED:0 LOCAL:0 CONSTANT[0]:416 TEXTURE:0 SURFACE:0 SAMPLER:0
 Function gemm_bi_nn_tcwn64_bf16:
  REG:233 STACK:0 SHARED:0 LOCAL:0 CONSTANT[0]:416 TEXTURE:0 SURFACE:0 SAMPLER:0
 Function gemm_bi_nn_tcw64_f16:
  REG:233 STACK:0 SHARED:0 LOCAL:0 CONSTANT[0]:416 TEXTURE:0 SURFACE:0 SAMPLER:0
 Function gemm_bi_nn_tcw64_bf16:
  REG:233 STACK:0 SHARED:0 LOCAL:0 CONSTANT[0]:416 TEXTURE:0 SURFACE:0 SAMPLER:0
 Function gemm_bi_nn_tc16_f32out_f16:
  REG:96 STACK:0 SHARED:24576 LOCAL:0 CONSTANT[0]:416 TEXTURE:0 SURFACE:0 SAMPLER:0
 Function gemm_bi_nn_tc16_f32out_bf16:
  REG:96 STACK:0 SHARED:24576 LOCAL:0 CONSTANT[0]:416 TEXTURE:0 SURFACE:0 SAMPLER:0
 Function gemm_bi_nn_tc16_f16:
  REG:96 STACK:0 SHARED:24576 LOCAL:0 CONSTANT[0]:416 TEXTURE:0 SURFACE:0 SAMPLER:0
 Function gemm_bi_nn_tc16_bf16:
  REG:96 STACK:0 SHARED:24576 LOCAL:0 CONSTANT[0]:416 TEXTURE:0 SURFACE:0 SAMPLER:0
 Function gemm_bi_nn_tc64_f32out_f16:
  REG:128 STACK:0 SHARED:36864 LOCAL:0 CONSTANT[2]:8 CONSTANT[0]:416 TEXTURE:0 SURFACE:0 SAMPLER:0
 Function gemm_bi_nn_tc64_f32out_bf16:
  REG:128 STACK:0 SHARED:36864 LOCAL:0 CONSTANT[2]:8 CONSTANT[0]:416 TEXTURE:0 SURFACE:0 SAMPLER:0
 Function gemm_bi_nn_tc64_f16:
  REG:128 STACK:0 SHARED:36864 LOCAL:0 CONSTANT[2]:8 CONSTANT[0]:416 TEXTURE:0 SURFACE:0 SAMPLER:0
 Function gemm_bi_nn_tc64_bf16:
  REG:128 STACK:0 SHARED:36864 LOCAL:0 CONSTANT[2]:8 CONSTANT[0]:416 TEXTURE:0 SURFACE:0 SAMPLER:0
 Function gemm_bi_nn_tc128_f32out_f16:
  REG:164 STACK:0 SHARED:0 LOCAL:0 CONSTANT[2]:8 CONSTANT[0]:416 TEXTURE:0 SURFACE:0 SAMPLER:0
 Function gemm_bi_nn_tc128_f32out_bf16:
  REG:164 STACK:0 SHARED:0 LOCAL:0 CONSTANT[2]:8 CONSTANT[0]:416 TEXTURE:0 SURFACE:0 SAMPLER:0
 Function gemm_bi_nn_tc128_f16:
  REG:164 STACK:0 SHARED:0 LOCAL:0 CONSTANT[2]:8 CONSTANT[0]:416 TEXTURE:0 SURFACE:0 SAMPLER:0
 Function gemm_bi_nn_tc128_bf16:
  REG:164 STACK:0 SHARED:0 LOCAL:0 CONSTANT[2]:8 CONSTANT[0]:416 TEXTURE:0 SURFACE:0 SAMPLER:0
 Function matvec_bi_f32_f32:
  REG:40 STACK:0 SHARED:1024 LOCAL:0 CONSTANT[2]:8 CONSTANT[0]:416 TEXTURE:0 SURFACE:0 SAMPLER:0
 Function matvec_bi_f16_f32:
  REG:40 STACK:0 SHARED:1024 LOCAL:0 CONSTANT[2]:8 CONSTANT[0]:416 TEXTURE:0 SURFACE:0 SAMPLER:0
 Function matvec_bi_bf16_f32:
  REG:40 STACK:0 SHARED:1024 LOCAL:0 CONSTANT[2]:8 CONSTANT[0]:416 TEXTURE:0 SURFACE:0 SAMPLER:0
 Function matvec_bi_f16_f16:
  REG:40 STACK:0 SHARED:1024 LOCAL:0 CONSTANT[2]:8 CONSTANT[0]:416 TEXTURE:0 SURFACE:0 SAMPLER:0
 Function matvec_bi_bf16_bf16:
  REG:40 STACK:0 SHARED:1024 LOCAL:0 CONSTANT[2]:8 CONSTANT[0]:416 TEXTURE:0 SURFACE:0 SAMPLER:0
 Function gemm_bi_f32_f32:
  REG:114 STACK:0 SHARED:16384 LOCAL:0 CONSTANT[2]:8 CONSTANT[0]:416 TEXTURE:0 SURFACE:0 SAMPLER:0
 Function gemm_bi_f16_f32:
  REG:96 STACK:0 SHARED:24576 LOCAL:0 CONSTANT[2]:16 CONSTANT[0]:416 TEXTURE:0 SURFACE:0 SAMPLER:0
 Function gemm_bi_bf16_f32:
  REG:104 STACK:0 SHARED:24576 LOCAL:0 CONSTANT[2]:8 CONSTANT[0]:416 TEXTURE:0 SURFACE:0 SAMPLER:0
 Function gemm_bi_f16_f16:
  REG:96 STACK:0 SHARED:24576 LOCAL:0 CONSTANT[2]:16 CONSTANT[0]:416 TEXTURE:0 SURFACE:0 SAMPLER:0
 Function gemm_bi_bf16_bf16:
  REG:104 STACK:0 SHARED:24576 LOCAL:0 CONSTANT[2]:8 CONSTANT[0]:416 TEXTURE:0 SURFACE:0 SAMPLER:0
 Function gemm_bi_nn_tf32_v1_m16n32_bk32_s4:
  REG:71 STACK:0 SHARED:0 LOCAL:0 CONSTANT[0]:408 TEXTURE:0 SURFACE:0 SAMPLER:0
 Function gemm_bi_nn_tf32_v1_m64n64_bk32_s3:
  REG:93 STACK:0 SHARED:0 LOCAL:0 CONSTANT[0]:408 TEXTURE:0 SURFACE:0 SAMPLER:0
 Function gemm_bi_nn_tf32_v1_m64n64_bk32_s2:
  REG:124 STACK:0 SHARED:0 LOCAL:0 CONSTANT[0]:408 TEXTURE:0 SURFACE:0 SAMPLER:0
 Function gemm_bi_nn_tf32_v1_m128n64_bk32_s3:
  REG:148 STACK:0 SHARED:0 LOCAL:0 CONSTANT[0]:408 TEXTURE:0 SURFACE:0 SAMPLER:0
 Function gemm_bi_nn_tf32_v1_m128n64_bk32_s2:
  REG:148 STACK:0 SHARED:0 LOCAL:0 CONSTANT[0]:408 TEXTURE:0 SURFACE:0 SAMPLER:0
 Function gemm_bi_f32_f32_n128_s2:
  REG:112 STACK:0 SHARED:49152 LOCAL:0 CONSTANT[2]:8 CONSTANT[0]:416 TEXTURE:0 SURFACE:0 SAMPLER:0
 Function gemm_bi_f32_f32_s2:
  REG:135 STACK:0 SHARED:32768 LOCAL:0 CONSTANT[2]:8 CONSTANT[0]:416 TEXTURE:0 SURFACE:0 SAMPLER:0
 Function adamw_step_multi_f16:
  REG:36 STACK:0 SHARED:0 LOCAL:0 CONSTANT[0]:384 TEXTURE:0 SURFACE:0 SAMPLER:0
 Function adamw_step_multi_bf16:
  REG:36 STACK:0 SHARED:0 LOCAL:0 CONSTANT[0]:384 TEXTURE:0 SURFACE:0 SAMPLER:0
 Function adamw_step_multi_f32:
  REG:36 STACK:0 SHARED:0 LOCAL:0 CONSTANT[0]:384 TEXTURE:0 SURFACE:0 SAMPLER:0
 Function adamw_step_f32:
  REG:29 STACK:0 SHARED:0 LOCAL:0 CONSTANT[0]:416 TEXTURE:0 SURFACE:0 SAMPLER:0
 Function adamw_step_f32_capturable:
  REG:32 STACK:0 SHARED:0 LOCAL:0 CONSTANT[0]:420 TEXTURE:0 SURFACE:0 SAMPLER:0
 Function grad_region_scale_dev_f32:
  REG:32 STACK:0 SHARED:0 LOCAL:0 CONSTANT[0]:400 TEXTURE:0 SURFACE:0 SAMPLER:0
 Function grad_region_sumsq_partial_f32:
  REG:33 STACK:0 SHARED:2048 LOCAL:0 CONSTANT[0]:400 TEXTURE:0 SURFACE:0 SAMPLER:0
 Function grad_clip_coef_f32:
  REG:38 STACK:0 SHARED:0 LOCAL:0 CONSTANT[2]:8 CONSTANT[0]:384 TEXTURE:0 SURFACE:0 SAMPLER:0
 Function grad_sumsq_partial_f32:
  REG:34 STACK:0 SHARED:2048 LOCAL:0 CONSTANT[0]:372 TEXTURE:0 SURFACE:0 SAMPLER:0
 Function scale_grads_skip_f32:
  REG:22 STACK:0 SHARED:0 LOCAL:0 CONSTANT[0]:380 TEXTURE:0 SURFACE:0 SAMPLER:0
 Function scale_grads_dev_f32:
  REG:22 STACK:0 SHARED:0 LOCAL:0 CONSTANT[0]:372 TEXTURE:0 SURFACE:0 SAMPLER:0
 Function scale_grads_f32:
  REG:22 STACK:0 SHARED:0 LOCAL:0 CONSTANT[0]:368 TEXTURE:0 SURFACE:0 SAMPLER:0
 Function check_inf_nan_f32:
  REG:10 STACK:0 SHARED:0 LOCAL:0 CONSTANT[0]:372 TEXTURE:0 SURFACE:0 SAMPLER:0
 Function reduce_bias_f16:
  REG:10 STACK:0 SHARED:0 LOCAL:0 CONSTANT[0]:376 TEXTURE:0 SURFACE:0 SAMPLER:0
 Function reduce_bias_bf16:
  REG:10 STACK:0 SHARED:0 LOCAL:0 CONSTANT[0]:376 TEXTURE:0 SURFACE:0 SAMPLER:0
 Function reduce_bias_f32:
  REG:10 STACK:0 SHARED:0 LOCAL:0 CONSTANT[0]:376 TEXTURE:0 SURFACE:0 SAMPLER:0
 Function pack_xdbl_cols_f16:
  REG:14 STACK:0 SHARED:0 LOCAL:0 CONSTANT[0]:396 TEXTURE:0 SURFACE:0 SAMPLER:0
 Function pack_xdbl_cols_bf16:
  REG:14 STACK:0 SHARED:0 LOCAL:0 CONSTANT[0]:396 TEXTURE:0 SURFACE:0 SAMPLER:0
 Function pack_xdbl_cols_f32:
  REG:14 STACK:0 SHARED:0 LOCAL:0 CONSTANT[0]:396 TEXTURE:0 SURFACE:0 SAMPLER:0
 Function scatter_add_cols_f16:
  REG:10 STACK:0 SHARED:0 LOCAL:0 CONSTANT[0]:384 TEXTURE:0 SURFACE:0 SAMPLER:0
 Function scatter_add_cols_bf16:
  REG:10 STACK:0 SHARED:0 LOCAL:0 CONSTANT[0]:384 TEXTURE:0 SURFACE:0 SAMPLER:0
 Function scatter_add_cols_f32:
  REG:10 STACK:0 SHARED:0 LOCAL:0 CONSTANT[0]:384 TEXTURE:0 SURFACE:0 SAMPLER:0
 Function concat_halves_f16:
  REG:16 STACK:0 SHARED:0 LOCAL:0 CONSTANT[0]:384 TEXTURE:0 SURFACE:0 SAMPLER:0
 Function concat_halves_bf16:
  REG:16 STACK:0 SHARED:0 LOCAL:0 CONSTANT[0]:384 TEXTURE:0 SURFACE:0 SAMPLER:0
 Function concat_halves_f32:
  REG:16 STACK:0 SHARED:0 LOCAL:0 CONSTANT[0]:384 TEXTURE:0 SURFACE:0 SAMPLER:0
 Function vec_cast_zplus_f16:
  REG:8 STACK:0 SHARED:0 LOCAL:0 CONSTANT[0]:372 TEXTURE:0 SURFACE:0 SAMPLER:0
 Function vec_cast_zplus_bf16:
  REG:8 STACK:0 SHARED:0 LOCAL:0 CONSTANT[0]:372 TEXTURE:0 SURFACE:0 SAMPLER:0
 Function vec_cast_zplus_f32:
  REG:10 STACK:0 SHARED:0 LOCAL:0 CONSTANT[0]:372 TEXTURE:0 SURFACE:0 SAMPLER:0
 Function vec_add_inplace_f16:
  REG:8 STACK:0 SHARED:0 LOCAL:0 CONSTANT[0]:372 TEXTURE:0 SURFACE:0 SAMPLER:0
 Function vec_add_inplace_bf16:
  REG:8 STACK:0 SHARED:0 LOCAL:0 CONSTANT[0]:372 TEXTURE:0 SURFACE:0 SAMPLER:0
 Function vec_add_inplace_f32:
  REG:10 STACK:0 SHARED:0 LOCAL:0 CONSTANT[0]:372 TEXTURE:0 SURFACE:0 SAMPLER:0
 Function softplus_copy_f16:
  REG:14 STACK:0 SHARED:0 LOCAL:0 CONSTANT[0]:372 TEXTURE:0 SURFACE:0 SAMPLER:0
 Function softplus_copy_bf16:
  REG:14 STACK:0 SHARED:0 LOCAL:0 CONSTANT[0]:372 TEXTURE:0 SURFACE:0 SAMPLER:0
 Function softplus_copy_f32:
  REG:14 STACK:0 SHARED:0 LOCAL:0 CONSTANT[0]:372 TEXTURE:0 SURFACE:0 SAMPLER:0
 Function softplus_copy_v_f16:
  REG:20 STACK:0 SHARED:0 LOCAL:0 CONSTANT[0]:372 TEXTURE:0 SURFACE:0 SAMPLER:0
 Function softplus_copy_v_bf16:
  REG:20 STACK:0 SHARED:0 LOCAL:0 CONSTANT[0]:372 TEXTURE:0 SURFACE:0 SAMPLER:0
 Function softplus_copy_v_f32:
  REG:16 STACK:0 SHARED:0 LOCAL:0 CONSTANT[0]:372 TEXTURE:0 SURFACE:0 SAMPLER:0
 Function elementwise_mul_v_f16:
  REG:26 STACK:0 SHARED:0 LOCAL:0 CONSTANT[0]:380 TEXTURE:0 SURFACE:0 SAMPLER:0
 Function elementwise_mul_v_bf16:
  REG:26 STACK:0 SHARED:0 LOCAL:0 CONSTANT[0]:380 TEXTURE:0 SURFACE:0 SAMPLER:0
 Function elementwise_mul_v_f32:
  REG:18 STACK:0 SHARED:0 LOCAL:0 CONSTANT[0]:380 TEXTURE:0 SURFACE:0 SAMPLER:0
 Function gate_mul_silu_v_f16:
  REG:23 STACK:0 SHARED:0 LOCAL:0 CONSTANT[0]:380 TEXTURE:0 SURFACE:0 SAMPLER:0
 Function gate_mul_silu_v_bf16:
  REG:23 STACK:0 SHARED:0 LOCAL:0 CONSTANT[0]:380 TEXTURE:0 SURFACE:0 SAMPLER:0
 Function gate_mul_silu_v_f32:
  REG:24 STACK:0 SHARED:0 LOCAL:0 CONSTANT[0]:380 TEXTURE:0 SURFACE:0 SAMPLER:0
 Function gate_mul_silu_f16:
  REG:16 STACK:0 SHARED:0 LOCAL:0 CONSTANT[0]:380 TEXTURE:0 SURFACE:0 SAMPLER:0
 Function gate_mul_silu_bf16:
  REG:16 STACK:0 SHARED:0 LOCAL:0 CONSTANT[0]:380 TEXTURE:0 SURFACE:0 SAMPLER:0
 Function gate_mul_silu_f32:
  REG:16 STACK:0 SHARED:0 LOCAL:0 CONSTANT[0]:380 TEXTURE:0 SURFACE:0 SAMPLER:0
 Function split_gate_f16:
  REG:12 STACK:0 SHARED:0 LOCAL:0 CONSTANT[0]:384 TEXTURE:0 SURFACE:0 SAMPLER:0
 Function split_gate_bf16:
  REG:12 STACK:0 SHARED:0 LOCAL:0 CONSTANT[0]:384 TEXTURE:0 SURFACE:0 SAMPLER:0
 Function split_gate_f32:
  REG:12 STACK:0 SHARED:0 LOCAL:0 CONSTANT[0]:384 TEXTURE:0 SURFACE:0 SAMPLER:0
 Function split_gate_silu_f16:
  REG:18 STACK:0 SHARED:0 LOCAL:0 CONSTANT[0]:392 TEXTURE:0 SURFACE:0 SAMPLER:0
 Function split_gate_silu_bf16:
  REG:18 STACK:0 SHARED:0 LOCAL:0 CONSTANT[0]:392 TEXTURE:0 SURFACE:0 SAMPLER:0
 Function split_gate_silu_f32:
  REG:18 STACK:0 SHARED:0 LOCAL:0 CONSTANT[0]:392 TEXTURE:0 SURFACE:0 SAMPLER:0
 Function gather_bc_cols_tmajor_tiled_f16:
  REG:21 STACK:0 SHARED:0 LOCAL:0 CONSTANT[0]:396 TEXTURE:0 SURFACE:0 SAMPLER:0
 Function gather_bc_cols_tmajor_tiled_bf16:
  REG:21 STACK:0 SHARED:0 LOCAL:0 CONSTANT[0]:396 TEXTURE:0 SURFACE:0 SAMPLER:0
 Function gather_bc_cols_tmajor_tiled_f32:
  REG:21 STACK:0 SHARED:0 LOCAL:0 CONSTANT[0]:396 TEXTURE:0 SURFACE:0 SAMPLER:0
 Function gather_bc_cols_tmajor_f16:
  REG:16 STACK:0 SHARED:0 LOCAL:0 CONSTANT[0]:400 TEXTURE:0 SURFACE:0 SAMPLER:0
 Function gather_bc_cols_tmajor_bf16:
  REG:16 STACK:0 SHARED:0 LOCAL:0 CONSTANT[0]:400 TEXTURE:0 SURFACE:0 SAMPLER:0
 Function gather_bc_cols_tmajor_f32:
  REG:18 STACK:0 SHARED:0 LOCAL:0 CONSTANT[0]:400 TEXTURE:0 SURFACE:0 SAMPLER:0
 Function gather_bc_cols_f16:
  REG:12 STACK:0 SHARED:0 LOCAL:0 CONSTANT[0]:396 TEXTURE:0 SURFACE:0 SAMPLER:0
 Function gather_bc_cols_bf16:
  REG:12 STACK:0 SHARED:0 LOCAL:0 CONSTANT[0]:396 TEXTURE:0 SURFACE:0 SAMPLER:0
 Function gather_bc_cols_f32:
  REG:12 STACK:0 SHARED:0 LOCAL:0 CONSTANT[0]:396 TEXTURE:0 SURFACE:0 SAMPLER:0
 Function gather_cols_f16:
  REG:10 STACK:0 SHARED:0 LOCAL:0 CONSTANT[0]:384 TEXTURE:0 SURFACE:0 SAMPLER:0
 Function gather_cols_bf16:
  REG:10 STACK:0 SHARED:0 LOCAL:0 CONSTANT[0]:384 TEXTURE:0 SURFACE:0 SAMPLER:0
 Function gather_cols_f32:
  REG:10 STACK:0 SHARED:0 LOCAL:0 CONSTANT[0]:384 TEXTURE:0 SURFACE:0 SAMPLER:0
 Function residual_add_f32_f16:
  REG:12 STACK:0 SHARED:0 LOCAL:0 CONSTANT[0]:380 TEXTURE:0 SURFACE:0 SAMPLER:0
 Function residual_add_f32_bf16:
  REG:12 STACK:0 SHARED:0 LOCAL:0 CONSTANT[0]:380 TEXTURE:0 SURFACE:0 SAMPLER:0
 Function residual_add_f16:
  REG:12 STACK:0 SHARED:0 LOCAL:0 CONSTANT[0]:380 TEXTURE:0 SURFACE:0 SAMPLER:0
 Function residual_add_bf16:
  REG:10 STACK:0 SHARED:0 LOCAL:0 CONSTANT[0]:380 TEXTURE:0 SURFACE:0 SAMPLER:0
 Function residual_add_f32:
  REG:12 STACK:0 SHARED:0 LOCAL:0 CONSTANT[0]:380 TEXTURE:0 SURFACE:0 SAMPLER:0
 Function elementwise_mul_f16:
  REG:12 STACK:0 SHARED:0 LOCAL:0 CONSTANT[0]:380 TEXTURE:0 SURFACE:0 SAMPLER:0
 Function elementwise_mul_bf16:
  REG:10 STACK:0 SHARED:0 LOCAL:0 CONSTANT[0]:380 TEXTURE:0 SURFACE:0 SAMPLER:0
 Function elementwise_mul_f32:
  REG:12 STACK:0 SHARED:0 LOCAL:0 CONSTANT[0]:380 TEXTURE:0 SURFACE:0 SAMPLER:0
 Function bias_broadcast_f16:
  REG:10 STACK:0 SHARED:0 LOCAL:0 CONSTANT[0]:376 TEXTURE:0 SURFACE:0 SAMPLER:0
 Function bias_broadcast_bf16:
  REG:10 STACK:0 SHARED:0 LOCAL:0 CONSTANT[0]:376 TEXTURE:0 SURFACE:0 SAMPLER:0
 Function bias_broadcast_f32:
  REG:10 STACK:0 SHARED:0 LOCAL:0 CONSTANT[0]:376 TEXTURE:0 SURFACE:0 SAMPLER:0
 Function softplus_copy:
  REG:14 STACK:0 SHARED:0 LOCAL:0 CONSTANT[0]:372 TEXTURE:0 SURFACE:0 SAMPLER:0
 Function gather_bc_cols_tmajor_tiled:
  REG:21 STACK:0 SHARED:0 LOCAL:0 CONSTANT[0]:396 TEXTURE:0 SURFACE:0 SAMPLER:0
 Function gather_bc_cols_tmajor:
  REG:18 STACK:0 SHARED:0 LOCAL:0 CONSTANT[0]:400 TEXTURE:0 SURFACE:0 SAMPLER:0
 Function gather_bc_cols:
  REG:12 STACK:0 SHARED:0 LOCAL:0 CONSTANT[0]:396 TEXTURE:0 SURFACE:0 SAMPLER:0
 Function residual_add:
  REG:12 STACK:0 SHARED:0 LOCAL:0 CONSTANT[0]:380 TEXTURE:0 SURFACE:0 SAMPLER:0
 Function gather_last_timestep_f16:
  REG:10 STACK:0 SHARED:0 LOCAL:0 CONSTANT[0]:380 TEXTURE:0 SURFACE:0 SAMPLER:0
 Function gather_last_timestep_bf16:
  REG:10 STACK:0 SHARED:0 LOCAL:0 CONSTANT[0]:380 TEXTURE:0 SURFACE:0 SAMPLER:0
 Function gather_last_timestep_f32:
  REG:10 STACK:0 SHARED:0 LOCAL:0 CONSTANT[0]:380 TEXTURE:0 SURFACE:0 SAMPLER:0
 Function gather_last_timestep:
  REG:10 STACK:0 SHARED:0 LOCAL:0 CONSTANT[0]:380 TEXTURE:0 SURFACE:0 SAMPLER:0
 Function concat_halves:
  REG:16 STACK:0 SHARED:0 LOCAL:0 CONSTANT[0]:384 TEXTURE:0 SURFACE:0 SAMPLER:0
 Function gating_backward_f16:
  REG:18 STACK:0 SHARED:0 LOCAL:0 CONSTANT[0]:408 TEXTURE:0 SURFACE:0 SAMPLER:0
 Function gating_backward_bf16:
  REG:18 STACK:0 SHARED:0 LOCAL:0 CONSTANT[0]:408 TEXTURE:0 SURFACE:0 SAMPLER:0
 Function gating_backward_f32:
  REG:20 STACK:0 SHARED:0 LOCAL:0 CONSTANT[0]:408 TEXTURE:0 SURFACE:0 SAMPLER:0
 Function gating_backward:
  REG:20 STACK:0 SHARED:0 LOCAL:0 CONSTANT[0]:408 TEXTURE:0 SURFACE:0 SAMPLER:0
 Function gate_mul_silu:
  REG:18 STACK:0 SHARED:0 LOCAL:0 CONSTANT[0]:380 TEXTURE:0 SURFACE:0 SAMPLER:0
 Function split_gate:
  REG:12 STACK:0 SHARED:0 LOCAL:0 CONSTANT[0]:384 TEXTURE:0 SURFACE:0 SAMPLER:0
 Function split_gate_silu:
  REG:18 STACK:0 SHARED:0 LOCAL:0 CONSTANT[0]:392 TEXTURE:0 SURFACE:0 SAMPLER:0
 Function scatter_add_cols:
  REG:10 STACK:0 SHARED:0 LOCAL:0 CONSTANT[0]:384 TEXTURE:0 SURFACE:0 SAMPLER:0
 Function gather_cols:
  REG:10 STACK:0 SHARED:0 LOCAL:0 CONSTANT[0]:384 TEXTURE:0 SURFACE:0 SAMPLER:0
 Function exp_negate2:
  REG:14 STACK:0 SHARED:0 LOCAL:0 CONSTANT[0]:380 TEXTURE:0 SURFACE:0 SAMPLER:0
 Function exp_negate:
  REG:10 STACK:0 SHARED:0 LOCAL:0 CONSTANT[0]:372 TEXTURE:0 SURFACE:0 SAMPLER:0
 Function elementwise_mul:
  REG:12 STACK:0 SHARED:0 LOCAL:0 CONSTANT[0]:380 TEXTURE:0 SURFACE:0 SAMPLER:0
 Function vec_add_inplace:
  REG:10 STACK:0 SHARED:0 LOCAL:0 CONSTANT[0]:372 TEXTURE:0 SURFACE:0 SAMPLER:0
 Function fill_scalar:
  REG:8 STACK:0 SHARED:0 LOCAL:0 CONSTANT[0]:368 TEXTURE:0 SURFACE:0 SAMPLER:0
 Function reduce_sum_axis0:
  REG:12 STACK:0 SHARED:0 LOCAL:0 CONSTANT[0]:380 TEXTURE:0 SURFACE:0 SAMPLER:0
 Function colsum_segments:
  REG:40 STACK:0 SHARED:0 LOCAL:0 CONSTANT[0]:380 TEXTURE:0 SURFACE:0 SAMPLER:0
 Function colsum_accumulate:
  REG:40 STACK:0 SHARED:0 LOCAL:0 CONSTANT[0]:376 TEXTURE:0 SURFACE:0 SAMPLER:0
 Function bias_broadcast:
  REG:10 STACK:0 SHARED:0 LOCAL:0 CONSTANT[0]:376 TEXTURE:0 SURFACE:0 SAMPLER:0
 Function cast_f16_to_f32:
  REG:10 STACK:0 SHARED:0 LOCAL:0 CONSTANT[0]:372 TEXTURE:0 SURFACE:0 SAMPLER:0
 Function cast_bf16_to_f32:
  REG:8 STACK:0 SHARED:0 LOCAL:0 CONSTANT[0]:372 TEXTURE:0 SURFACE:0 SAMPLER:0
 Function cast_f32_to_f16:
  REG:8 STACK:0 SHARED:0 LOCAL:0 CONSTANT[0]:372 TEXTURE:0 SURFACE:0 SAMPLER:0
 Function cast_f32_to_bf16:
  REG:8 STACK:0 SHARED:0 LOCAL:0 CONSTANT[0]:372 TEXTURE:0 SURFACE:0 SAMPLER:0
 Function rmsnorm_backward_f32in_f16:
  REG:24 STACK:0 SHARED:0 LOCAL:0 CONSTANT[0]:424 TEXTURE:0 SURFACE:0 SAMPLER:0
 Function rmsnorm_backward_f32in_bf16:
  REG:22 STACK:0 SHARED:0 LOCAL:0 CONSTANT[0]:424 TEXTURE:0 SURFACE:0 SAMPLER:0
 Function rmsnorm_backward_f16:
  REG:20 STACK:0 SHARED:0 LOCAL:0 CONSTANT[0]:408 TEXTURE:0 SURFACE:0 SAMPLER:0
 Function rmsnorm_backward_bf16:
  REG:18 STACK:0 SHARED:0 LOCAL:0 CONSTANT[0]:408 TEXTURE:0 SURFACE:0 SAMPLER:0
 Function rmsnorm_backward_f32:
  REG:20 STACK:0 SHARED:0 LOCAL:0 CONSTANT[0]:408 TEXTURE:0 SURFACE:0 SAMPLER:0
 Function rmsnorm_backward:
  REG:24 STACK:0 SHARED:0 LOCAL:0 CONSTANT[0]:424 TEXTURE:0 SURFACE:0 SAMPLER:0
 Function rmsnorm_forward_f32in_f16:
  REG:26 STACK:0 SHARED:0 LOCAL:0 CONSTANT[0]:396 TEXTURE:0 SURFACE:0 SAMPLER:0
 Function rmsnorm_forward_f32in_bf16:
  REG:26 STACK:0 SHARED:0 LOCAL:0 CONSTANT[0]:396 TEXTURE:0 SURFACE:0 SAMPLER:0
 Function rmsnorm_forward_f16:
  REG:26 STACK:0 SHARED:0 LOCAL:0 CONSTANT[0]:396 TEXTURE:0 SURFACE:0 SAMPLER:0
 Function rmsnorm_forward_bf16:
  REG:26 STACK:0 SHARED:0 LOCAL:0 CONSTANT[0]:396 TEXTURE:0 SURFACE:0 SAMPLER:0
 Function rmsnorm_forward_f32:
  REG:26 STACK:0 SHARED:0 LOCAL:0 CONSTANT[0]:396 TEXTURE:0 SURFACE:0 SAMPLER:0
 Function rmsnorm_forward:
  REG:26 STACK:0 SHARED:0 LOCAL:0 CONSTANT[0]:396 TEXTURE:0 SURFACE:0 SAMPLER:0
 Function softplus_backward_f16:
  REG:16 STACK:0 SHARED:0 LOCAL:0 CONSTANT[0]:380 TEXTURE:0 SURFACE:0 SAMPLER:0
 Function softplus_backward_bf16:
  REG:16 STACK:0 SHARED:0 LOCAL:0 CONSTANT[0]:380 TEXTURE:0 SURFACE:0 SAMPLER:0
 Function softplus_backward_f32:
  REG:16 STACK:0 SHARED:0 LOCAL:0 CONSTANT[0]:380 TEXTURE:0 SURFACE:0 SAMPLER:0
 Function silu_backward_f16:
  REG:15 STACK:0 SHARED:0 LOCAL:0 CONSTANT[0]:380 TEXTURE:0 SURFACE:0 SAMPLER:0
 Function silu_backward_bf16:
  REG:15 STACK:0 SHARED:0 LOCAL:0 CONSTANT[0]:380 TEXTURE:0 SURFACE:0 SAMPLER:0
 Function silu_backward_f32:
  REG:15 STACK:0 SHARED:0 LOCAL:0 CONSTANT[0]:380 TEXTURE:0 SURFACE:0 SAMPLER:0
 Function softplus_backward:
  REG:16 STACK:0 SHARED:0 LOCAL:0 CONSTANT[0]:380 TEXTURE:0 SURFACE:0 SAMPLER:0
 Function silu_backward:
  REG:15 STACK:0 SHARED:0 LOCAL:0 CONSTANT[0]:380 TEXTURE:0 SURFACE:0 SAMPLER:0
 Function softplus_forward:
  REG:14 STACK:0 SHARED:0 LOCAL:0 CONSTANT[0]:364 TEXTURE:0 SURFACE:0 SAMPLER:0
 Function softplus_forward_f16:
  REG:12 STACK:0 SHARED:0 LOCAL:0 CONSTANT[0]:364 TEXTURE:0 SURFACE:0 SAMPLER:0
 Function softplus_forward_bf16:
  REG:12 STACK:0 SHARED:0 LOCAL:0 CONSTANT[0]:364 TEXTURE:0 SURFACE:0 SAMPLER:0
 Function softplus_forward_f32:
  REG:14 STACK:0 SHARED:0 LOCAL:0 CONSTANT[0]:364 TEXTURE:0 SURFACE:0 SAMPLER:0
 Function silu_forward:
  REG:16 STACK:0 SHARED:0 LOCAL:0 CONSTANT[0]:364 TEXTURE:0 SURFACE:0 SAMPLER:0
 Function silu_forward_f16:
  REG:16 STACK:0 SHARED:0 LOCAL:0 CONSTANT[0]:364 TEXTURE:0 SURFACE:0 SAMPLER:0
 Function silu_forward_bf16:
  REG:16 STACK:0 SHARED:0 LOCAL:0 CONSTANT[0]:364 TEXTURE:0 SURFACE:0 SAMPLER:0
 Function silu_forward_f32:
  REG:16 STACK:0 SHARED:0 LOCAL:0 CONSTANT[0]:364 TEXTURE:0 SURFACE:0 SAMPLER:0
 Function conv1d_bwd_dw_tiled_f16:
  REG:40 STACK:0 SHARED:0 LOCAL:0 CONSTANT[0]:416 TEXTURE:0 SURFACE:0 SAMPLER:0
 Function conv1d_bwd_dw_tiled_bf16:
  REG:40 STACK:0 SHARED:0 LOCAL:0 CONSTANT[0]:416 TEXTURE:0 SURFACE:0 SAMPLER:0
 Function conv1d_bwd_dw_tiled_f32:
  REG:40 STACK:0 SHARED:0 LOCAL:0 CONSTANT[0]:416 TEXTURE:0 SURFACE:0 SAMPLER:0
 Function conv1d_bwd_dx_tiled_f16:
  REG:40 STACK:0 SHARED:0 LOCAL:0 CONSTANT[0]:408 TEXTURE:0 SURFACE:0 SAMPLER:0
 Function conv1d_bwd_dx_tiled_bf16:
  REG:40 STACK:0 SHARED:0 LOCAL:0 CONSTANT[0]:408 TEXTURE:0 SURFACE:0 SAMPLER:0
 Function conv1d_bwd_dx_tiled_f32:
  REG:40 STACK:0 SHARED:0 LOCAL:0 CONSTANT[0]:408 TEXTURE:0 SURFACE:0 SAMPLER:0
 Function conv1d_burnin_forward_nosave_tiled_f16:
  REG:40 STACK:32 SHARED:0 LOCAL:0 CONSTANT[0]:412 TEXTURE:0 SURFACE:0 SAMPLER:0
 Function conv1d_burnin_forward_nosave_tiled_bf16:
  REG:40 STACK:32 SHARED:0 LOCAL:0 CONSTANT[0]:412 TEXTURE:0 SURFACE:0 SAMPLER:0
 Function conv1d_burnin_forward_nosave_tiled_f32:
  REG:40 STACK:32 SHARED:0 LOCAL:0 CONSTANT[0]:412 TEXTURE:0 SURFACE:0 SAMPLER:0
 Function conv1d_burnin_forward_tiled_f16:
  REG:40 STACK:32 SHARED:0 LOCAL:0 CONSTANT[0]:424 TEXTURE:0 SURFACE:0 SAMPLER:0
 Function conv1d_burnin_forward_tiled_bf16:
  REG:40 STACK:32 SHARED:0 LOCAL:0 CONSTANT[0]:424 TEXTURE:0 SURFACE:0 SAMPLER:0
 Function conv1d_burnin_forward_tiled_f32:
  REG:40 STACK:32 SHARED:0 LOCAL:0 CONSTANT[0]:424 TEXTURE:0 SURFACE:0 SAMPLER:0
 Function conv1d_burnin_backward_f16:
  REG:56 STACK:0 SHARED:0 LOCAL:0 CONSTANT[2]:8 CONSTANT[0]:424 TEXTURE:0 SURFACE:0 SAMPLER:0
 Function conv1d_burnin_backward_bf16:
  REG:56 STACK:0 SHARED:0 LOCAL:0 CONSTANT[2]:8 CONSTANT[0]:424 TEXTURE:0 SURFACE:0 SAMPLER:0
 Function conv1d_burnin_backward_f32:
  REG:55 STACK:0 SHARED:0 LOCAL:0 CONSTANT[2]:8 CONSTANT[0]:424 TEXTURE:0 SURFACE:0 SAMPLER:0
 Function conv1d_burnin_backward:
  REG:55 STACK:0 SHARED:0 LOCAL:0 CONSTANT[2]:8 CONSTANT[0]:424 TEXTURE:0 SURFACE:0 SAMPLER:0
 Function conv1d_burnin_forward_f16:
  REG:44 STACK:32 SHARED:0 LOCAL:0 CONSTANT[0]:424 TEXTURE:0 SURFACE:0 SAMPLER:0
 Function conv1d_burnin_forward_bf16:
  REG:44 STACK:32 SHARED:0 LOCAL:0 CONSTANT[0]:424 TEXTURE:0 SURFACE:0 SAMPLER:0
 Function conv1d_burnin_forward_f32:
  REG:44 STACK:32 SHARED:0 LOCAL:0 CONSTANT[0]:424 TEXTURE:0 SURFACE:0 SAMPLER:0
 Function conv1d_burnin_forward_nosave_f16:
  REG:40 STACK:0 SHARED:0 LOCAL:0 CONSTANT[0]:408 TEXTURE:0 SURFACE:0 SAMPLER:0
 Function conv1d_burnin_forward_nosave_bf16:
  REG:40 STACK:0 SHARED:0 LOCAL:0 CONSTANT[0]:408 TEXTURE:0 SURFACE:0 SAMPLER:0
 Function conv1d_burnin_forward_nosave_f32:
  REG:40 STACK:0 SHARED:0 LOCAL:0 CONSTANT[0]:408 TEXTURE:0 SURFACE:0 SAMPLER:0
 Function conv1d_burnin_forward_nosave:
  REG:40 STACK:0 SHARED:0 LOCAL:0 CONSTANT[0]:408 TEXTURE:0 SURFACE:0 SAMPLER:0
 Function conv1d_burnin_forward:
  REG:44 STACK:32 SHARED:0 LOCAL:0 CONSTANT[0]:424 TEXTURE:0 SURFACE:0 SAMPLER:0
 Function conv1d_step_backward:
  REG:40 STACK:0 SHARED:0 LOCAL:0 CONSTANT[0]:412 TEXTURE:0 SURFACE:0 SAMPLER:0
 Function conv1d_step_forward_silu_f16:
  REG:40 STACK:0 SHARED:0 LOCAL:0 CONSTANT[0]:404 TEXTURE:0 SURFACE:0 SAMPLER:0
 Function conv1d_step_forward_silu_bf16:
  REG:40 STACK:0 SHARED:0 LOCAL:0 CONSTANT[0]:404 TEXTURE:0 SURFACE:0 SAMPLER:0
 Function conv1d_step_forward_silu_f32:
  REG:40 STACK:0 SHARED:0 LOCAL:0 CONSTANT[0]:404 TEXTURE:0 SURFACE:0 SAMPLER:0
 Function conv1d_step_forward_f16:
  REG:40 STACK:0 SHARED:0 LOCAL:0 CONSTANT[0]:404 TEXTURE:0 SURFACE:0 SAMPLER:0
 Function conv1d_step_forward_bf16:
  REG:40 STACK:0 SHARED:0 LOCAL:0 CONSTANT[0]:404 TEXTURE:0 SURFACE:0 SAMPLER:0
 Function conv1d_step_forward_f32:
  REG:40 STACK:0 SHARED:0 LOCAL:0 CONSTANT[0]:404 TEXTURE:0 SURFACE:0 SAMPLER:0
 Function conv1d_step_forward:
  REG:40 STACK:0 SHARED:0 LOCAL:0 CONSTANT[0]:404 TEXTURE:0 SURFACE:0 SAMPLER:0
 Function ssm_parallel_scan_bwd_fold_f16:
  REG:159 STACK:256 SHARED:0 LOCAL:0 CONSTANT[2]:8 CONSTANT[0]:500 TEXTURE:0 SURFACE:0 SAMPLER:0
 Function ssm_parallel_scan_bwd_fold_bf16:
  REG:160 STACK:256 SHARED:0 LOCAL:0 CONSTANT[2]:8 CONSTANT[0]:500 TEXTURE:0 SURFACE:0 SAMPLER:0
 Function ssm_parallel_scan_bwd_fold_f32:
  REG:159 STACK:256 SHARED:0 LOCAL:0 CONSTANT[2]:8 CONSTANT[0]:500 TEXTURE:0 SURFACE:0 SAMPLER:0
 Function ssm_parallel_scan_bwd_f16:
  REG:128 STACK:0 SHARED:0 LOCAL:0 CONSTANT[2]:40 CONSTANT[0]:492 TEXTURE:0 SURFACE:0 SAMPLER:0
 Function ssm_parallel_scan_bwd_bf16:
  REG:128 STACK:0 SHARED:0 LOCAL:0 CONSTANT[2]:40 CONSTANT[0]:492 TEXTURE:0 SURFACE:0 SAMPLER:0
 Function ssm_parallel_scan_bwd_f32:
  REG:147 STACK:0 SHARED:0 LOCAL:0 CONSTANT[2]:40 CONSTANT[0]:492 TEXTURE:0 SURFACE:0 SAMPLER:0
 Function ssm_parallel_scan_fwd_nosave_f16:
  REG:79 STACK:0 SHARED:0 LOCAL:0 CONSTANT[2]:8 CONSTANT[0]:444 TEXTURE:0 SURFACE:0 SAMPLER:0
 Function ssm_parallel_scan_fwd_nosave_bf16:
  REG:79 STACK:0 SHARED:0 LOCAL:0 CONSTANT[2]:8 CONSTANT[0]:444 TEXTURE:0 SURFACE:0 SAMPLER:0
 Function ssm_parallel_scan_fwd_f16:
  REG:80 STACK:0 SHARED:0 LOCAL:0 CONSTANT[2]:8 CONSTANT[0]:460 TEXTURE:0 SURFACE:0 SAMPLER:0
 Function ssm_parallel_scan_fwd_bf16:
  REG:80 STACK:0 SHARED:0 LOCAL:0 CONSTANT[2]:8 CONSTANT[0]:460 TEXTURE:0 SURFACE:0 SAMPLER:0
 Function ssm_parallel_scan_fwd_nosave:
  REG:77 STACK:0 SHARED:0 LOCAL:0 CONSTANT[2]:8 CONSTANT[0]:444 TEXTURE:0 SURFACE:0 SAMPLER:0
 Function ssm_parallel_scan_fwd:
  REG:72 STACK:0 SHARED:0 LOCAL:0 CONSTANT[2]:8 CONSTANT[0]:460 TEXTURE:0 SURFACE:0 SAMPLER:0
 Function ssm_reduce_d_a_log:
  REG:21 STACK:0 SHARED:0 LOCAL:0 CONSTANT[0]:380 TEXTURE:0 SURFACE:0 SAMPLER:0
 Function ssm_reduce_d_a_log_chunks:
  REG:22 STACK:0 SHARED:0 LOCAL:0 CONSTANT[0]:384 TEXTURE:0 SURFACE:0 SAMPLER:0
 Function ssm_reduce_d_D:
  REG:40 STACK:0 SHARED:0 LOCAL:0 CONSTANT[0]:376 TEXTURE:0 SURFACE:0 SAMPLER:0
 Function ssm_reduce_d_BC_tmajor_f16:
  REG:40 STACK:0 SHARED:0 LOCAL:0 CONSTANT[0]:400 TEXTURE:0 SURFACE:0 SAMPLER:0
 Function ssm_reduce_d_BC_tmajor_bf16:
  REG:40 STACK:0 SHARED:0 LOCAL:0 CONSTANT[0]:400 TEXTURE:0 SURFACE:0 SAMPLER:0
 Function ssm_reduce_d_BC_tmajor_f32:
  REG:40 STACK:0 SHARED:0 LOCAL:0 CONSTANT[0]:400 TEXTURE:0 SURFACE:0 SAMPLER:0
 Function ssm_reduce_d_BC_f16:
  REG:40 STACK:0 SHARED:0 LOCAL:0 CONSTANT[0]:400 TEXTURE:0 SURFACE:0 SAMPLER:0
 Function ssm_reduce_d_BC_bf16:
  REG:40 STACK:0 SHARED:0 LOCAL:0 CONSTANT[0]:400 TEXTURE:0 SURFACE:0 SAMPLER:0
 Function ssm_reduce_d_BC_f32:
  REG:40 STACK:0 SHARED:0 LOCAL:0 CONSTANT[0]:400 TEXTURE:0 SURFACE:0 SAMPLER:0
 Function ssm_backward_local_f16:
  REG:40 STACK:1024 SHARED:0 LOCAL:0 CONSTANT[0]:480 TEXTURE:0 SURFACE:0 SAMPLER:0
 Function ssm_backward_local_bf16:
  REG:40 STACK:1024 SHARED:0 LOCAL:0 CONSTANT[0]:480 TEXTURE:0 SURFACE:0 SAMPLER:0
 Function ssm_backward_local_f32:
  REG:40 STACK:1024 SHARED:0 LOCAL:0 CONSTANT[0]:480 TEXTURE:0 SURFACE:0 SAMPLER:0
 Function ssm_backward_local:
  REG:40 STACK:1024 SHARED:0 LOCAL:0 CONSTANT[0]:480 TEXTURE:0 SURFACE:0 SAMPLER:0
 Function ssm_burnin_forward_f16:
  REG:40 STACK:512 SHARED:0 LOCAL:0 CONSTANT[0]:448 TEXTURE:0 SURFACE:0 SAMPLER:0
 Function ssm_burnin_forward_bf16:
  REG:40 STACK:512 SHARED:0 LOCAL:0 CONSTANT[0]:448 TEXTURE:0 SURFACE:0 SAMPLER:0
 Function ssm_burnin_forward_f32:
  REG:40 STACK:512 SHARED:0 LOCAL:0 CONSTANT[0]:448 TEXTURE:0 SURFACE:0 SAMPLER:0
 Function ssm_burnin_forward_nosave_f16:
  REG:40 STACK:512 SHARED:0 LOCAL:0 CONSTANT[0]:444 TEXTURE:0 SURFACE:0 SAMPLER:0
 Function ssm_burnin_forward_nosave_bf16:
  REG:40 STACK:512 SHARED:0 LOCAL:0 CONSTANT[0]:444 TEXTURE:0 SURFACE:0 SAMPLER:0
 Function ssm_burnin_forward_nosave_f32:
  REG:40 STACK:512 SHARED:0 LOCAL:0 CONSTANT[0]:444 TEXTURE:0 SURFACE:0 SAMPLER:0
 Function ssm_burnin_forward_nosave:
  REG:40 STACK:512 SHARED:0 LOCAL:0 CONSTANT[0]:444 TEXTURE:0 SURFACE:0 SAMPLER:0
 Function ssm_burnin_forward:
  REG:40 STACK:512 SHARED:0 LOCAL:0 CONSTANT[0]:448 TEXTURE:0 SURFACE:0 SAMPLER:0
 Function ssm_step_forward_gather_gate_f16:
  REG:38 STACK:512 SHARED:0 LOCAL:0 CONSTANT[0]:440 TEXTURE:0 SURFACE:0 SAMPLER:0
 Function ssm_step_forward_gather_gate_bf16:
  REG:40 STACK:512 SHARED:0 LOCAL:0 CONSTANT[0]:440 TEXTURE:0 SURFACE:0 SAMPLER:0
 Function ssm_step_forward_gather_gate_f32:
  REG:39 STACK:512 SHARED:0 LOCAL:0 CONSTANT[0]:440 TEXTURE:0 SURFACE:0 SAMPLER:0
 Function ssm_step_forward_gather_f16:
  REG:38 STACK:512 SHARED:0 LOCAL:0 CONSTANT[0]:432 TEXTURE:0 SURFACE:0 SAMPLER:0
 Function ssm_step_forward_gather_bf16:
  REG:40 STACK:512 SHARED:0 LOCAL:0 CONSTANT[0]:432 TEXTURE:0 SURFACE:0 SAMPLER:0
 Function ssm_step_forward_gather_f32:
  REG:39 STACK:512 SHARED:0 LOCAL:0 CONSTANT[0]:432 TEXTURE:0 SURFACE:0 SAMPLER:0
 Function ssm_step_forward_f16:
  REG:36 STACK:512 SHARED:0 LOCAL:0 CONSTANT[0]:428 TEXTURE:0 SURFACE:0 SAMPLER:0
 Function ssm_step_forward_bf16:
  REG:36 STACK:512 SHARED:0 LOCAL:0 CONSTANT[0]:428 TEXTURE:0 SURFACE:0 SAMPLER:0
 Function ssm_step_forward_f32:
  REG:39 STACK:512 SHARED:0 LOCAL:0 CONSTANT[0]:428 TEXTURE:0 SURFACE:0 SAMPLER:0
 Function ssm_step_forward:
  REG:39 STACK:512 SHARED:0 LOCAL:0 CONSTANT[0]:428 TEXTURE:0 SURFACE:0 SAMPLER:0
