
running 57 tests
test architecture_export_census_accepts_comments_as_whitespace_and_ignores_spoofs ... ok
test architecture_export_census_accepts_parameterless_and_entry_pragma_forms ... ok
test architecture_export_census_rejects_comment_obfuscated_duplicates ... ok
test architecture_export_census_rejects_nested_module_directives_and_unbalanced_scopes ... ok
test architecture_export_census_retains_only_the_brace_bounded_entry_body ... ok
test architecture_sm90a_wg2_producer_calls_resolve_to_unique_complete_functions ... ok
test compiles_exact_sm100_family_triad_modules ... ok
test compiles_for_sm100a ... ok
test compiles_for_sm101a_when_the_active_nvrtc_supports_it ... ok
test compiles_for_sm103a ... ok
test compiles_for_sm110 ... ok
test compiles_for_sm120 ... ok
test compiles_for_sm121_when_the_active_nvrtc_supports_it ... ok
test compiles_for_sm80 ... ok
test compiles_for_sm86 ... ok
test compiles_for_sm87 ... ok
test compiles_for_sm89 ... ok
test compiles_for_sm90a ... ok
test compiles_generic_sm120_triad_modules_with_exact_ptx_contract ... ok
test family_targets_assemble_under_ptxas ... ok
test fixed_f32_n128_s2_source_and_ptx_contract ... ok
test fixed_sm120_exact_n64_copyplan_nvrtc_ptx_and_zero_spill_resources ... SM120 Fixed exact N64 copy-plan: registers=113 static_shared=32768 stack=0 spills=0
ok
test fixed_sm120_exact_n64_copyplan_source_contract_and_target_boundary ... ok
test fixed_sm120_sliced_nvrtc_ptx_and_zero_spill_resources ... SM120 Fixed exact N64 copy-plan: registers=113 static_shared=32768 stack=0 spills=0
ok
test fixed_sm120_tf32_pair_store_production_codegen_contract ... ok
test fixed_sm120_tf32_pair_store_production_source_contract ... 
thread 'fixed_sm120_tf32_pair_store_production_source_contract' (299787) panicked at tests/arch_compile_gates.rs:2375:5:
the private production schedule must not widen FixedTile
note: run with `RUST_BACKTRACE=1` environment variable to display a backtrace
FAILED
test fixed_sm120_tf32_pair_store_production_target_matrix ... ok
test fixed_sm120_tf32_producer_warp_candidate_source_contract ... ok
test fixed_sm89_exact_n64_copyplan_nvrtc_ptx_and_zero_spill_resources ... SM89 Fixed exact N64 copy-plan: registers=135 static_shared=32768 stack=0 spills=0
SM89 Fixed RNA-wide: registers=153 static_shared=0 stack=0 spills=0
ok
test fixed_sm89_exact_n64_copyplan_source_contract_and_target_boundary ... ok
test fixed_sm89_rna_wide_source_contract_and_target_boundary ... ok
test fixed_tcgen05_only_in_blackwell_family_ptx ... ok
test fixed_tf32_source_is_forward_only_and_self_contained ... ok
test nvdisasm_parser_ignores_suffix_symbols_before_the_exact_header ... ok
test ordinary_sm100_targets_fail_offline_tcgen_assembly ... ok
test ptx_origin_load_oracle_accepts_aliased_parameter_base ... ok
test ptx_origin_load_oracle_accepts_direct_parameter_references ... ok
test ptx_origin_load_oracle_rejects_aliases_across_control_flow_joins ... ok
test ptx_origin_load_oracle_rejects_wrong_and_overwritten_aliases ... ok
test ptxas_resource_parser_ignores_suffix_symbols_before_the_exact_header ... ok
test scalar_big_nn_and_tn_epilogues_have_no_terminal_cta_barrier ... ok
test scalar_fragment_loads_are_explicit_vectors ... ok
test scalar_nn_m32n64_splitk32_compiles_for_compute80_and_sm120_with_exact_contract ... ok
test scalar_nn_m32n64_splitk32_has_one_exact_source_owner_abi_and_resource_contract ... ok
test scalar_nt_m2n16_compiles_for_compute80_with_exact_abi_and_bounded_resources ... ok
test scalar_nt_m2n16_has_one_production_source_and_scalar_owner ... ok
test scalar_nt_m2n16_source_freezes_abi_shape_and_resources ... ok
test scalar_sm89_main_and_splitk_have_bounded_resources_without_reduction_instructions ... SM89 gemm_bi_nn: 128 registers; zero stack/spills/local
SM89 gemm_bi_nn_m64n64_bk16_s2_v1: 120 registers; zero stack/spills/local
SM89 gemm_bi_tn: 127 registers; zero stack/spills/local
SM89 gemm_bi_tn_aligned: 127 registers; zero stack/spills/local
SM89 gemm_bi_nt: 128 registers; zero stack/spills/local
SM89 gemm_bi_nt_m2n16_bk64_splitk32_v1: 51 registers; zero stack/spills/local
SM89 gemm_bi_nn_splitk32_partial: 56 registers; zero stack/spills/local
SM89 gemm_bi_splitk_reduce: 40 registers; zero stack/spills/local
ok
test scalar_sm89_splitm_reducer_uses_a_portable_launch_bound ... ok
test scalar_sm89_tn_narrow_splitm_candidates_have_exact_protocols_and_bounds ... SM89 gemm_bi_tn_narrow_splitm_partial: 64 registers; zero stack/spills/local
SM89 gemm_bi_tn_narrow_splitm_partial_aligned: 64 registers; zero stack/spills/local
ok
test scalar_tn_m16n16_compiles_for_compute80_and_sm120_with_exact_numeric_contract ... ok
test scalar_tn_m16n16_has_one_exact_source_owner_abi_and_resource_contract ... ok
test sm120_tf32_rect_wide_source_contract ... ok
test sm80_extension_kernels_compile_for_every_portable_target ... ok
test sm80_extension_targets_respect_nvrtc_version ... ok
test sm90a_tf32_tma_calls_bind_every_prepared_subview_origin ... ok
test tf32_positive_ceil_divisions_use_subtract_before_addition ... ok

failures:

failures:
    fixed_sm120_tf32_pair_store_production_source_contract

test result: FAILED. 56 passed; 1 failed; 0 ignored; 0 measured; 0 filtered out; finished in 1432.60s

